08-13 04:56:25.244 10743 10743 D AndroidRuntime: Shutting down VM
08-13 04:56:25.869  1182  6839 I NetworkScheduler.Stats: Task com.google.android.gms/com.google.android.gms.checkin.CheckinService started execution. cause:4 exec_start_elapsed_seconds: 2033 [CONTEXT service_id=218 ]
08-13 04:56:25.874  1182  2733 I NetworkScheduler.Stats: Task com.google.android.gms/com.google.android.gms.checkin.CheckinService finished executing. cause:4 result: 3 elapsed_millis: 32 uptime_millis: 32 exec_start_elapsed_seconds: 2033 [CONTEXT service_id=218 ]
08-13 04:56:29.481 10799 10801 I cmd     : oneway function results will be dropped but finished with status OK and parcel size 4
08-13 04:56:29.986 10814 10816 I cmd     : oneway function results will be dropped but finished with status OK and parcel size 4
08-13 04:56:30.491 10829 10831 I cmd     : oneway function results will be dropped but finished with status OK and parcel size 4
08-13 04:56:31.065 10841 10841 D AndroidRuntime: >>>>>> START com.android.internal.os.RuntimeInit uid 2000 <<<<<<
08-13 04:56:31.067 10841 10841 E libc    : Access denied finding property "persist.device_config.runtime_native_boot.profilebootclasspath"
08-13 04:56:31.067 10841 10841 E libc    : Access denied finding property "persist.device_config.runtime_native_boot.enable_apex_image"
08-13 04:56:31.067 10841 10841 I AndroidRuntime: Using default boot image
08-13 04:56:31.068 10841 10841 E libc    : Access denied finding property "persist.device_config.runtime_native_boot.disable_lock_profiling"
08-13 04:56:31.068 10841 10841 I AndroidRuntime: Leaving lock profiling enabled
08-13 04:56:31.068 10841 10841 E libc    : Access denied finding property "persist.device_config.runtime_native_boot.enable_generational_cc"
08-13 04:56:31.064 10841 10841 W app_process: type=1400 audit(0.0:620): avc: denied { read } for name="u:object_r:device_config_runtime_native_boot_prop:s0" dev="tmpfs" ino=8294 scontext=u:r:shell:s0 tcontext=u:object_r:device_config_runtime_native_boot_prop:s0 tclass=file permissive=0
08-13 04:56:31.174 10841 10841 D app_process: Time zone APEX ICU file found: /apex/com.android.tzdata/etc/icu/icu_tzdata.dat
08-13 04:56:31.174 10841 10841 D app_process: I18n APEX ICU file found: /apex/com.android.i18n/etc/icu/icudt66l.dat
08-13 04:56:31.179 10841 10841 W app_process: Unexpected CPU variant for X86 using defaults: x86
08-13 04:56:31.182 10841 10841 I app_process: The ClassLoaderContext is a special shared library.
08-13 04:56:31.198 10841 10841 W app_process: JNI RegisterNativeMethods: attempt to register 0 native methods for android.media.AudioAttributes
08-13 04:56:31.204 10841 10841 D AndroidRuntime: Calling main entry com.android.commands.input.Input
08-13 04:56:31.635   337   337 I android.hardware.vibrator-service.example: Vibrator reporting capabilities
08-13 04:56:31.637   337   337 I android.hardware.vibrator-service.example: Vibrator off
08-13 04:56:31.638   337   337 I android.hardware.vibrator-service.example: Vibrator perform
08-13 04:56:31.639   514  3664 E VibratorService: Failed to issue command to vibrator HAL. Retrying.
08-13 04:56:31.639   174   174 I servicemanager: Found android.hardware.vibrator.IVibrator/default in device VINTF manifest.
08-13 04:56:31.640   337   337 I android.hardware.vibrator-service.example: Vibrator perform
08-13 04:56:31.640   514  3664 E VibratorService: Failed to issue command to vibrator HAL. Retrying.
08-13 04:56:31.641   174   174 I servicemanager: Found android.hardware.vibrator.IVibrator/default in device VINTF manifest.
08-13 04:56:31.645   337   337 I android.hardware.vibrator-service.example: Vibrator on for timeoutMs: 1
08-13 04:56:31.645   337   337 I android.hardware.vibrator-service.example: Vibrator set amplitude: 1
08-13 04:56:31.667   312   390 D goldfish-address-space: allocate: Ask for block of size 0x2aaa0
08-13 04:56:31.667   312   390 D goldfish-address-space: allocate: ioctl allocate returned offset 0x3fcfe6000 size 0x2c000
08-13 04:56:31.669   337   337 I android.hardware.vibrator-service.example: Vibrator on for timeoutMs: 21
08-13 04:56:31.669   337   337 I android.hardware.vibrator-service.example: Vibrator set amplitude: 1
08-13 04:56:31.674   312   390 D goldfish-address-space: allocate: Ask for block of size 0x2aaa0
08-13 04:56:31.676   312   390 D goldfish-address-space: allocate: ioctl allocate returned offset 0x3fc1bc000 size 0x2c000
08-13 04:56:31.681   312   390 D goldfish-address-space: allocate: Ask for block of size 0x2aaa0
08-13 04:56:31.682   312   390 D goldfish-address-space: allocate: ioctl allocate returned offset 0x3f8b77000 size 0x2c000
08-13 04:56:31.691   337   337 I android.hardware.vibrator-service.example: Vibrator off
08-13 04:56:31.806   312   390 D goldfish-address-space: allocate: Ask for block of size 0x2aaa0
08-13 04:56:31.806   312   390 D goldfish-address-space: allocate: ioctl allocate returned offset 0x3fc1bc000 size 0x2c000
08-13 04:56:31.830   312   390 D goldfish-address-space: allocate: Ask for block of size 0x2aaa0
08-13 04:56:31.830   312   390 D goldfish-address-space: allocate: ioctl allocate returned offset 0x3f8b77000 size 0x2c000
08-13 04:56:33.220 10841 10841 D AndroidRuntime: Shutting down VM
08-13 04:56:33.982  1182  6839 I NetworkScheduler.Stats: Task com.google.android.gms/com.google.android.gms.tapandpay.gcmtask.TapAndPayGcmTaskService started execution. cause:4 exec_start_elapsed_seconds: 2041 [CONTEXT service_id=218 ]
08-13 04:56:34.009  1182  6839 V NFC     : this device does not have NFC support
08-13 04:56:34.010  1182  6839 W TapAndPay: NfcAdapter is null while obtaining CardEmulation instance. [CONTEXT service_id=79 ]
08-13 04:56:34.010  1182  6839 W TapAndPay: java.lang.NullPointerException: NfcAdapter is null
08-13 04:56:34.010  1182  6839 W TapAndPay: 	at android.nfc.cardemulation.CardEmulation.getInstance(CardEmulation.java:150)
08-13 04:56:34.010  1182  6839 W TapAndPay: 	at azac.<init>(:com.google.android.gms@212116049@21.21.16 (150700-378233385):0)
08-13 04:56:34.010  1182  6839 W TapAndPay: 	at com.google.android.gms.tapandpay.hce.task.TapAndPayAidRegistrationTaskOperation.a(:com.google.android.gms@212116049@21.21.16 (150700-378233385):5)
08-13 04:56:34.010  1182  6839 W TapAndPay: 	at com.google.android.gms.tapandpay.gcmtask.TapAndPayGcmTaskChimeraService.a(:com.google.android.gms@212116049@21.21.16 (150700-378233385):4)
08-13 04:56:34.010  1182  6839 W TapAndPay: 	at ahol.call(Unknown Source:4)
08-13 04:56:34.010  1182  6839 W TapAndPay: 	at java.util.concurrent.FutureTask.run(FutureTask.java:266)
08-13 04:56:34.010  1182  6839 W TapAndPay: 	at tum.c(:com.google.android.gms@212116049@21.21.16 (150700-378233385):6)
08-13 04:56:34.010  1182  6839 W TapAndPay: 	at tum.run(:com.google.android.gms@212116049@21.21.16 (150700-378233385):7)
08-13 04:56:34.010  1182  6839 W TapAndPay: 	at java.util.concurrent.ThreadPoolExecutor.runWorker(ThreadPoolExecutor.java:1167)
08-13 04:56:34.010  1182  6839 W TapAndPay: 	at java.util.concurrent.ThreadPoolExecutor$Worker.run(ThreadPoolExecutor.java:641)
08-13 04:56:34.010  1182  6839 W TapAndPay: 	at uai.run(:com.google.android.gms@212116049@21.21.16 (150700-378233385):0)
08-13 04:56:34.010  1182  6839 W TapAndPay: 	at java.lang.Thread.run(Thread.java:923)
08-13 04:56:34.026  1182  2733 I NetworkScheduler.Stats: Task com.google.android.gms/com.google.android.gms.tapandpay.gcmtask.TapAndPayGcmTaskService finished executing. cause:4 result: 3 elapsed_millis: 69 uptime_millis: 69 exec_start_elapsed_seconds: 2041 [CONTEXT service_id=218 ]
08-13 04:56:37.945 10902 10904 I cmd     : oneway function results will be dropped but finished with status OK and parcel size 4
08-13 04:56:38.448 10917 10919 I cmd     : oneway function results will be dropped but finished with status OK and parcel size 4
08-13 04:56:38.953 10932 10934 I cmd     : oneway function results will be dropped but finished with status OK and parcel size 4
08-13 04:56:39.562 10944 10944 D AndroidRuntime: >>>>>> START com.android.internal.os.RuntimeInit uid 2000 <<<<<<
08-13 04:56:39.567 10944 10944 E libc    : Access denied finding property "persist.device_config.runtime_native_boot.profilebootclasspath"
08-13 04:56:39.567 10944 10944 E libc    : Access denied finding property "persist.device_config.runtime_native_boot.enable_apex_image"
08-13 04:56:39.567 10944 10944 I AndroidRuntime: Using default boot image
08-13 04:56:39.567 10944 10944 E libc    : Access denied finding property "persist.device_config.runtime_native_boot.disable_lock_profiling"
08-13 04:56:39.567 10944 10944 I AndroidRuntime: Leaving lock profiling enabled
08-13 04:56:39.567 10944 10944 E libc    : Access denied finding property "persist.device_config.runtime_native_boot.enable_generational_cc"
08-13 04:56:39.564 10944 10944 W app_process: type=1400 audit(0.0:624): avc: denied { read } for name="u:object_r:device_config_runtime_native_boot_prop:s0" dev="tmpfs" ino=8294 scontext=u:r:shell:s0 tcontext=u:object_r:device_config_runtime_native_boot_prop:s0 tclass=file permissive=0
08-13 04:56:39.702 10944 10944 D app_process: Time zone APEX ICU file found: /apex/com.android.tzdata/etc/icu/icu_tzdata.dat
08-13 04:56:39.702 10944 10944 D app_process: I18n APEX ICU file found: /apex/com.android.i18n/etc/icu/icudt66l.dat
08-13 04:56:39.709 10944 10944 W app_process: Unexpected CPU variant for X86 using defaults: x86
08-13 04:56:39.712 10944 10944 I app_process: The ClassLoaderContext is a special shared library.
08-13 04:56:39.733 10944 10944 W app_process: JNI RegisterNativeMethods: attempt to register 0 native methods for android.media.AudioAttributes
08-13 04:56:39.740 10944 10944 D AndroidRuntime: Calling main entry com.android.commands.input.Input
08-13 04:56:42.245 10944 10944 D AndroidRuntime: Shutting down VM
08-13 04:56:46.213 11000 11002 I cmd     : oneway function results will be dropped but finished with status OK and parcel size 4
08-13 04:56:46.593   195   200 E android.system.suspend@1.0-service: Error opening kernel wakelock stats for: wakeup34: Permission denied
08-13 04:56:46.592   195   195 W Binder:195_2: type=1400 audit(0.0:628): avc: denied { read } for name="wakeup34" dev="sysfs" ino=18252 scontext=u:r:system_suspend:s0 tcontext=u:object_r:sysfs:s0 tclass=dir permissive=0
08-13 04:56:46.600   195   200 E android.system.suspend@1.0-service: Error opening kernel wakelock stats for: wakeup35: Permission denied
08-13 04:56:46.596   195   195 W Binder:195_2: type=1400 audit(0.0:629): avc: denied { read } for name="wakeup35" dev="sysfs" ino=18312 scontext=u:r:system_suspend:s0 tcontext=u:object_r:sysfs:s0 tclass=dir permissive=0
08-13 04:56:47.224 11030 11032 I cmd     : oneway function results will be dropped but finished with status OK and parcel size 4
08-13 04:56:47.796 11042 11042 D AndroidRuntime: >>>>>> START com.android.internal.os.RuntimeInit uid 2000 <<<<<<
08-13 04:56:47.800 11042 11042 E libc    : Access denied finding property "persist.device_config.runtime_native_boot.profilebootclasspath"
08-13 04:56:47.800 11042 11042 E libc    : Access denied finding property "persist.device_config.runtime_native_boot.enable_apex_image"
08-13 04:56:47.800 11042 11042 I AndroidRuntime: Using default boot image
08-13 04:56:47.800 11042 11042 E libc    : Access denied finding property "persist.device_config.runtime_native_boot.disable_lock_profiling"
08-13 04:56:47.800 11042 11042 I AndroidRuntime: Leaving lock profiling enabled
08-13 04:56:47.800 11042 11042 E libc    : Access denied finding property "persist.device_config.runtime_native_boot.enable_generational_cc"
08-13 04:56:47.796 11042 11042 W app_process: type=1400 audit(0.0:630): avc: denied { read } for name="u:object_r:device_config_runtime_native_boot_prop:s0" dev="tmpfs" ino=8294 scontext=u:r:shell:s0 tcontext=u:object_r:device_config_runtime_native_boot_prop:s0 tclass=file permissive=0
08-13 04:56:47.886 11042 11042 D app_process: Time zone APEX ICU file found: /apex/com.android.tzdata/etc/icu/icu_tzdata.dat
08-13 04:56:47.886 11042 11042 D app_process: I18n APEX ICU file found: /apex/com.android.i18n/etc/icu/icudt66l.dat
08-13 04:56:47.892 11042 11042 W app_process: Unexpected CPU variant for X86 using defaults: x86
08-13 04:56:47.894 11042 11042 I app_process: The ClassLoaderContext is a special shared library.
08-13 04:56:47.911 11042 11042 W app_process: JNI RegisterNativeMethods: attempt to register 0 native methods for android.media.AudioAttributes
08-13 04:56:47.918 11042 11042 D AndroidRuntime: Calling main entry com.android.commands.input.Input
08-13 04:56:48.129 11042 11042 D AndroidRuntime: Shutting down VM
08-13 04:56:48.235   312   390 D goldfish-address-space: allocate: Ask for block of size 0x1ca100
08-13 04:56:48.236   312   390 D goldfish-address-space: allocate: ioctl allocate returned offset 0x3fc8a0000 size 0x1cc000
08-13 04:56:48.247   312   390 D goldfish-address-space: allocate: Ask for block of size 0x1ca100
08-13 04:56:48.247   312   390 D goldfish-address-space: allocate: ioctl allocate returned offset 0x3fcca8000 size 0x1cc000
08-13 04:56:48.252   312   390 D goldfish-address-space: allocate: Ask for block of size 0x1ca100
08-13 04:56:48.252   312   390 D goldfish-address-space: allocate: ioctl allocate returned offset 0x3fcadc000 size 0x1cc000
08-13 04:56:48.430   312   390 D goldfish-address-space: allocate: Ask for block of size 0x1ca100
08-13 04:56:48.431   312   390 D goldfish-address-space: allocate: ioctl allocate returned offset 0x3fcca8000 size 0x1cc000
08-13 04:56:48.463   312   390 D goldfish-address-space: allocate: Ask for block of size 0x1ca100
08-13 04:56:48.463   312   390 D goldfish-address-space: allocate: ioctl allocate returned offset 0x3f93f9000 size 0x1cc000
08-13 04:56:48.522   312   390 D goldfish-address-space: allocate: Ask for block of size 0x1ca100
08-13 04:56:48.522   312   390 D goldfish-address-space: allocate: ioctl allocate returned offset 0x3fc8a0000 size 0x1cc000
08-13 04:56:48.638   338   338 E netmgr  : qemu_pipe_open_ns:62: Could not connect to the 'pipe:qemud:network' service: Invalid argument
08-13 04:56:48.638   338   338 E netmgr  : Failed to open QEMU pipe 'qemud:network': Invalid argument
08-13 04:56:49.050   347   347 E wifi_forwarder: qemu_pipe_open_ns:62: Could not connect to the 'pipe:qemud:wififorward' service: Invalid argument
08-13 04:56:49.051   347   347 E wifi_forwarder: RemoteConnection failed to initialize: RemoteConnection failed to open pipe
08-13 04:56:52.268 11109 11111 I cmd     : oneway function results will be dropped but finished with status OK and parcel size 4
08-13 04:56:52.873 11124 11126 I cmd     : oneway function results will be dropped but finished with status OK and parcel size 4
08-13 04:56:53.373 11139 11141 I cmd     : oneway function results will be dropped but finished with status OK and parcel size 4
08-13 04:56:53.982 11151 11151 D AndroidRuntime: >>>>>> START com.android.internal.os.RuntimeInit uid 2000 <<<<<<
08-13 04:56:53.987 11151 11151 E libc    : Access denied finding property "persist.device_config.runtime_native_boot.profilebootclasspath"
08-13 04:56:53.987 11151 11151 E libc    : Access denied finding property "persist.device_config.runtime_native_boot.enable_apex_image"
08-13 04:56:53.987 11151 11151 I AndroidRuntime: Using default boot image
08-13 04:56:53.987 11151 11151 E libc    : Access denied finding property "persist.device_config.runtime_native_boot.disable_lock_profiling"
08-13 04:56:53.987 11151 11151 I AndroidRuntime: Leaving lock profiling enabled
08-13 04:56:53.987 11151 11151 E libc    : Access denied finding property "persist.device_config.runtime_native_boot.enable_generational_cc"
08-13 04:56:53.984 11151 11151 W app_process: type=1400 audit(0.0:634): avc: denied { read } for name="u:object_r:device_config_runtime_native_boot_prop:s0" dev="tmpfs" ino=8294 scontext=u:r:shell:s0 tcontext=u:object_r:device_config_runtime_native_boot_prop:s0 tclass=file permissive=0
08-13 04:56:54.135 11151 11151 D app_process: Time zone APEX ICU file found: /apex/com.android.tzdata/etc/icu/icu_tzdata.dat
08-13 04:56:54.135 11151 11151 D app_process: I18n APEX ICU file found: /apex/com.android.i18n/etc/icu/icudt66l.dat
08-13 04:56:54.142 11151 11151 W app_process: Unexpected CPU variant for X86 using defaults: x86
08-13 04:56:54.145 11151 11151 I app_process: The ClassLoaderContext is a special shared library.
08-13 04:56:54.169 11151 11151 W app_process: JNI RegisterNativeMethods: attempt to register 0 native methods for android.media.AudioAttributes
08-13 04:56:54.176 11151 11151 D AndroidRuntime: Calling main entry com.android.commands.input.Input
08-13 04:56:54.537   514   605 W InputDispatcher: Window Window{cc56a0a u0 PopupWindow:3dee4f5} already unregistered input channel
08-13 04:56:54.600   514   605 I InputDispatcher: Dropping event because there is no touched foreground window in display 0 or gesture monitor to receive it.
08-13 04:56:54.606   514  2396 W InputManager: Input event injection from pid 11151 failed.
08-13 04:56:54.615   514  4653 W InputManager: Input event injection from pid 11151 failed.
08-13 04:56:54.618   514  2979 W InputManager: Input event injection from pid 11151 failed.
08-13 04:56:54.627   514  2979 I chatty  : uid=1000(system) Binder:514_17 identical 7 lines
08-13 04:56:54.628   514  2979 W InputManager: Input event injection from pid 11151 failed.
08-13 04:56:54.629   514  3457 W InputManager: Input event injection from pid 11151 failed.
08-13 04:56:54.641   514  3457 I chatty  : uid=1000(system) Binder:514_19 identical 8 lines
08-13 04:56:54.642   514  3457 W InputManager: Input event injection from pid 11151 failed.
08-13 04:56:54.644   514  2979 W InputManager: Input event injection from pid 11151 failed.
08-13 04:56:54.645   514  2979 W InputManager: Input event injection from pid 11151 failed.
08-13 04:56:54.646   514  3457 W InputManager: Input event injection from pid 11151 failed.
08-13 04:56:54.653   514  3457 I chatty  : uid=1000(system) Binder:514_19 identical 6 lines
08-13 04:56:54.655   514  3457 W InputManager: Input event injection from pid 11151 failed.
08-13 04:56:54.656   514  2979 W InputManager: Input event injection from pid 11151 failed.
08-13 04:56:54.698   514  2979 I chatty  : uid=1000(system) Binder:514_17 identical 34 lines
08-13 04:56:54.699   514  2979 W InputManager: Input event injection from pid 11151 failed.
08-13 04:56:54.700   514  3457 W InputManager: Input event injection from pid 11151 failed.
08-13 04:56:54.751   514  3457 I chatty  : uid=1000(system) Binder:514_19 identical 42 lines
08-13 04:56:54.752   514  3457 W InputManager: Input event injection from pid 11151 failed.
08-13 04:56:54.753   514  2979 W InputManager: Input event injection from pid 11151 failed.
08-13 04:56:55.635   514  2979 I chatty  : uid=1000(system) Binder:514_17 identical 770 lines
08-13 04:56:55.636   514  2979 W InputManager: Input event injection from pid 11151 failed.
08-13 04:56:55.637   514  3457 W InputManager: Input event injection from pid 11151 failed.
08-13 04:56:55.647   514  3457 I chatty  : uid=1000(system) Binder:514_19 identical 8 lines
08-13 04:56:55.648   514  3457 W InputManager: Input event injection from pid 11151 failed.
08-13 04:56:55.649   514  2979 W InputManager: Input event injection from pid 11151 failed.
08-13 04:56:55.650   514  3457 W InputManager: Input event injection from pid 11151 failed.
08-13 04:56:55.651   514  3457 I chatty  : uid=1000(system) Binder:514_19 identical 1 line
08-13 04:56:55.653   514  3457 W InputManager: Input event injection from pid 11151 failed.
08-13 04:56:55.654   514  2396 W InputManager: Input event injection from pid 11151 failed.
08-13 04:56:55.671   514  2396 I chatty  : uid=1000(system) Binder:514_14 identical 14 lines
08-13 04:56:55.673   514  2396 W InputManager: Input event injection from pid 11151 failed.
08-13 04:56:55.673   514  3457 W InputManager: Input event injection from pid 11151 failed.
08-13 04:56:55.690   514  3457 I chatty  : uid=1000(system) Binder:514_19 identical 14 lines
08-13 04:56:55.692   514  3457 W InputManager: Input event injection from pid 11151 failed.
08-13 04:56:55.693   514  2396 W InputManager: Input event injection from pid 11151 failed.
08-13 04:56:55.709   514  2396 I chatty  : uid=1000(system) Binder:514_14 identical 13 lines
08-13 04:56:55.710   514  2396 W InputManager: Input event injection from pid 11151 failed.
08-13 04:56:55.711   514  3457 W InputManager: Input event injection from pid 11151 failed.
08-13 04:56:56.035   514  3457 I chatty  : uid=1000(system) Binder:514_19 identical 283 lines
08-13 04:56:56.036   514  3457 W InputManager: Input event injection from pid 11151 failed.
08-13 04:56:56.037   514  2396 W InputManager: Input event injection from pid 11151 failed.
08-13 04:56:56.058   514  2396 I chatty  : uid=1000(system) Binder:514_14 identical 18 lines
08-13 04:56:56.059   514  2396 W InputManager: Input event injection from pid 11151 failed.
08-13 04:56:56.060   514  3457 W InputManager: Input event injection from pid 11151 failed.
08-13 04:56:56.650   514  3457 I chatty  : uid=1000(system) Binder:514_19 identical 513 lines
08-13 04:56:56.651   514  3457 W InputManager: Input event injection from pid 11151 failed.
08-13 04:56:56.652   514  2396 W InputManager: Input event injection from pid 11151 failed.
08-13 04:56:56.677   514   605 I chatty  : uid=1000(system) InputDispatcher identical 1780 lines
08-13 04:56:56.679   514   605 I InputDispatcher: Dropping event because there is no touched foreground window in display 0 or gesture monitor to receive it.
08-13 04:56:56.680 11151 11151 D AndroidRuntime: Shutting down VM
08-13 04:56:56.754   514   525 W System  : A resource failed to call release. 
08-13 04:56:56.754   514   525 I chatty  : uid=1000(system) FinalizerDaemon identical 2 lines
08-13 04:56:56.754   514   525 W System  : A resource failed to call release. 
08-13 04:56:59.283  1225  1260 I PeriodicStatsRunner: PeriodicStatsRunner.call():180 call()
08-13 04:56:59.288  1225  1260 I PeriodicStatsRunner: PeriodicStatsRunner.call():184 No submit PeriodicStats since input started.
08-13 04:57:01.053 11208 11208 D AndroidRuntime: >>>>>> START com.android.internal.os.RuntimeInit uid 2000 <<<<<<
08-13 04:57:01.058 11208 11208 E libc    : Access denied finding property "persist.device_config.runtime_native_boot.profilebootclasspath"
08-13 04:57:01.059 11208 11208 E libc    : Access denied finding property "persist.device_config.runtime_native_boot.enable_apex_image"
08-13 04:57:01.059 11208 11208 I AndroidRuntime: Using default boot image
08-13 04:57:01.059 11208 11208 E libc    : Access denied finding property "persist.device_config.runtime_native_boot.disable_lock_profiling"
08-13 04:57:01.059 11208 11208 I AndroidRuntime: Leaving lock profiling enabled
08-13 04:57:01.059 11208 11208 E libc    : Access denied finding property "persist.device_config.runtime_native_boot.enable_generational_cc"
08-13 04:57:01.056 11208 11208 W app_process: type=1400 audit(0.0:638): avc: denied { read } for name="u:object_r:device_config_runtime_native_boot_prop:s0" dev="tmpfs" ino=8294 scontext=u:r:shell:s0 tcontext=u:object_r:device_config_runtime_native_boot_prop:s0 tclass=file permissive=0
08-13 04:57:01.194 11208 11208 D app_process: Time zone APEX ICU file found: /apex/com.android.tzdata/etc/icu/icu_tzdata.dat
08-13 04:57:01.194 11208 11208 D app_process: I18n APEX ICU file found: /apex/com.android.i18n/etc/icu/icudt66l.dat
08-13 04:57:01.201 11208 11208 W app_process: Unexpected CPU variant for X86 using defaults: x86
08-13 04:57:01.203 11208 11208 I app_process: The ClassLoaderContext is a special shared library.
08-13 04:57:01.223 11208 11208 W app_process: JNI RegisterNativeMethods: attempt to register 0 native methods for android.media.AudioAttributes
08-13 04:57:01.231 11208 11208 D AndroidRuntime: Calling main entry com.android.commands.input.Input
08-13 04:56:56.678   514  2396 I chatty  : uid=1000(system) Binder:514_14 identical 16 lines
08-13 04:56:56.679   514  2396 W InputManager: Input event injection from pid 11151 failed.
08-13 04:57:01.242   514   536 E RemoteAugmentedAutofillService: Bad service name for flags 1048704: com.google.android.as/com.google.android.apps.miphone.aiai.app.AiAiAugmentedAutofillService
08-13 04:57:01.247 11208 11208 D AndroidRuntime: Shutting down VM
08-13 04:57:01.252   312   390 D goldfish-address-space: allocate: Ask for block of size 0x510000
08-13 04:57:01.252   312   390 D goldfish-address-space: allocate: ioctl allocate returned offset 0x3f90b4000 size 0x511000
08-13 04:57:01.292   514  2396 W InputReader: Device virtio_input_multi_touch_9 is associated with display ADISPLAY_ID_NONE.
08-13 04:57:01.292   514  2396 W InputReader: Device virtio_input_multi_touch_10 is associated with display ADISPLAY_ID_NONE.
08-13 04:57:01.292   514  2396 W InputReader: Device virtio_input_multi_touch_7 is associated with display ADISPLAY_ID_NONE.
08-13 04:57:01.292   514  2396 W InputReader: Device virtio_input_multi_touch_4 is associated with display ADISPLAY_ID_NONE.
08-13 04:57:01.292   514  2396 W InputReader: Device virtio_input_multi_touch_11 is associated with display ADISPLAY_ID_NONE.
08-13 04:57:01.292   514  2396 W InputReader: Device virtio_input_multi_touch_5 is associated with display ADISPLAY_ID_NONE.
08-13 04:57:01.292   514  2396 W InputReader: Device virtio_input_multi_touch_2 is associated with display ADISPLAY_ID_NONE.
08-13 04:57:01.292   514  2396 W InputReader: Device virtio_input_multi_touch_6 is associated with display ADISPLAY_ID_NONE.
08-13 04:57:01.292   514  2396 W InputReader: Device virtio_input_multi_touch_3 is associated with display ADISPLAY_ID_NONE.
08-13 04:57:01.293   514  2396 W InputReader: Device virtio_input_multi_touch_8 is associated with display ADISPLAY_ID_NONE.
08-13 04:57:01.293   514  2396 W InputReader: Device virtio_input_multi_touch_9 is associated with display ADISPLAY_ID_NONE.
08-13 04:57:01.293   514  2396 W InputReader: Device virtio_input_multi_touch_10 is associated with display ADISPLAY_ID_NONE.
08-13 04:57:01.293   514  2396 W InputReader: Device virtio_input_multi_touch_7 is associated with display ADISPLAY_ID_NONE.
08-13 04:57:01.293   514  2396 W InputReader: Device virtio_input_multi_touch_4 is associated with display ADISPLAY_ID_NONE.
08-13 04:57:01.293   514  2396 W InputReader: Device virtio_input_multi_touch_11 is associated with display ADISPLAY_ID_NONE.
08-13 04:57:01.293   514  2396 W InputReader: Device virtio_input_multi_touch_5 is associated with display ADISPLAY_ID_NONE.
08-13 04:57:01.294   514  2396 W InputReader: Device virtio_input_multi_touch_2 is associated with display ADISPLAY_ID_NONE.
08-13 04:57:01.294   514  2396 W InputReader: Device virtio_input_multi_touch_6 is associated with display ADISPLAY_ID_NONE.
08-13 04:57:01.294   514  2396 W InputReader: Device virtio_input_multi_touch_3 is associated with display ADISPLAY_ID_NONE.
08-13 04:57:01.294   514  2396 W InputReader: Device virtio_input_multi_touch_8 is associated with display ADISPLAY_ID_NONE.
08-13 04:57:01.331   514  2396 D CompatibilityChangeReporter: Compat change id reported: 135634846; UID 10107; state: DISABLED
08-13 04:57:01.331   514   545 D CompatibilityChangeReporter: Compat change id reported: 143937733; UID 10107; state: ENABLED
08-13 04:57:01.347   514  2396 W ActivityManager: Unable to start service Intent { act=android.service.appprediction.AppPredictionService cmp=com.google.android.as/com.google.android.apps.miphone.aiai.app.AiAiPredictionService } U=0: not found
08-13 04:57:01.347   514  2396 W RemoteAppPredictionService: could not bind to Intent { act=android.service.appprediction.AppPredictionService cmp=com.google.android.as/com.google.android.apps.miphone.aiai.app.AiAiPredictionService } using flags 67108865
08-13 04:57:01.356   312   390 D goldfish-address-space: allocate: Ask for block of size 0x7e9000
08-13 04:57:01.356   312   390 D goldfish-address-space: allocate: ioctl allocate returned offset 0x3fd85a000 size 0x7ea000
08-13 04:57:01.375   312   393 D goldfish-address-space: allocate: Ask for block of size 0x7e9000
08-13 04:57:01.376   312   393 D goldfish-address-space: allocate: ioctl allocate returned offset 0x3fb108000 size 0x7ea000
08-13 04:57:01.384   290   290 D Zygote  : Forked child process 11223
08-13 04:57:01.386   514   545 W ActivityManager: Slow operation: 56ms so far, now at startProcess: returned from zygote!
08-13 04:57:01.387   514   545 W ActivityManager: Slow operation: 56ms so far, now at startProcess: done updating battery stats
08-13 04:57:01.387   514   545 W ActivityManager: Slow operation: 56ms so far, now at startProcess: building log message
08-13 04:57:01.387   514   545 I ActivityManager: Start proc 11223:com.google.android.googlequicksearchbox:search/u0a107 for service {com.google.android.googlequicksearchbox/com.google.android.apps.gsa.nowoverlayservice.DrawerOverlayService}
08-13 04:57:01.387   514   545 W ActivityManager: Slow operation: 57ms so far, now at startProcess: starting to update pids map
08-13 04:57:01.394   312   390 D goldfish-address-space: allocate: Ask for block of size 0x7e9000
08-13 04:57:01.394   312   390 D goldfish-address-space: allocate: ioctl allocate returned offset 0x3fa91e000 size 0x7ea000
08-13 04:57:01.402 11223 11223 W earchbox:searc: Unexpected CPU variant for X86 using defaults: x86
08-13 04:57:01.404   514   545 W ActivityManager: Slow operation: 58ms so far, now at startProcess: done updating pids map
08-13 04:57:01.424 11223 11223 E earchbox:searc: Not starting debugger since process cannot load the jdwp agent.
08-13 04:57:01.471   698   715 I ndroid.systemu: NativeAlloc concurrent copying GC freed 21624(935KB) AllocSpace objects, 9(180KB) LOS objects, 49% free, 12MB/24MB, paused 1.924ms total 182.756ms
08-13 04:57:01.593 11223 11223 I earchbox:searc: The ClassLoaderContext is a special shared library.
08-13 04:57:01.651   195   200 E android.system.suspend@1.0-service: Error opening kernel wakelock stats for: wakeup34: Permission denied
08-13 04:57:01.648   195   195 W Binder:195_2: type=1400 audit(0.0:642): avc: denied { read } for name="wakeup34" dev="sysfs" ino=18252 scontext=u:r:system_suspend:s0 tcontext=u:object_r:sysfs:s0 tclass=dir permissive=0
08-13 04:57:01.680   195   200 E android.system.suspend@1.0-service: Error opening kernel wakelock stats for: wakeup35: Permission denied
08-13 04:57:01.701 11223 11223 D NetworkSecurityConfig: Using Network Security Config from resource network_security_config debugBuild: false
08-13 04:57:01.703 11223 11223 D NetworkSecurityConfig: Using Network Security Config from resource network_security_config debugBuild: false
08-13 04:57:01.838 11223 11223 I MultiDex: VM with version 2.1.0 has multidex support
08-13 04:57:01.839 11223 11223 I MultiDex: install
08-13 04:57:01.839 11223 11223 I MultiDex: VM has multidex support, MultiDex support library is disabled.
08-13 04:57:02.463 11223 11262 W earchbox:searc: Accessing hidden field Ljava/util/Collections$SynchronizedCollection;->mutex:Ljava/lang/Object; (greylist-max-o, reflection, denied)
08-13 04:57:02.463 11223 11262 W earchbox:searc: Accessing hidden method Ljava/util/Collections$SynchronizedSet;-><init>(Ljava/util/Set;Ljava/lang/Object;)V (greylist-max-o, reflection, denied)
08-13 04:57:02.463 11223 11262 W earchbox:searc: Accessing hidden method Ljava/util/Collections$SynchronizedCollection;-><init>(Ljava/util/Collection;Ljava/lang/Object;)V (greylist-max-o, reflection, denied)
08-13 04:57:02.618 11223 11235 I earchbox:searc: Method exceeds compiler instruction limit: 17229 in java.util.Map com.google.android.apps.gsa.shared.logger.b.h.d()
08-13 04:57:02.633 11223 11223 I A       : Initializing GMS Compliance Client Library...
08-13 04:57:02.634 11223 11223 I A       : Checking for device compliance...
08-13 04:57:02.636 11223 11223 I A       : Completed library init.
08-13 04:57:02.895  4448  4448 D BoundBrokerSvc: onBind: Intent { act=com.google.android.mobstore.service.START pkg=com.google.android.gms }
08-13 04:57:02.895  4448  4448 D BoundBrokerSvc: Loading bound service for intent: Intent { act=com.google.android.mobstore.service.START pkg=com.google.android.gms }
08-13 04:57:02.949 11223 11223 I TetheringManager: registerTetheringEventCallback:com.google.android.googlequicksearchbox
08-13 04:57:03.000 11223 11223 I Search.LoginHelperImpl: Getting accounts.
08-13 04:57:03.043 11223 11223 W OverlaySController: Calling with an invalid UID, the interface will not work
08-13 04:57:03.087  1182  1199 I FacsCacheGmsModule: Receiving API connection to FACS API from package 'com.google.android.googlequicksearchbox'...
08-13 04:57:03.103  1182  1199 I FacsCacheGmsModule: API connection successful!
08-13 04:57:03.107  4448  4448 D BoundBrokerSvc: onBind: Intent { act=com.google.android.gms.facs.internal.service.START cmp=com.google.android.gms/.chimera.GmsInternalApiService }
08-13 04:57:03.107  4448  4448 D BoundBrokerSvc: Loading bound service for intent: Intent { act=com.google.android.gms.facs.internal.service.START cmp=com.google.android.gms/.chimera.GmsInternalApiService }
08-13 04:57:03.111  4448  4472 I FacsCacheGmsModule: Receiving API connection to internal FACS API...
08-13 04:57:03.121  4448  4472 I FacsCacheGmsModule: API connection successful!
08-13 04:57:03.133 11223 11267 I A       : Device Compliance Fetch time taken = 481ms
08-13 04:57:03.134 11223 11267 I A       : Device is compliant!
08-13 04:57:03.134 11223 11267 I A       : Invoking "compliant" action...
08-13 04:57:03.139 11223 11223 E earchbox:searc: Invalid ID 0x00000000.
08-13 04:57:03.187 11223 11263 I WM-GreedyScheduler: Ignoring schedule request in a secondary process
08-13 04:57:03.285 11223 11271 I A       : NGA disabled due to not being eligible.
08-13 04:57:03.285 11223 11271 I A       : Nga state changed to DISABLED
08-13 04:57:03.351 11223 11281 I A       : load shared preferences: file not found
08-13 04:57:03.427 11223 11271 I ModelDownloadListener: Schdedule model download
08-13 04:57:03.429 11223 11263 I FedAssExpListener: Successfully processed experiments changed.
08-13 04:57:03.458 11223 11271 I OpaEligibilityChecker: send OpaEligibilityChange broadcast to CommonBroadcastReceiver
08-13 04:57:03.510 11223 11236 I earchbox:searc: Background young concurrent copying GC freed 97176(7143KB) AllocSpace objects, 16(636KB) LOS objects, 79% free, 6173KB/30MB, paused 1.027ms total 107.674ms
08-13 04:57:03.531 11223 11275 I A       : Building OnDeviceNameResolver: 3 endpoints.
08-13 04:57:03.653 11223 11284 I A       : Loaded shared library: nativecrashreporter
08-13 04:57:03.703 11223 11277 I A       : Util.isLowRamDevice: false, canUsePreemptibleAudioSource: true
08-13 04:57:03.717 11223 11282 D libEGL  : loaded /vendor/lib/egl/libEGL_emulation.so
08-13 04:57:03.719 11223 11282 D libEGL  : loaded /vendor/lib/egl/libGLESv1_CM_emulation.so
08-13 04:57:03.726 11223 11277 I A       : hasHotwordEverywhere-true
08-13 04:57:03.727 11223 11282 D libEGL  : loaded /vendor/lib/egl/libGLESv2_emulation.so
08-13 04:57:03.766 11223 11282 D HostConnection: HostConnection::get() New Host Connection established 0xf5b55130, tid 11282
08-13 04:57:03.775 11223 11282 D HostConnection: HostComposition ext ANDROID_EMU_CHECKSUM_HELPER_v1 ANDROID_EMU_native_sync_v2 ANDROID_EMU_native_sync_v3 ANDROID_EMU_native_sync_v4 ANDROID_EMU_dma_v1 ANDROID_EMU_direct_mem ANDROID_EMU_host_composition_v1 ANDROID_EMU_host_composition_v2 ANDROID_EMU_YUV_Cache ANDROID_EMU_async_unmap_buffer GL_OES_vertex_array_object GL_KHR_texture_compression_astc_ldr ANDROID_EMU_gles_max_version_2 
08-13 04:57:03.780 11223 11282 W OpenGLRenderer: Failed to choose config with EGL_SWAP_BEHAVIOR_PRESERVED, retrying without...
08-13 04:57:03.806 11223 11282 D EGL_emulation: eglCreateContext: 0xf59614f0: maj 2 min 0 rcv 2
08-13 04:57:03.810 11223 11282 D EGL_emulation: eglMakeCurrent: 0xf59614f0: ver 2 0 (tinfo 0xf5cafcd0) (first time)
08-13 04:57:03.820   312   390 D goldfish-address-space: allocate: Ask for block of size 0x7e9000
08-13 04:57:03.820   312   390 D goldfish-address-space: allocate: ioctl allocate returned offset 0x3fb8f2000 size 0x7ea000
08-13 04:57:03.835   175   175 I hwservicemanager: getTransport: Cannot find entry android.hardware.graphics.mapper@4.0::IMapper/default in either framework or device manifest.
08-13 04:57:03.836 11223 11282 I Gralloc4: mapper 4.x is not supported
08-13 04:57:03.837 11223 11282 D HostConnection: createUnique: call
08-13 04:57:03.837 11223 11282 D HostConnection: HostConnection::get() New Host Connection established 0xf5b55550, tid 11282
08-13 04:57:03.838 11223 11282 D goldfish-address-space: allocate: Ask for block of size 0x100
08-13 04:57:03.839 11223 11282 D goldfish-address-space: allocate: ioctl allocate returned offset 0x3fc2a2000 size 0x2000
08-13 04:57:03.904 11223 11282 D HostConnection: HostComposition ext ANDROID_EMU_CHECKSUM_HELPER_v1 ANDROID_EMU_native_sync_v2 ANDROID_EMU_native_sync_v3 ANDROID_EMU_native_sync_v4 ANDROID_EMU_dma_v1 ANDROID_EMU_direct_mem ANDROID_EMU_host_composition_v1 ANDROID_EMU_host_composition_v2 ANDROID_EMU_YUV_Cache ANDROID_EMU_async_unmap_buffer GL_OES_vertex_array_object GL_KHR_texture_compression_astc_ldr ANDROID_EMU_gles_max_version_2 
08-13 04:57:03.910   312   390 D goldfish-address-space: allocate: Ask for block of size 0x7e9000
08-13 04:57:03.910   312   390 D goldfish-address-space: allocate: ioctl allocate returned offset 0x3fd070000 size 0x7ea000
08-13 04:57:03.924   312   390 D goldfish-address-space: allocate: Ask for block of size 0x7e9000
08-13 04:57:03.924   312   390 D goldfish-address-space: allocate: ioctl allocate returned offset 0x3fa134000 size 0x7ea000
08-13 04:57:03.967 11223 11277 I A       : hotwordModelLocation is null false, locale is pt-BR, re-mapped Chinese locale 
08-13 04:57:03.985 11223 11223 I BgTaskExecutorImpl: Starting EXCLUSIVE background task UPDATE_HOTWORD_MODELS.
08-13 04:57:04.003 11223 11301 I EventBusThread: Event Bus thread starting with TID 11301
08-13 04:57:04.045 11223 11223 W A       : Queue length for executor EventBus is now 11. Perhaps some tasks are too long, or the pool is too small.
08-13 04:57:04.064  1363  2789 I GsaVoiceInteractionSrv: hotwordModel is null :  false
08-13 04:57:04.065  1363  2789 E HwDetectorWithState: a: 3
08-13 04:57:04.076  1363  2789 I GsaVoiceInteractionSrv: #checkDspStatus
08-13 04:57:04.076  1363  2789 I BistoHotwordHelper: setting speaker id present: false
08-13 04:57:04.077  1363  2789 I BistoHotwordHelper: setting hotword model of size: 528681 bytes
08-13 04:57:04.077  1363  2789 I BistoHotwordHelper: setting modeltype: Ok Google
08-13 04:57:04.078  1363  2789 I BistoHotwordHelper: setHotwordVoiceLocale: prev: pt-BR, new: pt-BR
08-13 04:57:04.124 11223 11272 I BistoSettingsListener: listener created
08-13 04:57:04.134 11223 11275 I A       : ColdBootHelper constructor
08-13 04:57:04.135 11223 11265 I ModelDownloadController: requestHotwordModelUpdate modelType-1 modelLocale-pt-BR
08-13 04:57:04.137 11223 11265 I ModelDownloadController: #maybeDownloadHotwordModelWithMDD with locale: pt-BR, modelType: 1.
08-13 04:57:04.138 11223 11265 I ModelDownloadController: Skipping MDD query because model was already downloaded for locale
08-13 04:57:04.208 11223 11275 D StrictMode: StrictMode policy violation: android.os.strictmode.DiskReadViolation
08-13 04:57:04.208 11223 11275 D StrictMode: 	at android.os.StrictMode$AndroidBlockGuardPolicy.onReadFromDisk(StrictMode.java:1596)
08-13 04:57:04.208 11223 11275 D StrictMode: 	at libcore.io.BlockGuardOs.open(BlockGuardOs.java:249)
08-13 04:57:04.208 11223 11275 D StrictMode: 	at libcore.io.ForwardingOs.open(ForwardingOs.java:166)
08-13 04:57:04.208 11223 11275 D StrictMode: 	at android.app.ActivityThread$AndroidOs.open(ActivityThread.java:7542)
08-13 04:57:04.208 11223 11275 D StrictMode: 	at libcore.io.IoBridge.open(IoBridge.java:478)
08-13 04:57:04.208 11223 11275 D StrictMode: 	at java.io.FileInputStream.<init>(FileInputStream.java:160)
08-13 04:57:04.208 11223 11275 D StrictMode: 	at java.io.FileInputStream.<init>(FileInputStream.java:115)
08-13 04:57:04.208 11223 11275 D StrictMode: 	at com.google.android.apps.gsa.speech.e.b.a.b(SourceFile:2)
08-13 04:57:04.208 11223 11275 D StrictMode: 	at com.google.android.apps.gsa.languagepack.ao.<init>(SourceFile:1)
08-13 04:57:04.208 11223 11275 D StrictMode: 	at com.google.android.apps.gsa.binaries.velvet.app.atw.aL(SourceFile:4)
08-13 04:57:04.208 11223 11275 D StrictMode: 	at com.google.android.apps.gsa.binaries.velvet.app.qg.c(SourceFile:2)
08-13 04:57:04.208 11223 11275 D StrictMode: 	at com.google.android.apps.gsa.binaries.velvet.app.qg.a(SourceFile:4)
08-13 04:57:04.208 11223 11275 D StrictMode: 	at com.google.android.apps.gsa.binaries.velvet.app.yp.e(SourceFile:61)
08-13 04:57:04.208 11223 11275 D StrictMode: 	at com.google.android.apps.gsa.binaries.velvet.app.yp.a(SourceFile:28)
08-13 04:57:04.208 11223 11275 D StrictMode: 	at com.google.android.apps.gsa.search.core.service.g.a.c.a(SourceFile:2)
08-13 04:57:04.208 11223 11275 D StrictMode: 	at com.google.android.libraries.gsa.j.a.g.a(SourceFile:2)
08-13 04:57:04.208 11223 11275 D StrictMode: 	at com.google.common.w.a.dr.a(SourceFile:1)
08-13 04:57:04.208 11223 11275 D StrictMode: 	at com.google.common.w.a.co.run(SourceFile:4)
08-13 04:57:04.208 11223 11275 D StrictMode: 	at com.google.common.w.a.dt.run(SourceFile:1)
08-13 04:57:04.208 11223 11275 D StrictMode: 	at com.google.android.libraries.g.aa.run(SourceFile:1)
08-13 04:57:04.208 11223 11275 D StrictMode: 	at java.util.concurrent.ThreadPoolExecutor.runWorker(ThreadPoolExecutor.java:1167)
08-13 04:57:04.208 11223 11275 D StrictMode: 	at java.util.concurrent.ThreadPoolExecutor$Worker.run(ThreadPoolExecutor.java:641)
08-13 04:57:04.208 11223 11275 D StrictMode: 	at com.google.android.libraries.g.m.run(SourceFile:2)
08-13 04:57:04.208 11223 11275 D StrictMode: 	at com.google.android.libraries.g.c.run(SourceFile:2)
08-13 04:57:04.208 11223 11275 D StrictMode: 	at java.lang.Thread.run(Thread.java:923)
08-13 04:57:04.209 11223 11275 D StrictMode: StrictMode policy violation: android.os.strictmode.DiskReadViolation
08-13 04:57:04.209 11223 11275 D StrictMode: 	at android.os.StrictMode$AndroidBlockGuardPolicy.onReadFromDisk(StrictMode.java:1596)
08-13 04:57:04.209 11223 11275 D StrictMode: 	at libcore.io.BlockGuardOs.fstat(BlockGuardOs.java:174)
08-13 04:57:04.209 11223 11275 D StrictMode: 	at libcore.io.ForwardingOs.fstat(ForwardingOs.java:106)
08-13 04:57:04.209 11223 11275 D StrictMode: 	at libcore.io.IoBridge.open(IoBridge.java:481)
08-13 04:57:04.209 11223 11275 D StrictMode: 	at java.io.FileInputStream.<init>(FileInputStream.java:160)
08-13 04:57:04.209 11223 11275 D StrictMode: 	at java.io.FileInputStream.<init>(FileInputStream.java:115)
08-13 04:57:04.209 11223 11275 D StrictMode: 	at com.google.android.apps.gsa.speech.e.b.a.b(SourceFile:2)
08-13 04:57:04.209 11223 11275 D StrictMode: 	at com.google.android.apps.gsa.languagepack.ao.<init>(SourceFile:1)
08-13 04:57:04.209 11223 11275 D StrictMode: 	at com.google.android.apps.gsa.binaries.velvet.app.atw.aL(SourceFile:4)
08-13 04:57:04.209 11223 11275 D StrictMode: 	at com.google.android.apps.gsa.binaries.velvet.app.qg.c(SourceFile:2)
08-13 04:57:04.209 11223 11275 D StrictMode: 	at com.google.android.apps.gsa.binaries.velvet.app.qg.a(SourceFile:4)
08-13 04:57:04.209 11223 11275 D StrictMode: 	at com.google.android.apps.gsa.binaries.velvet.app.yp.e(SourceFile:61)
08-13 04:57:04.209 11223 11275 D StrictMode: 	at com.google.android.apps.gsa.binaries.velvet.app.yp.a(SourceFile:28)
08-13 04:57:04.209 11223 11275 D StrictMode: 	at com.google.android.apps.gsa.search.core.service.g.a.c.a(SourceFile:2)
08-13 04:57:04.209 11223 11275 D StrictMode: 	at com.google.android.libraries.gsa.j.a.g.a(SourceFile:2)
08-13 04:57:04.209 11223 11275 D StrictMode: 	at com.google.common.w.a.dr.a(SourceFile:1)
08-13 04:57:04.209 11223 11275 D StrictMode: 	at com.google.common.w.a.co.run(SourceFile:4)
08-13 04:57:04.209 11223 11275 D StrictMode: 	at com.google.common.w.a.dt.run(SourceFile:1)
08-13 04:57:04.209 11223 11275 D StrictMode: 	at com.google.android.libraries.g.aa.run(SourceFile:1)
08-13 04:57:04.209 11223 11275 D StrictMode: 	at java.util.concurrent.ThreadPoolExecutor.runWorker(ThreadPoolExecutor.java:1167)
08-13 04:57:04.209 11223 11275 D StrictMode: 	at java.util.concurrent.ThreadPoolExecutor$Worker.run(ThreadPoolExecutor.java:641)
08-13 04:57:04.209 11223 11275 D StrictMode: 	at com.google.android.libraries.g.m.run(SourceFile:2)
08-13 04:57:04.209 11223 11275 D StrictMode: 	at com.google.android.libraries.g.c.run(SourceFile:2)
08-13 04:57:04.209 11223 11275 D StrictMode: 	at java.lang.Thread.run(Thread.java:923)
08-13 04:57:04.209 11223 11275 D StrictMode: StrictMode policy violation: android.os.strictmode.DiskReadViolation
08-13 04:57:04.209 11223 11275 D StrictMode: 	at android.os.StrictMode$AndroidBlockGuardPolicy.onReadFromDisk(StrictMode.java:1596)
08-13 04:57:04.209 11223 11275 D StrictMode: 	at libcore.io.BlockGuardOs.read(BlockGuardOs.java:304)
08-13 04:57:04.209 11223 11275 D StrictMode: 	at libcore.io.ForwardingOs.read(ForwardingOs.java:176)
08-13 04:57:04.209 11223 11275 D StrictMode: 	at libcore.io.IoBridge.read(IoBridge.java:509)
08-13 04:57:04.209 11223 11275 D StrictMode: 	at java.io.FileInputStream.read(FileInputStream.java:320)
08-13 04:57:04.209 11223 11275 D StrictMode: 	at sun.nio.cs.StreamDecoder.readBytes(StreamDecoder.java:291)
08-13 04:57:04.209 11223 11275 D StrictMode: 	at sun.nio.cs.StreamDecoder.implRead(StreamDecoder.java:355)
08-13 04:57:04.209 11223 11275 D StrictMode: 	at sun.nio.cs.StreamDecoder.read(StreamDecoder.java:181)
08-13 04:57:04.209 11223 11275 D StrictMode: 	at java.io.InputStreamReader.read(InputStreamReader.java:184)
08-13 04:57:04.209 11223 11275 D StrictMode: 	at java.io.BufferedReader.fill(BufferedReader.java:172)
08-13 04:57:04.209 11223 11275 D StrictMode: 	at java.io.BufferedReader.readLine(BufferedReader.java:335)
08-13 04:57:04.209 11223 11275 D StrictMode: 	at java.io.BufferedReader.readLine(BufferedReader.java:400)
08-13 04:57:04.209 11223 11275 D StrictMode: 	at com.google.android.apps.gsa.speech.e.b.a.b(SourceFile:3)
08-13 04:57:04.209 11223 11275 D StrictMode: 	at com.google.android.apps.gsa.languagepack.ao.<init>(SourceFile:1)
08-13 04:57:04.209 11223 11275 D StrictMode: 	at com.google.android.apps.gsa.binaries.velvet.app.atw.aL(SourceFile:4)
08-13 04:57:04.209 11223 11275 D StrictMode: 	at com.google.android.apps.gsa.binaries.velvet.app.qg.c(SourceFile:2)
08-13 04:57:04.209 11223 11275 D StrictMode: 	at com.google.android.apps.gsa.binaries.velvet.app.qg.a(SourceFile:4)
08-13 04:57:04.209 11223 11275 D StrictMode: 	at com.google.android.apps.gsa.binaries.velvet.app.yp.e(SourceFile:61)
08-13 04:57:04.209 11223 11275 D StrictMode: 	at com.google.android.apps.gsa.binaries.velvet.app.yp.a(SourceFile:28)
08-13 04:57:04.209 11223 11275 D StrictMode: 	at com.google.android.apps.gsa.search.core.service.g.a.c.a(SourceFile:2)
08-13 04:57:04.209 11223 11275 D StrictMode: 	at com.google.android.libraries.gsa.j.a.g.a(SourceFile:2)
08-13 04:57:04.209 11223 11275 D StrictMode: 	at com.google.common.w.a.dr.a(SourceFile:1)
08-13 04:57:04.209 11223 11275 D StrictMode: 	at com.google.common.w.a.co.run(SourceFile:4)
08-13 04:57:04.209 11223 11275 D StrictMode: 	at com.google.common.w.a.dt.run(SourceFile:1)
08-13 04:57:04.209 11223 11275 D StrictMode: 	at com.google.android.libraries.g.aa.run(SourceFile:1)
08-13 04:57:04.209 11223 11275 D StrictMode: 	at java.util.concurrent.ThreadPoolExecutor.runWorker(ThreadPoolExecutor.java:1167)
08-13 04:57:04.209 11223 11275 D StrictMode: 	at java.util.concurrent.ThreadPoolExecutor$Worker.run(ThreadPoolExecutor.java:641)
08-13 04:57:04.209 11223 11275 D StrictMode: 	at com.google.android.libraries.g.m.run(SourceFile:2)
08-13 04:57:04.209 11223 11275 D StrictMode: 	at com.google.android.libraries.g.c.run(SourceFile:2)
08-13 04:57:04.209 11223 11275 D StrictMode: 	at java.lang.Thread.run(Thread.java:923)
08-13 04:57:04.222 11223 11301 W SessionLifecycleManager: Client : AttachedClient[49360904824743672, ClientConfig[mFlags=[40000088001] mSuggestFlags=[0] mClientId=HOTWORD_SERVICE mSessionType=search publicSearchServiceCallerUid=-1]] has no associated SessionController
08-13 04:57:04.283  4448  4680 I Icing   : IndexChimeraService.getServiceInterface callingPackage=com.google.android.googlequicksearchbox componentName=null serviceId=36
08-13 04:57:04.291   514  4653 D CompatibilityChangeReporter: Compat change id reported: 135634846; UID 10105; state: DISABLED
08-13 04:57:04.292   514   545 D CompatibilityChangeReporter: Compat change id reported: 143937733; UID 10105; state: ENABLED
08-13 04:57:04.339 11223 11223 I BgTaskExecutorImpl: Starting EXCLUSIVE background task TNG_MINUS_ONE_SYNC.
08-13 04:57:04.346   290   290 D Zygote  : Forked child process 11320
08-13 04:57:04.361 11320 11320 W e.process.gapp: Unexpected CPU variant for X86 using defaults: x86
08-13 04:57:04.369 11320 11320 E e.process.gapp: Not starting debugger since process cannot load the jdwp agent.
08-13 04:57:04.370   514   545 W ActivityManager: Slow operation: 80ms so far, now at startProcess: returned from zygote!
