08-13 04:54:11.474   312   390 D goldfish-address-space: allocate: Ask for block of size 0x7e9000
08-13 04:54:11.474   312   390 D goldfish-address-space: allocate: ioctl allocate returned offset 0x3fa91e000 size 0x7ea000
08-13 04:54:11.489   312   393 D goldfish-address-space: allocate: Ask for block of size 0x7e9000
08-13 04:54:11.490   312   393 D goldfish-address-space: allocate: ioctl allocate returned offset 0x3fd85a000 size 0x7ea000
08-13 04:54:11.567   514   538 D EventSequenceValidator: Transition from ACTIVITY_LAUNCHED to ACTIVITY_FINISHED
08-13 04:54:11.598   514   543 D ArtManagerInternalImpl: /data/misc/iorapd/com.android.settings/30/com.android.settings.Settings$AccessibilitySettingsActivity/compiled_traces/compiled_trace.pb doesn't exist
08-13 04:54:11.611   514   543 I ActivityTaskManager: Displayed com.android.settings/.Settings$AccessibilitySettingsActivity: +819ms
08-13 04:54:11.682  1471  9045 I PBSessionCacheImpl: Deleted sessionId[6471155246435476] from persistence.
08-13 04:54:11.770  1471  2893 W SearchServiceCore: Abort, client detached.
08-13 04:54:11.818  1471  2893 I MicroDetectionState: Should stop hotword detection immediately - false
08-13 04:54:11.858  1225  1260 I PeriodicStatsRunner: PeriodicStatsRunner.call():180 call()
08-13 04:54:11.880  1225  1260 I PeriodicStatsRunner: PeriodicStatsRunner.call():184 No submit PeriodicStats since input started.
08-13 04:54:13.677  1047  1838 E ActivityThread: Failed to find provider info for com.google.android.apps.wellbeing.api
08-13 04:54:13.715   676  1089 W BtGatt.ScanManager: Moving scan client to opportunistic (scannerId 6)
08-13 04:54:13.719   676  1095 E bt_btm  : BTM_BleObserve Observe not active
08-13 04:54:16.661  1225  1260 I PeriodicStatsRunner: PeriodicStatsRunner.call():180 call()
08-13 04:54:16.662  1225  1260 I PeriodicStatsRunner: PeriodicStatsRunner.call():184 No submit PeriodicStats since input started.
08-13 04:54:19.904  9150  9150 D AndroidRuntime: >>>>>> START com.android.internal.os.RuntimeInit uid 2000 <<<<<<
08-13 04:54:19.908  9150  9150 E libc    : Access denied finding property "persist.device_config.runtime_native_boot.profilebootclasspath"
08-13 04:54:19.908  9150  9150 E libc    : Access denied finding property "persist.device_config.runtime_native_boot.enable_apex_image"
08-13 04:54:19.908  9150  9150 I AndroidRuntime: Using default boot image
08-13 04:54:19.909  9150  9150 E libc    : Access denied finding property "persist.device_config.runtime_native_boot.disable_lock_profiling"
08-13 04:54:19.909  9150  9150 I AndroidRuntime: Leaving lock profiling enabled
08-13 04:54:19.909  9150  9150 E libc    : Access denied finding property "persist.device_config.runtime_native_boot.enable_generational_cc"
08-13 04:54:19.904  9150  9150 W app_process: type=1400 audit(0.0:556): avc: denied { read } for name="u:object_r:device_config_runtime_native_boot_prop:s0" dev="tmpfs" ino=8294 scontext=u:r:shell:s0 tcontext=u:object_r:device_config_runtime_native_boot_prop:s0 tclass=file permissive=0
08-13 04:54:19.908  9150  9150 I chatty  : uid=2000(shell) main identical 2 lines
08-13 04:54:19.908  9150  9150 W app_process: type=1400 audit(0.0:559): avc: denied { read } for name="u:object_r:device_config_runtime_native_boot_prop:s0" dev="tmpfs" ino=8294 scontext=u:r:shell:s0 tcontext=u:object_r:device_config_runtime_native_boot_prop:s0 tclass=file permissive=0
08-13 04:54:20.054  9150  9150 D app_process: Time zone APEX ICU file found: /apex/com.android.tzdata/etc/icu/icu_tzdata.dat
08-13 04:54:20.054  9150  9150 D app_process: I18n APEX ICU file found: /apex/com.android.i18n/etc/icu/icudt66l.dat
08-13 04:54:20.062  9150  9150 W app_process: Unexpected CPU variant for X86 using defaults: x86
08-13 04:54:20.064  9150  9150 I app_process: The ClassLoaderContext is a special shared library.
08-13 04:54:20.084  9150  9150 W app_process: JNI RegisterNativeMethods: attempt to register 0 native methods for android.media.AudioAttributes
08-13 04:54:20.091  9150  9150 D AndroidRuntime: Calling main entry com.android.commands.input.Input
08-13 04:54:20.101   514   536 E RemoteAugmentedAutofillService: Bad service name for flags 1048704: com.google.android.as/com.google.android.apps.miphone.aiai.app.AiAiAugmentedAutofillService
08-13 04:54:20.108   312   393 D goldfish-address-space: allocate: Ask for block of size 0x510000
08-13 04:54:20.108   312   393 D goldfish-address-space: allocate: ioctl allocate returned offset 0x3f8ba3000 size 0x511000
08-13 04:54:20.136  9150  9150 D AndroidRuntime: Shutting down VM
08-13 04:54:20.137   514  5008 D HostConnection: HostConnection::get() New Host Connection established 0xf5b63050, tid 5008
08-13 04:54:20.145   514  5008 D HostConnection: HostComposition ext ANDROID_EMU_CHECKSUM_HELPER_v1 ANDROID_EMU_native_sync_v2 ANDROID_EMU_native_sync_v3 ANDROID_EMU_native_sync_v4 ANDROID_EMU_dma_v1 ANDROID_EMU_direct_mem ANDROID_EMU_host_composition_v1 ANDROID_EMU_host_composition_v2 ANDROID_EMU_YUV_Cache ANDROID_EMU_async_unmap_buffer GL_OES_vertex_array_object GL_KHR_texture_compression_astc_ldr ANDROID_EMU_gles_max_version_2 
08-13 04:54:20.146   514  4653 W InputReader: Device virtio_input_multi_touch_9 is associated with display ADISPLAY_ID_NONE.
08-13 04:54:20.146   514  4653 W InputReader: Device virtio_input_multi_touch_10 is associated with display ADISPLAY_ID_NONE.
08-13 04:54:20.146   514  4653 W InputReader: Device virtio_input_multi_touch_7 is associated with display ADISPLAY_ID_NONE.
08-13 04:54:20.146   514  4653 W InputReader: Device virtio_input_multi_touch_4 is associated with display ADISPLAY_ID_NONE.
08-13 04:54:20.146   514  4653 W InputReader: Device virtio_input_multi_touch_11 is associated with display ADISPLAY_ID_NONE.
08-13 04:54:20.146   514  4653 W InputReader: Device virtio_input_multi_touch_5 is associated with display ADISPLAY_ID_NONE.
08-13 04:54:20.146   514  4653 W InputReader: Device virtio_input_multi_touch_2 is associated with display ADISPLAY_ID_NONE.
08-13 04:54:20.146   514  4653 W InputReader: Device virtio_input_multi_touch_6 is associated with display ADISPLAY_ID_NONE.
08-13 04:54:20.147   514  4653 W InputReader: Device virtio_input_multi_touch_3 is associated with display ADISPLAY_ID_NONE.
08-13 04:54:20.147   514  4653 W InputReader: Device virtio_input_multi_touch_8 is associated with display ADISPLAY_ID_NONE.
08-13 04:54:20.147   514  5008 W OpenGLRenderer: Failed to choose config with EGL_SWAP_BEHAVIOR_PRESERVED, retrying without...
08-13 04:54:20.147   514  4653 W InputReader: Device virtio_input_multi_touch_9 is associated with display ADISPLAY_ID_NONE.
08-13 04:54:20.147   514  4653 W InputReader: Device virtio_input_multi_touch_10 is associated with display ADISPLAY_ID_NONE.
08-13 04:54:20.147   514  4653 W InputReader: Device virtio_input_multi_touch_7 is associated with display ADISPLAY_ID_NONE.
08-13 04:54:20.147   514  4653 W InputReader: Device virtio_input_multi_touch_4 is associated with display ADISPLAY_ID_NONE.
08-13 04:54:20.147   514  4653 W InputReader: Device virtio_input_multi_touch_11 is associated with display ADISPLAY_ID_NONE.
08-13 04:54:20.147   514  4653 W InputReader: Device virtio_input_multi_touch_5 is associated with display ADISPLAY_ID_NONE.
08-13 04:54:20.147   514  4653 W InputReader: Device virtio_input_multi_touch_2 is associated with display ADISPLAY_ID_NONE.
08-13 04:54:20.147   514  4653 W InputReader: Device virtio_input_multi_touch_6 is associated with display ADISPLAY_ID_NONE.
08-13 04:54:20.147   514  4653 W InputReader: Device virtio_input_multi_touch_3 is associated with display ADISPLAY_ID_NONE.
08-13 04:54:20.147   514  4653 W InputReader: Device virtio_input_multi_touch_8 is associated with display ADISPLAY_ID_NONE.
08-13 04:54:20.174   514  5008 D EGL_emulation: eglCreateContext: 0xf596ae10: maj 2 min 0 rcv 2
08-13 04:54:20.184   514  5008 D EGL_emulation: eglMakeCurrent: 0xf596ae10: ver 2 0 (tinfo 0xabbf79d0) (first time)
08-13 04:54:20.197   312   393 D goldfish-address-space: allocate: Ask for block of size 0x7e9000
08-13 04:54:20.197   312   393 D goldfish-address-space: allocate: ioctl allocate returned offset 0x3fd070000 size 0x7ea000
08-13 04:54:20.214   312   393 D goldfish-address-space: allocate: Ask for block of size 0x7e9000
08-13 04:54:20.214   312   393 D goldfish-address-space: allocate: ioctl allocate returned offset 0x3fa134000 size 0x7ea000
08-13 04:54:20.215  1047  1062 W System  : A resource failed to call release. 
08-13 04:54:20.215  1047  1062 I chatty  : uid=10136(com.google.android.apps.nexuslauncher) FinalizerDaemon identical 1 line
08-13 04:54:20.215  1047  1062 W System  : A resource failed to call release. 
08-13 04:54:20.255   312   390 D goldfish-address-space: allocate: Ask for block of size 0x7e9000
08-13 04:54:20.255   312   390 D goldfish-address-space: allocate: ioctl allocate returned offset 0x3fb8f2000 size 0x7ea000
08-13 04:54:22.101  4448  4448 D BoundBrokerSvc: onUnbind: Intent { act=com.google.android.gms.feedback.internal.IFeedbackService cmp=com.google.android.gms/.chimera.GmsBoundBrokerService }
08-13 04:54:23.210   514   525 W System  : A resource failed to call release. 
08-13 04:54:24.141  9217  9219 I cmd     : oneway function results will be dropped but finished with status OK and parcel size 4
08-13 04:54:24.644  9232  9234 I cmd     : oneway function results will be dropped but finished with status OK and parcel size 4
08-13 04:54:25.150  9247  9249 I cmd     : oneway function results will be dropped but finished with status OK and parcel size 4
08-13 04:54:25.394  1225  1260 I PeriodicStatsRunner: PeriodicStatsRunner.call():180 call()
08-13 04:54:25.394  1225  1260 I PeriodicStatsRunner: PeriodicStatsRunner.call():184 No submit PeriodicStats since input started.
08-13 04:54:25.759  9259  9259 D AndroidRuntime: >>>>>> START com.android.internal.os.RuntimeInit uid 2000 <<<<<<
08-13 04:54:25.763  9259  9259 E libc    : Access denied finding property "persist.device_config.runtime_native_boot.profilebootclasspath"
08-13 04:54:25.763  9259  9259 E libc    : Access denied finding property "persist.device_config.runtime_native_boot.enable_apex_image"
08-13 04:54:25.763  9259  9259 I AndroidRuntime: Using default boot image
08-13 04:54:25.763  9259  9259 E libc    : Access denied finding property "persist.device_config.runtime_native_boot.disable_lock_profiling"
08-13 04:54:25.764  9259  9259 I AndroidRuntime: Leaving lock profiling enabled
08-13 04:54:25.764  9259  9259 E libc    : Access denied finding property "persist.device_config.runtime_native_boot.enable_generational_cc"
08-13 04:54:25.760  9259  9259 W app_process: type=1400 audit(0.0:560): avc: denied { read } for name="u:object_r:device_config_runtime_native_boot_prop:s0" dev="tmpfs" ino=8294 scontext=u:r:shell:s0 tcontext=u:object_r:device_config_runtime_native_boot_prop:s0 tclass=file permissive=0
08-13 04:54:25.898  9259  9259 D app_process: Time zone APEX ICU file found: /apex/com.android.tzdata/etc/icu/icu_tzdata.dat
08-13 04:54:25.899  9259  9259 D app_process: I18n APEX ICU file found: /apex/com.android.i18n/etc/icu/icudt66l.dat
08-13 04:54:25.906  9259  9259 W app_process: Unexpected CPU variant for X86 using defaults: x86
08-13 04:54:25.908  9259  9259 I app_process: The ClassLoaderContext is a special shared library.
08-13 04:54:25.928  9259  9259 W app_process: JNI RegisterNativeMethods: attempt to register 0 native methods for android.media.AudioAttributes
08-13 04:54:25.935  9259  9259 D AndroidRuntime: Calling main entry com.android.commands.input.Input
08-13 04:54:26.404   337   337 I android.hardware.vibrator-service.example: Vibrator reporting capabilities
08-13 04:54:26.406   337   337 I android.hardware.vibrator-service.example: Vibrator off
08-13 04:54:26.408   337   337 I android.hardware.vibrator-service.example: Vibrator perform
08-13 04:54:26.408   514  4653 E VibratorService: Failed to issue command to vibrator HAL. Retrying.
08-13 04:54:26.409   174   174 I servicemanager: Found android.hardware.vibrator.IVibrator/default in device VINTF manifest.
08-13 04:54:26.413   337   337 I android.hardware.vibrator-service.example: Vibrator perform
08-13 04:54:26.414   514  4653 E VibratorService: Failed to issue command to vibrator HAL. Retrying.
08-13 04:54:26.415   174   174 I servicemanager: Found android.hardware.vibrator.IVibrator/default in device VINTF manifest.
08-13 04:54:26.417   337   337 I android.hardware.vibrator-service.example: Vibrator on for timeoutMs: 1
08-13 04:54:26.418   337   337 I android.hardware.vibrator-service.example: Vibrator set amplitude: 1
08-13 04:54:26.439   312   390 D goldfish-address-space: allocate: Ask for block of size 0x2aaa0
08-13 04:54:26.440   312   390 D goldfish-address-space: allocate: ioctl allocate returned offset 0x3fcfe6000 size 0x2c000
08-13 04:54:26.442   337   337 I android.hardware.vibrator-service.example: Vibrator on for timeoutMs: 21
08-13 04:54:26.442   337   337 I android.hardware.vibrator-service.example: Vibrator set amplitude: 1
08-13 04:54:26.451   312   390 D goldfish-address-space: allocate: Ask for block of size 0x2aaa0
08-13 04:54:26.451   312   390 D goldfish-address-space: allocate: ioctl allocate returned offset 0x3fc1bc000 size 0x2c000
08-13 04:54:26.453   312   390 D goldfish-address-space: allocate: Ask for block of size 0x2aaa0
08-13 04:54:26.454   312   390 D goldfish-address-space: allocate: ioctl allocate returned offset 0x3f8b77000 size 0x2c000
08-13 04:54:26.474   337   337 I android.hardware.vibrator-service.example: Vibrator off
08-13 04:54:26.535   312   390 D goldfish-address-space: allocate: Ask for block of size 0x2aaa0
08-13 04:54:26.535   312   390 D goldfish-address-space: allocate: ioctl allocate returned offset 0x3fc1bc000 size 0x2c000
08-13 04:54:26.561   312   390 D goldfish-address-space: allocate: Ask for block of size 0x2aaa0
08-13 04:54:26.561   312   390 D goldfish-address-space: allocate: ioctl allocate returned offset 0x3f8b77000 size 0x2c000
08-13 04:54:27.039  1471  2893 I WorkerManager: dispose()
08-13 04:54:27.043  1471  2893 W A       : Queue length for executor EventBus is now 11. Perhaps some tasks are too long, or the pool is too small.
08-13 04:54:27.952  9259  9259 D AndroidRuntime: Shutting down VM
08-13 04:54:32.512  9320  9322 I cmd     : oneway function results will be dropped but finished with status OK and parcel size 4
08-13 04:54:33.039  9335  9337 I cmd     : oneway function results will be dropped but finished with status OK and parcel size 4
08-13 04:54:33.518  9350  9352 I cmd     : oneway function results will be dropped but finished with status OK and parcel size 4
08-13 04:54:34.125  9362  9362 D AndroidRuntime: >>>>>> START com.android.internal.os.RuntimeInit uid 2000 <<<<<<
08-13 04:54:34.130  9362  9362 E libc    : Access denied finding property "persist.device_config.runtime_native_boot.profilebootclasspath"
08-13 04:54:34.130  9362  9362 E libc    : Access denied finding property "persist.device_config.runtime_native_boot.enable_apex_image"
08-13 04:54:34.130  9362  9362 I AndroidRuntime: Using default boot image
08-13 04:54:34.130  9362  9362 E libc    : Access denied finding property "persist.device_config.runtime_native_boot.disable_lock_profiling"
08-13 04:54:34.130  9362  9362 I AndroidRuntime: Leaving lock profiling enabled
08-13 04:54:34.130  9362  9362 E libc    : Access denied finding property "persist.device_config.runtime_native_boot.enable_generational_cc"
08-13 04:54:34.128  9362  9362 W app_process: type=1400 audit(0.0:564): avc: denied { read } for name="u:object_r:device_config_runtime_native_boot_prop:s0" dev="tmpfs" ino=8294 scontext=u:r:shell:s0 tcontext=u:object_r:device_config_runtime_native_boot_prop:s0 tclass=file permissive=0
08-13 04:54:34.271  9362  9362 D app_process: Time zone APEX ICU file found: /apex/com.android.tzdata/etc/icu/icu_tzdata.dat
08-13 04:54:34.272  9362  9362 D app_process: I18n APEX ICU file found: /apex/com.android.i18n/etc/icu/icudt66l.dat
08-13 04:54:34.280  9362  9362 W app_process: Unexpected CPU variant for X86 using defaults: x86
08-13 04:54:34.282  9362  9362 I app_process: The ClassLoaderContext is a special shared library.
08-13 04:54:34.305  9362  9362 W app_process: JNI RegisterNativeMethods: attempt to register 0 native methods for android.media.AudioAttributes
08-13 04:54:34.313  9362  9362 D AndroidRuntime: Calling main entry com.android.commands.input.Input
08-13 04:54:34.527  9362  9362 D AndroidRuntime: Shutting down VM
08-13 04:54:34.533  8636  8636 D CompatibilityChangeReporter: Compat change id reported: 147798919; UID 10155; state: DISABLED
08-13 04:54:34.538  8636  8636 E .gesturecaptur: Invalid ID 0x00000000.
08-13 04:54:34.544   514  2019 I system_server: oneway function results will be dropped but finished with status OK and parcel size 4
08-13 04:54:34.546   514  2019 I system_server: oneway function results will be dropped but finished with status OK and parcel size 4
08-13 04:54:34.584   312   390 D goldfish-address-space: allocate: Ask for block of size 0x29f34
08-13 04:54:34.585   312   390 D goldfish-address-space: allocate: ioctl allocate returned offset 0x3fcfe7000 size 0x2b000
08-13 04:54:34.596   312   390 D goldfish-address-space: allocate: Ask for block of size 0x29f34
08-13 04:54:34.596   312   390 D goldfish-address-space: allocate: ioctl allocate returned offset 0x3fc1bd000 size 0x2b000
08-13 04:54:34.599   312   390 D goldfish-address-space: allocate: Ask for block of size 0x29f34
08-13 04:54:34.599   312   390 D goldfish-address-space: allocate: ioctl allocate returned offset 0x3f8b78000 size 0x2b000
08-13 04:54:34.731   195   200 E android.system.suspend@1.0-service: Error opening kernel wakelock stats for: wakeup34: Permission denied
08-13 04:54:34.736   195   200 E android.system.suspend@1.0-service: Error opening kernel wakelock stats for: wakeup35: Permission denied
08-13 04:54:34.728   195   195 W Binder:195_2: type=1400 audit(0.0:568): avc: denied { read } for name="wakeup34" dev="sysfs" ino=18252 scontext=u:r:system_suspend:s0 tcontext=u:object_r:sysfs:s0 tclass=dir permissive=0
08-13 04:54:34.752   514   985 I system_server: oneway function results will be dropped but finished with status OK and parcel size 4
08-13 04:54:35.127  1182  2733 W Conscrypt: Could not set socket write timeout: java.net.SocketException: Socket closed
08-13 04:54:35.127  1182  2733 W Conscrypt: 	at com.google.android.gms.org.conscrypt.Platform.setSocketWriteTimeout(:com.google.android.gms@212116049@21.21.16 (150700-378233385):2)
08-13 04:54:35.127  1182  2733 W Conscrypt: 	at com.google.android.gms.org.conscrypt.ConscryptFileDescriptorSocket.setSoWriteTimeout(:com.google.android.gms@212116049@21.21.16 (150700-378233385):0)
08-13 04:54:35.290  1182  2733 W Conscrypt: Could not set socket write timeout: java.net.SocketException: Socket closed
08-13 04:54:35.290  1182  2733 W Conscrypt: 	at com.google.android.gms.org.conscrypt.Platform.setSocketWriteTimeout(:com.google.android.gms@212116049@21.21.16 (150700-378233385):2)
08-13 04:54:35.290  1182  2733 W Conscrypt: 	at com.google.android.gms.org.conscrypt.ConscryptFileDescriptorSocket.setSoWriteTimeout(:com.google.android.gms@212116049@21.21.16 (150700-378233385):0)
08-13 04:54:35.603  1182  6839 I NetworkScheduler.Stats: Task com.google.android.gms/com.google.android.gms.checkin.EventLogService started execution. cause:1 exec_start_elapsed_seconds: 1922 [CONTEXT service_id=218 ]
08-13 04:54:35.614  4448  8413 I Checkin : [EventLogChimeraService] Opted in for usage reporting: false
08-13 04:54:35.621  4448  8413 I Checkin : [EventLogChimeraService] Aggregate from 1628828662760 (log), 1628828662760 (data)
08-13 04:54:35.691   514  2019 I DropBoxManagerService: add tag=event_data isTagEnabled=true flags=0x2
08-13 04:54:35.696   514   544 W BroadcastQueue: Background execution not allowed: receiving Intent { act=android.intent.action.DROPBOX_ENTRY_ADDED flg=0x10 (has extras) } to com.google.android.gms/.stats.service.DropBoxEntryAddedReceiver
08-13 04:54:35.696   514   544 W BroadcastQueue: Background execution not allowed: receiving Intent { act=android.intent.action.DROPBOX_ENTRY_ADDED flg=0x10 (has extras) } to com.google.android.gms/.chimera.GmsIntentOperationService$PersistentTrustedReceiver
08-13 04:54:35.773  1182  2733 I NetworkScheduler.Stats: Task com.google.android.gms/com.google.android.gms.checkin.EventLogService finished executing. cause:1 result: 1 elapsed_millis: 195 uptime_millis: 195 exec_start_elapsed_seconds: 1922 [CONTEXT service_id=218 ]
08-13 04:54:36.663   514  2019 W NotificationService: Toast already killed. pkg=com.example.gesturecapture token=android.os.BinderProxy@317b472
08-13 04:54:37.668   514  1009 I system_server: oneway function results will be dropped but finished with status OK and parcel size 4
08-13 04:54:38.068   514   538 W WindowManager: Unable to start animation, surface is null or no children.
08-13 04:54:39.071  9430  9432 I cmd     : oneway function results will be dropped but finished with status OK and parcel size 4
08-13 04:54:39.563  9445  9447 I cmd     : oneway function results will be dropped but finished with status OK and parcel size 4
08-13 04:54:40.073  9460  9462 I cmd     : oneway function results will be dropped but finished with status OK and parcel size 4
08-13 04:54:40.678  9472  9472 D AndroidRuntime: >>>>>> START com.android.internal.os.RuntimeInit uid 2000 <<<<<<
08-13 04:54:40.683  9472  9472 E libc    : Access denied finding property "persist.device_config.runtime_native_boot.profilebootclasspath"
08-13 04:54:40.683  9472  9472 E libc    : Access denied finding property "persist.device_config.runtime_native_boot.enable_apex_image"
08-13 04:54:40.683  9472  9472 I AndroidRuntime: Using default boot image
08-13 04:54:40.683  9472  9472 E libc    : Access denied finding property "persist.device_config.runtime_native_boot.disable_lock_profiling"
08-13 04:54:40.683  9472  9472 I AndroidRuntime: Leaving lock profiling enabled
08-13 04:54:40.683  9472  9472 E libc    : Access denied finding property "persist.device_config.runtime_native_boot.enable_generational_cc"
08-13 04:54:40.680  9472  9472 W app_process: type=1400 audit(0.0:570): avc: denied { read } for name="u:object_r:device_config_runtime_native_boot_prop:s0" dev="tmpfs" ino=8294 scontext=u:r:shell:s0 tcontext=u:object_r:device_config_runtime_native_boot_prop:s0 tclass=file permissive=0
08-13 04:54:40.826  9472  9472 D app_process: Time zone APEX ICU file found: /apex/com.android.tzdata/etc/icu/icu_tzdata.dat
08-13 04:54:40.827  9472  9472 D app_process: I18n APEX ICU file found: /apex/com.android.i18n/etc/icu/icudt66l.dat
08-13 04:54:40.834  9472  9472 W app_process: Unexpected CPU variant for X86 using defaults: x86
08-13 04:54:40.836  9472  9472 I app_process: The ClassLoaderContext is a special shared library.
08-13 04:54:40.858  9472  9472 W app_process: JNI RegisterNativeMethods: attempt to register 0 native methods for android.media.AudioAttributes
08-13 04:54:40.865  9472  9472 D AndroidRuntime: Calling main entry com.android.commands.input.Input
08-13 04:54:41.075  9472  9472 D AndroidRuntime: Shutting down VM
08-13 04:54:41.084   514  1009 I system_server: oneway function results will be dropped but finished with status OK and parcel size 4
08-13 04:54:41.085   514  2019 I system_server: oneway function results will be dropped but finished with status OK and parcel size 4
08-13 04:54:41.137   312   390 D goldfish-address-space: allocate: Ask for block of size 0x8d180
08-13 04:54:41.137   312   390 D goldfish-address-space: allocate: ioctl allocate returned offset 0x3f8b14000 size 0x8f000
08-13 04:54:41.146   312   390 D goldfish-address-space: allocate: Ask for block of size 0x8d180
08-13 04:54:41.146   312   390 D goldfish-address-space: allocate: ioctl allocate returned offset 0x3fc9dd000 size 0x8f000
08-13 04:54:41.149   312   390 D goldfish-address-space: allocate: Ask for block of size 0x8d180
08-13 04:54:41.150   312   390 D goldfish-address-space: allocate: ioctl allocate returned offset 0x3fc94e000 size 0x8f000
08-13 04:54:41.286   514  2019 I system_server: oneway function results will be dropped but finished with status OK and parcel size 4
08-13 04:54:43.200   514  2019 W NotificationService: Toast already killed. pkg=com.example.gesturecapture token=android.os.BinderProxy@f5212da
08-13 04:54:44.605   514   538 W WindowManager: Unable to start animation, surface is null or no children.
08-13 04:54:44.207   514  2019 I system_server: oneway function results will be dropped but finished with status OK and parcel size 4
08-13 04:54:45.216  9530  9532 I cmd     : oneway function results will be dropped but finished with status OK and parcel size 4
08-13 04:54:45.721  9545  9547 I cmd     : oneway function results will be dropped but finished with status OK and parcel size 4
08-13 04:54:46.224  9560  9562 I cmd     : oneway function results will be dropped but finished with status OK and parcel size 4
08-13 04:54:46.821  9572  9572 D AndroidRuntime: >>>>>> START com.android.internal.os.RuntimeInit uid 2000 <<<<<<
08-13 04:54:46.826  9572  9572 E libc    : Access denied finding property "persist.device_config.runtime_native_boot.profilebootclasspath"
08-13 04:54:46.826  9572  9572 E libc    : Access denied finding property "persist.device_config.runtime_native_boot.enable_apex_image"
08-13 04:54:46.826  9572  9572 I AndroidRuntime: Using default boot image
08-13 04:54:46.826  9572  9572 E libc    : Access denied finding property "persist.device_config.runtime_native_boot.disable_lock_profiling"
08-13 04:54:46.826  9572  9572 I AndroidRuntime: Leaving lock profiling enabled
08-13 04:54:46.826  9572  9572 E libc    : Access denied finding property "persist.device_config.runtime_native_boot.enable_generational_cc"
08-13 04:54:46.824  9572  9572 W app_process: type=1400 audit(0.0:574): avc: denied { read } for name="u:object_r:device_config_runtime_native_boot_prop:s0" dev="tmpfs" ino=8294 scontext=u:r:shell:s0 tcontext=u:object_r:device_config_runtime_native_boot_prop:s0 tclass=file permissive=0
08-13 04:54:46.974  9572  9572 D app_process: Time zone APEX ICU file found: /apex/com.android.tzdata/etc/icu/icu_tzdata.dat
08-13 04:54:46.975  9572  9572 D app_process: I18n APEX ICU file found: /apex/com.android.i18n/etc/icu/icudt66l.dat
08-13 04:54:46.982  9572  9572 W app_process: Unexpected CPU variant for X86 using defaults: x86
08-13 04:54:46.984  9572  9572 I app_process: The ClassLoaderContext is a special shared library.
08-13 04:54:47.006  9572  9572 W app_process: JNI RegisterNativeMethods: attempt to register 0 native methods for android.media.AudioAttributes
08-13 04:54:47.014  9572  9572 D AndroidRuntime: Calling main entry com.android.commands.input.Input
08-13 04:54:47.233   514  2019 I system_server: oneway function results will be dropped but finished with status OK and parcel size 4
08-13 04:54:47.235  9572  9572 D AndroidRuntime: Shutting down VM
08-13 04:54:47.237   514  2019 I system_server: oneway function results will be dropped but finished with status OK and parcel size 4
08-13 04:54:47.426   514  1009 I system_server: oneway function results will be dropped but finished with status OK and parcel size 4
08-13 04:54:47.568   514   514 W WindowManager: removeWindowToken: Attempted to remove non-existing token: android.os.Binder@a529e2d
08-13 04:54:47.577   312   390 D goldfish-address-space: allocate: Ask for block of size 0x31c5c0
08-13 04:54:47.577   312   390 D goldfish-address-space: allocate: ioctl allocate returned offset 0x3fcb56000 size 0x31e000
08-13 04:54:47.591   312   390 D goldfish-address-space: allocate: Ask for block of size 0x31c5c0
08-13 04:54:47.591   312   390 D goldfish-address-space: allocate: ioctl allocate returned offset 0x3f92a7000 size 0x31e000
08-13 04:54:47.598   312   390 D goldfish-address-space: allocate: Ask for block of size 0x31c5c0
08-13 04:54:47.598   312   390 D goldfish-address-space: allocate: ioctl allocate returned offset 0x3f9e16000 size 0x31e000
08-13 04:54:48.580   338   338 E netmgr  : qemu_pipe_open_ns:62: Could not connect to the 'pipe:qemud:network' service: Invalid argument
08-13 04:54:48.581   338   338 E netmgr  : Failed to open QEMU pipe 'qemud:network': Invalid argument
08-13 04:54:49.034   347   347 E wifi_forwarder: qemu_pipe_open_ns:62: Could not connect to the 'pipe:qemud:wififorward' service: Invalid argument
08-13 04:54:49.034   347   347 E wifi_forwarder: RemoteConnection failed to initialize: RemoteConnection failed to open pipe
08-13 04:54:50.350   514  1009 I system_server: oneway function results will be dropped but finished with status OK and parcel size 4
08-13 04:54:51.201   514   525 W System  : A resource failed to call release. 
08-13 04:54:51.201   514   525 W System  : A resource failed to call release. 
08-13 04:54:51.666  9641  9643 I cmd     : oneway function results will be dropped but finished with status OK and parcel size 4
08-13 04:54:52.171  9656  9658 I cmd     : oneway function results will be dropped but finished with status OK and parcel size 4
08-13 04:54:52.674  9671  9673 I cmd     : oneway function results will be dropped but finished with status OK and parcel size 4
08-13 04:54:52.677  1225  1260 I PeriodicStatsRunner: PeriodicStatsRunner.call():180 call()
08-13 04:54:52.678  1225  1260 I PeriodicStatsRunner: PeriodicStatsRunner.call():184 No submit PeriodicStats since input started.
08-13 04:54:53.220  4448  4680 W ProcessReaper: Memory state is: 125
08-13 04:54:53.249  9683  9683 D AndroidRuntime: >>>>>> START com.android.internal.os.RuntimeInit uid 2000 <<<<<<
08-13 04:54:53.251  9683  9683 E libc    : Access denied finding property "persist.device_config.runtime_native_boot.profilebootclasspath"
08-13 04:54:53.252  9683  9683 E libc    : Access denied finding property "persist.device_config.runtime_native_boot.enable_apex_image"
08-13 04:54:53.252  9683  9683 I AndroidRuntime: Using default boot image
08-13 04:54:53.252  9683  9683 E libc    : Access denied finding property "persist.device_config.runtime_native_boot.disable_lock_profiling"
08-13 04:54:53.252  9683  9683 I AndroidRuntime: Leaving lock profiling enabled
08-13 04:54:53.252  9683  9683 E libc    : Access denied finding property "persist.device_config.runtime_native_boot.enable_generational_cc"
08-13 04:54:53.248  9683  9683 W app_process: type=1400 audit(0.0:578): avc: denied { read } for name="u:object_r:device_config_runtime_native_boot_prop:s0" dev="tmpfs" ino=8294 scontext=u:r:shell:s0 tcontext=u:object_r:device_config_runtime_native_boot_prop:s0 tclass=file permissive=0
08-13 04:54:53.335  9683  9683 D app_process: Time zone APEX ICU file found: /apex/com.android.tzdata/etc/icu/icu_tzdata.dat
08-13 04:54:53.335  9683  9683 D app_process: I18n APEX ICU file found: /apex/com.android.i18n/etc/icu/icudt66l.dat
08-13 04:54:53.335  1363  9685 W ProcessReaper: Memory state is: 125
08-13 04:54:53.340  1471  8354 W ProcessReaper: Memory state is: 400
08-13 04:54:53.340  1471  8354 W ProcessReaper: Killing process to refresh experiment configuration
08-13 04:54:53.340  1471  8354 I Process : Sending signal. PID: 1471 SIG: 9
08-13 04:54:53.347  9683  9683 W app_process: Unexpected CPU variant for X86 using defaults: x86
08-13 04:54:53.349  9683  9683 I app_process: The ClassLoaderContext is a special shared library.
08-13 04:54:53.367  9683  9683 W app_process: JNI RegisterNativeMethods: attempt to register 0 native methods for android.media.AudioAttributes
08-13 04:54:53.374  9683  9683 D AndroidRuntime: Calling main entry com.android.commands.input.Input
08-13 04:54:53.391   514   985 D ConnectivityService: ConnectivityService NetworkRequestInfo binderDied(NetworkRequest [ TRACK_DEFAULT id=29, [ Capabilities: INTERNET&NOT_RESTRICTED&TRUSTED Uid: 10107 AdministratorUids: [] RequestorUid: 10107 RequestorPackageName: com.google.android.googlequicksearchbox] ], android.os.BinderProxy@3f104bb)
08-13 04:54:53.392   514   630 D ConnectivityService: releasing NetworkRequest [ TRACK_DEFAULT id=29, [ Capabilities: INTERNET&NOT_RESTRICTED&TRUSTED Uid: 10107 AdministratorUids: [] RequestorUid: 10107 RequestorPackageName: com.google.android.googlequicksearchbox] ] (release request)
08-13 04:54:53.393   514  2019 D ConnectivityService: ConnectivityService NetworkRequestInfo binderDied(NetworkRequest [ LISTEN id=30, [ Capabilities: INTERNET&NOT_RESTRICTED&TRUSTED Uid: 10107 AdministratorUids: [] RequestorUid: 10107 RequestorPackageName: com.google.android.googlequicksearchbox] ], android.os.BinderProxy@b22dd8)
08-13 04:54:53.396   514  1468 I WindowManager: WIN DEATH: Window{847d6f4 u0 com.google.android.apps.nexuslauncher/com.google.android.apps.nexuslauncher.NexusLauncherActivity}
08-13 04:54:53.396   514  1468 W InputDispatcher: Attempted to unregister already unregistered input channel '847d6f4 com.google.android.apps.nexuslauncher/com.google.android.apps.nexuslauncher.NexusLauncherActivity (server)'
08-13 04:54:53.404   290   290 I Zygote  : Process 1471 exited due to signal 9 (Killed)
08-13 04:54:53.405   698   698 V KeyguardUpdateMonitor: onSubscriptionInfoChanged()
08-13 04:54:53.412   514  2979 W ActivityManager: Exception when unbinding service com.google.android.googlequicksearchbox/com.google.android.apps.gsa.nowoverlayservice.DrawerOverlayService
08-13 04:54:53.412   514  2979 W ActivityManager: android.os.DeadObjectException
08-13 04:54:53.412   514  2979 W ActivityManager: 	at android.os.BinderProxy.transactNative(Native Method)
08-13 04:54:53.412   514  2979 W ActivityManager: 	at android.os.BinderProxy.transact(BinderProxy.java:540)
08-13 04:54:53.412   514  2979 W ActivityManager: 	at android.app.IApplicationThread$Stub$Proxy.scheduleUnbindService(IApplicationThread.java:1646)
08-13 04:54:53.412   514  2979 W ActivityManager: 	at com.android.server.am.ActiveServices.removeConnectionLocked(ActiveServices.java:3503)
08-13 04:54:53.412   514  2979 W ActivityManager: 	at com.android.server.am.ActiveServices.unbindServiceLocked(ActiveServices.java:2238)
08-13 04:54:53.412   514  2979 W ActivityManager: 	at com.android.server.am.ActivityManagerService.unbindService(ActivityManagerService.java:15171)
08-13 04:54:53.412   514  2979 W ActivityManager: 	at android.app.IActivityManager$Stub.onTransact(IActivityManager.java:2570)
08-13 04:54:53.412   514  2979 W ActivityManager: 	at com.android.server.am.ActivityManagerService.onTransact(ActivityManagerService.java:2861)
08-13 04:54:53.412   514  2979 W ActivityManager: 	at android.os.Binder.execTransactInternal(Binder.java:1154)
08-13 04:54:53.412   514  2979 W ActivityManager: 	at android.os.Binder.execTransact(Binder.java:1123)
08-13 04:54:53.414   889   889 D Telephony: isEmergencyPreferredAccount: subId=1, activeData=1
08-13 04:54:53.415   173   173 W lowmemorykiller: Failed to open /proc/1471/oom_score_adj; errno=2: process 1471 might have been killed
08-13 04:54:53.415   889   889 D Telephony: isEmergencyPreferredAccount: Device does not require preference.
08-13 04:54:53.419   698   698 V KeyguardUpdateMonitor: SubInfo:{id=1 iccId=890141032[****] simSlotIndex=0 carrierId=1 displayName=T-Mobile carrierName=T-Mobile nameSource=3 iconTint=-16746133 number=[****] dataRoaming=0 iconBitmap=android.graphics.Bitmap@ad0e793 mcc=310 mnc=260 countryIso=us isEmbedded=false nativeAccessRules=null cardString=890141032[****] cardId=-1 isOpportunistic=false groupUUID=null isGroupDisabled=false profileClass=-1 ehplmns=null hplmns=null subscriptionType=0 groupOwner=null carrierConfigAccessRules=null areUiccApplicationsEnabled=true}
08-13 04:54:53.420   514  3664 I ActivityManager: Process com.google.android.googlequicksearchbox:search (pid 1471) has died: cch+5 CEM 
08-13 04:54:53.421   514   548 I libprocessgroup: Successfully killed process cgroup uid 10107 pid 1471 in 0ms
08-13 04:54:53.428   514   538 W ActivityManager: setHasOverlayUi called on unknown pid: 1471
08-13 04:54:53.435  1363  2831 I A       : processToken binder died, :search process likely died
08-13 04:54:53.596  9683  9683 D AndroidRuntime: Shutting down VM
08-13 04:54:53.621   514  1009 I system_server: oneway function results will be dropped but finished with status OK and parcel size 4
08-13 04:54:53.625   514  1009 I system_server: oneway function results will be dropped but finished with status OK and parcel size 4
08-13 04:54:53.820   514  4653 I system_server: oneway function results will be dropped but finished with status OK and parcel size 4
08-13 04:54:54.103   514   514 W WindowManager: removeWindowToken: Attempted to remove non-existing token: android.os.Binder@ea36491
08-13 04:54:54.292  9713  9715 I cmd     : oneway function results will be dropped but finished with status OK and parcel size 4
08-13 04:54:54.795  9728  9730 I cmd     : oneway function results will be dropped but finished with status OK and parcel size 4
08-13 04:54:55.302  9744  9746 I cmd     : oneway function results will be dropped but finished with status OK and parcel size 4
08-13 04:54:55.878  9756  9756 D AndroidRuntime: >>>>>> START com.android.internal.os.RuntimeInit uid 2000 <<<<<<
08-13 04:54:55.881  9756  9756 E libc    : Access denied finding property "persist.device_config.runtime_native_boot.profilebootclasspath"
08-13 04:54:55.881  9756  9756 E libc    : Access denied finding property "persist.device_config.runtime_native_boot.enable_apex_image"
08-13 04:54:55.881  9756  9756 I AndroidRuntime: Using default boot image
08-13 04:54:55.881  9756  9756 E libc    : Access denied finding property "persist.device_config.runtime_native_boot.disable_lock_profiling"
08-13 04:54:55.881  9756  9756 I AndroidRuntime: Leaving lock profiling enabled
08-13 04:54:55.881  9756  9756 E libc    : Access denied finding property "persist.device_config.runtime_native_boot.enable_generational_cc"
08-13 04:54:55.880  9756  9756 W app_process: type=1400 audit(0.0:582): avc: denied { read } for name="u:object_r:device_config_runtime_native_boot_prop:s0" dev="tmpfs" ino=8294 scontext=u:r:shell:s0 tcontext=u:object_r:device_config_runtime_native_boot_prop:s0 tclass=file permissive=0
08-13 04:54:55.985  9756  9756 D app_process: Time zone APEX ICU file found: /apex/com.android.tzdata/etc/icu/icu_tzdata.dat
08-13 04:54:55.985  9756  9756 D app_process: I18n APEX ICU file found: /apex/com.android.i18n/etc/icu/icudt66l.dat
08-13 04:54:55.991  9756  9756 W app_process: Unexpected CPU variant for X86 using defaults: x86
08-13 04:54:55.993  9756  9756 I app_process: The ClassLoaderContext is a special shared library.
08-13 04:54:56.009  9756  9756 W app_process: JNI RegisterNativeMethods: attempt to register 0 native methods for android.media.AudioAttributes
08-13 04:54:56.015  9756  9756 D AndroidRuntime: Calling main entry com.android.commands.input.Input
08-13 04:54:56.228  9756  9756 D AndroidRuntime: Shutting down VM
08-13 04:54:56.251   514  1009 I system_server: oneway function results will be dropped but finished with status OK and parcel size 4
08-13 04:54:56.917  9782  9784 I cmd     : oneway function results will be dropped but finished with status OK and parcel size 4
08-13 04:54:57.423  9797  9799 I cmd     : oneway function results will be dropped but finished with status OK and parcel size 4
08-13 04:54:58.498  9824  9824 D AndroidRuntime: >>>>>> START com.android.internal.os.RuntimeInit uid 2000 <<<<<<
08-13 04:54:58.501  9824  9824 E libc    : Access denied finding property "persist.device_config.runtime_native_boot.profilebootclasspath"
08-13 04:54:58.501  9824  9824 E libc    : Access denied finding property "persist.device_config.runtime_native_boot.enable_apex_image"
08-13 04:54:58.501  9824  9824 I AndroidRuntime: Using default boot image
08-13 04:54:58.501  9824  9824 E libc    : Access denied finding property "persist.device_config.runtime_native_boot.disable_lock_profiling"
08-13 04:54:58.501  9824  9824 I AndroidRuntime: Leaving lock profiling enabled
08-13 04:54:58.501  9824  9824 E libc    : Access denied finding property "persist.device_config.runtime_native_boot.enable_generational_cc"
08-13 04:54:58.503  9824  9824 W app_process: Could not reserve sentinel fault page
08-13 04:54:58.500  9824  9824 W app_process: type=1400 audit(0.0:586): avc: denied { read } for name="u:object_r:device_config_runtime_native_boot_prop:s0" dev="tmpfs" ino=8294 scontext=u:r:shell:s0 tcontext=u:object_r:device_config_runtime_native_boot_prop:s0 tclass=file permissive=0
08-13 04:54:58.585  9824  9824 D app_process: Time zone APEX ICU file found: /apex/com.android.tzdata/etc/icu/icu_tzdata.dat
08-13 04:54:58.585  9824  9824 D app_process: I18n APEX ICU file found: /apex/com.android.i18n/etc/icu/icudt66l.dat
08-13 04:54:58.590  9824  9824 W app_process: Unexpected CPU variant for X86 using defaults: x86
08-13 04:54:58.592  9824  9824 I app_process: The ClassLoaderContext is a special shared library.
08-13 04:54:58.610  9824  9824 W app_process: JNI RegisterNativeMethods: attempt to register 0 native methods for android.media.AudioAttributes
08-13 04:54:58.617  9824  9824 D AndroidRuntime: Calling main entry com.android.commands.input.Input
08-13 04:54:58.837  9824  9824 D AndroidRuntime: Shutting down VM
08-13 04:55:02.217   312   390 D goldfish-address-space: allocate: Ask for block of size 0x7e9000
08-13 04:55:02.217   312   390 D goldfish-address-space: allocate: ioctl allocate returned offset 0x3fd85a000 size 0x7ea000
08-13 04:55:02.248   175   175 I hwservicemanager: getTransport: Cannot find entry android.hardware.graphics.mapper@4.0::IMapper/default in either framework or device manifest.
08-13 04:55:02.248  9873  9873 I Gralloc4: mapper 4.x is not supported
08-13 04:55:02.259  9873  9873 D HostConnection: createUnique: call
08-13 04:55:02.260  9873  9873 D HostConnection: HostConnection::get() New Host Connection established 0xf6b01270, tid 9873
08-13 04:55:02.261  9873  9873 D goldfish-address-space: allocate: Ask for block of size 0x100
08-13 04:55:02.261  9873  9873 D goldfish-address-space: allocate: ioctl allocate returned offset 0x3fc2a2000 size 0x2000
08-13 04:55:02.314  9873  9873 D HostConnection: HostComposition ext ANDROID_EMU_CHECKSUM_HELPER_v1 ANDROID_EMU_native_sync_v2 ANDROID_EMU_native_sync_v3 ANDROID_EMU_native_sync_v4 ANDROID_EMU_dma_v1 ANDROID_EMU_direct_mem ANDROID_EMU_host_composition_v1 ANDROID_EMU_host_composition_v2 ANDROID_EMU_YUV_Cache ANDROID_EMU_async_unmap_buffer GL_OES_vertex_array_object GL_KHR_texture_compression_astc_ldr ANDROID_EMU_gles_max_version_2 
08-13 04:55:03.284  9889  9891 I cmd     : oneway function results will be dropped but finished with status OK and parcel size 4
08-13 04:55:03.288   514   536 W InputReader: Device virtio_input_multi_touch_9 is associated with display ADISPLAY_ID_NONE.
08-13 04:55:03.288   514   536 W InputReader: Device virtio_input_multi_touch_10 is associated with display ADISPLAY_ID_NONE.
08-13 04:55:03.288   514   536 W InputReader: Device virtio_input_multi_touch_7 is associated with display ADISPLAY_ID_NONE.
08-13 04:55:03.288   514   536 W InputReader: Device virtio_input_multi_touch_4 is associated with display ADISPLAY_ID_NONE.
08-13 04:55:03.288   514   536 W InputReader: Device virtio_input_multi_touch_11 is associated with display ADISPLAY_ID_NONE.
08-13 04:55:03.288   514   536 W InputReader: Device virtio_input_multi_touch_5 is associated with display ADISPLAY_ID_NONE.
08-13 04:55:03.289   514   536 W InputReader: Device virtio_input_multi_touch_2 is associated with display ADISPLAY_ID_NONE.
08-13 04:55:03.289   514   536 W InputReader: Device virtio_input_multi_touch_6 is associated with display ADISPLAY_ID_NONE.
08-13 04:55:03.289   514   536 W InputReader: Device virtio_input_multi_touch_3 is associated with display ADISPLAY_ID_NONE.
08-13 04:55:03.289   514   536 W InputReader: Device virtio_input_multi_touch_8 is associated with display ADISPLAY_ID_NONE.
08-13 04:55:04.604   514  1009 D ConnectivityService: requestNetwork for uid/pid:10104/3188 NetworkRequest [ TRACK_DEFAULT id=80, [ Capabilities: INTERNET&NOT_RESTRICTED&TRUSTED Uid: 10104 AdministratorUids: [] RequestorUid: 10104 RequestorPackageName: com.google.android.dialer] ]
08-13 04:55:04.606   514   630 D ConnectivityService: NetReassign [80 : null  101]
08-13 04:55:04.610   514   626 D WifiNetworkFactory: got request NetworkRequest [ TRACK_DEFAULT id=80, [ Capabilities: INTERNET&NOT_RESTRICTED&TRUSTED Uid: 10104 AdministratorUids: [] RequestorUid: 10104 RequestorPackageName: com.google.android.dialer] ] with score 60 and providerId 3
08-13 04:55:04.614   514   626 D UntrustedWifiNetworkFactory: got request NetworkRequest [ TRACK_DEFAULT id=80, [ Capabilities: INTERNET&NOT_RESTRICTED&TRUSTED Uid: 10104 AdministratorUids: [] RequestorUid: 10104 RequestorPackageName: com.google.android.dialer] ] with score 60 and providerId 3
08-13 04:55:04.617   889   889 D PhoneSwitcherNetworkRequstListener: got request NetworkRequest [ TRACK_DEFAULT id=80, [ Capabilities: INTERNET&NOT_RESTRICTED&TRUSTED Uid: 10104 AdministratorUids: [] RequestorUid: 10104 RequestorPackageName: com.google.android.dialer] ] with score 60 and providerId 3
08-13 04:55:04.639   698   698 V KeyguardUpdateMonitor: onSubscriptionInfoChanged()
08-13 04:55:04.641   889   889 D Telephony: isEmergencyPreferredAccount: subId=1, activeData=1
08-13 04:55:04.641   889   889 D Telephony: isEmergencyPreferredAccount: Device does not require preference.
08-13 04:55:04.643   698   698 V KeyguardUpdateMonitor: SubInfo:{id=1 iccId=890141032[****] simSlotIndex=0 carrierId=1 displayName=T-Mobile carrierName=T-Mobile nameSource=3 iconTint=-16746133 number=[****] dataRoaming=0 iconBitmap=android.graphics.Bitmap@c8385c4 mcc=310 mnc=260 countryIso=us isEmbedded=false nativeAccessRules=null cardString=890141032[****] cardId=-1 isOpportunistic=false groupUUID=null isGroupDisabled=false profileClass=-1 ehplmns=null hplmns=null subscriptionType=0 groupOwner=null carrierConfigAccessRules=null areUiccApplicationsEnabled=true}
08-13 04:55:04.668  3188  3253 I DialerCountryCodeProvider: com.android.dialer.businessvoice.verifiedcall.impl.i18n.CountryCodeProvider.getSimCountryCodeInternal:66 returning Redacted-2-chars
08-13 04:55:04.670  3188  3243 I DialerCountryCodeProvider: com.android.dialer.businessvoice.verifiedcall.impl.i18n.CountryCodeProvider.getSimCountryCodeInternal:66 returning Redacted-2-chars
08-13 04:55:04.670  3188  3243 I DialerCountryCodeProvider: com.android.dialer.businessvoice.verifiedcall.impl.i18n.CountryCodeProvider.getSimCountryCodeInternal:66 returning Redacted-2-chars
08-13 04:55:04.675  3188  3407 E DialerVerifiedCallRegistrationWorker: com.android.dialer.businessvoice.verifiedcall.impl.registration.VerifiedCallRegistrationWorker.lambda$startWork$4:161 user consent worker did not succeed
08-13 04:55:04.675  3188  3407 E DialerVerifiedCallRegistrationWorker: java.util.concurrent.CancellationException: Task was cancelled.
08-13 04:55:04.675  3188  3407 E DialerVerifiedCallRegistrationWorker: 	at pwu.a(PG:2)
08-13 04:55:04.675  3188  3407 E DialerVerifiedCallRegistrationWorker: 	at pwu.get(PG:2)
08-13 04:55:04.675  3188  3407 E DialerVerifiedCallRegistrationWorker: 	at qal.a(PG:1)
08-13 04:55:04.675  3188  3407 E DialerVerifiedCallRegistrationWorker: 	at pzf.a(PG:1)
08-13 04:55:04.675  3188  3407 E DialerVerifiedCallRegistrationWorker: 	at pwg.run(PG:4)
08-13 04:55:04.675  3188  3407 E DialerVerifiedCallRegistrationWorker: 	at pzp.run(Unknown Source:7)
08-13 04:55:04.675  3188  3407 E DialerVerifiedCallRegistrationWorker: 	at oix.run(PG:1)
08-13 04:55:04.675  3188  3407 E DialerVerifiedCallRegistrationWorker: 	at java.util.concurrent.ThreadPoolExecutor.runWorker(ThreadPoolExecutor.java:1167)
08-13 04:55:04.675  3188  3407 E DialerVerifiedCallRegistrationWorker: 	at java.util.concurrent.ThreadPoolExecutor$Worker.run(ThreadPoolExecutor.java:641)
08-13 04:55:04.675  3188  3407 E DialerVerifiedCallRegistrationWorker: 	at oht.run(Unknown Source:3)
08-13 04:55:04.675  3188  3407 E DialerVerifiedCallRegistrationWorker: 	at java.lang.Thread.run(Thread.java:923)
08-13 04:55:04.677  3188  3252 I WM-WorkerWrapper: Worker result RETRY for Work [ id=7081ec04-6273-4b1d-b477-544715ba5b12, tags={ com.google.apps.tiktok.contrib.work.TikTokListenableWorker, TikTokWorker#com.android.dialer.businessvoice.verifiedcall.impl.registration.VerifiedCallRegistrationWorker } ]
08-13 04:55:04.679   514   630 D ConnectivityService: releasing NetworkRequest [ TRACK_DEFAULT id=80, [ Capabilities: INTERNET&NOT_RESTRICTED&TRUSTED Uid: 10104 AdministratorUids: [] RequestorUid: 10104 RequestorPackageName: com.google.android.dialer] ] (release request)
08-13 04:55:04.687   698   698 V KeyguardUpdateMonitor: onSubscriptionInfoChanged()
08-13 04:55:04.687   889   889 D Telephony: isEmergencyPreferredAccount: subId=1, activeData=1
08-13 04:55:04.687   889   889 D Telephony: isEmergencyPreferredAccount: Device does not require preference.
