08-13 04:53:32.620  8663  8663 D PrefCtrlListHelper: Could not find Context-only controller for pref: com.android.settings.accessibility.LockScreenRotationPreferenceController
08-13 04:53:32.620  8663  8663 D PrefCtrlListHelper: Could not find Context-only controller for pref: com.android.settings.accessibility.SelectLongPressTimeoutPreferenceController
08-13 04:53:32.621  8663  8663 D PrefCtrlListHelper: Could not find Context-only controller for pref: com.android.settings.accessibility.AccessibilityTimeoutPreferenceController
08-13 04:53:32.621  8663  8663 D PrefCtrlListHelper: Could not find Context-only controller for pref: com.android.settings.accessibility.VibrationPreferenceController
08-13 04:53:32.622  8663  8663 D PrefCtrlListHelper: Could not find Context-only controller for pref: com.android.settings.gestures.SystemNavigationPreferenceController
08-13 04:53:32.622  8663  8663 D PrefCtrlListHelper: Could not find Context-only controller for pref: com.android.settings.accessibility.LiveCaptionPreferenceController
08-13 04:53:32.622  8663  8663 D PrefCtrlListHelper: Could not find Context-only controller for pref: com.android.settings.accessibility.MasterMonoPreferenceController
08-13 04:53:32.623  8663  8663 D PrefCtrlListHelper: Could not find Context-only controller for pref: com.android.settings.accessibility.AccessibilityHearingAidPreferenceController
08-13 04:53:32.632  8663  8663 D LocalBluetoothProfileManager: LocalBluetoothProfileManager construction complete
08-13 04:53:32.634  8663  8663 D LocalBluetoothProfileManager: Adding local A2DP profile
08-13 04:53:32.635  8663  8663 D BluetoothA2dp: Binding service...
08-13 04:53:32.642  8663  8663 D LocalBluetoothProfileManager: Adding local HEADSET profile
08-13 04:53:32.644  8663  8663 D LocalBluetoothProfileManager: Adding local MAP profile
08-13 04:53:32.645  8663  8663 D BluetoothMap: Create BluetoothMap proxy object
08-13 04:53:32.645  8663  8663 D BluetoothMap: Binding service...
08-13 04:53:32.647  8663  8663 D LocalBluetoothProfileManager: Adding local OPP profile
08-13 04:53:32.647  8663  8663 D LocalBluetoothProfileManager: Adding local HID_HOST profile
08-13 04:53:32.648  8663  8663 D BluetoothHidHost: Binding service...
08-13 04:53:32.650  8663  8663 D LocalBluetoothProfileManager: Adding local HID_DEVICE profile
08-13 04:53:32.651  8663  8663 D BluetoothHidDevice: Binding service...
08-13 04:53:32.653  8663  8663 D LocalBluetoothProfileManager: Adding local PAN profile
08-13 04:53:32.653  8663  8663 D BluetoothPan: Binding service...
08-13 04:53:32.656  8663  8663 D LocalBluetoothProfileManager: Adding local PBAP profile
08-13 04:53:32.664  8663  8663 D PrefCtrlListHelper: Could not find Context-only controller for pref: com.android.settings.accessibility.RTTSettingPreferenceController
08-13 04:53:32.665  8663  8663 D PrefCtrlListHelper: Could not find Context-only controller for pref: com.android.settings.accessibility.CaptioningPreferenceController
08-13 04:53:32.665  8663  8663 D PrefCtrlListHelper: Could not find Context-only controller for pref: com.android.settings.accessibility.HighTextContrastPreferenceController
08-13 04:53:32.665  8663  8663 D PrefCtrlListHelper: Could not find Context-only controller for pref: com.android.settings.accessibility.DaltonizerPreferenceController
08-13 04:53:32.665  8663  8663 D PrefCtrlListHelper: Could not find Context-only controller for pref: com.android.settings.accessibility.ColorInversionPreferenceController
08-13 04:53:32.666  8663  8663 D PrefCtrlListHelper: Could not find Context-only controller for pref: com.android.settings.accessibility.AccessibilityShortcutPreferenceController
08-13 04:53:32.676   514   985 E UserRestrictionsUtils: Unknown restriction queried by uid 1000 (com.android.keychain et al): null
08-13 04:53:32.742  8663  8663 D AccessibilitySettings: NO dashboard tiles for AccessibilitySettings
08-13 04:53:32.742  8663  8663 D AccessibilitySettings: All preferences added, reporting fully drawn
08-13 04:53:32.745  8663  8683 D BluetoothHeadset: Proxy object connected
08-13 04:53:32.748  8663  8663 D SettingsActivity: Executed frag manager pendingTransactions
08-13 04:53:32.847  8663  8663 W UnsafeUtil: platform method missing - proto runtime falling back to safer methods: java.lang.NoSuchMethodException: sun.misc.Unsafe.copyMemory [class java.lang.Object, long, class java.lang.Object, long, long]
08-13 04:53:32.927  8663  8663 D BluetoothA2dp: Proxy object connected
08-13 04:53:32.929  8663  8663 D BluetoothMap: Proxy object connected
08-13 04:53:32.929  8663  8663 D BluetoothMap: getConnectedDevices()
08-13 04:53:32.932  8663  8696 D SettingsActivity: No enabled state changed, skipping updateCategory call
08-13 04:53:32.939  8663  8663 D BluetoothHidHost: Proxy object connected
08-13 04:53:32.940  8663  8663 D BluetoothHidDevice: Proxy object connected
08-13 04:53:32.941  8663  8663 D BluetoothPan: Proxy object connected
08-13 04:53:32.951   514   525 W System  : A resource failed to call release. 
08-13 04:53:32.954   514   525 I chatty  : uid=1000(system) FinalizerDaemon identical 2 lines
08-13 04:53:32.954   514   525 W System  : A resource failed to call release. 
08-13 04:53:32.979  8663  8687 D HostConnection: HostConnection::get() New Host Connection established 0xf5b52a30, tid 8687
08-13 04:53:32.994  8663  8687 D HostConnection: HostComposition ext ANDROID_EMU_CHECKSUM_HELPER_v1 ANDROID_EMU_native_sync_v2 ANDROID_EMU_native_sync_v3 ANDROID_EMU_native_sync_v4 ANDROID_EMU_dma_v1 ANDROID_EMU_direct_mem ANDROID_EMU_host_composition_v1 ANDROID_EMU_host_composition_v2 ANDROID_EMU_YUV_Cache ANDROID_EMU_async_unmap_buffer GL_OES_vertex_array_object GL_KHR_texture_compression_astc_ldr ANDROID_EMU_gles_max_version_2 
08-13 04:53:33.000  8663  8687 W OpenGLRenderer: Failed to choose config with EGL_SWAP_BEHAVIOR_PRESERVED, retrying without...
08-13 04:53:33.030  8663  8687 D EGL_emulation: eglCreateContext: 0xf596acc0: maj 2 min 0 rcv 2
08-13 04:53:33.033  8663  8687 D EGL_emulation: eglMakeCurrent: 0xf596acc0: ver 2 0 (tinfo 0xf5cbb210) (first time)
08-13 04:53:33.042   312   312 D goldfish-address-space: allocate: Ask for block of size 0x7e9000
08-13 04:53:33.043   312   312 D goldfish-address-space: allocate: ioctl allocate returned offset 0x3f8ddb000 size 0x7ea000
08-13 04:53:33.077   175   175 I hwservicemanager: getTransport: Cannot find entry android.hardware.graphics.mapper@4.0::IMapper/default in either framework or device manifest.
08-13 04:53:33.078  8663  8687 I Gralloc4: mapper 4.x is not supported
08-13 04:53:33.079  8663  8687 D HostConnection: createUnique: call
08-13 04:53:33.080  8663  8687 D HostConnection: HostConnection::get() New Host Connection established 0xf5b5aad0, tid 8687
08-13 04:53:33.080  8663  8687 D goldfish-address-space: allocate: Ask for block of size 0x100
08-13 04:53:33.081  8663  8687 D goldfish-address-space: allocate: ioctl allocate returned offset 0x3fc2a2000 size 0x2000
08-13 04:53:33.134  8663  8687 D HostConnection: HostComposition ext ANDROID_EMU_CHECKSUM_HELPER_v1 ANDROID_EMU_native_sync_v2 ANDROID_EMU_native_sync_v3 ANDROID_EMU_native_sync_v4 ANDROID_EMU_dma_v1 ANDROID_EMU_direct_mem ANDROID_EMU_host_composition_v1 ANDROID_EMU_host_composition_v2 ANDROID_EMU_YUV_Cache ANDROID_EMU_async_unmap_buffer GL_OES_vertex_array_object GL_KHR_texture_compression_astc_ldr ANDROID_EMU_gles_max_version_2 
08-13 04:53:33.142   312   312 D goldfish-address-space: allocate: Ask for block of size 0x7e9000
08-13 04:53:33.143   312   312 D goldfish-address-space: allocate: ioctl allocate returned offset 0x3fabf7000 size 0x7ea000
08-13 04:53:33.156   312   312 D goldfish-address-space: allocate: Ask for block of size 0x7e9000
08-13 04:53:33.156   312   312 D goldfish-address-space: allocate: ioctl allocate returned offset 0x3fa40d000 size 0x7ea000
08-13 04:53:33.254   514   538 D EventSequenceValidator: Transition from ACTIVITY_LAUNCHED to ACTIVITY_FINISHED
08-13 04:53:33.270   514   543 D ArtManagerInternalImpl: /data/misc/iorapd/com.android.settings/30/com.android.settings.Settings$AccessibilitySettingsActivity/compiled_traces/compiled_trace.pb doesn't exist
08-13 04:53:33.334   514   543 I ActivityTaskManager: Displayed com.android.settings/.Settings$AccessibilitySettingsActivity: +2s522ms
08-13 04:53:34.013  4448  4448 D BoundBrokerSvc: onUnbind: Intent { act=com.google.android.gms.feedback.internal.IFeedbackService cmp=com.google.android.gms/.chimera.GmsBoundBrokerService }
08-13 04:53:36.062  8636  8659 I .gesturecaptur: Waiting for a blocking GC ProfileSaver
08-13 04:53:37.079  1471  1487 W earchbox:searc: Reducing the number of considered missed Gc histogram windows from 102 to 100
08-13 04:53:37.472   174   174 I servicemanager: Notifying apexservice they have clients: 0
08-13 04:53:37.496   174   174 I BpBinder: onLastStrongRef automatically unlinking death recipients: <uncached descriptor>
08-13 04:53:38.438  1225  1260 I PeriodicStatsRunner: PeriodicStatsRunner.call():180 call()
08-13 04:53:38.438  1225  1260 I PeriodicStatsRunner: PeriodicStatsRunner.call():184 No submit PeriodicStats since input started.
08-13 04:53:38.451  1047  1838 E ActivityThread: Failed to find provider info for com.google.android.apps.wellbeing.api
08-13 04:53:39.392  8742  8744 I cmd     : oneway function results will be dropped but finished with status OK and parcel size 4
08-13 04:53:40.294  8764  8764 D AndroidRuntime: >>>>>> START com.android.internal.os.RuntimeInit uid 2000 <<<<<<
08-13 04:53:40.298  8764  8764 E libc    : Access denied finding property "persist.device_config.runtime_native_boot.profilebootclasspath"
08-13 04:53:40.298  8764  8764 E libc    : Access denied finding property "persist.device_config.runtime_native_boot.enable_apex_image"
08-13 04:53:40.298  8764  8764 I AndroidRuntime: Using default boot image
08-13 04:53:40.298  8764  8764 E libc    : Access denied finding property "persist.device_config.runtime_native_boot.disable_lock_profiling"
08-13 04:53:40.299  8764  8764 I AndroidRuntime: Leaving lock profiling enabled
08-13 04:53:40.299  8764  8764 E libc    : Access denied finding property "persist.device_config.runtime_native_boot.enable_generational_cc"
08-13 04:53:40.296  8764  8764 W app_process: type=1400 audit(0.0:542): avc: denied { read } for name="u:object_r:device_config_runtime_native_boot_prop:s0" dev="tmpfs" ino=8294 scontext=u:r:shell:s0 tcontext=u:object_r:device_config_runtime_native_boot_prop:s0 tclass=file permissive=0
08-13 04:53:40.424  8764  8764 D app_process: Time zone APEX ICU file found: /apex/com.android.tzdata/etc/icu/icu_tzdata.dat
08-13 04:53:40.424  8764  8764 D app_process: I18n APEX ICU file found: /apex/com.android.i18n/etc/icu/icudt66l.dat
08-13 04:53:40.431  8764  8764 W app_process: Unexpected CPU variant for X86 using defaults: x86
08-13 04:53:40.434  8764  8764 I app_process: The ClassLoaderContext is a special shared library.
08-13 04:53:40.454  8764  8764 W app_process: JNI RegisterNativeMethods: attempt to register 0 native methods for android.media.AudioAttributes
08-13 04:53:40.462  8764  8764 D AndroidRuntime: Calling main entry com.android.commands.input.Input
08-13 04:53:40.474   514   536 E RemoteAugmentedAutofillService: Bad service name for flags 1048704: com.google.android.as/com.google.android.apps.miphone.aiai.app.AiAiAugmentedAutofillService
08-13 04:53:40.479   312   312 D goldfish-address-space: allocate: Ask for block of size 0x510000
08-13 04:53:40.480   312   312 D goldfish-address-space: allocate: ioctl allocate returned offset 0x3f9efc000 size 0x511000
08-13 04:53:40.722  8764  8764 D AndroidRuntime: Shutting down VM
08-13 04:53:40.724   514  5008 D HostConnection: HostConnection::get() New Host Connection established 0xb79415d0, tid 5008
08-13 04:53:40.733   514  5008 D HostConnection: HostComposition ext ANDROID_EMU_CHECKSUM_HELPER_v1 ANDROID_EMU_native_sync_v2 ANDROID_EMU_native_sync_v3 ANDROID_EMU_native_sync_v4 ANDROID_EMU_dma_v1 ANDROID_EMU_direct_mem ANDROID_EMU_host_composition_v1 ANDROID_EMU_host_composition_v2 ANDROID_EMU_YUV_Cache ANDROID_EMU_async_unmap_buffer GL_OES_vertex_array_object GL_KHR_texture_compression_astc_ldr ANDROID_EMU_gles_max_version_2 
08-13 04:53:40.736   514  4653 W InputReader: Device virtio_input_multi_touch_9 is associated with display ADISPLAY_ID_NONE.
08-13 04:53:40.736   514  4653 W InputReader: Device virtio_input_multi_touch_10 is associated with display ADISPLAY_ID_NONE.
08-13 04:53:40.736   514  4653 W InputReader: Device virtio_input_multi_touch_7 is associated with display ADISPLAY_ID_NONE.
08-13 04:53:40.736   514  4653 W InputReader: Device virtio_input_multi_touch_4 is associated with display ADISPLAY_ID_NONE.
08-13 04:53:40.736   514  4653 W InputReader: Device virtio_input_multi_touch_11 is associated with display ADISPLAY_ID_NONE.
08-13 04:53:40.736   514  4653 W InputReader: Device virtio_input_multi_touch_5 is associated with display ADISPLAY_ID_NONE.
08-13 04:53:40.736   514  4653 W InputReader: Device virtio_input_multi_touch_2 is associated with display ADISPLAY_ID_NONE.
08-13 04:53:40.736   514  4653 W InputReader: Device virtio_input_multi_touch_6 is associated with display ADISPLAY_ID_NONE.
08-13 04:53:40.736   514  4653 W InputReader: Device virtio_input_multi_touch_3 is associated with display ADISPLAY_ID_NONE.
08-13 04:53:40.736   514  4653 W InputReader: Device virtio_input_multi_touch_8 is associated with display ADISPLAY_ID_NONE.
08-13 04:53:40.737   514  5008 W OpenGLRenderer: Failed to choose config with EGL_SWAP_BEHAVIOR_PRESERVED, retrying without...
08-13 04:53:40.737   514  4653 W InputReader: Device virtio_input_multi_touch_9 is associated with display ADISPLAY_ID_NONE.
08-13 04:53:40.737   514  4653 W InputReader: Device virtio_input_multi_touch_10 is associated with display ADISPLAY_ID_NONE.
08-13 04:53:40.737   514  4653 W InputReader: Device virtio_input_multi_touch_7 is associated with display ADISPLAY_ID_NONE.
08-13 04:53:40.737   514  4653 W InputReader: Device virtio_input_multi_touch_4 is associated with display ADISPLAY_ID_NONE.
08-13 04:53:40.737   514  4653 W InputReader: Device virtio_input_multi_touch_11 is associated with display ADISPLAY_ID_NONE.
08-13 04:53:40.737   514  4653 W InputReader: Device virtio_input_multi_touch_5 is associated with display ADISPLAY_ID_NONE.
08-13 04:53:40.737   514  4653 W InputReader: Device virtio_input_multi_touch_2 is associated with display ADISPLAY_ID_NONE.
08-13 04:53:40.737   514  4653 W InputReader: Device virtio_input_multi_touch_6 is associated with display ADISPLAY_ID_NONE.
08-13 04:53:40.737   514  4653 W InputReader: Device virtio_input_multi_touch_3 is associated with display ADISPLAY_ID_NONE.
08-13 04:53:40.737   514  4653 W InputReader: Device virtio_input_multi_touch_8 is associated with display ADISPLAY_ID_NONE.
08-13 04:53:40.764   514  5008 D EGL_emulation: eglCreateContext: 0xf5975df0: maj 2 min 0 rcv 2
08-13 04:53:40.774   514  5008 D EGL_emulation: eglMakeCurrent: 0xf5975df0: ver 2 0 (tinfo 0xabbf79d0) (first time)
08-13 04:53:40.803  1047  1060 W s.nexuslaunche: Reducing the number of considered missed Gc histogram windows from 102 to 100
08-13 04:53:40.821   312   312 D goldfish-address-space: allocate: Ask for block of size 0x7e9000
08-13 04:53:40.821   312   312 D goldfish-address-space: allocate: ioctl allocate returned offset 0x3fb8f2000 size 0x7ea000
08-13 04:53:40.838   312   312 D goldfish-address-space: allocate: Ask for block of size 0x7e9000
08-13 04:53:40.839   312   312 D goldfish-address-space: allocate: ioctl allocate returned offset 0x3fd85a000 size 0x7ea000
08-13 04:53:40.866   312   312 D goldfish-address-space: allocate: Ask for block of size 0x7e9000
08-13 04:53:40.867   312   312 D goldfish-address-space: allocate: ioctl allocate returned offset 0x3fd070000 size 0x7ea000
08-13 04:53:40.886   345  1205 W ServiceManager: Permission failure: android.permission.ACCESS_SURFACE_FLINGER from uid=10155 pid=8636
08-13 04:53:40.886   345  1205 D PermissionCache: checking android.permission.ACCESS_SURFACE_FLINGER for uid=10155 => denied (1545 us)
08-13 04:53:40.898   514   538 I ActivityManager: Killing 6774:com.android.keychain/1000 (adj 975): empty #17
08-13 04:53:40.950   290   290 I Zygote  : Process 6774 exited due to signal 9 (Killed)
08-13 04:53:40.989   514   548 I libprocessgroup: Successfully killed process cgroup uid 1000 pid 6774 in 89ms
08-13 04:53:41.924  1471  2893 I WorkerManager: dispose()
08-13 04:53:41.931  1471  2893 W A       : Queue length for executor EventBus is now 11. Perhaps some tasks are too long, or the pool is too small.
08-13 04:53:43.667  1047  1838 E ActivityThread: Failed to find provider info for com.google.android.apps.wellbeing.api
08-13 04:53:45.043   195   200 E android.system.suspend@1.0-service: Error opening kernel wakelock stats for: wakeup34: Permission denied
08-13 04:53:45.040   195   195 W Binder:195_2: type=1400 audit(0.0:546): avc: denied { read } for name="wakeup34" dev="sysfs" ino=18252 scontext=u:r:system_suspend:s0 tcontext=u:object_r:sysfs:s0 tclass=dir permissive=0
08-13 04:53:45.054   195   200 E android.system.suspend@1.0-service: Error opening kernel wakelock stats for: wakeup35: Permission denied
08-13 04:53:45.052   195   195 W Binder:195_2: type=1400 audit(0.0:547): avc: denied { read } for name="wakeup35" dev="sysfs" ino=18312 scontext=u:r:system_suspend:s0 tcontext=u:object_r:sysfs:s0 tclass=dir permissive=0
08-13 04:53:45.955  1225  1260 I PeriodicStatsRunner: PeriodicStatsRunner.call():180 call()
08-13 04:53:45.956  1225  1260 I PeriodicStatsRunner: PeriodicStatsRunner.call():184 No submit PeriodicStats since input started.
08-13 04:53:47.638   312   312 D goldfish-address-space: allocate: Ask for block of size 0x7e9000
08-13 04:53:47.638   312   312 D goldfish-address-space: allocate: ioctl allocate returned offset 0x3f8ddb000 size 0x7ea000
08-13 04:53:47.671   175   175 I hwservicemanager: getTransport: Cannot find entry android.hardware.graphics.mapper@4.0::IMapper/default in either framework or device manifest.
08-13 04:53:47.671  8855  8855 I Gralloc4: mapper 4.x is not supported
08-13 04:53:47.721  8855  8855 D HostConnection: createUnique: call
08-13 04:53:47.722  8855  8855 D HostConnection: HostConnection::get() New Host Connection established 0xf4d80670, tid 8855
08-13 04:53:47.722  8855  8855 D goldfish-address-space: allocate: Ask for block of size 0x100
08-13 04:53:47.723  8855  8855 D goldfish-address-space: allocate: ioctl allocate returned offset 0x3fc2a2000 size 0x2000
08-13 04:53:47.780  8855  8855 D HostConnection: HostComposition ext ANDROID_EMU_CHECKSUM_HELPER_v1 ANDROID_EMU_native_sync_v2 ANDROID_EMU_native_sync_v3 ANDROID_EMU_native_sync_v4 ANDROID_EMU_dma_v1 ANDROID_EMU_direct_mem ANDROID_EMU_host_composition_v1 ANDROID_EMU_host_composition_v2 ANDROID_EMU_YUV_Cache ANDROID_EMU_async_unmap_buffer GL_OES_vertex_array_object GL_KHR_texture_compression_astc_ldr ANDROID_EMU_gles_max_version_2 
08-13 04:53:48.570   338   338 E netmgr  : qemu_pipe_open_ns:62: Could not connect to the 'pipe:qemud:network' service: Invalid argument
08-13 04:53:48.570   338   338 E netmgr  : Failed to open QEMU pipe 'qemud:network': Invalid argument
08-13 04:53:48.973  8871  8873 I cmd     : oneway function results will be dropped but finished with status OK and parcel size 4
08-13 04:53:48.973   347   347 E wifi_forwarder: qemu_pipe_open_ns:62: Could not connect to the 'pipe:qemud:wififorward' service: Invalid argument
08-13 04:53:48.973   347   347 E wifi_forwarder: RemoteConnection failed to initialize: RemoteConnection failed to open pipe
08-13 04:53:48.974   514   536 W InputReader: Device virtio_input_multi_touch_9 is associated with display ADISPLAY_ID_NONE.
08-13 04:53:48.974   514   536 W InputReader: Device virtio_input_multi_touch_10 is associated with display ADISPLAY_ID_NONE.
08-13 04:53:48.974   514   536 W InputReader: Device virtio_input_multi_touch_7 is associated with display ADISPLAY_ID_NONE.
08-13 04:53:48.974   514   536 W InputReader: Device virtio_input_multi_touch_4 is associated with display ADISPLAY_ID_NONE.
08-13 04:53:48.975   514   536 W InputReader: Device virtio_input_multi_touch_11 is associated with display ADISPLAY_ID_NONE.
08-13 04:53:48.975   514   536 W InputReader: Device virtio_input_multi_touch_5 is associated with display ADISPLAY_ID_NONE.
08-13 04:53:48.975   514   536 W InputReader: Device virtio_input_multi_touch_2 is associated with display ADISPLAY_ID_NONE.
08-13 04:53:48.975   514   536 W InputReader: Device virtio_input_multi_touch_6 is associated with display ADISPLAY_ID_NONE.
08-13 04:53:48.975   514   536 W InputReader: Device virtio_input_multi_touch_3 is associated with display ADISPLAY_ID_NONE.
08-13 04:53:48.975   514   536 W InputReader: Device virtio_input_multi_touch_8 is associated with display ADISPLAY_ID_NONE.
08-13 04:53:51.119  8876  8878 I cmd     : oneway function results will be dropped but finished with status OK and parcel size 4
08-13 04:53:51.119   514   536 W InputReader: Device virtio_input_multi_touch_9 is associated with display ADISPLAY_ID_NONE.
08-13 04:53:51.119   514   536 W InputReader: Device virtio_input_multi_touch_10 is associated with display ADISPLAY_ID_NONE.
08-13 04:53:51.119   514   536 W InputReader: Device virtio_input_multi_touch_7 is associated with display ADISPLAY_ID_NONE.
08-13 04:53:51.119   514   536 W InputReader: Device virtio_input_multi_touch_4 is associated with display ADISPLAY_ID_NONE.
08-13 04:53:51.120   514   536 W InputReader: Device virtio_input_multi_touch_11 is associated with display ADISPLAY_ID_NONE.
08-13 04:53:51.120   514   536 W InputReader: Device virtio_input_multi_touch_5 is associated with display ADISPLAY_ID_NONE.
08-13 04:53:51.120   514   536 W InputReader: Device virtio_input_multi_touch_2 is associated with display ADISPLAY_ID_NONE.
08-13 04:53:51.120   514   536 W InputReader: Device virtio_input_multi_touch_6 is associated with display ADISPLAY_ID_NONE.
08-13 04:53:51.120   514   536 W InputReader: Device virtio_input_multi_touch_3 is associated with display ADISPLAY_ID_NONE.
08-13 04:53:51.120   514   536 W InputReader: Device virtio_input_multi_touch_8 is associated with display ADISPLAY_ID_NONE.
08-13 04:53:55.986   312   312 D goldfish-address-space: allocate: Ask for block of size 0x7e9000
08-13 04:53:55.986   312   312 D goldfish-address-space: allocate: ioctl allocate returned offset 0x3f8ddb000 size 0x7ea000
08-13 04:53:56.016   175   175 I hwservicemanager: getTransport: Cannot find entry android.hardware.graphics.mapper@4.0::IMapper/default in either framework or device manifest.
08-13 04:53:56.016  8894  8894 I Gralloc4: mapper 4.x is not supported
08-13 04:53:56.026  8894  8894 D HostConnection: createUnique: call
08-13 04:53:56.027  8894  8894 D HostConnection: HostConnection::get() New Host Connection established 0xf0a408b0, tid 8894
08-13 04:53:56.027  8894  8894 D goldfish-address-space: allocate: Ask for block of size 0x100
08-13 04:53:56.027  8894  8894 D goldfish-address-space: allocate: ioctl allocate returned offset 0x3fc2a2000 size 0x2000
08-13 04:53:56.071  8894  8894 D HostConnection: HostComposition ext ANDROID_EMU_CHECKSUM_HELPER_v1 ANDROID_EMU_native_sync_v2 ANDROID_EMU_native_sync_v3 ANDROID_EMU_native_sync_v4 ANDROID_EMU_dma_v1 ANDROID_EMU_direct_mem ANDROID_EMU_host_composition_v1 ANDROID_EMU_host_composition_v2 ANDROID_EMU_YUV_Cache ANDROID_EMU_async_unmap_buffer GL_OES_vertex_array_object GL_KHR_texture_compression_astc_ldr ANDROID_EMU_gles_max_version_2 
08-13 04:53:56.227   676  1089 W BtGatt.ScanManager: Moving scan client to opportunistic (scannerId 6)
08-13 04:53:56.240   676  1095 E bt_btm  : BTM_BleObserve Observe not active
08-13 04:53:57.834  8925  8927 I cmd     : oneway function results will be dropped but finished with status OK and parcel size 4
08-13 04:53:58.334  8940  8942 I cmd     : oneway function results will be dropped but finished with status OK and parcel size 4
08-13 04:53:58.842  8955  8957 I cmd     : oneway function results will be dropped but finished with status OK and parcel size 4
08-13 04:53:59.451  8967  8967 D AndroidRuntime: >>>>>> START com.android.internal.os.RuntimeInit uid 2000 <<<<<<
08-13 04:53:59.456  8967  8967 E libc    : Access denied finding property "persist.device_config.runtime_native_boot.profilebootclasspath"
08-13 04:53:59.456  8967  8967 E libc    : Access denied finding property "persist.device_config.runtime_native_boot.enable_apex_image"
08-13 04:53:59.456  8967  8967 I AndroidRuntime: Using default boot image
08-13 04:53:59.456  8967  8967 E libc    : Access denied finding property "persist.device_config.runtime_native_boot.disable_lock_profiling"
08-13 04:53:59.456  8967  8967 I AndroidRuntime: Leaving lock profiling enabled
08-13 04:53:59.456  8967  8967 E libc    : Access denied finding property "persist.device_config.runtime_native_boot.enable_generational_cc"
08-13 04:53:59.452  8967  8967 W app_process: type=1400 audit(0.0:548): avc: denied { read } for name="u:object_r:device_config_runtime_native_boot_prop:s0" dev="tmpfs" ino=8294 scontext=u:r:shell:s0 tcontext=u:object_r:device_config_runtime_native_boot_prop:s0 tclass=file permissive=0
08-13 04:53:59.456  8967  8967 W app_process: type=1400 audit(0.0:551): avc: denied { read } for name="u:object_r:device_config_runtime_native_boot_prop:s0" dev="tmpfs" ino=8294 scontext=u:r:shell:s0 tcontext=u:object_r:device_config_runtime_native_boot_prop:s0 tclass=file permissive=0
08-13 04:53:59.603  8967  8967 D app_process: Time zone APEX ICU file found: /apex/com.android.tzdata/etc/icu/icu_tzdata.dat
08-13 04:53:59.603  8967  8967 D app_process: I18n APEX ICU file found: /apex/com.android.i18n/etc/icu/icudt66l.dat
08-13 04:53:59.611  8967  8967 W app_process: Unexpected CPU variant for X86 using defaults: x86
08-13 04:53:59.614  8967  8967 I app_process: The ClassLoaderContext is a special shared library.
08-13 04:53:59.636  8967  8967 W app_process: JNI RegisterNativeMethods: attempt to register 0 native methods for android.media.AudioAttributes
08-13 04:53:59.643  8967  8967 D AndroidRuntime: Calling main entry com.android.commands.input.Input
08-13 04:54:02.161  8967  8967 D AndroidRuntime: Shutting down VM
08-13 04:54:06.068  9020  9020 D AndroidRuntime: >>>>>> START com.android.internal.os.RuntimeInit uid 2000 <<<<<<
08-13 04:54:06.071  9020  9020 E libc    : Access denied finding property "persist.device_config.runtime_native_boot.profilebootclasspath"
08-13 04:54:06.071  9020  9020 E libc    : Access denied finding property "persist.device_config.runtime_native_boot.enable_apex_image"
08-13 04:54:06.071  9020  9020 I AndroidRuntime: Using default boot image
08-13 04:54:06.071  9020  9020 E libc    : Access denied finding property "persist.device_config.runtime_native_boot.disable_lock_profiling"
08-13 04:54:06.071  9020  9020 I AndroidRuntime: Leaving lock profiling enabled
08-13 04:54:06.071  9020  9020 E libc    : Access denied finding property "persist.device_config.runtime_native_boot.enable_generational_cc"
08-13 04:54:06.068  9020  9020 W app_process: type=1400 audit(0.0:552): avc: denied { read } for name="u:object_r:device_config_runtime_native_boot_prop:s0" dev="tmpfs" ino=8294 scontext=u:r:shell:s0 tcontext=u:object_r:device_config_runtime_native_boot_prop:s0 tclass=file permissive=0
08-13 04:54:06.159  9020  9020 D app_process: Time zone APEX ICU file found: /apex/com.android.tzdata/etc/icu/icu_tzdata.dat
08-13 04:54:06.159  9020  9020 D app_process: I18n APEX ICU file found: /apex/com.android.i18n/etc/icu/icudt66l.dat
08-13 04:54:06.166  9020  9020 W app_process: Unexpected CPU variant for X86 using defaults: x86
08-13 04:54:06.168  9020  9020 I app_process: The ClassLoaderContext is a special shared library.
08-13 04:54:06.186  9020  9020 W app_process: JNI RegisterNativeMethods: attempt to register 0 native methods for android.media.AudioAttributes
08-13 04:54:06.192  9020  9020 D AndroidRuntime: Calling main entry com.android.commands.input.Input
08-13 04:54:06.204   514   536 E RemoteAugmentedAutofillService: Bad service name for flags 1048704: com.google.android.as/com.google.android.apps.miphone.aiai.app.AiAiAugmentedAutofillService
08-13 04:54:06.209  9020  9020 D AndroidRuntime: Shutting down VM
08-13 04:54:06.214   312   312 D goldfish-address-space: allocate: Ask for block of size 0x510000
08-13 04:54:06.214   312   312 D goldfish-address-space: allocate: ioctl allocate returned offset 0x3f90b4000 size 0x511000
08-13 04:54:06.258   514  4653 W InputReader: Device virtio_input_multi_touch_9 is associated with display ADISPLAY_ID_NONE.
08-13 04:54:06.258   514  4653 W InputReader: Device virtio_input_multi_touch_10 is associated with display ADISPLAY_ID_NONE.
08-13 04:54:06.258   514  4653 W InputReader: Device virtio_input_multi_touch_7 is associated with display ADISPLAY_ID_NONE.
08-13 04:54:06.258   514  4653 W InputReader: Device virtio_input_multi_touch_4 is associated with display ADISPLAY_ID_NONE.
08-13 04:54:06.258   514  4653 W InputReader: Device virtio_input_multi_touch_11 is associated with display ADISPLAY_ID_NONE.
08-13 04:54:06.258   514  4653 W InputReader: Device virtio_input_multi_touch_5 is associated with display ADISPLAY_ID_NONE.
08-13 04:54:06.258   514  4653 W InputReader: Device virtio_input_multi_touch_2 is associated with display ADISPLAY_ID_NONE.
08-13 04:54:06.258   514  4653 W InputReader: Device virtio_input_multi_touch_6 is associated with display ADISPLAY_ID_NONE.
08-13 04:54:06.259   514  4653 W InputReader: Device virtio_input_multi_touch_3 is associated with display ADISPLAY_ID_NONE.
08-13 04:54:06.259   514  4653 W InputReader: Device virtio_input_multi_touch_8 is associated with display ADISPLAY_ID_NONE.
08-13 04:54:06.259   514  4653 W InputReader: Device virtio_input_multi_touch_9 is associated with display ADISPLAY_ID_NONE.
08-13 04:54:06.259   514  4653 W InputReader: Device virtio_input_multi_touch_10 is associated with display ADISPLAY_ID_NONE.
08-13 04:54:06.259   514  4653 W InputReader: Device virtio_input_multi_touch_7 is associated with display ADISPLAY_ID_NONE.
08-13 04:54:06.259   514  4653 W InputReader: Device virtio_input_multi_touch_4 is associated with display ADISPLAY_ID_NONE.
08-13 04:54:06.259   514  4653 W InputReader: Device virtio_input_multi_touch_11 is associated with display ADISPLAY_ID_NONE.
08-13 04:54:06.259   514  4653 W InputReader: Device virtio_input_multi_touch_5 is associated with display ADISPLAY_ID_NONE.
08-13 04:54:06.260   514  4653 W InputReader: Device virtio_input_multi_touch_2 is associated with display ADISPLAY_ID_NONE.
08-13 04:54:06.260   514  4653 W InputReader: Device virtio_input_multi_touch_6 is associated with display ADISPLAY_ID_NONE.
08-13 04:54:06.260   514  4653 W InputReader: Device virtio_input_multi_touch_3 is associated with display ADISPLAY_ID_NONE.
08-13 04:54:06.260   514  4653 W InputReader: Device virtio_input_multi_touch_8 is associated with display ADISPLAY_ID_NONE.
08-13 04:54:06.320   312   312 D goldfish-address-space: allocate: Ask for block of size 0x7e9000
08-13 04:54:06.320   312   312 D goldfish-address-space: allocate: ioctl allocate returned offset 0x3fb108000 size 0x7ea000
08-13 04:54:06.342   312   312 D goldfish-address-space: allocate: Ask for block of size 0x7e9000
08-13 04:54:06.343   312   312 D goldfish-address-space: allocate: ioctl allocate returned offset 0x3fa91e000 size 0x7ea000
08-13 04:54:06.356   312   393 D goldfish-address-space: allocate: Ask for block of size 0x7e9000
08-13 04:54:06.356   312   393 D goldfish-address-space: allocate: ioctl allocate returned offset 0x3f78f6000 size 0x7ea000
08-13 04:54:06.373   312   390 D goldfish-address-space: allocate: Ask for block of size 0x7e9000
08-13 04:54:06.374   312   390 D goldfish-address-space: allocate: ioctl allocate returned offset 0x3f710c000 size 0x7ea000
08-13 04:54:06.403   514   985 W ActivityManager: Unable to start service Intent { act=android.service.appprediction.AppPredictionService cmp=com.google.android.as/com.google.android.apps.miphone.aiai.app.AiAiPredictionService } U=0: not found
08-13 04:54:06.403   514   985 W RemoteAppPredictionService: could not bind to Intent { act=android.service.appprediction.AppPredictionService cmp=com.google.android.as/com.google.android.apps.miphone.aiai.app.AiAiPredictionService } using flags 67108865
08-13 04:54:06.409   312   390 D goldfish-address-space: allocate: Ask for block of size 0x7e9000
08-13 04:54:06.409   312   390 D goldfish-address-space: allocate: ioctl allocate returned offset 0x3f6922000 size 0x7ea000
08-13 04:54:06.428   312   393 D goldfish-address-space: allocate: Ask for block of size 0x7e9000
08-13 04:54:06.428   312   393 D goldfish-address-space: allocate: ioctl allocate returned offset 0x3f6138000 size 0x7ea000
08-13 04:54:06.475   698   715 I ndroid.systemu: NativeAlloc concurrent copying GC freed 109834(4467KB) AllocSpace objects, 31(620KB) LOS objects, 49% free, 12MB/24MB, paused 2.461ms total 208.866ms
08-13 04:54:06.475   698   715 W ndroid.systemu: Reducing the number of considered missed Gc histogram windows from 105 to 100
08-13 04:54:06.663  1471  1471 W A       : Queue length for executor EventBus is now 11. Perhaps some tasks are too long, or the pool is too small.
08-13 04:54:06.883  1471  1471 I BgTaskExecutorImpl: Starting EXCLUSIVE background task TNG_MINUS_ONE_SYNC.
08-13 04:54:06.895  1471  1471 I BgTaskExecutorImpl: Starting EXCLUSIVE background task TNG_VOICE_SEARCH_SYNC.
08-13 04:54:06.918  4448  4507 I Icing   : IndexChimeraService.getServiceInterface callingPackage=com.google.android.googlequicksearchbox componentName=null serviceId=36
08-13 04:54:06.953   676  1089 W BtGatt.ScanManager: Moving scan client to opportunistic (scannerId 6)
08-13 04:54:06.954   676  1095 E bt_btm  : BTM_BleObserve Observe not active
08-13 04:54:06.961  4448  8540 I GmsCoreXrpcWrapper: Returning a channel provider with trafficStatsTag=12803 trafficStatsUid=-1
08-13 04:54:06.972  1471  2893 I MicroDetectionState: Should stop hotword detection immediately - false
08-13 04:54:06.982  1471  2893 I MicroDetectionState: Should stop hotword detection immediately - false
08-13 04:54:06.985  1471  2893 I TngVoiceSearchSync: Syncing TNG:VoiceSearch
08-13 04:54:06.986  1471  2893 I TngMinusOneSync: Syncing TNG:-1
08-13 04:54:07.005  4448  4448 D BoundBrokerSvc: onBind: Intent { act=com.google.android.gms.feedback.internal.IFeedbackService cmp=com.google.android.gms/.chimera.GmsBoundBrokerService }
08-13 04:54:07.005  4448  4448 D BoundBrokerSvc: Loading bound service for intent: Intent { act=com.google.android.gms.feedback.internal.IFeedbackService cmp=com.google.android.gms/.chimera.GmsBoundBrokerService }
08-13 04:54:07.055  4448  4507 I Icing   : IndexChimeraService.getServiceInterface callingPackage=com.google.android.gms componentName=null serviceId=30
08-13 04:54:07.161  8136  8136 I SetupWizard: [apc] [logReason:Get Notification Priority, PersonalizationComplete: false, DPEnable: false, DPExisted: false, DPComplete: false, DAHPActions: 1, DAMPActions:2 , DAPAReason:Copy your data, set wallpaper, and more]
08-13 04:54:07.164  4448  8540 I Icing   : Usage reports ok 3, Failed Usage reports 0, indexed 0, rejected 0
08-13 04:54:07.179  4448  8540 I GmsCoreXrpcWrapper: Returning a channel provider with trafficStatsTag=12803 trafficStatsUid=-1
08-13 04:54:07.182  8136  8136 I SetupWizard: [DeferredSetupNotificationSchedulerService] Deferred notification scheduled at Fri Aug 13 04:38:59 GMT 2021
08-13 04:54:07.199  4448  8540 I Icing   : Usage reports ok 0, Failed Usage reports 0, indexed 0, rejected 0
08-13 04:54:07.233  8136  8136 I SetupWizard: [apc] [logReason:Get Notification Priority, PersonalizationComplete: false, DPEnable: false, DPExisted: false, DPComplete: false, DAHPActions: 1, DAMPActions:2 , DAPAReason:Copy your data, set wallpaper, and more]
08-13 04:54:07.582   698   698 D InterruptionStateProvider: No bubble up: not allowed to bubble: 0|com.google.android.setupwizard|3|DeferredSetupNotification|10100
08-13 04:54:07.584   698   698 D InterruptionStateProvider: No heads up: unimportant notification: 0|com.google.android.setupwizard|3|DeferredSetupNotification|10100
08-13 04:54:08.460  1047  1838 E ActivityThread: Failed to find provider info for com.google.android.apps.wellbeing.api
08-13 04:54:10.742   514   985 I ActivityTaskManager: START u0 {act=android.intent.action.MAIN cat=[android.intent.category.LAUNCHER] flg=0x10000000 cmp=com.example.gesturecapture/.MainActivity} from uid 2000
08-13 04:54:10.743   514   538 D EventSequenceValidator: Transition from ACTIVITY_FINISHED to INTENT_STARTED
08-13 04:54:10.753  9093  9095 I cmd     : oneway function results will be dropped but finished with status OK and parcel size 4
08-13 04:54:10.758   514  3457 W ActivityTaskManager: Tried to set launchTime (0) < mLastActivityLaunchTime (1858225)
08-13 04:54:10.758   514  3457 W InputReader: Device virtio_input_multi_touch_9 is associated with display ADISPLAY_ID_NONE.
08-13 04:54:10.758   514  3457 W InputReader: Device virtio_input_multi_touch_10 is associated with display ADISPLAY_ID_NONE.
08-13 04:54:10.758   514  3457 W InputReader: Device virtio_input_multi_touch_7 is associated with display ADISPLAY_ID_NONE.
08-13 04:54:10.758   514  3457 W InputReader: Device virtio_input_multi_touch_4 is associated with display ADISPLAY_ID_NONE.
08-13 04:54:10.758   514  3457 W InputReader: Device virtio_input_multi_touch_11 is associated with display ADISPLAY_ID_NONE.
08-13 04:54:10.758   514  3457 W InputReader: Device virtio_input_multi_touch_5 is associated with display ADISPLAY_ID_NONE.
08-13 04:54:10.758   514  3457 W InputReader: Device virtio_input_multi_touch_2 is associated with display ADISPLAY_ID_NONE.
08-13 04:54:10.758   514  3457 W InputReader: Device virtio_input_multi_touch_6 is associated with display ADISPLAY_ID_NONE.
08-13 04:54:10.759   514  3457 W InputReader: Device virtio_input_multi_touch_3 is associated with display ADISPLAY_ID_NONE.
08-13 04:54:10.759   514  3457 W InputReader: Device virtio_input_multi_touch_8 is associated with display ADISPLAY_ID_NONE.
08-13 04:54:10.759   514  3457 W InputReader: Device virtio_input_multi_touch_9 is associated with display ADISPLAY_ID_NONE.
08-13 04:54:10.759   514  3457 W InputReader: Device virtio_input_multi_touch_10 is associated with display ADISPLAY_ID_NONE.
08-13 04:54:10.759   514  3457 W InputReader: Device virtio_input_multi_touch_7 is associated with display ADISPLAY_ID_NONE.
08-13 04:54:10.759   514  3457 W InputReader: Device virtio_input_multi_touch_4 is associated with display ADISPLAY_ID_NONE.
08-13 04:54:10.759   514  3457 W InputReader: Device virtio_input_multi_touch_11 is associated with display ADISPLAY_ID_NONE.
08-13 04:54:10.759   514  3457 W InputReader: Device virtio_input_multi_touch_5 is associated with display ADISPLAY_ID_NONE.
08-13 04:54:10.759   514  3457 W InputReader: Device virtio_input_multi_touch_2 is associated with display ADISPLAY_ID_NONE.
08-13 04:54:10.760   514  3457 W InputReader: Device virtio_input_multi_touch_6 is associated with display ADISPLAY_ID_NONE.
08-13 04:54:10.760   514  3457 W InputReader: Device virtio_input_multi_touch_3 is associated with display ADISPLAY_ID_NONE.
08-13 04:54:10.760   514  3457 W InputReader: Device virtio_input_multi_touch_8 is associated with display ADISPLAY_ID_NONE.
08-13 04:54:10.777   514   538 D EventSequenceValidator: Transition from INTENT_STARTED to ACTIVITY_LAUNCHED
08-13 04:54:10.787   312   393 D goldfish-address-space: allocate: Ask for block of size 0x7e9000
08-13 04:54:10.787   312   393 D goldfish-address-space: allocate: ioctl allocate returned offset 0x3fb8f2000 size 0x7ea000
08-13 04:54:10.841   514  3457 I ActivityTaskManager: START u0 {act=android.settings.ACCESSIBILITY_SETTINGS cmp=com.android.settings/.Settings$AccessibilitySettingsActivity} from uid 10155
08-13 04:54:10.876   514   985 W ActivityTaskManager: Tried to set launchTime (0) < mLastActivityLaunchTime (1859344)
08-13 04:54:10.876   514   985 W InputReader: Device virtio_input_multi_touch_9 is associated with display ADISPLAY_ID_NONE.
08-13 04:54:10.876   514   985 W InputReader: Device virtio_input_multi_touch_10 is associated with display ADISPLAY_ID_NONE.
08-13 04:54:10.876   514   985 W InputReader: Device virtio_input_multi_touch_7 is associated with display ADISPLAY_ID_NONE.
08-13 04:54:10.876   514   985 W InputReader: Device virtio_input_multi_touch_4 is associated with display ADISPLAY_ID_NONE.
08-13 04:54:10.876   514   985 W InputReader: Device virtio_input_multi_touch_11 is associated with display ADISPLAY_ID_NONE.
08-13 04:54:10.876   514   985 W InputReader: Device virtio_input_multi_touch_5 is associated with display ADISPLAY_ID_NONE.
08-13 04:54:10.876   514   985 W InputReader: Device virtio_input_multi_touch_2 is associated with display ADISPLAY_ID_NONE.
08-13 04:54:10.876   514   985 W InputReader: Device virtio_input_multi_touch_6 is associated with display ADISPLAY_ID_NONE.
08-13 04:54:10.876   514   985 W InputReader: Device virtio_input_multi_touch_3 is associated with display ADISPLAY_ID_NONE.
08-13 04:54:10.876   514   985 W InputReader: Device virtio_input_multi_touch_8 is associated with display ADISPLAY_ID_NONE.
08-13 04:54:10.876   514   985 W InputReader: Device virtio_input_multi_touch_9 is associated with display ADISPLAY_ID_NONE.
08-13 04:54:10.876   514   985 W InputReader: Device virtio_input_multi_touch_10 is associated with display ADISPLAY_ID_NONE.
08-13 04:54:10.876   514   985 W InputReader: Device virtio_input_multi_touch_7 is associated with display ADISPLAY_ID_NONE.
08-13 04:54:10.876   514   985 W InputReader: Device virtio_input_multi_touch_4 is associated with display ADISPLAY_ID_NONE.
08-13 04:54:10.876   514   985 W InputReader: Device virtio_input_multi_touch_11 is associated with display ADISPLAY_ID_NONE.
08-13 04:54:10.876   514   985 W InputReader: Device virtio_input_multi_touch_5 is associated with display ADISPLAY_ID_NONE.
08-13 04:54:10.876   514   985 W InputReader: Device virtio_input_multi_touch_2 is associated with display ADISPLAY_ID_NONE.
08-13 04:54:10.876   514   985 W InputReader: Device virtio_input_multi_touch_6 is associated with display ADISPLAY_ID_NONE.
08-13 04:54:10.876   514   985 W InputReader: Device virtio_input_multi_touch_3 is associated with display ADISPLAY_ID_NONE.
08-13 04:54:10.876   514   985 W InputReader: Device virtio_input_multi_touch_8 is associated with display ADISPLAY_ID_NONE.
08-13 04:54:10.918   312   393 D goldfish-address-space: allocate: Ask for block of size 0x7e9000
08-13 04:54:10.918   312   393 D goldfish-address-space: allocate: ioctl allocate returned offset 0x3fa134000 size 0x7ea000
08-13 04:54:10.937   312   390 D goldfish-address-space: allocate: Ask for block of size 0x7e9000
08-13 04:54:10.937   312   390 D goldfish-address-space: allocate: ioctl allocate returned offset 0x3fd85a000 size 0x7ea000
08-13 04:54:10.973  8663  8663 E ndroid.setting: Invalid ID 0x00000000.
08-13 04:54:10.981  8663  8663 D SettingsActivity: Starting onCreate
08-13 04:54:10.991   312   393 D goldfish-address-space: allocate: Ask for block of size 0x7e9000
08-13 04:54:10.992   312   393 D goldfish-address-space: allocate: ioctl allocate returned offset 0x3fd070000 size 0x7ea000
08-13 04:54:11.018   312   390 D goldfish-address-space: allocate: Ask for block of size 0x7e9000
08-13 04:54:11.018   312   390 D goldfish-address-space: allocate: ioctl allocate returned offset 0x3f594e000 size 0x7ea000
08-13 04:54:11.021  8663  8663 D SettingsActivity: Starting to set activity title
08-13 04:54:11.021  8663  8663 D SettingsActivity: Done setting title
08-13 04:54:11.021  8663  8663 D SettingsActivity: Switching to fragment com.android.settings.accessibility.AccessibilitySettings
08-13 04:54:11.044  8663  8663 D PrefCtrlListHelper: Could not find Context-only controller for pref: com.android.settings.language.TtsPreferenceController
08-13 04:54:11.045  8663  8663 D PrefCtrlListHelper: Could not find Context-only controller for pref: com.android.settings.display.FontSizePreferenceController
08-13 04:54:11.045  8663  8663 D PrefCtrlListHelper: Could not find Context-only controller for pref: com.android.settings.display.DarkUIPreferenceController
08-13 04:54:11.047  8663  8663 D PrefCtrlListHelper: Could not find Context-only controller for pref: com.android.settings.accessibility.MagnificationPreferenceController
08-13 04:54:11.049  8663  8663 D PrefCtrlListHelper: Could not find Context-only controller for pref: com.android.settings.accessibility.LargePointerIconPreferenceController
08-13 04:54:11.049  8663  8663 D PrefCtrlListHelper: Could not find Context-only controller for pref: com.android.settings.accessibility.DisableAnimationsPreferenceController
08-13 04:54:11.049  8663  8663 D PrefCtrlListHelper: Could not find Context-only controller for pref: com.android.settings.accessibility.AutoclickPreferenceController
08-13 04:54:11.049  8663  8663 D PrefCtrlListHelper: Could not find Context-only controller for pref: com.android.settings.accessibility.PowerButtonEndsCallPreferenceController
08-13 04:54:11.049  8663  8663 D PrefCtrlListHelper: Could not find Context-only controller for pref: com.android.settings.accessibility.LockScreenRotationPreferenceController
08-13 04:54:11.049  8663  8663 D PrefCtrlListHelper: Could not find Context-only controller for pref: com.android.settings.accessibility.SelectLongPressTimeoutPreferenceController
08-13 04:54:11.050  8663  8663 D PrefCtrlListHelper: Could not find Context-only controller for pref: com.android.settings.accessibility.AccessibilityTimeoutPreferenceController
08-13 04:54:11.052  8663  8663 D PrefCtrlListHelper: Could not find Context-only controller for pref: com.android.settings.accessibility.VibrationPreferenceController
08-13 04:54:11.052  8663  8663 D PrefCtrlListHelper: Could not find Context-only controller for pref: com.android.settings.gestures.SystemNavigationPreferenceController
08-13 04:54:11.052  8663  8663 D PrefCtrlListHelper: Could not find Context-only controller for pref: com.android.settings.accessibility.LiveCaptionPreferenceController
08-13 04:54:11.052  8663  8663 D PrefCtrlListHelper: Could not find Context-only controller for pref: com.android.settings.accessibility.MasterMonoPreferenceController
08-13 04:54:11.052  8663  8663 D PrefCtrlListHelper: Could not find Context-only controller for pref: com.android.settings.accessibility.AccessibilityHearingAidPreferenceController
08-13 04:54:11.054  8663  8663 D PrefCtrlListHelper: Could not find Context-only controller for pref: com.android.settings.accessibility.RTTSettingPreferenceController
08-13 04:54:11.054  8663  8663 D PrefCtrlListHelper: Could not find Context-only controller for pref: com.android.settings.accessibility.CaptioningPreferenceController
08-13 04:54:11.054  8663  8663 D PrefCtrlListHelper: Could not find Context-only controller for pref: com.android.settings.accessibility.HighTextContrastPreferenceController
08-13 04:54:11.054  8663  8663 D PrefCtrlListHelper: Could not find Context-only controller for pref: com.android.settings.accessibility.DaltonizerPreferenceController
08-13 04:54:11.054  8663  8663 D PrefCtrlListHelper: Could not find Context-only controller for pref: com.android.settings.accessibility.ColorInversionPreferenceController
08-13 04:54:11.054  8663  8663 D PrefCtrlListHelper: Could not find Context-only controller for pref: com.android.settings.accessibility.AccessibilityShortcutPreferenceController
08-13 04:54:11.067   514   985 E UserRestrictionsUtils: Unknown restriction queried by uid 1000 (com.android.keychain et al): null
08-13 04:54:11.082  8663  8663 D AccessibilitySettings: NO dashboard tiles for AccessibilitySettings
08-13 04:54:11.082  8663  8663 D AccessibilitySettings: All preferences added, reporting fully drawn
08-13 04:54:11.083  8663  8663 D SettingsActivity: Executed frag manager pendingTransactions
08-13 04:54:11.335   514  4653 W cutils-trace: Truncated name in atrace_begin_body: monitor contention with owner Binder:514_7 (110) at int com.android.server.wm.WindowManagerService.relayoutWindow(com.android.server.wm.Session, android.view.IWindow, int, android.view.WindowManager$LayoutParams, int, int, int, int, long, android.graphics.Rect, android.graphics.Rect, android.graphics.Rect, android.graphics.Rect, android.graphics.Rect, android.view.DisplayCutout$ParcelableWrapper, android.util.MergedConfiguration, android.view.SurfaceControl, android.view.InsetsState, android.view.InsetsSourceControl[], android.graphics.Point, android.view.SurfaceControl)(WindowManagerService.java:2121) waiters=2 blocking from int com.android.server.wm.WindowManagerService.relayoutWindow(com.android.server.wm.Session, android.view.IWindow, int, android.view.WindowManager$LayoutParams, int, int, int, int, long, android.graphics.Rect, android.graphics.Rect, android.graphics.Rect, android.graphics.Rect, android.graphics.Rect, android.view.DisplayCutout$ParcelableWrapper, andr
08-13 04:54:11.419  8663  9102 D SettingsActivity: No enabled state changed, skipping updateCategory call
08-13 04:54:11.446   312   390 D goldfish-address-space: allocate: Ask for block of size 0x7e9000
08-13 04:54:11.446   312   390 D goldfish-address-space: allocate: ioctl allocate returned offset 0x3f78f6000 size 0x7ea000
