08-13 04:57:04.370   514   545 W ActivityManager: Slow operation: 81ms so far, now at startProcess: done updating battery stats
08-13 04:57:04.370   514   545 W ActivityManager: Slow operation: 81ms so far, now at startProcess: building log message
08-13 04:57:04.370   514   545 I ActivityManager: Start proc 11320:com.google.process.gapps/u0a105 for content provider {com.google.android.gsf/com.google.android.gsf.settings.GoogleSettingsProvider}
08-13 04:57:04.370   514   545 W ActivityManager: Slow operation: 81ms so far, now at startProcess: starting to update pids map
08-13 04:57:04.370   514   545 W ActivityManager: Slow operation: 81ms so far, now at startProcess: done updating pids map
08-13 04:57:04.394  4448  8540 I GmsCoreXrpcWrapper: Returning a channel provider with trafficStatsTag=12803 trafficStatsUid=-1
08-13 04:57:04.395 11223 11223 I BgTaskExecutorImpl: Starting EXCLUSIVE background task TNG_VOICE_SEARCH_SYNC.
08-13 04:57:04.458 11320 11320 I e.process.gapp: The ClassLoaderContext is a special shared library.
08-13 04:57:04.482 11320 11320 I e.process.gapp: The ClassLoaderContext is a special shared library.
08-13 04:57:04.507 11223 11301 I MicroDetectionWorker: Initializing MicroDataManager InitializeType-1, isForced-false, isActivePhoneEnrollment-false isActiveGoogleHomeEnrollment-false
08-13 04:57:04.511 11223 11301 I MicroDetectionState: Should stop hotword detection immediately - false
08-13 04:57:04.528 11223 11263 I MicroDataManager: Location for model with model type: 1 and locale: pt-BR, is : https://www.gstatic.com/android-search/hotword/okgoogle/rUTTMaeBt6YkxO4hSE__Xw/hotword.data
08-13 04:57:04.529   514  4442 I system_server: IncrementDisableThreadFlip blocked for 29.238ms
08-13 04:57:04.530   514  3664 D ConnectivityService: requestNetwork for uid/pid:10107/11223 NetworkRequest [ TRACK_DEFAULT id=81, [ Capabilities: INTERNET&NOT_RESTRICTED&TRUSTED Uid: 10107 AdministratorUids: [] RequestorUid: 10107 RequestorPackageName: com.google.android.googlequicksearchbox] ]
08-13 04:57:04.550   514   630 D ConnectivityService: NetReassign [81 : null  101]
08-13 04:57:04.554   514   626 D WifiNetworkFactory: got request NetworkRequest [ TRACK_DEFAULT id=81, [ Capabilities: INTERNET&NOT_RESTRICTED&TRUSTED Uid: 10107 AdministratorUids: [] RequestorUid: 10107 RequestorPackageName: com.google.android.googlequicksearchbox] ] with score 60 and providerId 3
08-13 04:57:04.554   514   626 D UntrustedWifiNetworkFactory: got request NetworkRequest [ TRACK_DEFAULT id=81, [ Capabilities: INTERNET&NOT_RESTRICTED&TRUSTED Uid: 10107 AdministratorUids: [] RequestorUid: 10107 RequestorPackageName: com.google.android.googlequicksearchbox] ] with score 60 and providerId 3
08-13 04:57:04.554   889   889 D PhoneSwitcherNetworkRequstListener: got request NetworkRequest [ TRACK_DEFAULT id=81, [ Capabilities: INTERNET&NOT_RESTRICTED&TRUSTED Uid: 10107 AdministratorUids: [] RequestorUid: 10107 RequestorPackageName: com.google.android.googlequicksearchbox] ] with score 60 and providerId 3
08-13 04:57:04.556   514   630 D ConnectivityService: NetReassign [no changes]
08-13 04:57:04.568   698   698 V KeyguardUpdateMonitor: onSubscriptionInfoChanged()
08-13 04:57:04.574   698   698 V KeyguardUpdateMonitor: SubInfo:{id=1 iccId=890141032[****] simSlotIndex=0 carrierId=1 displayName=T-Mobile carrierName=T-Mobile nameSource=3 iconTint=-16746133 number=[****] dataRoaming=0 iconBitmap=android.graphics.Bitmap@f584b1d mcc=310 mnc=260 countryIso=us isEmbedded=false nativeAccessRules=null cardString=890141032[****] cardId=-1 isOpportunistic=false groupUUID=null isGroupDisabled=false profileClass=-1 ehplmns=null hplmns=null subscriptionType=0 groupOwner=null carrierConfigAccessRules=null areUiccApplicationsEnabled=true}
08-13 04:57:04.574  4448  4448 D BoundBrokerSvc: onBind: Intent { act=com.google.android.gms.feedback.internal.IFeedbackService cmp=com.google.android.gms/.chimera.GmsBoundBrokerService }
08-13 04:57:04.574  4448  4448 D BoundBrokerSvc: Loading bound service for intent: Intent { act=com.google.android.gms.feedback.internal.IFeedbackService cmp=com.google.android.gms/.chimera.GmsBoundBrokerService }
08-13 04:57:04.578   889   889 D Telephony: isEmergencyPreferredAccount: subId=1, activeData=1
08-13 04:57:04.578   889   889 D Telephony: isEmergencyPreferredAccount: Device does not require preference.
08-13 04:57:04.580 11320 11320 D NetworkSecurityConfig: No Network Security Config specified, using platform default
08-13 04:57:04.580 11320 11320 D NetworkSecurityConfig: No Network Security Config specified, using platform default
08-13 04:57:04.616 11223 11301 I MicroDetectionState: Should stop hotword detection immediately - false
08-13 04:57:04.623  4448  8540 I Icing   : Usage reports ok 3, Failed Usage reports 0, indexed 0, rejected 0
08-13 04:57:04.637  4448  4507 I Icing   : IndexChimeraService.getServiceInterface callingPackage=com.google.android.gms componentName=null serviceId=30
08-13 04:57:04.648  4448  8540 I GmsCoreXrpcWrapper: Returning a channel provider with trafficStatsTag=12803 trafficStatsUid=-1
08-13 04:57:04.650   514   523 I system_server: Background young concurrent copying GC freed 428364(15MB) AllocSpace objects, 15(300KB) LOS objects, 43% free, 19MB/35MB, paused 28.500ms total 168.215ms
08-13 04:57:04.674 11223 11275 I MicroDataManager: MicroDataManager InitializationTask. googleHotwordData is null: true, hotwordModel is null: false , sourceLocationOfCurrentHotwordModel https://www.gstatic.com/android-search/hotword/okgoogle/rUTTMaeBt6YkxO4hSE__Xw/hotword.data
08-13 04:57:04.692 11223 11301 I TngMinusOneSync: Syncing TNG:-1
08-13 04:57:04.695 11223 11301 I TngVoiceSearchSync: Syncing TNG:VoiceSearch
08-13 04:57:04.699  4448  8540 I Icing   : Usage reports ok 0, Failed Usage reports 0, indexed 0, rejected 0
08-13 04:57:04.706 11223 11301 I MicroDetectionState: Should stop hotword detection immediately - false
08-13 04:57:04.749 11320 11320 I GoogleHttpClient: GMS http client unavailable, use old client
08-13 04:57:04.761 11223 11273 I cr_CronetLibraryLoader: Cronet version: 93.0.4542.0, arch: i686
08-13 04:57:04.829 11223 11223 I A       : Create FeedSyncConfig, background RefreshIntervalMinutes 1440, eagerlySchedulePeriodicFeedSync true, activeSessionTimeoutMinutes 60
08-13 04:57:04.875 11223 11223 I A       : Constructor was called
08-13 04:57:04.878 11223 11223 I A       : No savedInstanceState.
08-13 04:57:04.887 11223 11223 I A       : makeRequest: subscribing to new source
08-13 04:57:04.891 11223 11223 I A       : OnCreate Was Called
08-13 04:57:04.892 11223 11223 I A       : getMinusOnePromotion
08-13 04:57:04.906 11223 11313 I NotificationFullFlow: Step 8: NotificationFilterImpl:onEntryChange
08-13 04:57:05.025  1182  4443 I FontLog : Received query Google Sans:500, URI content://com.google.android.gms.fonts [CONTEXT service_id=132 ]
08-13 04:57:05.025  1182  4443 I FontLog : Query [Google Sans:500] resolved to {Google Sans, wdth 100.0, wght 500, ital 0.0, bestEffort false} [CONTEXT service_id=132 ]
08-13 04:57:05.028  1182  4443 I FontLog : Font PFD returned from cache for {Google Sans, wdth 100.0, wght 500, ital 0.0, bestEffort false} [CONTEXT service_id=132 ]
08-13 04:57:05.032  1182  4443 I FontLog : Fetch {Google Sans, wdth 100.0, wght 500, ital 0.0, bestEffort false} end status Status{statusCode=SUCCESS, resolution=null} [CONTEXT service_id=132 ]
08-13 04:57:05.038  1182  4443 I FontLog : Pulling font file for id = 18, cache size = 15 [CONTEXT service_id=132 ]
08-13 04:57:05.072 11223 11223 I A       : #enqueuePeriodicJob: running = [INVALID: format=%b, type=java.util.concurrent.atomic.AtomicBoolean, value=false]
08-13 04:57:05.106 11223 11275 I A       : FeedSyncWorker #periodicWorkSpec with schedule at time TimeUnitPair{duration=83908, timeUnit=SECONDS}
08-13 04:57:05.108 11223 11223 W A       : reportError [type: 29, code: 917507, bug: 149815953]: null
08-13 04:57:05.110 11223 11223 W A       : Empty Doodle image. DarkMode: false [CONTEXT bug_id=149815953 ]
08-13 04:57:05.118 11223 11223 I A       : loading data on surface MinusOne.
08-13 04:57:05.151 11223 11223 I A       : onApplyWindowInsets: systemWindowInsets=Insets{left=0, top=63, right=0, bottom=126}
08-13 04:57:05.152 11223 11223 I A       : onApplyWindowInsets: systemWindowInsets=Insets{left=0, top=63, right=0, bottom=126}
08-13 04:57:05.159 11223 11223 I A       : Setting recyclerBinder size to 1080, 1920
08-13 04:57:05.187  1182  2253 I FontLog : Received query Google Sans, URI content://com.google.android.gms.fonts [CONTEXT service_id=132 ]
08-13 04:57:05.187  1182  2253 I FontLog : Query [Google Sans] resolved to {Google Sans, wdth 100.0, wght 400, ital 0.0, bestEffort false} [CONTEXT service_id=132 ]
08-13 04:57:05.194  1182  2253 I FontLog : Font PFD returned from cache for {Google Sans, wdth 100.0, wght 400, ital 0.0, bestEffort false} [CONTEXT service_id=132 ]
08-13 04:57:05.194  1182  2253 I FontLog : Fetch {Google Sans, wdth 100.0, wght 400, ital 0.0, bestEffort false} end status Status{statusCode=SUCCESS, resolution=null} [CONTEXT service_id=132 ]
08-13 04:57:05.206  1182  2253 I FontLog : Pulling font file for id = 19, cache size = 12 [CONTEXT service_id=132 ]
08-13 04:57:05.222 11223 11271 I WM-GreedyScheduler: Ignoring schedule request in non-main process
08-13 04:57:05.241 11223 11313 W A       : Failed: remove geofences by PendingIntent
08-13 04:57:05.249  1182  2253 I FontLog : Received query Google Sans:500, URI content://com.google.android.gms.fonts [CONTEXT service_id=132 ]
08-13 04:57:05.250  1182  2253 I FontLog : Query [Google Sans:500] resolved to {Google Sans, wdth 100.0, wght 500, ital 0.0, bestEffort false} [CONTEXT service_id=132 ]
08-13 04:57:05.251  1182  2253 I FontLog : Font PFD returned from cache for {Google Sans, wdth 100.0, wght 500, ital 0.0, bestEffort false} [CONTEXT service_id=132 ]
08-13 04:57:05.251  1182  2253 I FontLog : Fetch {Google Sans, wdth 100.0, wght 500, ital 0.0, bestEffort false} end status Status{statusCode=SUCCESS, resolution=null} [CONTEXT service_id=132 ]
08-13 04:57:05.254  1182  2253 I FontLog : Pulling font file for id = 20, cache size = 13 [CONTEXT service_id=132 ]
08-13 04:57:05.256 11223 11271 I WM-GreedyScheduler: Ignoring schedule request in a secondary process
08-13 04:57:05.260 11223 11271 W LocationOracle: No location history returned by ContextManager
08-13 04:57:05.466 11223 11275 I A       : Created StreamSubTree successfully, items 10
08-13 04:57:05.466 11223 11275 I A       : RenderableStreamDataSource#loadData - sessionStatus(SUCCESS)
08-13 04:57:05.466 11223 11275 I A       : RenderableStreamDataSource#loadData - cacheHit
08-13 04:57:05.469 11223 11275 I A       : RenderableStreamDataSource#loadData - Future succeed, cache status: Cache hit
08-13 04:57:05.469 11223 11223 I A       : StreamFragmentPeer#onNewData called, renderable slices 12
08-13 04:57:05.623 11223 11223 I A       : #apply.
08-13 04:57:05.718 11223 11223 I A       : #apply.
08-13 04:57:05.752 11223 11223 W View    : requestLayout() improperly called by android.widget.FrameLayout{30dde7d V.E...... ......ID 0,0-1080,525 #7f0b0dc1 app:id/googleapp_discover_header_container} during layout: running second layout pass
08-13 04:57:06.094   514  2821 I ActivityTaskManager: START u0 {act=android.intent.action.MAIN cat=[android.intent.category.LAUNCHER] flg=0x10000000 cmp=com.example.gesturecapture/.MainActivity} from uid 2000
08-13 04:57:06.095   514   538 D EventSequenceValidator: Transition from ACTIVITY_FINISHED to INTENT_STARTED
08-13 04:57:06.104 11387 11389 I cmd     : oneway function results will be dropped but finished with status OK and parcel size 4
08-13 04:57:06.107   514  3457 W ActivityTaskManager: Tried to set launchTime (0) < mLastActivityLaunchTime (1898112)
08-13 04:57:06.108   514  3457 W InputReader: Device virtio_input_multi_touch_9 is associated with display ADISPLAY_ID_NONE.
08-13 04:57:06.108   514  3457 W InputReader: Device virtio_input_multi_touch_10 is associated with display ADISPLAY_ID_NONE.
08-13 04:57:06.108   514  3457 W InputReader: Device virtio_input_multi_touch_7 is associated with display ADISPLAY_ID_NONE.
08-13 04:57:06.108   514  3457 W InputReader: Device virtio_input_multi_touch_4 is associated with display ADISPLAY_ID_NONE.
08-13 04:57:06.109   514  3457 W InputReader: Device virtio_input_multi_touch_11 is associated with display ADISPLAY_ID_NONE.
08-13 04:57:06.109   514  3457 W InputReader: Device virtio_input_multi_touch_5 is associated with display ADISPLAY_ID_NONE.
08-13 04:57:06.109   514  3457 W InputReader: Device virtio_input_multi_touch_2 is associated with display ADISPLAY_ID_NONE.
08-13 04:57:06.109   514  3457 W InputReader: Device virtio_input_multi_touch_6 is associated with display ADISPLAY_ID_NONE.
08-13 04:57:06.109   514  3457 W InputReader: Device virtio_input_multi_touch_3 is associated with display ADISPLAY_ID_NONE.
08-13 04:57:06.109   514  3457 W InputReader: Device virtio_input_multi_touch_8 is associated with display ADISPLAY_ID_NONE.
08-13 04:57:06.110   514  3457 W InputReader: Device virtio_input_multi_touch_9 is associated with display ADISPLAY_ID_NONE.
08-13 04:57:06.110   514  3457 W InputReader: Device virtio_input_multi_touch_10 is associated with display ADISPLAY_ID_NONE.
08-13 04:57:06.110   514  3457 W InputReader: Device virtio_input_multi_touch_7 is associated with display ADISPLAY_ID_NONE.
08-13 04:57:06.110   514  3457 W InputReader: Device virtio_input_multi_touch_4 is associated with display ADISPLAY_ID_NONE.
08-13 04:57:06.110   514  3457 W InputReader: Device virtio_input_multi_touch_11 is associated with display ADISPLAY_ID_NONE.
08-13 04:57:06.110   514  3457 W InputReader: Device virtio_input_multi_touch_5 is associated with display ADISPLAY_ID_NONE.
08-13 04:57:06.110   514  3457 W InputReader: Device virtio_input_multi_touch_2 is associated with display ADISPLAY_ID_NONE.
08-13 04:57:06.110   514  3457 W InputReader: Device virtio_input_multi_touch_6 is associated with display ADISPLAY_ID_NONE.
08-13 04:57:06.110   514  3457 W InputReader: Device virtio_input_multi_touch_3 is associated with display ADISPLAY_ID_NONE.
08-13 04:57:06.110   514  3457 W InputReader: Device virtio_input_multi_touch_8 is associated with display ADISPLAY_ID_NONE.
08-13 04:57:06.131   514   538 D EventSequenceValidator: Transition from INTENT_STARTED to ACTIVITY_LAUNCHED
08-13 04:57:06.152   312   390 D goldfish-address-space: allocate: Ask for block of size 0x7e9000
08-13 04:57:06.152   312   390 D goldfish-address-space: allocate: ioctl allocate returned offset 0x3f78f6000 size 0x7ea000
08-13 04:57:06.194   514  3457 I ActivityTaskManager: START u0 {act=android.settings.ACCESSIBILITY_SETTINGS cmp=com.android.settings/.Settings$AccessibilitySettingsActivity} from uid 10155
08-13 04:57:06.233   514  3457 W ActivityTaskManager: Tried to set launchTime (0) < mLastActivityLaunchTime (1898228)
08-13 04:57:06.234   514  3457 W InputReader: Device virtio_input_multi_touch_9 is associated with display ADISPLAY_ID_NONE.
08-13 04:57:06.234   514  3457 W InputReader: Device virtio_input_multi_touch_10 is associated with display ADISPLAY_ID_NONE.
08-13 04:57:06.234   514  3457 W InputReader: Device virtio_input_multi_touch_7 is associated with display ADISPLAY_ID_NONE.
08-13 04:57:06.234   514  3457 W InputReader: Device virtio_input_multi_touch_4 is associated with display ADISPLAY_ID_NONE.
08-13 04:57:06.234   514  3457 W InputReader: Device virtio_input_multi_touch_11 is associated with display ADISPLAY_ID_NONE.
08-13 04:57:06.234   514  3457 W InputReader: Device virtio_input_multi_touch_5 is associated with display ADISPLAY_ID_NONE.
08-13 04:57:06.234   514  3457 W InputReader: Device virtio_input_multi_touch_2 is associated with display ADISPLAY_ID_NONE.
08-13 04:57:06.234   514  3457 W InputReader: Device virtio_input_multi_touch_6 is associated with display ADISPLAY_ID_NONE.
08-13 04:57:06.234   514  3457 W InputReader: Device virtio_input_multi_touch_3 is associated with display ADISPLAY_ID_NONE.
08-13 04:57:06.234   514  3457 W InputReader: Device virtio_input_multi_touch_8 is associated with display ADISPLAY_ID_NONE.
08-13 04:57:06.234   514  3457 W InputReader: Device virtio_input_multi_touch_9 is associated with display ADISPLAY_ID_NONE.
08-13 04:57:06.234   514  3457 W InputReader: Device virtio_input_multi_touch_10 is associated with display ADISPLAY_ID_NONE.
08-13 04:57:06.234   514  3457 W InputReader: Device virtio_input_multi_touch_7 is associated with display ADISPLAY_ID_NONE.
08-13 04:57:06.234   514  3457 W InputReader: Device virtio_input_multi_touch_4 is associated with display ADISPLAY_ID_NONE.
08-13 04:57:06.234   514  3457 W InputReader: Device virtio_input_multi_touch_11 is associated with display ADISPLAY_ID_NONE.
08-13 04:57:06.234   514  3457 W InputReader: Device virtio_input_multi_touch_5 is associated with display ADISPLAY_ID_NONE.
08-13 04:57:06.234   514  3457 W InputReader: Device virtio_input_multi_touch_2 is associated with display ADISPLAY_ID_NONE.
08-13 04:57:06.234   514  3457 W InputReader: Device virtio_input_multi_touch_6 is associated with display ADISPLAY_ID_NONE.
08-13 04:57:06.234   514  3457 W InputReader: Device virtio_input_multi_touch_3 is associated with display ADISPLAY_ID_NONE.
08-13 04:57:06.234   514  3457 W InputReader: Device virtio_input_multi_touch_8 is associated with display ADISPLAY_ID_NONE.
08-13 04:57:06.294   312   390 D goldfish-address-space: allocate: Ask for block of size 0x7e9000
08-13 04:57:06.295   312   390 D goldfish-address-space: allocate: ioctl allocate returned offset 0x3f710c000 size 0x7ea000
08-13 04:57:06.296  8663  8663 E ndroid.setting: Invalid ID 0x00000000.
08-13 04:57:06.305  8663  8663 D SettingsActivity: Starting onCreate
08-13 04:57:06.314   312   390 D goldfish-address-space: allocate: Ask for block of size 0x7e9000
08-13 04:57:06.315   312   390 D goldfish-address-space: allocate: ioctl allocate returned offset 0x3f6922000 size 0x7ea000
08-13 04:57:06.332   312   393 D goldfish-address-space: allocate: Ask for block of size 0x7e9000
08-13 04:57:06.332   312   393 D goldfish-address-space: allocate: ioctl allocate returned offset 0x3f6138000 size 0x7ea000
08-13 04:57:06.343   312   312 D goldfish-address-space: allocate: Ask for block of size 0x7e9000
08-13 04:57:06.344   312   312 D goldfish-address-space: allocate: ioctl allocate returned offset 0x3f594e000 size 0x7ea000
08-13 04:57:06.354  8663  8663 D SettingsActivity: Starting to set activity title
08-13 04:57:06.354  8663  8663 D SettingsActivity: Done setting title
08-13 04:57:06.354  8663  8663 D SettingsActivity: Switching to fragment com.android.settings.accessibility.AccessibilitySettings
08-13 04:57:06.365  8663  8663 D PrefCtrlListHelper: Could not find Context-only controller for pref: com.android.settings.language.TtsPreferenceController
08-13 04:57:06.365  8663  8663 D PrefCtrlListHelper: Could not find Context-only controller for pref: com.android.settings.display.FontSizePreferenceController
08-13 04:57:06.366  8663  8663 D PrefCtrlListHelper: Could not find Context-only controller for pref: com.android.settings.display.DarkUIPreferenceController
08-13 04:57:06.389  8663  8663 D PrefCtrlListHelper: Could not find Context-only controller for pref: com.android.settings.accessibility.MagnificationPreferenceController
08-13 04:57:06.389  8663  8663 D PrefCtrlListHelper: Could not find Context-only controller for pref: com.android.settings.accessibility.LargePointerIconPreferenceController
08-13 04:57:06.389  8663  8663 D PrefCtrlListHelper: Could not find Context-only controller for pref: com.android.settings.accessibility.DisableAnimationsPreferenceController
08-13 04:57:06.390  8663  8663 D PrefCtrlListHelper: Could not find Context-only controller for pref: com.android.settings.accessibility.AutoclickPreferenceController
08-13 04:57:06.390  8663  8663 D PrefCtrlListHelper: Could not find Context-only controller for pref: com.android.settings.accessibility.PowerButtonEndsCallPreferenceController
08-13 04:57:06.390  8663  8663 D PrefCtrlListHelper: Could not find Context-only controller for pref: com.android.settings.accessibility.LockScreenRotationPreferenceController
08-13 04:57:06.390  8663  8663 D PrefCtrlListHelper: Could not find Context-only controller for pref: com.android.settings.accessibility.SelectLongPressTimeoutPreferenceController
08-13 04:57:06.390  8663  8663 D PrefCtrlListHelper: Could not find Context-only controller for pref: com.android.settings.accessibility.AccessibilityTimeoutPreferenceController
08-13 04:57:06.390  8663  8663 D PrefCtrlListHelper: Could not find Context-only controller for pref: com.android.settings.accessibility.VibrationPreferenceController
08-13 04:57:06.391  8663  8663 D PrefCtrlListHelper: Could not find Context-only controller for pref: com.android.settings.gestures.SystemNavigationPreferenceController
08-13 04:57:06.391  8663  8663 D PrefCtrlListHelper: Could not find Context-only controller for pref: com.android.settings.accessibility.LiveCaptionPreferenceController
08-13 04:57:06.391  8663  8663 D PrefCtrlListHelper: Could not find Context-only controller for pref: com.android.settings.accessibility.MasterMonoPreferenceController
08-13 04:57:06.392  8663  8663 D PrefCtrlListHelper: Could not find Context-only controller for pref: com.android.settings.accessibility.AccessibilityHearingAidPreferenceController
08-13 04:57:06.392  8663  8663 D PrefCtrlListHelper: Could not find Context-only controller for pref: com.android.settings.accessibility.RTTSettingPreferenceController
08-13 04:57:06.393  8663  8663 D PrefCtrlListHelper: Could not find Context-only controller for pref: com.android.settings.accessibility.CaptioningPreferenceController
08-13 04:57:06.393  8663  8663 D PrefCtrlListHelper: Could not find Context-only controller for pref: com.android.settings.accessibility.HighTextContrastPreferenceController
08-13 04:57:06.393  8663  8663 D PrefCtrlListHelper: Could not find Context-only controller for pref: com.android.settings.accessibility.DaltonizerPreferenceController
08-13 04:57:06.393  8663  8663 D PrefCtrlListHelper: Could not find Context-only controller for pref: com.android.settings.accessibility.ColorInversionPreferenceController
08-13 04:57:06.393  8663  8663 D PrefCtrlListHelper: Could not find Context-only controller for pref: com.android.settings.accessibility.AccessibilityShortcutPreferenceController
08-13 04:57:06.396  8663  8686 I ndroid.setting: Waiting for a blocking GC ProfileSaver
08-13 04:57:06.399   514  4653 E UserRestrictionsUtils: Unknown restriction queried by uid 1000 (com.android.keychain et al): null
08-13 04:57:06.412  8663  8663 D AccessibilitySettings: NO dashboard tiles for AccessibilitySettings
08-13 04:57:06.412  8663  8663 D AccessibilitySettings: All preferences added, reporting fully drawn
08-13 04:57:06.413  8663  8663 D SettingsActivity: Executed frag manager pendingTransactions
08-13 04:57:06.588  8663  8686 I ndroid.setting: WaitForGcToComplete blocked ProfileSaver on HeapTrim for 191.787ms
08-13 04:57:06.590  1225  1260 I PeriodicStatsRunner: PeriodicStatsRunner.call():180 call()
08-13 04:57:06.591  1225  1260 I PeriodicStatsRunner: PeriodicStatsRunner.call():184 No submit PeriodicStats since input started.
08-13 04:57:06.798   514  4653 W cutils-trace: Truncated name in atrace_begin_body: monitor contention with owner Binder:514_1E (134) at int com.android.server.wm.WindowManagerService.relayoutWindow(com.android.server.wm.Session, android.view.IWindow, int, android.view.WindowManager$LayoutParams, int, int, int, int, long, android.graphics.Rect, android.graphics.Rect, android.graphics.Rect, android.graphics.Rect, android.graphics.Rect, android.view.DisplayCutout$ParcelableWrapper, android.util.MergedConfiguration, android.view.SurfaceControl, android.view.InsetsState, android.view.InsetsSourceControl[], android.graphics.Point, android.view.SurfaceControl)(WindowManagerService.java:2121) waiters=1 blocking from int com.android.server.wm.WindowManagerService.relayoutWindow(com.android.server.wm.Session, android.view.IWindow, int, android.view.WindowManager$LayoutParams, int, int, int, int, long, android.graphics.Rect, android.graphics.Rect, android.graphics.Rect, android.graphics.Rect, android.graphics.Rect, android.view.DisplayCutout$ParcelableWrapper, and
08-13 04:57:06.919   312   393 D goldfish-address-space: allocate: Ask for block of size 0x7e9000
08-13 04:57:06.919   312   393 D goldfish-address-space: allocate: ioctl allocate returned offset 0x3fd85a000 size 0x7ea000
08-13 04:57:06.939  8663 11397 D SettingsActivity: No enabled state changed, skipping updateCategory call
08-13 04:57:06.974   312   393 D goldfish-address-space: allocate: Ask for block of size 0x7e9000
08-13 04:57:06.974   312   393 D goldfish-address-space: allocate: ioctl allocate returned offset 0x3fd070000 size 0x7ea000
08-13 04:57:06.988   312   393 D goldfish-address-space: allocate: Ask for block of size 0x7e9000
08-13 04:57:06.988   312   393 D goldfish-address-space: allocate: ioctl allocate returned offset 0x3fa91e000 size 0x7ea000
08-13 04:57:07.097   514   538 D EventSequenceValidator: Transition from ACTIVITY_LAUNCHED to ACTIVITY_FINISHED
08-13 04:57:07.102   514   543 D ArtManagerInternalImpl: /data/misc/iorapd/com.android.settings/30/com.android.settings.Settings$AccessibilitySettingsActivity/compiled_traces/compiled_trace.pb doesn't exist
08-13 04:57:07.104   514   543 I ActivityTaskManager: Displayed com.android.settings/.Settings$AccessibilitySettingsActivity: +1s0ms
08-13 04:57:07.194  8385  8400 I mit.droidbotap: Background young concurrent copying GC freed 17842(777KB) AllocSpace objects, 40(940KB) LOS objects, 35% free, 2531KB/3917KB, paused 19.071ms total 43.531ms
08-13 04:57:07.218 11223 11284 I PBSessionCacheImpl: Deleted sessionId[49360904824743669] from persistence.
08-13 04:57:07.402 11223 11301 W SearchServiceCore: Abort, client detached.
08-13 04:57:07.409 11223 11301 I MicroDetectionState: Should stop hotword detection immediately - false
08-13 04:57:08.792  1225  1260 I PeriodicStatsRunner: PeriodicStatsRunner.call():180 call()
08-13 04:57:08.793  1225  1260 I PeriodicStatsRunner: PeriodicStatsRunner.call():184 No submit PeriodicStats since input started.
08-13 04:57:09.529 11223 11223 V ClearcutMetricXmitter: Transmission is done.
08-13 04:57:09.562 11320 11341 I e.process.gapp: Waiting for a blocking GC ProfileSaver
08-13 04:57:09.680 11223 11273 I FirebaseApp: Device unlocked: initializing all Firebase APIs for app [DEFAULT]
08-13 04:57:09.704 11223 11421 I DynamiteModule: Considering local module com.google.android.gms.measurement.dynamite:51 and remote module com.google.android.gms.measurement.dynamite:51
08-13 04:57:09.704 11223 11421 I DynamiteModule: Selected remote version of com.google.android.gms.measurement.dynamite, version >= 51
08-13 04:57:09.704 11223 11421 V DynamiteModule: Dynamite loader version >= 2, using loadModule2NoCrashUtils
08-13 04:57:09.926 11223 11426 I FA      : App measurement initialized, version: 42020
08-13 04:57:09.926 11223 11426 I FA      : To enable debug logging run: adb shell setprop log.tag.FA VERBOSE
08-13 04:57:09.926 11223 11426 I FA      : To enable faster debug mode event logging run:
08-13 04:57:09.926 11223 11426 I FA      :   adb shell setprop debug.firebase.analytics.app com.google.android.googlequicksearchbox
08-13 04:57:09.971  4448  4448 D BoundBrokerSvc: onBind: Intent { act=com.google.android.gms.measurement.START pkg=com.google.android.gms }
08-13 04:57:09.972  4448  4448 D BoundBrokerSvc: Loading bound service for intent: Intent { act=com.google.android.gms.measurement.START pkg=com.google.android.gms }
08-13 04:57:12.180  1225  1260 I PeriodicStatsRunner: PeriodicStatsRunner.call():180 call()
08-13 04:57:12.180  1225  1260 I PeriodicStatsRunner: PeriodicStatsRunner.call():184 No submit PeriodicStats since input started.
08-13 04:57:14.219   514   525 W System  : A resource failed to call release. 
08-13 04:57:15.371 11455 11455 D AndroidRuntime: >>>>>> START com.android.internal.os.RuntimeInit uid 2000 <<<<<<
08-13 04:57:15.382 11455 11455 E libc    : Access denied finding property "persist.device_config.runtime_native_boot.profilebootclasspath"
08-13 04:57:15.382 11455 11455 E libc    : Access denied finding property "persist.device_config.runtime_native_boot.enable_apex_image"
08-13 04:57:15.382 11455 11455 I AndroidRuntime: Using default boot image
08-13 04:57:15.383 11455 11455 E libc    : Access denied finding property "persist.device_config.runtime_native_boot.disable_lock_profiling"
08-13 04:57:15.383 11455 11455 I AndroidRuntime: Leaving lock profiling enabled
08-13 04:57:15.383 11455 11455 E libc    : Access denied finding property "persist.device_config.runtime_native_boot.enable_generational_cc"
08-13 04:57:15.387 11455 11455 W app_process: Could not reserve sentinel fault page
08-13 04:57:15.380 11455 11455 W app_process: type=1400 audit(0.0:644): avc: denied { read } for name="u:object_r:device_config_runtime_native_boot_prop:s0" dev="tmpfs" ino=8294 scontext=u:r:shell:s0 tcontext=u:object_r:device_config_runtime_native_boot_prop:s0 tclass=file permissive=0
08-13 04:57:15.510 11455 11455 D app_process: Time zone APEX ICU file found: /apex/com.android.tzdata/etc/icu/icu_tzdata.dat
08-13 04:57:15.510 11455 11455 D app_process: I18n APEX ICU file found: /apex/com.android.i18n/etc/icu/icudt66l.dat
08-13 04:57:15.522 11455 11455 W app_process: Unexpected CPU variant for X86 using defaults: x86
08-13 04:57:15.524 11455 11455 I app_process: The ClassLoaderContext is a special shared library.
08-13 04:57:15.543 11455 11455 W app_process: JNI RegisterNativeMethods: attempt to register 0 native methods for android.media.AudioAttributes
08-13 04:57:15.551 11455 11455 D AndroidRuntime: Calling main entry com.android.commands.input.Input
08-13 04:57:15.561   514   536 E RemoteAugmentedAutofillService: Bad service name for flags 1048704: com.google.android.as/com.google.android.apps.miphone.aiai.app.AiAiAugmentedAutofillService
08-13 04:57:15.566   312   393 D goldfish-address-space: allocate: Ask for block of size 0x510000
08-13 04:57:15.567   312   393 D goldfish-address-space: allocate: ioctl allocate returned offset 0x3f8ba3000 size 0x511000
08-13 04:57:15.595 11455 11455 D AndroidRuntime: Shutting down VM
08-13 04:57:15.599   514  5008 D HostConnection: HostConnection::get() New Host Connection established 0xb796b7b0, tid 5008
08-13 04:57:15.601   514  2821 W InputReader: Device virtio_input_multi_touch_9 is associated with display ADISPLAY_ID_NONE.
08-13 04:57:15.601   514  2821 W InputReader: Device virtio_input_multi_touch_10 is associated with display ADISPLAY_ID_NONE.
08-13 04:57:15.601   514  2821 W InputReader: Device virtio_input_multi_touch_7 is associated with display ADISPLAY_ID_NONE.
08-13 04:57:15.601   514  2821 W InputReader: Device virtio_input_multi_touch_4 is associated with display ADISPLAY_ID_NONE.
08-13 04:57:15.601   514  2821 W InputReader: Device virtio_input_multi_touch_11 is associated with display ADISPLAY_ID_NONE.
08-13 04:57:15.601   514  2821 W InputReader: Device virtio_input_multi_touch_5 is associated with display ADISPLAY_ID_NONE.
08-13 04:57:15.601   514  2821 W InputReader: Device virtio_input_multi_touch_2 is associated with display ADISPLAY_ID_NONE.
08-13 04:57:15.601   514  2821 W InputReader: Device virtio_input_multi_touch_6 is associated with display ADISPLAY_ID_NONE.
08-13 04:57:15.601   514  2821 W InputReader: Device virtio_input_multi_touch_3 is associated with display ADISPLAY_ID_NONE.
08-13 04:57:15.601   514  2821 W InputReader: Device virtio_input_multi_touch_8 is associated with display ADISPLAY_ID_NONE.
08-13 04:57:15.602   514  2821 W InputReader: Device virtio_input_multi_touch_9 is associated with display ADISPLAY_ID_NONE.
08-13 04:57:15.602   514  2821 W InputReader: Device virtio_input_multi_touch_10 is associated with display ADISPLAY_ID_NONE.
08-13 04:57:15.602   514  2821 W InputReader: Device virtio_input_multi_touch_7 is associated with display ADISPLAY_ID_NONE.
08-13 04:57:15.602   514  2821 W InputReader: Device virtio_input_multi_touch_4 is associated with display ADISPLAY_ID_NONE.
08-13 04:57:15.602   514  2821 W InputReader: Device virtio_input_multi_touch_11 is associated with display ADISPLAY_ID_NONE.
08-13 04:57:15.602   514  2821 W InputReader: Device virtio_input_multi_touch_5 is associated with display ADISPLAY_ID_NONE.
08-13 04:57:15.602   514  2821 W InputReader: Device virtio_input_multi_touch_2 is associated with display ADISPLAY_ID_NONE.
08-13 04:57:15.602   514  2821 W InputReader: Device virtio_input_multi_touch_6 is associated with display ADISPLAY_ID_NONE.
08-13 04:57:15.602   514  2821 W InputReader: Device virtio_input_multi_touch_3 is associated with display ADISPLAY_ID_NONE.
08-13 04:57:15.602   514  2821 W InputReader: Device virtio_input_multi_touch_8 is associated with display ADISPLAY_ID_NONE.
08-13 04:57:15.606   514  5008 D HostConnection: HostComposition ext ANDROID_EMU_CHECKSUM_HELPER_v1 ANDROID_EMU_native_sync_v2 ANDROID_EMU_native_sync_v3 ANDROID_EMU_native_sync_v4 ANDROID_EMU_dma_v1 ANDROID_EMU_direct_mem ANDROID_EMU_host_composition_v1 ANDROID_EMU_host_composition_v2 ANDROID_EMU_YUV_Cache ANDROID_EMU_async_unmap_buffer GL_OES_vertex_array_object GL_KHR_texture_compression_astc_ldr ANDROID_EMU_gles_max_version_2 
08-13 04:57:15.610   514  5008 W OpenGLRenderer: Failed to choose config with EGL_SWAP_BEHAVIOR_PRESERVED, retrying without...
08-13 04:57:15.640   514  5008 D EGL_emulation: eglCreateContext: 0xf597ced0: maj 2 min 0 rcv 2
08-13 04:57:15.654   312   393 D goldfish-address-space: allocate: Ask for block of size 0x7e9000
08-13 04:57:15.654   312   393 D goldfish-address-space: allocate: ioctl allocate returned offset 0x3fa134000 size 0x7ea000
08-13 04:57:15.668   514  5008 D EGL_emulation: eglMakeCurrent: 0xf597ced0: ver 2 0 (tinfo 0xabbf79d0) (first time)
08-13 04:57:15.678   312   393 D goldfish-address-space: allocate: Ask for block of size 0x7e9000
08-13 04:57:15.678   312   393 D goldfish-address-space: allocate: ioctl allocate returned offset 0x3fb8f2000 size 0x7ea000
08-13 04:57:15.694   312   312 D goldfish-address-space: allocate: Ask for block of size 0x7e9000
08-13 04:57:15.694   312   312 D goldfish-address-space: allocate: ioctl allocate returned offset 0x3fb108000 size 0x7ea000
08-13 04:57:15.713  1047  1060 I s.nexuslaunche: NativeAlloc concurrent copying GC freed 19161(864KB) AllocSpace objects, 0(0B) LOS objects, 49% free, 4151KB/8303KB, paused 1.208ms total 116.519ms
08-13 04:57:15.723  1047  1062 W System  : A resource failed to call release. 
08-13 04:57:15.724  1047  1062 I chatty  : uid=10136(com.google.android.apps.nexuslauncher) FinalizerDaemon identical 1 line
08-13 04:57:15.728  1047  1062 W System  : A resource failed to call release. 
08-13 04:57:18.140  4448  4448 D BoundBrokerSvc: onUnbind: Intent { act=com.google.android.gms.facs.internal.service.START cmp=com.google.android.gms/.chimera.GmsInternalApiService }
08-13 04:57:18.533   195   200 E android.system.suspend@1.0-service: Error opening kernel wakelock stats for: wakeup34: Permission denied
08-13 04:57:18.532   195   195 W Binder:195_2: type=1400 audit(0.0:648): avc: denied { read } for name="wakeup34" dev="sysfs" ino=18252 scontext=u:r:system_suspend:s0 tcontext=u:object_r:sysfs:s0 tclass=dir permissive=0
08-13 04:57:18.546   195   200 E android.system.suspend@1.0-service: Error opening kernel wakelock stats for: wakeup35: Permission denied
08-13 04:57:18.544   195   195 W Binder:195_2: type=1400 audit(0.0:649): avc: denied { read } for name="wakeup35" dev="sysfs" ino=18312 scontext=u:r:system_suspend:s0 tcontext=u:object_r:sysfs:s0 tclass=dir permissive=0
08-13 04:57:19.647  4448  4448 D BoundBrokerSvc: onUnbind: Intent { act=com.google.android.gms.feedback.internal.IFeedbackService cmp=com.google.android.gms/.chimera.GmsBoundBrokerService }
08-13 04:57:19.811 11520 11522 I cmd     : oneway function results will be dropped but finished with status OK and parcel size 4
08-13 04:57:20.089  4448  4448 D BoundBrokerSvc: onUnbind: Intent { act=com.google.android.gms.measurement.START pkg=com.google.android.gms }
08-13 04:57:20.313 11535 11537 I cmd     : oneway function results will be dropped but finished with status OK and parcel size 4
08-13 04:57:20.925 11550 11552 I cmd     : oneway function results will be dropped but finished with status OK and parcel size 4
08-13 04:57:20.927  1225  1260 I PeriodicStatsRunner: PeriodicStatsRunner.call():180 call()
08-13 04:57:20.927  1225  1260 I PeriodicStatsRunner: PeriodicStatsRunner.call():184 No submit PeriodicStats since input started.
08-13 04:57:21.530 11562 11562 D AndroidRuntime: >>>>>> START com.android.internal.os.RuntimeInit uid 2000 <<<<<<
08-13 04:57:21.534 11562 11562 E libc    : Access denied finding property "persist.device_config.runtime_native_boot.profilebootclasspath"
08-13 04:57:21.534 11562 11562 E libc    : Access denied finding property "persist.device_config.runtime_native_boot.enable_apex_image"
08-13 04:57:21.534 11562 11562 I AndroidRuntime: Using default boot image
08-13 04:57:21.534 11562 11562 E libc    : Access denied finding property "persist.device_config.runtime_native_boot.disable_lock_profiling"
08-13 04:57:21.534 11562 11562 I AndroidRuntime: Leaving lock profiling enabled
08-13 04:57:21.535 11562 11562 E libc    : Access denied finding property "persist.device_config.runtime_native_boot.enable_generational_cc"
08-13 04:57:21.539 11562 11562 W app_process: Could not reserve sentinel fault page
08-13 04:57:21.532 11562 11562 W app_process: type=1400 audit(0.0:650): avc: denied { read } for name="u:object_r:device_config_runtime_native_boot_prop:s0" dev="tmpfs" ino=8294 scontext=u:r:shell:s0 tcontext=u:object_r:device_config_runtime_native_boot_prop:s0 tclass=file permissive=0
08-13 04:57:21.674 11562 11562 D app_process: Time zone APEX ICU file found: /apex/com.android.tzdata/etc/icu/icu_tzdata.dat
08-13 04:57:21.674 11562 11562 D app_process: I18n APEX ICU file found: /apex/com.android.i18n/etc/icu/icudt66l.dat
08-13 04:57:21.682 11562 11562 W app_process: Unexpected CPU variant for X86 using defaults: x86
08-13 04:57:21.685 11562 11562 I app_process: The ClassLoaderContext is a special shared library.
08-13 04:57:21.707 11562 11562 W app_process: JNI RegisterNativeMethods: attempt to register 0 native methods for android.media.AudioAttributes
08-13 04:57:21.715 11562 11562 D AndroidRuntime: Calling main entry com.android.commands.input.Input
08-13 04:57:21.927 11562 11562 D AndroidRuntime: Shutting down VM
08-13 04:57:21.956   341   482 D AF::Track: interceptBuffer: took 1268us to intercept 0 tracks
08-13 04:57:22.035   312   312 D goldfish-address-space: allocate: Ask for block of size 0x31c5c0
08-13 04:57:22.035   312   312 D goldfish-address-space: allocate: ioctl allocate returned offset 0x3fcb56000 size 0x31e000
08-13 04:57:22.048   312   312 D goldfish-address-space: allocate: Ask for block of size 0x31c5c0
08-13 04:57:22.048   312   312 D goldfish-address-space: allocate: ioctl allocate returned offset 0x3f92a7000 size 0x31e000
08-13 04:57:22.057   312   312 D goldfish-address-space: allocate: Ask for block of size 0x31c5c0
08-13 04:57:22.057   312   312 D goldfish-address-space: allocate: ioctl allocate returned offset 0x3f9e16000 size 0x31e000
08-13 04:57:24.692 11223 11301 I WorkerManager: dispose()
08-13 04:57:24.697 11223 11301 W A       : Queue length for executor EventBus is now 11. Perhaps some tasks are too long, or the pool is too small.
08-13 04:57:26.068 11632 11634 I cmd     : oneway function results will be dropped but finished with status OK and parcel size 4
08-13 04:57:26.571 11647 11649 I cmd     : oneway function results will be dropped but finished with status OK and parcel size 4
08-13 04:57:27.082 11662 11664 I cmd     : oneway function results will be dropped but finished with status OK and parcel size 4
08-13 04:57:27.155  1225  1260 I PeriodicStatsRunner: PeriodicStatsRunner.call():180 call()
08-13 04:57:27.156  1225  1260 I PeriodicStatsRunner: PeriodicStatsRunner.call():184 No submit PeriodicStats since input started.
08-13 04:57:27.668 11674 11674 D AndroidRuntime: >>>>>> START com.android.internal.os.RuntimeInit uid 2000 <<<<<<
08-13 04:57:27.671 11674 11674 E libc    : Access denied finding property "persist.device_config.runtime_native_boot.profilebootclasspath"
08-13 04:57:27.672 11674 11674 E libc    : Access denied finding property "persist.device_config.runtime_native_boot.enable_apex_image"
08-13 04:57:27.672 11674 11674 I AndroidRuntime: Using default boot image
08-13 04:57:27.672 11674 11674 E libc    : Access denied finding property "persist.device_config.runtime_native_boot.disable_lock_profiling"
08-13 04:57:27.672 11674 11674 I AndroidRuntime: Leaving lock profiling enabled
08-13 04:57:27.672 11674 11674 E libc    : Access denied finding property "persist.device_config.runtime_native_boot.enable_generational_cc"
08-13 04:57:27.668 11674 11674 W app_process: type=1400 audit(0.0:654): avc: denied { read } for name="u:object_r:device_config_runtime_native_boot_prop:s0" dev="tmpfs" ino=8294 scontext=u:r:shell:s0 tcontext=u:object_r:device_config_runtime_native_boot_prop:s0 tclass=file permissive=0
08-13 04:57:27.789 11674 11674 D app_process: Time zone APEX ICU file found: /apex/com.android.tzdata/etc/icu/icu_tzdata.dat
08-13 04:57:27.789 11674 11674 D app_process: I18n APEX ICU file found: /apex/com.android.i18n/etc/icu/icudt66l.dat
08-13 04:57:27.795 11674 11674 W app_process: Unexpected CPU variant for X86 using defaults: x86
08-13 04:57:27.798 11674 11674 I app_process: The ClassLoaderContext is a special shared library.
08-13 04:57:27.815 11674 11674 W app_process: JNI RegisterNativeMethods: attempt to register 0 native methods for android.media.AudioAttributes
08-13 04:57:27.822 11674 11674 D AndroidRuntime: Calling main entry com.android.commands.input.Input
08-13 04:57:28.028 11674 11674 D AndroidRuntime: Shutting down VM
08-13 04:57:28.316  8015  8027 W droid.apps.doc: Reducing the number of considered missed Gc histogram windows from 124 to 100
08-13 04:57:30.659   514   525 W System  : A resource failed to call release. 
08-13 04:57:30.659   514   525 W System  : A resource failed to call release. 
08-13 04:57:32.023 11736 11738 I cmd     : oneway function results will be dropped but finished with status OK and parcel size 4
08-13 04:57:32.529 11751 11753 I cmd     : oneway function results will be dropped but finished with status OK and parcel size 4
08-13 04:57:33.032 11766 11768 I cmd     : oneway function results will be dropped but finished with status OK and parcel size 4
08-13 04:57:33.606 11778 11778 D AndroidRuntime: >>>>>> START com.android.internal.os.RuntimeInit uid 2000 <<<<<<
08-13 04:57:33.608 11778 11778 E libc    : Access denied finding property "persist.device_config.runtime_native_boot.profilebootclasspath"
08-13 04:57:33.609 11778 11778 E libc    : Access denied finding property "persist.device_config.runtime_native_boot.enable_apex_image"
08-13 04:57:33.609 11778 11778 I AndroidRuntime: Using default boot image
08-13 04:57:33.609 11778 11778 E libc    : Access denied finding property "persist.device_config.runtime_native_boot.disable_lock_profiling"
08-13 04:57:33.609 11778 11778 I AndroidRuntime: Leaving lock profiling enabled
08-13 04:57:33.609 11778 11778 E libc    : Access denied finding property "persist.device_config.runtime_native_boot.enable_generational_cc"
08-13 04:57:33.611 11778 11778 W app_process: Could not reserve sentinel fault page
08-13 04:57:33.608 11778 11778 W app_process: type=1400 audit(0.0:658): avc: denied { read } for name="u:object_r:device_config_runtime_native_boot_prop:s0" dev="tmpfs" ino=8294 scontext=u:r:shell:s0 tcontext=u:object_r:device_config_runtime_native_boot_prop:s0 tclass=file permissive=0
08-13 04:57:33.692 11778 11778 D app_process: Time zone APEX ICU file found: /apex/com.android.tzdata/etc/icu/icu_tzdata.dat
08-13 04:57:33.692 11778 11778 D app_process: I18n APEX ICU file found: /apex/com.android.i18n/etc/icu/icudt66l.dat
08-13 04:57:33.698 11778 11778 W app_process: Unexpected CPU variant for X86 using defaults: x86
08-13 04:57:33.700 11778 11778 I app_process: The ClassLoaderContext is a special shared library.
08-13 04:57:33.717 11778 11778 W app_process: JNI RegisterNativeMethods: attempt to register 0 native methods for android.media.AudioAttributes
08-13 04:57:33.722 11778 11778 D AndroidRuntime: Calling main entry com.android.commands.input.Input
08-13 04:57:33.926 11778 11778 D AndroidRuntime: Shutting down VM
08-13 04:57:33.936  8636  8660 D OpenGLRenderer: endAllActiveAnimators on 0xef61f0b0 (RippleDrawable) with handle 0xc690a430
08-13 04:57:38.484 11837 11839 I cmd     : oneway function results will be dropped but finished with status OK and parcel size 4
08-13 04:57:38.986 11852 11854 I cmd     : oneway function results will be dropped but finished with status OK and parcel size 4
08-13 04:57:39.022  1225  1260 I PeriodicStatsRunner: PeriodicStatsRunner.call():180 call()
08-13 04:57:39.022  1225  1260 I PeriodicStatsRunner: PeriodicStatsRunner.call():184 No submit PeriodicStats since input started.
08-13 04:57:39.490 11867 11869 I cmd     : oneway function results will be dropped but finished with status OK and parcel size 4
08-13 04:57:40.093 11879 11879 D AndroidRuntime: >>>>>> START com.android.internal.os.RuntimeInit uid 2000 <<<<<<
08-13 04:57:40.098 11879 11879 E libc    : Access denied finding property "persist.device_config.runtime_native_boot.profilebootclasspath"
08-13 04:57:40.098 11879 11879 E libc    : Access denied finding property "persist.device_config.runtime_native_boot.enable_apex_image"
08-13 04:57:40.098 11879 11879 I AndroidRuntime: Using default boot image
08-13 04:57:40.098 11879 11879 E libc    : Access denied finding property "persist.device_config.runtime_native_boot.disable_lock_profiling"
08-13 04:57:40.098 11879 11879 I AndroidRuntime: Leaving lock profiling enabled
08-13 04:57:40.098 11879 11879 E libc    : Access denied finding property "persist.device_config.runtime_native_boot.enable_generational_cc"
08-13 04:57:40.102 11879 11879 W app_process: Could not reserve sentinel fault page
08-13 04:57:40.096 11879 11879 W app_process: type=1400 audit(0.0:662): avc: denied { read } for name="u:object_r:device_config_runtime_native_boot_prop:s0" dev="tmpfs" ino=8294 scontext=u:r:shell:s0 tcontext=u:object_r:device_config_runtime_native_boot_prop:s0 tclass=file permissive=0
08-13 04:57:40.242 11879 11879 D app_process: Time zone APEX ICU file found: /apex/com.android.tzdata/etc/icu/icu_tzdata.dat
08-13 04:57:40.242 11879 11879 D app_process: I18n APEX ICU file found: /apex/com.android.i18n/etc/icu/icudt66l.dat
08-13 04:57:40.249 11879 11879 W app_process: Unexpected CPU variant for X86 using defaults: x86
08-13 04:57:40.251 11879 11879 I app_process: The ClassLoaderContext is a special shared library.
08-13 04:57:40.272 11879 11879 W app_process: JNI RegisterNativeMethods: attempt to register 0 native methods for android.media.AudioAttributes
08-13 04:57:40.279 11879 11879 D AndroidRuntime: Calling main entry com.android.commands.input.Input
08-13 04:57:40.495 11879 11879 D AndroidRuntime: Shutting down VM
08-13 04:57:40.545   312   312 D goldfish-address-space: allocate: Ask for block of size 0x29f34
08-13 04:57:40.545   312   312 D goldfish-address-space: allocate: ioctl allocate returned offset 0x3fcfe7000 size 0x2b000
08-13 04:57:40.553   312   312 D goldfish-address-space: allocate: Ask for block of size 0x29f34
08-13 04:57:40.553   312   312 D goldfish-address-space: allocate: ioctl allocate returned offset 0x3fc1bd000 size 0x2b000
08-13 04:57:40.559   312   312 D goldfish-address-space: allocate: Ask for block of size 0x29f34
08-13 04:57:40.559   312   312 D goldfish-address-space: allocate: ioctl allocate returned offset 0x3f8b78000 size 0x2b000
08-13 04:57:42.593   514  4442 W NotificationService: Toast already killed. pkg=com.example.gesturecapture token=android.os.BinderProxy@4a1e419
08-13 04:57:44.022   514   538 W WindowManager: Unable to start animation, surface is null or no children.
08-13 04:57:44.215   312   312 D goldfish-address-space: allocate: Ask for block of size 0x7e9000
08-13 04:57:44.215   312   312 D goldfish-address-space: allocate: ioctl allocate returned offset 0x3fa91e000 size 0x7ea000
08-13 04:57:44.241   175   175 I hwservicemanager: getTransport: Cannot find entry android.hardware.graphics.mapper@4.0::IMapper/default in either framework or device manifest.
08-13 04:57:44.241 11923 11923 I Gralloc4: mapper 4.x is not supported
08-13 04:57:44.252 11923 11923 D HostConnection: createUnique: call
08-13 04:57:44.252 11923 11923 D HostConnection: HostConnection::get() New Host Connection established 0xf4d814b0, tid 11923
08-13 04:57:44.252 11923 11923 D goldfish-address-space: allocate: Ask for block of size 0x100
08-13 04:57:44.252 11923 11923 D goldfish-address-space: allocate: ioctl allocate returned offset 0x3fc2a2000 size 0x2000
