--------- beginning of main
08-14 16:20:35.425 18981 19014 D PrivacyStreams: Accepted a socket client.
08-14 16:20:35.525 19031 19034 I cmd     : oneway function results will be dropped but finished with status OK and parcel size 4
08-14 16:20:36.129 19048 19050 I cmd     : oneway function results will be dropped but finished with status OK and parcel size 4
08-14 16:20:36.639 19058 19058 D AndroidRuntime: >>>>>> START com.android.internal.os.RuntimeInit uid 2000 <<<<<<
08-14 16:20:36.644 19058 19058 E libc    : Access denied finding property "persist.device_config.runtime_native_boot.profilebootclasspath"
08-14 16:20:36.644 19058 19058 E libc    : Access denied finding property "persist.device_config.runtime_native_boot.enable_apex_image"
08-14 16:20:36.644 19058 19058 I AndroidRuntime: Using default boot image
08-14 16:20:36.644 19058 19058 E libc    : Access denied finding property "persist.device_config.runtime_native_boot.disable_lock_profiling"
08-14 16:20:36.644 19058 19058 I AndroidRuntime: Leaving lock profiling enabled
08-14 16:20:36.644 19058 19058 E libc    : Access denied finding property "persist.device_config.runtime_native_boot.enable_generational_cc"
08-14 16:20:36.654  4448  4448 D BoundBrokerSvc: onUnbind: Intent { act=com.google.android.gms.auth.service.START pkg=com.google.android.gms }
08-14 16:20:36.636 19058 19058 W app_process: type=1400 audit(0.0:7873): avc: denied { read } for name="u:object_r:device_config_runtime_native_boot_prop:s0" dev="tmpfs" ino=8294 scontext=u:r:shell:s0 tcontext=u:object_r:device_config_runtime_native_boot_prop:s0 tclass=file permissive=0
08-14 16:20:36.644 19058 19058 I chatty  : uid=2000(shell) main identical 2 lines
08-14 16:20:36.644 19058 19058 W app_process: type=1400 audit(0.0:7876): avc: denied { read } for name="u:object_r:device_config_runtime_native_boot_prop:s0" dev="tmpfs" ino=8294 scontext=u:r:shell:s0 tcontext=u:object_r:device_config_runtime_native_boot_prop:s0 tclass=file permissive=0
08-14 16:20:36.783 19058 19058 D app_process: Time zone APEX ICU file found: /apex/com.android.tzdata/etc/icu/icu_tzdata.dat
08-14 16:20:36.783 19058 19058 D app_process: I18n APEX ICU file found: /apex/com.android.i18n/etc/icu/icudt66l.dat
08-14 16:20:36.791 19058 19058 W app_process: Unexpected CPU variant for X86 using defaults: x86
08-14 16:20:36.793 19058 19058 I app_process: The ClassLoaderContext is a special shared library.
08-14 16:20:36.815 19058 19058 W app_process: JNI RegisterNativeMethods: attempt to register 0 native methods for android.media.AudioAttributes
08-14 16:20:36.823 19058 19058 D AndroidRuntime: Calling main entry com.android.commands.input.Input
08-14 16:20:36.839   698   698 V ShadeControllerImpl: NotificationShadeWindow: com.android.systemui.statusbar.phone.NotificationShadeWindowView{7fdbfeb I.E...... ......ID 0,0-1080,1920} canPanelBeCollapsed(): false
08-14 16:20:36.853 19058 19058 D AndroidRuntime: Shutting down VM
08-14 16:20:37.545 19078 19078 D AndroidRuntime: >>>>>> START com.android.internal.os.RuntimeInit uid 2000 <<<<<<
08-14 16:20:37.549 19078 19078 E libc    : Access denied finding property "persist.device_config.runtime_native_boot.profilebootclasspath"
08-14 16:20:37.549 19078 19078 E libc    : Access denied finding property "persist.device_config.runtime_native_boot.enable_apex_image"
08-14 16:20:37.549 19078 19078 I AndroidRuntime: Using default boot image
08-14 16:20:37.553 19078 19078 E libc    : Access denied finding property "persist.device_config.runtime_native_boot.disable_lock_profiling"
08-14 16:20:37.553 19078 19078 I AndroidRuntime: Leaving lock profiling enabled
08-14 16:20:37.553 19078 19078 E libc    : Access denied finding property "persist.device_config.runtime_native_boot.enable_generational_cc"
08-14 16:20:37.544 19078 19078 W app_process: type=1400 audit(0.0:7877): avc: denied { read } for name="u:object_r:device_config_runtime_native_boot_prop:s0" dev="tmpfs" ino=8294 scontext=u:r:shell:s0 tcontext=u:object_r:device_config_runtime_native_boot_prop:s0 tclass=file permissive=0
08-14 16:20:37.645 19078 19078 D app_process: Time zone APEX ICU file found: /apex/com.android.tzdata/etc/icu/icu_tzdata.dat
08-14 16:20:37.645 19078 19078 D app_process: I18n APEX ICU file found: /apex/com.android.i18n/etc/icu/icudt66l.dat
08-14 16:20:37.651 19078 19078 W app_process: Unexpected CPU variant for X86 using defaults: x86
08-14 16:20:37.653 19078 19078 I app_process: The ClassLoaderContext is a special shared library.
08-14 16:20:37.670 19078 19078 W app_process: JNI RegisterNativeMethods: attempt to register 0 native methods for android.media.AudioAttributes
08-14 16:20:37.676 19078 19078 D AndroidRuntime: Calling main entry com.android.commands.input.Input
--------- beginning of system
08-14 16:20:37.684   514   536 E RemoteAugmentedAutofillService: Bad service name for flags 1048704: com.google.android.as/com.google.android.apps.miphone.aiai.app.AiAiAugmentedAutofillService
08-14 16:20:37.687 19078 19078 D AndroidRuntime: Shutting down VM
08-14 16:20:38.236  1182  1182 D BoundBrokerSvc: onUnbind: Intent { act=com.google.android.gms.scheduler.ACTION_PROXY_SCHEDULE cmp=com.google.android.gms/.chimera.PersistentInternalBoundBrokerService }
08-14 16:20:38.354 19099 19101 I cmd     : oneway function results will be dropped but finished with status OK and parcel size 4
08-14 16:20:38.452   174   174 I servicemanager: Since 'apexservice' could not be found, trying to start it as a lazy AIDL service
08-14 16:20:38.510   174   174 I BpBinder: onLastStrongRef automatically unlinking death recipients: <uncached descriptor>
08-14 16:20:38.511   174   174 I servicemanager: Tried to unregister apexservice, but there is about to be a client.
08-14 16:20:38.676 19111 19113 I cmd     : oneway function results will be dropped but finished with status OK and parcel size 4
08-14 16:20:39.228 19126 19126 D AndroidRuntime: >>>>>> START com.android.internal.os.RuntimeInit uid 2000 <<<<<<
08-14 16:20:39.231 19126 19126 E libc    : Access denied finding property "persist.device_config.runtime_native_boot.profilebootclasspath"
08-14 16:20:39.231 19126 19126 E libc    : Access denied finding property "persist.device_config.runtime_native_boot.enable_apex_image"
08-14 16:20:39.231 19126 19126 I AndroidRuntime: Using default boot image
08-14 16:20:39.231 19126 19126 E libc    : Access denied finding property "persist.device_config.runtime_native_boot.disable_lock_profiling"
08-14 16:20:39.231 19126 19126 I AndroidRuntime: Leaving lock profiling enabled
08-14 16:20:39.231 19126 19126 E libc    : Access denied finding property "persist.device_config.runtime_native_boot.enable_generational_cc"
08-14 16:20:39.234 19126 19126 W app_process: Could not reserve sentinel fault page
08-14 16:20:39.228 19126 19126 W app_process: type=1400 audit(0.0:7881): avc: denied { read } for name="u:object_r:device_config_runtime_native_boot_prop:s0" dev="tmpfs" ino=8294 scontext=u:r:shell:s0 tcontext=u:object_r:device_config_runtime_native_boot_prop:s0 tclass=file permissive=0
08-14 16:20:39.250  1047  1838 E ActivityThread: Failed to find provider info for com.google.android.apps.wellbeing.api
08-14 16:20:39.228 19126 19126 I chatty  : uid=2000(shell) main identical 2 lines
08-14 16:20:39.228 19126 19126 W app_process: type=1400 audit(0.0:7884): avc: denied { read } for name="u:object_r:device_config_runtime_native_boot_prop:s0" dev="tmpfs" ino=8294 scontext=u:r:shell:s0 tcontext=u:object_r:device_config_runtime_native_boot_prop:s0 tclass=file permissive=0
08-14 16:20:39.320 19126 19126 D app_process: Time zone APEX ICU file found: /apex/com.android.tzdata/etc/icu/icu_tzdata.dat
08-14 16:20:39.320 19126 19126 D app_process: I18n APEX ICU file found: /apex/com.android.i18n/etc/icu/icudt66l.dat
08-14 16:20:39.326 19126 19126 W app_process: Unexpected CPU variant for X86 using defaults: x86
08-14 16:20:39.328 19126 19126 I app_process: The ClassLoaderContext is a special shared library.
08-14 16:20:39.344 19126 19126 W app_process: JNI RegisterNativeMethods: attempt to register 0 native methods for android.media.AudioAttributes
08-14 16:20:39.350 19126 19126 D AndroidRuntime: Calling main entry com.android.commands.input.Input
08-14 16:20:39.359 19126 19126 D AndroidRuntime: Shutting down VM
08-14 16:20:39.359   698   698 V ShadeControllerImpl: NotificationShadeWindow: com.android.systemui.statusbar.phone.NotificationShadeWindowView{7fdbfeb I.E...... ......ID 0,0-1080,1920} canPanelBeCollapsed(): false
08-14 16:20:39.360   514   538 D EventSequenceValidator: IntentStarted during UNKNOWN. Intent { act=android.intent.action.MAIN cat=[android.intent.category.HOME] flg=0x10000100 cmp=com.google.android.apps.nexuslauncher/.NexusLauncherActivity (has extras) }
08-14 16:20:39.360   514   538 D EventSequenceValidator: java.lang.Throwable: EventSequenceValidator#getStackTrace
08-14 16:20:39.360   514   538 D EventSequenceValidator: 	at com.google.android.startop.iorap.EventSequenceValidator.logWarningWithStackTrace(EventSequenceValidator.java:260)
08-14 16:20:39.360   514   538 D EventSequenceValidator: 	at com.google.android.startop.iorap.EventSequenceValidator.onIntentStarted(EventSequenceValidator.java:106)
08-14 16:20:39.360   514   538 D EventSequenceValidator: 	at com.android.server.wm.LaunchObserverRegistryImpl.handleOnIntentStarted(LaunchObserverRegistryImpl.java:139)
08-14 16:20:39.360   514   538 D EventSequenceValidator: 	at com.android.server.wm.LaunchObserverRegistryImpl.lambda$veRn_GhgLZLlOHOJ0ZYT6KcfYqo(Unknown Source:0)
08-14 16:20:39.360   514   538 D EventSequenceValidator: 	at com.android.server.wm.-$$Lambda$LaunchObserverRegistryImpl$veRn_GhgLZLlOHOJ0ZYT6KcfYqo.accept(Unknown Source:10)
08-14 16:20:39.360   514   538 D EventSequenceValidator: 	at com.android.internal.util.function.pooled.PooledLambdaImpl.doInvoke(PooledLambdaImpl.java:292)
08-14 16:20:39.360   514   538 D EventSequenceValidator: 	at com.android.internal.util.function.pooled.PooledLambdaImpl.invoke(PooledLambdaImpl.java:201)
08-14 16:20:39.360   514   538 D EventSequenceValidator: 	at com.android.internal.util.function.pooled.OmniFunction.run(OmniFunction.java:97)
08-14 16:20:39.360   514   538 D EventSequenceValidator: 	at android.os.Handler.handleCallback(Handler.java:938)
08-14 16:20:39.360   514   538 D EventSequenceValidator: 	at android.os.Handler.dispatchMessage(Handler.java:99)
08-14 16:20:39.360   514   538 D EventSequenceValidator: 	at android.os.Looper.loop(Looper.java:223)
08-14 16:20:39.360   514   538 D EventSequenceValidator: 	at android.os.HandlerThread.run(HandlerThread.java:67)
08-14 16:20:39.360   514   538 D EventSequenceValidator: 	at com.android.server.ServiceThread.run(ServiceThread.java:44)
08-14 16:20:39.360   514   538 D EventSequenceValidator: inc AccIntentStartedEvents to 119
08-14 16:20:39.361   514   536 I ActivityTaskManager: START u0 {act=android.intent.action.MAIN cat=[android.intent.category.HOME] flg=0x10000100 cmp=com.google.android.apps.nexuslauncher/.NexusLauncherActivity (has extras)} from uid 0
08-14 16:20:39.370   514  4442 W ActivityManager: Unable to start service Intent { act=android.service.appprediction.AppPredictionService cmp=com.google.android.as/com.google.android.apps.miphone.aiai.app.AiAiPredictionService } U=0: not found
08-14 16:20:39.370   514  4442 W RemoteAppPredictionService: could not bind to Intent { act=android.service.appprediction.AppPredictionService cmp=com.google.android.as/com.google.android.apps.miphone.aiai.app.AiAiPredictionService } using flags 67108865
08-14 16:20:39.372   514   538 D EventSequenceValidator: onIntentFailed during UNKNOWN.
08-14 16:20:39.372   514   538 D EventSequenceValidator: java.lang.Throwable: EventSequenceValidator#getStackTrace
08-14 16:20:39.372   514   538 D EventSequenceValidator: 	at com.google.android.startop.iorap.EventSequenceValidator.logWarningWithStackTrace(EventSequenceValidator.java:260)
08-14 16:20:39.372   514   538 D EventSequenceValidator: 	at com.google.android.startop.iorap.EventSequenceValidator.onIntentFailed(EventSequenceValidator.java:130)
08-14 16:20:39.372   514   538 D EventSequenceValidator: 	at com.android.server.wm.LaunchObserverRegistryImpl.handleOnIntentFailed(LaunchObserverRegistryImpl.java:147)
08-14 16:20:39.372   514   538 D EventSequenceValidator: 	at com.android.server.wm.LaunchObserverRegistryImpl.lambda$KukKmVpn5W_1xSV6Dnp8wW2H2Ks(Unknown Source:0)
08-14 16:20:39.372   514   538 D EventSequenceValidator: 	at com.android.server.wm.-$$Lambda$LaunchObserverRegistryImpl$KukKmVpn5W_1xSV6Dnp8wW2H2Ks.accept(Unknown Source:2)
08-14 16:20:39.372   514   538 D EventSequenceValidator: 	at com.android.internal.util.function.pooled.PooledLambdaImpl.doInvoke(PooledLambdaImpl.java:264)
08-14 16:20:39.372   514   538 D EventSequenceValidator: 	at com.android.internal.util.function.pooled.PooledLambdaImpl.invoke(PooledLambdaImpl.java:201)
08-14 16:20:39.372   514   538 D EventSequenceValidator: 	at com.android.internal.util.function.pooled.OmniFunction.run(OmniFunction.java:97)
08-14 16:20:39.372   514   538 D EventSequenceValidator: 	at android.os.Handler.handleCallback(Handler.java:938)
08-14 16:20:39.372   514   538 D EventSequenceValidator: 	at android.os.Handler.dispatchMessage(Handler.java:99)
08-14 16:20:39.372   514   538 D EventSequenceValidator: 	at android.os.Looper.loop(Looper.java:223)
08-14 16:20:39.372   514   538 D EventSequenceValidator: 	at android.os.HandlerThread.run(HandlerThread.java:67)
08-14 16:20:39.372   514   538 D EventSequenceValidator: 	at com.android.server.ServiceThread.run(ServiceThread.java:44)
08-14 16:20:39.372   514   538 D EventSequenceValidator: dec AccIntentStartedEvents to 118
08-14 16:20:39.375   698   698 V ShadeControllerImpl: NotificationShadeWindow: com.android.systemui.statusbar.phone.NotificationShadeWindowView{7fdbfeb I.E...... ......ID 0,0-1080,1920} canPanelBeCollapsed(): false
08-14 16:20:41.582   174   174 I servicemanager: Notifying apexservice they have clients: 1
08-14 16:20:42.198   338   338 E netmgr  : qemu_pipe_open_ns:62: Could not connect to the 'pipe:qemud:network' service: Invalid argument
08-14 16:20:42.199   338   338 E netmgr  : Failed to open QEMU pipe 'qemud:network': Invalid argument
08-14 16:20:43.287   514  4442 I ActivityTaskManager: START u0 {act=android.intent.action.MAIN cat=[android.intent.category.LAUNCHER] flg=0x10000000 cmp=com.cpuid.cpu_z/.MainActivity} from uid 2000
08-14 16:20:43.288   514   538 D EventSequenceValidator: IntentStarted during UNKNOWN. Intent { act=android.intent.action.MAIN cat=[android.intent.category.LAUNCHER] flg=0x10000000 cmp=com.cpuid.cpu_z/.MainActivity }
08-14 16:20:43.288   514   538 D EventSequenceValidator: java.lang.Throwable: EventSequenceValidator#getStackTrace
08-14 16:20:43.288   514   538 D EventSequenceValidator: 	at com.google.android.startop.iorap.EventSequenceValidator.logWarningWithStackTrace(EventSequenceValidator.java:260)
08-14 16:20:43.288   514   538 D EventSequenceValidator: 	at com.google.android.startop.iorap.EventSequenceValidator.onIntentStarted(EventSequenceValidator.java:106)
08-14 16:20:43.288   514   538 D EventSequenceValidator: 	at com.android.server.wm.LaunchObserverRegistryImpl.handleOnIntentStarted(LaunchObserverRegistryImpl.java:139)
08-14 16:20:43.288   514   538 D EventSequenceValidator: 	at com.android.server.wm.LaunchObserverRegistryImpl.lambda$veRn_GhgLZLlOHOJ0ZYT6KcfYqo(Unknown Source:0)
08-14 16:20:43.288   514   538 D EventSequenceValidator: 	at com.android.server.wm.-$$Lambda$LaunchObserverRegistryImpl$veRn_GhgLZLlOHOJ0ZYT6KcfYqo.accept(Unknown Source:10)
08-14 16:20:43.288   514   538 D EventSequenceValidator: 	at com.android.internal.util.function.pooled.PooledLambdaImpl.doInvoke(PooledLambdaImpl.java:292)
08-14 16:20:43.288   514   538 D EventSequenceValidator: 	at com.android.internal.util.function.pooled.PooledLambdaImpl.invoke(PooledLambdaImpl.java:201)
08-14 16:20:43.288   514   538 D EventSequenceValidator: 	at com.android.internal.util.function.pooled.OmniFunction.run(OmniFunction.java:97)
08-14 16:20:43.288   514   538 D EventSequenceValidator: 	at android.os.Handler.handleCallback(Handler.java:938)
08-14 16:20:43.288   514   538 D EventSequenceValidator: 	at android.os.Handler.dispatchMessage(Handler.java:99)
08-14 16:20:43.288   514   538 D EventSequenceValidator: 	at android.os.Looper.loop(Looper.java:223)
08-14 16:20:43.288   514   538 D EventSequenceValidator: 	at android.os.HandlerThread.run(HandlerThread.java:67)
08-14 16:20:43.288   514   538 D EventSequenceValidator: 	at com.android.server.ServiceThread.run(ServiceThread.java:44)
08-14 16:20:43.288   514   538 D EventSequenceValidator: inc AccIntentStartedEvents to 119
08-14 16:20:43.299 19180 19182 I cmd     : oneway function results will be dropped but finished with status OK and parcel size 4
08-14 16:20:43.304   514   538 D CompatibilityChangeReporter: Compat change id reported: 135634846; UID 10158; state: DISABLED
08-14 16:20:43.305   514   545 D CompatibilityChangeReporter: Compat change id reported: 143937733; UID 10158; state: DISABLED
08-14 16:20:43.309   514   538 D EventSequenceValidator: onActivityLaunched during UNKNOWN.
08-14 16:20:43.309   514   538 D EventSequenceValidator: java.lang.Throwable: EventSequenceValidator#getStackTrace
08-14 16:20:43.309   514   538 D EventSequenceValidator: 	at com.google.android.startop.iorap.EventSequenceValidator.logWarningWithStackTrace(EventSequenceValidator.java:260)
08-14 16:20:43.309   514   538 D EventSequenceValidator: 	at com.google.android.startop.iorap.EventSequenceValidator.onActivityLaunched(EventSequenceValidator.java:149)
08-14 16:20:43.309   514   538 D EventSequenceValidator: 	at com.android.server.wm.LaunchObserverRegistryImpl.handleOnActivityLaunched(LaunchObserverRegistryImpl.java:157)
08-14 16:20:43.309   514   538 D EventSequenceValidator: 	at com.android.server.wm.LaunchObserverRegistryImpl.lambda$UGY1OclnLIQLMEL9B55qjERFf4o(Unknown Source:0)
08-14 16:20:43.309   514   538 D EventSequenceValidator: 	at com.android.server.wm.-$$Lambda$LaunchObserverRegistryImpl$UGY1OclnLIQLMEL9B55qjERFf4o.accept(Unknown Source:10)
08-14 16:20:43.309   514   538 D EventSequenceValidator: 	at com.android.internal.util.function.pooled.PooledLambdaImpl.doInvoke(PooledLambdaImpl.java:292)
08-14 16:20:43.309   514   538 D EventSequenceValidator: 	at com.android.internal.util.function.pooled.PooledLambdaImpl.invoke(PooledLambdaImpl.java:201)
08-14 16:20:43.309   514   538 D EventSequenceValidator: 	at com.android.internal.util.function.pooled.OmniFunction.run(OmniFunction.java:97)
08-14 16:20:43.309   514   538 D EventSequenceValidator: 	at android.os.Handler.handleCallback(Handler.java:938)
08-14 16:20:43.309   514   538 D EventSequenceValidator: 	at android.os.Handler.dispatchMessage(Handler.java:99)
08-14 16:20:43.309   514   538 D EventSequenceValidator: 	at android.os.Looper.loop(Looper.java:223)
08-14 16:20:43.309   514   538 D EventSequenceValidator: 	at android.os.HandlerThread.run(HandlerThread.java:67)
08-14 16:20:43.309   514   538 D EventSequenceValidator: 	at com.android.server.ServiceThread.run(ServiceThread.java:44)
08-14 16:20:43.310   514   539 E system_server: Invalid ID 0x00000000.
08-14 16:20:43.333   290   290 D Zygote  : Forked child process 19183
08-14 16:20:43.336   514   545 I ActivityManager: Start proc 19183:com.cpuid.cpu_z/u0a158 for pre-top-activity {com.cpuid.cpu_z/com.cpuid.cpu_z.MainActivity}
08-14 16:20:43.341 19183 19183 W com.cpuid.cpu_: Unexpected CPU variant for X86 using defaults: x86
08-14 16:20:43.345 19183 19183 E com.cpuid.cpu_: Not starting debugger since process cannot load the jdwp agent.
08-14 16:20:43.358   312   390 D goldfish-address-space: allocate: Ask for block of size 0x7e9000
08-14 16:20:43.358   312   390 D goldfish-address-space: allocate: ioctl allocate returned offset 0x3fba42000 size 0x7ea000
08-14 16:20:43.361   514  2023 W InputReader: Device virtio_input_multi_touch_9 is associated with display ADISPLAY_ID_NONE.
08-14 16:20:43.361   514  2023 W InputReader: Device virtio_input_multi_touch_10 is associated with display ADISPLAY_ID_NONE.
08-14 16:20:43.361   514  2023 W InputReader: Device virtio_input_multi_touch_7 is associated with display ADISPLAY_ID_NONE.
08-14 16:20:43.361   514  2023 W InputReader: Device virtio_input_multi_touch_4 is associated with display ADISPLAY_ID_NONE.
08-14 16:20:43.361   514  2023 W InputReader: Device virtio_input_multi_touch_11 is associated with display ADISPLAY_ID_NONE.
08-14 16:20:43.361   514  2023 W InputReader: Device virtio_input_multi_touch_5 is associated with display ADISPLAY_ID_NONE.
08-14 16:20:43.361   514  2023 W InputReader: Device virtio_input_multi_touch_2 is associated with display ADISPLAY_ID_NONE.
08-14 16:20:43.361   514  2023 W InputReader: Device virtio_input_multi_touch_6 is associated with display ADISPLAY_ID_NONE.
08-14 16:20:43.361   514  2023 W InputReader: Device virtio_input_multi_touch_3 is associated with display ADISPLAY_ID_NONE.
08-14 16:20:43.361   514  2023 W InputReader: Device virtio_input_multi_touch_8 is associated with display ADISPLAY_ID_NONE.
08-14 16:20:43.361   514  2023 W InputReader: Device virtio_input_multi_touch_9 is associated with display ADISPLAY_ID_NONE.
08-14 16:20:43.362   514  2023 W InputReader: Device virtio_input_multi_touch_10 is associated with display ADISPLAY_ID_NONE.
08-14 16:20:43.362   514  2023 W InputReader: Device virtio_input_multi_touch_7 is associated with display ADISPLAY_ID_NONE.
08-14 16:20:43.362   514  2023 W InputReader: Device virtio_input_multi_touch_4 is associated with display ADISPLAY_ID_NONE.
08-14 16:20:43.362   514  2023 W InputReader: Device virtio_input_multi_touch_11 is associated with display ADISPLAY_ID_NONE.
08-14 16:20:43.362   514  2023 W InputReader: Device virtio_input_multi_touch_5 is associated with display ADISPLAY_ID_NONE.
08-14 16:20:43.362   514  2023 W InputReader: Device virtio_input_multi_touch_2 is associated with display ADISPLAY_ID_NONE.
08-14 16:20:43.362   514  2023 W InputReader: Device virtio_input_multi_touch_6 is associated with display ADISPLAY_ID_NONE.
08-14 16:20:43.362   514  2023 W InputReader: Device virtio_input_multi_touch_3 is associated with display ADISPLAY_ID_NONE.
08-14 16:20:43.362   514  2023 W InputReader: Device virtio_input_multi_touch_8 is associated with display ADISPLAY_ID_NONE.
08-14 16:20:43.390 19183 19183 D ApplicationLoaders: Returning zygote-cached class loader: /system/framework/android.test.base.jar
08-14 16:20:43.402 19183 19183 D NetworkSecurityConfig: No Network Security Config specified, using platform default
08-14 16:20:43.402 19183 19183 D NetworkSecurityConfig: No Network Security Config specified, using platform default
08-14 16:20:43.435 19183 19208 D libEGL  : loaded /vendor/lib/egl/libEGL_emulation.so
08-14 16:20:43.438 19183 19208 D libEGL  : loaded /vendor/lib/egl/libGLESv1_CM_emulation.so
08-14 16:20:43.444 19183 19208 D libEGL  : loaded /vendor/lib/egl/libGLESv2_emulation.so
08-14 16:20:43.468 19183 19183 E com.cpuid.cpu_: Invalid ID 0x00000000.
08-14 16:20:43.503   514  4442 D CompatibilityChangeReporter: Compat change id reported: 135634846; UID 10102; state: DISABLED
08-14 16:20:43.504   514   545 D CompatibilityChangeReporter: Compat change id reported: 143937733; UID 10102; state: ENABLED
08-14 16:20:43.505 19183 19183 W System.err: java.io.FileNotFoundException: /data/user/0/com.cpuid.cpu_z/files/cpuz01.dat: open failed: ENOENT (No such file or directory)
08-14 16:20:43.506 19183 19183 W System.err: 	at libcore.io.IoBridge.open(IoBridge.java:492)
08-14 16:20:43.506 19183 19183 W System.err: 	at java.io.FileInputStream.<init>(FileInputStream.java:160)
08-14 16:20:43.506 19183 19183 W System.err: 	at android.app.ContextImpl.openFileInput(ContextImpl.java:636)
08-14 16:20:43.506 19183 19183 W System.err: 	at android.content.ContextWrapper.openFileInput(ContextWrapper.java:216)
08-14 16:20:43.506 19183 19183 W System.err: 	at com.cpuid.cpu_z.MainActivity.g(MainActivity.java:307)
08-14 16:20:43.506 19183 19183 W System.err: 	at com.cpuid.cpu_z.MainActivity.onCreate(MainActivity.java:624)
08-14 16:20:43.506 19183 19183 W System.err: 	at android.app.Activity.performCreate(Activity.java:8000)
08-14 16:20:43.506 19183 19183 W System.err: 	at android.app.Activity.performCreate(Activity.java:7984)
08-14 16:20:43.506 19183 19183 W System.err: 	at android.app.Instrumentation.callActivityOnCreate(Instrumentation.java:1309)
08-14 16:20:43.506 19183 19183 W System.err: 	at android.app.ActivityThread.performLaunchActivity(ActivityThread.java:3422)
08-14 16:20:43.506 19183 19183 W System.err: 	at android.app.ActivityThread.handleLaunchActivity(ActivityThread.java:3601)
08-14 16:20:43.506 19183 19183 W System.err: 	at android.app.servertransaction.LaunchActivityItem.execute(LaunchActivityItem.java:85)
08-14 16:20:43.506 19183 19183 W System.err: 	at android.app.servertransaction.TransactionExecutor.executeCallbacks(TransactionExecutor.java:135)
08-14 16:20:43.506 19183 19183 W System.err: 	at android.app.servertransaction.TransactionExecutor.execute(TransactionExecutor.java:95)
08-14 16:20:43.506 19183 19183 W System.err: 	at android.app.ActivityThread$H.handleMessage(ActivityThread.java:2066)
08-14 16:20:43.506 19183 19183 W System.err: 	at android.os.Handler.dispatchMessage(Handler.java:106)
08-14 16:20:43.506 19183 19183 W System.err: 	at android.os.Looper.loop(Looper.java:223)
08-14 16:20:43.506 19183 19183 W System.err: 	at android.app.ActivityThread.main(ActivityThread.java:7656)
08-14 16:20:43.506 19183 19183 W System.err: 	at java.lang.reflect.Method.invoke(Native Method)
08-14 16:20:43.506 19183 19183 W System.err: 	at com.android.internal.os.RuntimeInit$MethodAndArgsCaller.run(RuntimeInit.java:592)
08-14 16:20:43.506 19183 19183 W System.err: 	at com.android.internal.os.ZygoteInit.main(ZygoteInit.java:947)
08-14 16:20:43.506 19183 19183 W System.err: Caused by: android.system.ErrnoException: open failed: ENOENT (No such file or directory)
08-14 16:20:43.506 19183 19183 W System.err: 	at libcore.io.Linux.open(Native Method)
08-14 16:20:43.506 19183 19183 W System.err: 	at libcore.io.ForwardingOs.open(ForwardingOs.java:166)
08-14 16:20:43.506 19183 19183 W System.err: 	at libcore.io.BlockGuardOs.open(BlockGuardOs.java:254)
08-14 16:20:43.506 19183 19183 W System.err: 	at libcore.io.ForwardingOs.open(ForwardingOs.java:166)
08-14 16:20:43.506 19183 19183 W System.err: 	at android.app.ActivityThread$AndroidOs.open(ActivityThread.java:7542)
08-14 16:20:43.507 19183 19183 W System.err: 	at libcore.io.IoBridge.open(IoBridge.java:478)
08-14 16:20:43.507 19183 19183 W System.err: 	... 20 more
08-14 16:20:43.508   514  4442 I ActivityTaskManager: START u0 {cmp=com.cpuid.cpu_z/.OGLActivity} from uid 10158
08-14 16:20:43.511   290   290 D Zygote  : Forked child process 19209
08-14 16:20:43.519   514   545 I ActivityManager: Start proc 19209:com.android.vending/u0a102 for service {com.android.vending/com.google.android.finsky.billing.iab.InAppBillingService}
08-14 16:20:43.523 19209 19209 W android.vendin: Unexpected CPU variant for X86 using defaults: x86
08-14 16:20:43.529 19209 19209 E android.vendin: Not starting debugger since process cannot load the jdwp agent.
08-14 16:20:43.537   312   390 D goldfish-address-space: allocate: Ask for block of size 0x7e9000
08-14 16:20:43.537   312   390 D goldfish-address-space: allocate: ioctl allocate returned offset 0x3fb258000 size 0x7ea000
08-14 16:20:43.539   514  2023 W ActivityTaskManager: Tried to set launchTime (0) < mLastActivityLaunchTime (26011603)
08-14 16:20:43.539   514  2023 W InputReader: Device virtio_input_multi_touch_9 is associated with display ADISPLAY_ID_NONE.
08-14 16:20:43.539   514  2023 W InputReader: Device virtio_input_multi_touch_10 is associated with display ADISPLAY_ID_NONE.
08-14 16:20:43.539   514  2023 W InputReader: Device virtio_input_multi_touch_7 is associated with display ADISPLAY_ID_NONE.
08-14 16:20:43.539   514  2023 W InputReader: Device virtio_input_multi_touch_4 is associated with display ADISPLAY_ID_NONE.
08-14 16:20:43.539   514  2023 W InputReader: Device virtio_input_multi_touch_11 is associated with display ADISPLAY_ID_NONE.
08-14 16:20:43.539   514  2023 W InputReader: Device virtio_input_multi_touch_5 is associated with display ADISPLAY_ID_NONE.
08-14 16:20:43.539   514  2023 W InputReader: Device virtio_input_multi_touch_2 is associated with display ADISPLAY_ID_NONE.
08-14 16:20:43.540   514  2023 W InputReader: Device virtio_input_multi_touch_6 is associated with display ADISPLAY_ID_NONE.
08-14 16:20:43.540   514  2023 W InputReader: Device virtio_input_multi_touch_3 is associated with display ADISPLAY_ID_NONE.
08-14 16:20:43.540   514  2023 W InputReader: Device virtio_input_multi_touch_8 is associated with display ADISPLAY_ID_NONE.
08-14 16:20:43.540   514  2023 W InputReader: Device virtio_input_multi_touch_9 is associated with display ADISPLAY_ID_NONE.
08-14 16:20:43.540   514  2023 W InputReader: Device virtio_input_multi_touch_10 is associated with display ADISPLAY_ID_NONE.
08-14 16:20:43.540   514  2023 W InputReader: Device virtio_input_multi_touch_7 is associated with display ADISPLAY_ID_NONE.
08-14 16:20:43.540   514  2023 W InputReader: Device virtio_input_multi_touch_4 is associated with display ADISPLAY_ID_NONE.
08-14 16:20:43.540   514  2023 W InputReader: Device virtio_input_multi_touch_11 is associated with display ADISPLAY_ID_NONE.
08-14 16:20:43.540   514  2023 W InputReader: Device virtio_input_multi_touch_5 is associated with display ADISPLAY_ID_NONE.
08-14 16:20:43.540   514  2023 W InputReader: Device virtio_input_multi_touch_2 is associated with display ADISPLAY_ID_NONE.
08-14 16:20:43.540   514  2023 W InputReader: Device virtio_input_multi_touch_6 is associated with display ADISPLAY_ID_NONE.
08-14 16:20:43.540   514  2023 W InputReader: Device virtio_input_multi_touch_3 is associated with display ADISPLAY_ID_NONE.
08-14 16:20:43.540   514  2023 W InputReader: Device virtio_input_multi_touch_8 is associated with display ADISPLAY_ID_NONE.
08-14 16:20:43.548   514  3457 D CompatibilityChangeReporter: Compat change id reported: 136274596; UID 10158; state: DISABLED
08-14 16:20:43.564 19183 19206 D HostConnection: HostConnection::get() New Host Connection established 0xf5b53270, tid 19206
08-14 16:20:43.577 19209 19209 I android.vendin: The ClassLoaderContext is a special shared library.
08-14 16:20:43.579 19183 19206 D HostConnection: HostComposition ext ANDROID_EMU_CHECKSUM_HELPER_v1 ANDROID_EMU_native_sync_v2 ANDROID_EMU_native_sync_v3 ANDROID_EMU_native_sync_v4 ANDROID_EMU_dma_v1 ANDROID_EMU_direct_mem ANDROID_EMU_host_composition_v1 ANDROID_EMU_host_composition_v2 ANDROID_EMU_YUV_Cache ANDROID_EMU_async_unmap_buffer GL_OES_vertex_array_object GL_KHR_texture_compression_astc_ldr ANDROID_EMU_gles_max_version_2 
08-14 16:20:43.581 19209 19209 I android.vendin: The ClassLoaderContext is a special shared library.
08-14 16:20:43.582 19209 19209 D nativeloader: classloader namespace configured for unbundled vendor apk. library_path=/data/app/~~8ZGbWC0Y7wg2IdDUoZgYQQ==/com.android.vending-o7g8Vjs3NIn41KK7uX4iVQ==/lib/x86:/data/app/~~8ZGbWC0Y7wg2IdDUoZgYQQ==/com.android.vending-o7g8Vjs3NIn41KK7uX4iVQ==/base.apk!/lib/x86:/data/app/~~8ZGbWC0Y7wg2IdDUoZgYQQ==/com.android.vending-o7g8Vjs3NIn41KK7uX4iVQ==/split_config.en.apk!/lib/x86:/data/app/~~8ZGbWC0Y7wg2IdDUoZgYQQ==/com.android.vending-o7g8Vjs3NIn41KK7uX4iVQ==/split_config.x86.apk!/lib/x86:/data/app/~~8ZGbWC0Y7wg2IdDUoZgYQQ==/com.android.vending-o7g8Vjs3NIn41KK7uX4iVQ==/split_phonesky_data_loader.apk!/lib/x86:/data/app/~~8ZGbWC0Y7wg2IdDUoZgYQQ==/com.android.vending-o7g8Vjs3NIn41KK7uX4iVQ==/split_phonesky_data_loader.config.x86.apk!/lib/x86:/vendor/lib
08-14 16:20:43.587 19183 19206 W OpenGLRenderer: Failed to choose config with EGL_SWAP_BEHAVIOR_PRESERVED, retrying without...
08-14 16:20:43.614 19183 19206 D EGL_emulation: eglCreateContext: 0xf59772f0: maj 2 min 0 rcv 2
08-14 16:20:43.621 19209 19209 W android.vendin: JIT profile information will not be recorded: profile file does not exist.
08-14 16:20:43.621 19209 19209 I chatty  : uid=10102(com.android.vending) identical 2 lines
08-14 16:20:43.621 19209 19209 W android.vendin: JIT profile information will not be recorded: profile file does not exist.
08-14 16:20:43.624 19183 19206 D EGL_emulation: eglMakeCurrent: 0xf59772f0: ver 2 0 (tinfo 0xf5cb8a50) (first time)
08-14 16:20:43.631   312   390 D goldfish-address-space: allocate: Ask for block of size 0x7e9000
08-14 16:20:43.631   312   390 D goldfish-address-space: allocate: ioctl allocate returned offset 0x3fd85a000 size 0x7ea000
08-14 16:20:43.637 19209 19209 D NetworkSecurityConfig: No Network Security Config specified, using platform default
08-14 16:20:43.637 19209 19209 D NetworkSecurityConfig: No Network Security Config specified, using platform default
08-14 16:20:43.651   175   175 I hwservicemanager: getTransport: Cannot find entry android.hardware.graphics.mapper@4.0::IMapper/default in either framework or device manifest.
08-14 16:20:43.651 19183 19206 I Gralloc4: mapper 4.x is not supported
08-14 16:20:43.652 19183 19206 D HostConnection: createUnique: call
08-14 16:20:43.653 19183 19206 D HostConnection: HostConnection::get() New Host Connection established 0xf5b55d30, tid 19206
08-14 16:20:43.653 19183 19206 D goldfish-address-space: allocate: Ask for block of size 0x100
08-14 16:20:43.653 19183 19206 D goldfish-address-space: allocate: ioctl allocate returned offset 0x3fcfa1000 size 0x2000
08-14 16:20:43.717 19183 19206 D HostConnection: HostComposition ext ANDROID_EMU_CHECKSUM_HELPER_v1 ANDROID_EMU_native_sync_v2 ANDROID_EMU_native_sync_v3 ANDROID_EMU_native_sync_v4 ANDROID_EMU_dma_v1 ANDROID_EMU_direct_mem ANDROID_EMU_host_composition_v1 ANDROID_EMU_host_composition_v2 ANDROID_EMU_YUV_Cache ANDROID_EMU_async_unmap_buffer GL_OES_vertex_array_object GL_KHR_texture_compression_astc_ldr ANDROID_EMU_gles_max_version_2 
08-14 16:20:43.726   312   390 D goldfish-address-space: allocate: Ask for block of size 0x7e9000
08-14 16:20:43.726   312   390 D goldfish-address-space: allocate: ioctl allocate returned offset 0x3fd070000 size 0x7ea000
08-14 16:20:43.820   312   390 D goldfish-address-space: allocate: Ask for block of size 0x7e9000
08-14 16:20:43.820   312   390 D goldfish-address-space: allocate: ioctl allocate returned offset 0x3f8ac6000 size 0x7ea000
08-14 16:20:43.860 19209 19209 I Finsky  : [2] fzk.ay(6): Process created at version: 26.5.19-21 [0] [PR] 388558437
08-14 16:20:44.033   312   390 D goldfish-address-space: allocate: Ask for block of size 0x7e9000
08-14 16:20:44.033   312   390 D goldfish-address-space: allocate: ioctl allocate returned offset 0x3fa284000 size 0x7ea000
08-14 16:20:44.042 19183 19236 D HostConnection: HostConnection::get() New Host Connection established 0xf5b56090, tid 19236
08-14 16:20:44.062 19183 19236 D HostConnection: HostComposition ext ANDROID_EMU_CHECKSUM_HELPER_v1 ANDROID_EMU_native_sync_v2 ANDROID_EMU_native_sync_v3 ANDROID_EMU_native_sync_v4 ANDROID_EMU_dma_v1 ANDROID_EMU_direct_mem ANDROID_EMU_host_composition_v1 ANDROID_EMU_host_composition_v2 ANDROID_EMU_YUV_Cache ANDROID_EMU_async_unmap_buffer GL_OES_vertex_array_object GL_KHR_texture_compression_astc_ldr ANDROID_EMU_gles_max_version_2 
08-14 16:20:44.068 19209 19239 I Finsky  : [1359] upw.a(18): Finished reading experiment flags from file [0tGUNCGIkbk4o6-fQ335kUYSKwVj4lusnHT-A5Dsy08].
08-14 16:20:44.087 19183 19236 D EGL_emulation: eglCreateContext: 0xf597e9f0: maj 2 min 0 rcv 2
08-14 16:20:44.089   312   390 D goldfish-address-space: allocate: Ask for block of size 0x69cc60
08-14 16:20:44.089   312   390 D goldfish-address-space: allocate: ioctl allocate returned offset 0x3f9be6000 size 0x69e000
08-14 16:20:44.101 19183 19236 D EGL_emulation: eglMakeCurrent: 0xf597e9f0: ver 2 0 (tinfo 0xc6ec6c90) (first time)
08-14 16:20:44.117   312   390 D goldfish-address-space: allocate: Ask for block of size 0x510000
08-14 16:20:44.117   312   390 D goldfish-address-space: allocate: ioctl allocate returned offset 0x3f7ead000 size 0x511000
08-14 16:20:44.128   312   312 D goldfish-address-space: allocate: Ask for block of size 0x7e9000
08-14 16:20:44.128   312   312 D goldfish-address-space: allocate: ioctl allocate returned offset 0x3f76c3000 size 0x7ea000
08-14 16:20:44.211   514  1009 W ActivityManager: Slow operation: 97ms so far, now at getContentProviderImpl: after updateLruProcess
08-14 16:20:44.211   514  1009 W ActivityManager: Slow operation: 98ms so far, now at getContentProviderImpl: before updateOomAdj
08-14 16:20:44.217   347   347 E wifi_forwarder: qemu_pipe_open_ns:62: Could not connect to the 'pipe:qemud:wififorward' service: Invalid argument
08-14 16:20:44.217   347   347 E wifi_forwarder: RemoteConnection failed to initialize: RemoteConnection failed to open pipe
08-14 16:20:44.234   312   312 D goldfish-address-space: allocate: Ask for block of size 0x69cc60
08-14 16:20:44.235   312   312 D goldfish-address-space: allocate: ioctl allocate returned offset 0x3f8c12000 size 0x69e000
08-14 16:20:44.237   514  1009 W ActivityManager: Slow operation: 124ms so far, now at getContentProviderImpl: after updateOomAdj
08-14 16:20:44.238   514  1009 W ActivityManager: Slow operation: 124ms so far, now at getContentProviderImpl: done!
08-14 16:20:44.244   514   538 D EventSequenceValidator: onActivityLaunchCancelled during UNKNOWN.
08-14 16:20:44.244   514   538 D EventSequenceValidator: java.lang.Throwable: EventSequenceValidator#getStackTrace
08-14 16:20:44.244   514   538 D EventSequenceValidator: 	at com.google.android.startop.iorap.EventSequenceValidator.logWarningWithStackTrace(EventSequenceValidator.java:260)
08-14 16:20:44.244   514   538 D EventSequenceValidator: 	at com.google.android.startop.iorap.EventSequenceValidator.onActivityLaunchCancelled(EventSequenceValidator.java:166)
08-14 16:20:44.244   514   538 D EventSequenceValidator: 	at com.android.server.wm.LaunchObserverRegistryImpl.handleOnActivityLaunchCancelled(LaunchObserverRegistryImpl.java:166)
08-14 16:20:44.244   514   538 D EventSequenceValidator: 	at com.android.server.wm.LaunchObserverRegistryImpl.lambda$lAGPwfsXJvBWsyG2rbEfo3sTv34(Unknown Source:0)
08-14 16:20:44.244   514   538 D EventSequenceValidator: 	at com.android.server.wm.-$$Lambda$LaunchObserverRegistryImpl$lAGPwfsXJvBWsyG2rbEfo3sTv34.accept(Unknown Source:4)
08-14 16:20:44.244   514   538 D EventSequenceValidator: 	at com.android.internal.util.function.pooled.PooledLambdaImpl.doInvoke(PooledLambdaImpl.java:278)
08-14 16:20:44.244   514   538 D EventSequenceValidator: 	at com.android.internal.util.function.pooled.PooledLambdaImpl.invoke(PooledLambdaImpl.java:201)
08-14 16:20:44.244   514   538 D EventSequenceValidator: 	at com.android.internal.util.function.pooled.OmniFunction.run(OmniFunction.java:97)
08-14 16:20:44.244   514   538 D EventSequenceValidator: 	at android.os.Handler.handleCallback(Handler.java:938)
08-14 16:20:44.244   514   538 D EventSequenceValidator: 	at android.os.Handler.dispatchMessage(Handler.java:99)
08-14 16:20:44.244   514   538 D EventSequenceValidator: 	at android.os.Looper.loop(Looper.java:223)
08-14 16:20:44.244   514   538 D EventSequenceValidator: 	at android.os.HandlerThread.run(HandlerThread.java:67)
08-14 16:20:44.244   514   538 D EventSequenceValidator: 	at com.android.server.ServiceThread.run(ServiceThread.java:44)
08-14 16:20:44.244   514   538 D EventSequenceValidator: dec AccIntentStartedEvents to 118
08-14 16:20:44.311 19209 19239 I Finsky  : [1359] upw.a(18): Finished reading experiment flags from file [X_r-t20Ymt8zU3iXf5s30LvauXRbreBn8dgR2rhF90Y].
08-14 16:20:44.331   312   312 D goldfish-address-space: allocate: Ask for block of size 0x7e9000
08-14 16:20:44.331   312   312 D goldfish-address-space: allocate: ioctl allocate returned offset 0x3fd070000 size 0x7ea000
08-14 16:20:44.352  1342  1748 W FuseDaemon: Invalid other package file access from com.google.android.gm(: /storage/18EF-1B0D/Android/data/com.google.android.gm: No such file or directory
08-14 16:20:44.363   514  1009 W InputReader: Device virtio_input_multi_touch_9 is associated with display ADISPLAY_ID_NONE.
08-14 16:20:44.363   514  1009 W InputReader: Device virtio_input_multi_touch_10 is associated with display ADISPLAY_ID_NONE.
08-14 16:20:44.363   514  1009 W InputReader: Device virtio_input_multi_touch_7 is associated with display ADISPLAY_ID_NONE.
08-14 16:20:44.363   514  1009 W InputReader: Device virtio_input_multi_touch_4 is associated with display ADISPLAY_ID_NONE.
08-14 16:20:44.364   514  1009 W InputReader: Device virtio_input_multi_touch_11 is associated with display ADISPLAY_ID_NONE.
08-14 16:20:44.364   514  1009 W InputReader: Device virtio_input_multi_touch_5 is associated with display ADISPLAY_ID_NONE.
08-14 16:20:44.364   514  1009 W InputReader: Device virtio_input_multi_touch_2 is associated with display ADISPLAY_ID_NONE.
08-14 16:20:44.364   514  1009 W InputReader: Device virtio_input_multi_touch_6 is associated with display ADISPLAY_ID_NONE.
08-14 16:20:44.364   514  1009 W InputReader: Device virtio_input_multi_touch_3 is associated with display ADISPLAY_ID_NONE.
08-14 16:20:44.364   514  1009 W InputReader: Device virtio_input_multi_touch_8 is associated with display ADISPLAY_ID_NONE.
08-14 16:20:44.367 19209 19209 I Finsky  : [2] upw.a(18): Finished reading experiment flags from file [Se-xCc4LzNyh3UrKMIU2sUf-PUKz4oQEbpKZDMuaFno].
08-14 16:20:44.365   514  1009 W InputReader: Device virtio_input_multi_touch_9 is associated with display ADISPLAY_ID_NONE.
08-14 16:20:44.368   514  1009 W InputReader: Device virtio_input_multi_touch_10 is associated with display ADISPLAY_ID_NONE.
08-14 16:20:44.368   514  1009 W InputReader: Device virtio_input_multi_touch_7 is associated with display ADISPLAY_ID_NONE.
08-14 16:20:44.368   514  1009 W InputReader: Device virtio_input_multi_touch_4 is associated with display ADISPLAY_ID_NONE.
08-14 16:20:44.368   514  1009 W InputReader: Device virtio_input_multi_touch_11 is associated with display ADISPLAY_ID_NONE.
08-14 16:20:44.368   514  1009 W InputReader: Device virtio_input_multi_touch_5 is associated with display ADISPLAY_ID_NONE.
08-14 16:20:44.368   514  1009 W InputReader: Device virtio_input_multi_touch_2 is associated with display ADISPLAY_ID_NONE.
08-14 16:20:44.368   514  1009 W InputReader: Device virtio_input_multi_touch_6 is associated with display ADISPLAY_ID_NONE.
08-14 16:20:44.368   514  1009 W InputReader: Device virtio_input_multi_touch_3 is associated with display ADISPLAY_ID_NONE.
08-14 16:20:44.368   514  1009 W InputReader: Device virtio_input_multi_touch_8 is associated with display ADISPLAY_ID_NONE.
08-14 16:20:44.371 17151 17169 E DatabaseUtils: Writing exception to parcel
08-14 16:20:44.371 17151 17169 E DatabaseUtils: java.lang.SecurityException: Unsupported path /68ba72dcd3b040323f7de10ed377f7eb
08-14 16:20:44.371 17151 17169 E DatabaseUtils: 	at com.android.providers.downloads.DownloadProvider.checkFileUriDestination(DownloadProvider.java:1096)
08-14 16:20:44.371 17151 17169 E DatabaseUtils: 	at com.android.providers.downloads.DownloadProvider.insert(DownloadProvider.java:730)
08-14 16:20:44.371 17151 17169 E DatabaseUtils: 	at android.content.ContentProvider.insert(ContentProvider.java:1673)
08-14 16:20:44.371 17151 17169 E DatabaseUtils: 	at android.content.ContentProvider$Transport.insert(ContentProvider.java:336)
08-14 16:20:44.371 17151 17169 E DatabaseUtils: 	at android.content.ContentProviderNative.onTransact(ContentProviderNative.java:167)
08-14 16:20:44.371 17151 17169 E DatabaseUtils: 	at android.os.Binder.execTransactInternal(Binder.java:1154)
08-14 16:20:44.371 17151 17169 E DatabaseUtils: 	at android.os.Binder.execTransact(Binder.java:1123)
08-14 16:20:44.396   514   535 W Looper  : Slow dispatch took 101ms android.fg h=android.os.Handler c=<recycled PooledLambda@13f3290> m=0
08-14 16:20:44.434 19209 19209 I Finsky  : [2] xhi.<init>(3): Resetting scheduler db
08-14 16:20:44.460 19209 19235 I Finsky  : [1356] aemf.d(2): Not a unicorn account
08-14 16:20:44.469 19183 19183 W System.err: java.io.FileNotFoundException: /data/user/0/com.cpuid.cpu_z/files/cpuz02.dat: open failed: ENOENT (No such file or directory)
08-14 16:20:44.471 19183 19183 W System.err: 	at libcore.io.IoBridge.open(IoBridge.java:492)
08-14 16:20:44.471 19183 19183 W System.err: 	at java.io.FileInputStream.<init>(FileInputStream.java:160)
08-14 16:20:44.471 19183 19183 W System.err: 	at android.app.ContextImpl.openFileInput(ContextImpl.java:636)
08-14 16:20:44.471 19183 19183 W System.err: 	at android.content.ContextWrapper.openFileInput(ContextWrapper.java:216)
08-14 16:20:44.471 19183 19183 W System.err: 	at CPUIDSDK.h.c(JsonParser.java:165)
08-14 16:20:44.471 19183 19183 W System.err: 	at CPUIDSDK.h.a(JsonParser.java:302)
08-14 16:20:44.471 19183 19183 W System.err: 	at CPUIDSDK.CPUID.a(CPUID.java:99)
08-14 16:20:44.471 19183 19183 W System.err: 	at com.cpuid.cpu_z.MainActivity.f(MainActivity.java:220)
08-14 16:20:44.471 19183 19183 W System.err: 	at com.cpuid.cpu_z.MainActivity.onActivityResult(MainActivity.java:680)
08-14 16:20:44.471 19183 19183 W System.err: 	at android.app.Activity.dispatchActivityResult(Activity.java:8310)
08-14 16:20:44.471 19183 19183 W System.err: 	at android.app.ActivityThread.deliverResults(ActivityThread.java:5008)
08-14 16:20:44.471 19183 19183 W System.err: 	at android.app.ActivityThread.handleSendResult(ActivityThread.java:5056)
08-14 16:20:44.471 19183 19183 W System.err: 	at android.app.servertransaction.ActivityResultItem.execute(ActivityResultItem.java:51)
08-14 16:20:44.471 19183 19183 W System.err: 	at android.app.servertransaction.TransactionExecutor.executeCallbacks(TransactionExecutor.java:135)
08-14 16:20:44.471 19183 19183 W System.err: 	at android.app.servertransaction.TransactionExecutor.execute(TransactionExecutor.java:95)
08-14 16:20:44.472 19183 19183 W System.err: 	at android.app.ActivityThread$H.handleMessage(ActivityThread.java:2066)
08-14 16:20:44.472 19183 19183 W System.err: 	at android.os.Handler.dispatchMessage(Handler.java:106)
08-14 16:20:44.472 19183 19183 W System.err: 	at android.os.Looper.loop(Looper.java:223)
08-14 16:20:44.472 19183 19183 W System.err: 	at android.app.ActivityThread.main(ActivityThread.java:7656)
08-14 16:20:44.472 19183 19183 W System.err: 	at java.lang.reflect.Method.invoke(Native Method)
08-14 16:20:44.472 19183 19183 W System.err: 	at com.android.internal.os.RuntimeInit$MethodAndArgsCaller.run(RuntimeInit.java:592)
08-14 16:20:44.472 19183 19183 W System.err: 	at com.android.internal.os.ZygoteInit.main(ZygoteInit.java:947)
08-14 16:20:44.472 19183 19183 W System.err: Caused by: android.system.ErrnoException: open failed: ENOENT (No such file or directory)
08-14 16:20:44.472 19183 19183 W System.err: 	at libcore.io.Linux.open(Native Method)
08-14 16:20:44.472 19183 19183 W System.err: 	at libcore.io.ForwardingOs.open(ForwardingOs.java:166)
08-14 16:20:44.472 19183 19183 W System.err: 	at libcore.io.BlockGuardOs.open(BlockGuardOs.java:254)
08-14 16:20:44.472 19183 19183 W System.err: 	at libcore.io.ForwardingOs.open(ForwardingOs.java:166)
08-14 16:20:44.472 19183 19183 W System.err: 	at android.app.ActivityThread$AndroidOs.open(ActivityThread.java:7542)
08-14 16:20:44.474 19183 19183 W System.err: 	at libcore.io.IoBridge.open(IoBridge.java:478)
08-14 16:20:44.474 19183 19183 W System.err: 	... 21 more
08-14 16:20:44.518 19209 19237 I TetheringManager: registerTetheringEventCallback:com.android.vending
08-14 16:20:44.524 19209 19266 W android.vendin: Accessing hidden field Ljava/util/Collections$SynchronizedCollection;->mutex:Ljava/lang/Object; (greylist-max-o, reflection, denied)
08-14 16:20:44.527 19209 19235 I Finsky  : [1356] txf.<init>(3): PackageMonitorReceiverImpl - Registering in memory receiver for android.intent.action.PACKAGE_ADDED and android.intent.action.PACKAGE_REMOVED
08-14 16:20:44.529 19209 19266 W android.vendin: Accessing hidden method Ljava/util/Collections$SynchronizedSet;-><init>(Ljava/util/Set;Ljava/lang/Object;)V (greylist-max-o, reflection, denied)
08-14 16:20:44.531 19209 19266 W android.vendin: Accessing hidden method Ljava/util/Collections$SynchronizedCollection;-><init>(Ljava/util/Collection;Ljava/lang/Object;)V (greylist-max-o, reflection, denied)
08-14 16:20:44.546 19209 19235 I Finsky  : [1356] afmg.a(1): Warm data store was already initialized.
08-14 16:20:44.561 19209 19235 I Finsky  : [1356] afmg.a(1): Warm data store was already initialized.
08-14 16:20:44.587 19209 19259 I Finsky  : [1369] acjs.run(4): SysUA: Set SystemUpdateActivity enabled state to 1
08-14 16:20:44.589 19209 19234 W Settings: Setting download_manager_max_bytes_over_mobile has moved from android.provider.Settings.Secure to android.provider.Settings.Global.
08-14 16:20:44.590 19209 19234 I Finsky  : [1355] sko.i(3): SettingNotFoundException, fall through to G.downloadBytesOverMobileMaximum
08-14 16:20:44.590 19209 19234 W Settings: Setting download_manager_recommended_max_bytes_over_mobile has moved from android.provider.Settings.Secure to android.provider.Settings.Global.
08-14 16:20:44.591 19209 19234 I Finsky  : [1355] sko.h(3): SettingNotFoundException, fall through to G.downloadBytesOverMobileRecommended
08-14 16:20:44.595 19209 19234 I Finsky  : [1355] aneb.c(2): registerListener
