08-14 16:21:00.901   312   390 D goldfish-address-space: allocate: ioctl allocate returned offset 0x3fcff2000 size 0x8000
08-14 16:21:00.920   312   390 D goldfish-address-space: allocate: Ask for block of size 0x84e40
08-14 16:21:00.920   312   390 D goldfish-address-space: allocate: ioctl allocate returned offset 0x3fc2b2000 size 0x86000
08-14 16:21:00.955   698   698 I OpaEnabledReceiver: Dispatching OPA eligble = false; AGSA = true; OPA enabled = false
08-14 16:21:00.955   698   698 I OpaLayout: Setting opa enabled to false
08-14 16:21:00.955   698   698 I OpaLayout: Setting opa enabled to false
08-14 16:21:01.011   312   390 D goldfish-address-space: allocate: Ask for block of size 0x84e40
08-14 16:21:01.012   312   390 D goldfish-address-space: allocate: ioctl allocate returned offset 0x3fc2b2000 size 0x86000
08-14 16:21:01.042   312   390 D goldfish-address-space: allocate: Ask for block of size 0x84e40
08-14 16:21:01.042   312   390 D goldfish-address-space: allocate: ioctl allocate returned offset 0x3fcd15000 size 0x86000
08-14 16:21:01.092   514  2023 V WindowManager: Orientation start waiting for draw, mDrawState=DRAW_PENDING in Window{4054b29 u0 StatusBar}, surfaceController Surface(name=StatusBar)/@0x1aa851b
08-14 16:21:01.159   312   390 D goldfish-address-space: allocate: Ask for block of size 0x42720
08-14 16:21:01.160   312   390 D goldfish-address-space: allocate: ioctl allocate returned offset 0x3fc260000 size 0x44000
08-14 16:21:01.200   312   390 D goldfish-address-space: allocate: Ask for block of size 0x42720
08-14 16:21:01.200   312   390 D goldfish-address-space: allocate: ioctl allocate returned offset 0x3fcdcf000 size 0x44000
08-14 16:21:01.277   312   390 D goldfish-address-space: allocate: Ask for block of size 0x42720
08-14 16:21:01.277   312   390 D goldfish-address-space: allocate: ioctl allocate returned offset 0x3fce47000 size 0x44000
08-14 16:21:01.294   312   390 D goldfish-address-space: allocate: Ask for block of size 0x84e40
08-14 16:21:01.295   312   390 D goldfish-address-space: allocate: ioctl allocate returned offset 0x3fc338000 size 0x86000
08-14 16:21:01.323 19183 19183 I Choreographer: Skipped 54 frames!  The application may be doing too much work on its main thread.
08-14 16:21:01.409   312   390 D goldfish-address-space: allocate: Ask for block of size 0x7e9000
08-14 16:21:01.409   312   390 D goldfish-address-space: allocate: ioctl allocate returned offset 0x3fd070000 size 0x7ea000
08-14 16:21:01.430   312   390 D goldfish-address-space: allocate: Ask for block of size 0x7e9000
08-14 16:21:01.430   312   390 D goldfish-address-space: allocate: ioctl allocate returned offset 0x3fba42000 size 0x7ea000
08-14 16:21:01.442   312   390 D goldfish-address-space: allocate: Ask for block of size 0x7e9000
08-14 16:21:01.442   312   390 D goldfish-address-space: allocate: ioctl allocate returned offset 0x3fb258000 size 0x7ea000
08-14 16:21:01.481 19183 19206 I OpenGLRenderer: Davey! duration=1063ms; Flags=1, IntendedVsync=26028655573225, Vsync=26029555573189, OldestInputEvent=9223372036854775807, NewestInputEvent=0, HandleInputStart=26029564136600, AnimationStart=26029564173300, PerformTraversalsStart=26029564348100, DrawStart=26029687477800, SyncQueued=26029696296400, SyncStart=26029698654700, IssueDrawCommandsStart=26029699047300, SwapBuffers=26029707321700, FrameCompleted=26029721585500, DequeueBufferDuration=497400, QueueBufferDuration=905600, GpuCompleted=-2945836992096272349, 
08-14 16:21:01.506 19209 19225 I Finsky  : [1350] hiv.a(16): com.cpuid.cpu_z: Account from first account - [Uk1AsQ62YqvdqAmmTmW4uXHuWFWqiwGnWZ_DBHLJGD8]
08-14 16:21:01.506   514   539 I WindowManager: Screen frozen for +1s320ms due to Window{b79ff26 u0 com.cpuid.cpu_z/com.cpuid.cpu_z.MainActivity}
08-14 16:21:01.508 19209 19225 I Finsky  : [1350] hiv.a(65): Billing preferred account via installer for com.cpuid.cpu_z: [Uk1AsQ62YqvdqAmmTmW4uXHuWFWqiwGnWZ_DBHLJGD8]
08-14 16:21:01.509   312   390 D goldfish-address-space: allocate: Ask for block of size 0x7641c0
08-14 16:21:01.509   312   390 D goldfish-address-space: allocate: ioctl allocate returned offset 0x3f9ba2000 size 0x766000
08-14 16:21:01.528 19209 19225 I Finsky  : [1350] hiv.a(16): com.cpuid.cpu_z: Account from first account - [Uk1AsQ62YqvdqAmmTmW4uXHuWFWqiwGnWZ_DBHLJGD8]
08-14 16:21:01.529 19209 19225 I Finsky  : [1350] hiv.a(65): Billing preferred account via installer for com.cpuid.cpu_z: [Uk1AsQ62YqvdqAmmTmW4uXHuWFWqiwGnWZ_DBHLJGD8]
08-14 16:21:01.568   514   539 W ImageReader_JNI: Unable to acquire a buffer item, very likely client tried to acquire more than maxImages buffers
08-14 16:21:01.571 19183 19183 D DynamitePackage: Instantiating com.google.android.gms.ads.ChimeraAdManagerCreatorImpl
08-14 16:21:01.576 19183 19183 I Ads     : This request is sent from a test device.
08-14 16:21:01.799 12067 12067 I GoogleInputMethodService: GoogleInputMethodService.onFinishInput():3410 
08-14 16:21:01.800   314   464 W EmuHWC2 : validate: layer 3290 CompositionType 1, fallback
08-14 16:21:01.806   314   464 W EmuHWC2 : No layers, exit, buffer 0xf1e41590
08-14 16:21:01.810   314   464 W EmuHWC2 : validate: layer 3290 CompositionType 1, fallback
08-14 16:21:01.813   314   464 W EmuHWC2 : No layers, exit, buffer 0xf1e40810
08-14 16:21:01.819 12067 12067 I GoogleInputMethodService: GoogleInputMethodService.onStartInput():1994 
08-14 16:21:01.833   314   464 W EmuHWC2 : validate: layer 3290 CompositionType 1, fallback
08-14 16:21:01.835 12067 12067 I DeviceUnlockedTag: DeviceUnlockedTag.notifyDeviceLockStatusChanged():31 Notify device unlocked.
08-14 16:21:01.837   314   464 W EmuHWC2 : No layers, exit, buffer 0xf1e40590
08-14 16:21:01.851   314   464 W EmuHWC2 : validate: layer 3290 CompositionType 1, fallback
08-14 16:21:01.853 19183 19665 W DynamiteModule: Local module descriptor class for com.google.android.gms.ads.dynamite not found.
08-14 16:21:01.854   314   464 W EmuHWC2 : No layers, exit, buffer 0xf1e41590
08-14 16:21:01.866 19183 19669 W Ads     : Not retrying to fetch app settings
08-14 16:21:01.867   314   464 W EmuHWC2 : validate: layer 3290 CompositionType 1, fallback
08-14 16:21:01.870   314   464 W EmuHWC2 : No layers, exit, buffer 0xf1e40810
08-14 16:21:01.887   314   464 W EmuHWC2 : validate: layer 3296 CompositionType 1, fallback
08-14 16:21:01.891   314   464 W EmuHWC2 : No layers, exit, buffer 0xf1e40590
08-14 16:21:01.901   314   464 W EmuHWC2 : validate: layer 3296 CompositionType 1, fallback
08-14 16:21:01.905   314   464 W EmuHWC2 : No layers, exit, buffer 0xf1e41590
08-14 16:21:01.918   314   464 W EmuHWC2 : validate: layer 3296 CompositionType 1, fallback
08-14 16:21:01.921   314   464 W EmuHWC2 : No layers, exit, buffer 0xf1e40810
08-14 16:21:01.934   314   464 W EmuHWC2 : validate: layer 3296 CompositionType 1, fallback
08-14 16:21:01.939   314   464 W EmuHWC2 : No layers, exit, buffer 0xf1e40590
08-14 16:21:01.950   314   464 W EmuHWC2 : validate: layer 3296 CompositionType 1, fallback
08-14 16:21:01.955   314   464 W EmuHWC2 : No layers, exit, buffer 0xf1e41590
08-14 16:21:01.967   314   464 W EmuHWC2 : validate: layer 3296 CompositionType 1, fallback
08-14 16:21:01.972   314   464 W EmuHWC2 : No layers, exit, buffer 0xf1e40810
08-14 16:21:01.982  4448 19680 W SQLiteLog: (28) double-quoted string literal: "1628785261981"
08-14 16:21:01.984   314   464 W EmuHWC2 : validate: layer 3296 CompositionType 1, fallback
08-14 16:21:01.986  4448 19680 W SQLiteLog: (28) double-quoted string literal: "1"
08-14 16:21:01.988   314   464 W EmuHWC2 : No layers, exit, buffer 0xf1e40590
08-14 16:21:02.000   314   464 W EmuHWC2 : validate: layer 3296 CompositionType 1, fallback
08-14 16:21:02.005   314   464 W EmuHWC2 : No layers, exit, buffer 0xf1e41590
08-14 16:21:02.017 19183 19183 E com.cpuid.cpu_: Invalid ID 0x00000000.
08-14 16:21:02.017   314   464 W EmuHWC2 : validate: layer 3296 CompositionType 1, fallback
08-14 16:21:02.021   314   464 W EmuHWC2 : No layers, exit, buffer 0xf1e40810
08-14 16:21:02.033   314   464 W EmuHWC2 : validate: layer 3296 CompositionType 1, fallback
08-14 16:21:02.037   314   464 W EmuHWC2 : No layers, exit, buffer 0xf1e40590
08-14 16:21:02.050   314   464 W EmuHWC2 : validate: layer 3296 CompositionType 1, fallback
08-14 16:21:02.055   314   464 W EmuHWC2 : No layers, exit, buffer 0xf1e41590
08-14 16:21:02.067   314   464 W EmuHWC2 : validate: layer 3296 CompositionType 1, fallback
08-14 16:21:02.071   314   464 W EmuHWC2 : No layers, exit, buffer 0xf1e40810
08-14 16:21:02.072  4448 19454 I Ads     : SDK version: afma-sdk-a-v212104999.8298000.1
08-14 16:21:02.078  4448 19454 I Ads     : HTTP timeout: 60000 milliseconds.
08-14 16:21:02.094  4448  4464 I gle.android.gm: Background young concurrent copying GC freed 155408(7001KB) AllocSpace objects, 112(9872KB) LOS objects, 44% free, 19MB/34MB, paused 1.979ms total 129.473ms
08-14 16:21:02.121  4448  4467 W System  : A resource failed to call close. 
08-14 16:21:02.130 19209 19259 D PaySecureElementClient: Felica app not found; returning isSecureElementAvailable = false!
08-14 16:21:02.140   514  4442 D BiometricService: canAuthenticate: User=0, Caller=0, Authenticators=15
08-14 16:21:02.140   514  4442 D BiometricService: Package: com.android.vending Authenticator ID: 0 Modality: 2 Reported Modality: 2 Status: 6
08-14 16:21:02.140   514  4442 D AuthService: canAuthenticate, userId: 0, callingUserId: 0, authenticators: 15, result: 11
08-14 16:21:02.141   514  4442 D BiometricService: canAuthenticate: User=0, Caller=0, Authenticators=255
08-14 16:21:02.141   514  4442 D BiometricService: Package: com.android.vending Authenticator ID: 0 Modality: 2 Reported Modality: 2 Status: 6
08-14 16:21:02.141   514  4442 D AuthService: canAuthenticate, userId: 0, callingUserId: 0, authenticators: 255, result: 11
08-14 16:21:02.142   514  4442 D BiometricService: canAuthenticate: User=0, Caller=0, Authenticators=15
08-14 16:21:02.142   514  4442 D BiometricService: Package: com.android.vending Authenticator ID: 0 Modality: 2 Reported Modality: 2 Status: 6
08-14 16:21:02.142   514  4442 D AuthService: canAuthenticate, userId: 0, callingUserId: 0, authenticators: 15, result: 11
08-14 16:21:02.146 19209 19659 I Finsky  : [1426] hba.run(29): Skipping a request to /bulkAcquire since cache has all the records.
08-14 16:21:02.305 19183 19183 W Ads     : GET LOCATION COMPILED
08-14 16:21:02.340 19183 19183 I ExoPlayerImpl: Init ExoPlayerLib/2.4.2 [generic_x86_arm, sdk_gphone_x86, Google, 30]
08-14 16:21:02.446 19183 19731 I OMXClient: IOmx service obtained
08-14 16:21:02.447   415  1012 I OMXMaster: makeComponentInstance(OMX.google.aac.decoder) in android.hardwar process
08-14 16:21:02.465   415  1012 E OMXNodeInstance: getConfig(0xf3c41120:google.aac.decoder, ConfigAndroidVendorExtension(0x6f100004)) ERROR: Undefined(0x80001001)
08-14 16:21:02.528 19183 19736 I OMXClient: IOmx service obtained
08-14 16:21:02.529   415   350 I OMXMaster: makeComponentInstance(OMX.google.vp9.decoder) in android.hardwar process
08-14 16:21:02.535 19183 19739 D HostConnection: HostConnection::get() New Host Connection established 0xbae1d950, tid 19739
08-14 16:21:02.555 19183 19739 D HostConnection: HostComposition ext ANDROID_EMU_CHECKSUM_HELPER_v1 ANDROID_EMU_native_sync_v2 ANDROID_EMU_native_sync_v3 ANDROID_EMU_native_sync_v4 ANDROID_EMU_dma_v1 ANDROID_EMU_direct_mem ANDROID_EMU_host_composition_v1 ANDROID_EMU_host_composition_v2 ANDROID_EMU_YUV_Cache ANDROID_EMU_async_unmap_buffer GL_OES_vertex_array_object GL_KHR_texture_compression_astc_ldr ANDROID_EMU_gles_max_version_2 
08-14 16:21:02.578 19183 19739 D EGL_emulation: eglCreateContext: 0xc5449460: maj 2 min 0 rcv 2
08-14 16:21:02.581 19183 19739 D EGL_emulation: eglMakeCurrent: 0xc5449460: ver 2 0 (tinfo 0xb68ce010) (first time)
08-14 16:21:02.583 19183 19739 E EGL_emulation: eglQueryContext 32c0  EGL_BAD_ATTRIBUTE
08-14 16:21:02.583 19183 19739 E EGL_emulation: tid 19739: eglQueryContext(1909): error 0x3004 (EGL_BAD_ATTRIBUTE)
08-14 16:21:02.584 19183 19735 D SurfaceUtils: connecting to surface 0xf02179e8, reason connectToSurface
08-14 16:21:02.585 19183 19735 I MediaCodec: [OMX.google.vp9.decoder] setting surface generation to 19643394
08-14 16:21:02.585 19183 19735 D SurfaceUtils: disconnecting from surface 0xf02179e8, reason connectToSurface(reconnect)
08-14 16:21:02.585 19183 19735 D SurfaceUtils: connecting to surface 0xf02179e8, reason connectToSurface(reconnect)
08-14 16:21:02.585   415   350 E OMXNodeInstance: getExtensionIndex(0xf3c40860:google.vp9.decoder, OMX.google.android.index.enableAndroidNativeBuffers) ERROR: UnsupportedIndex(0x8000101a)
08-14 16:21:02.586 19183 19736 E ACodec  : [OMX.google.vp9.decoder] setPortMode on output to DynamicANWBuffer failed w/ err -1010
08-14 16:21:02.586   415  1012 E OMXNodeInstance: getParameter(0xf3c40860:google.vp9.decoder, ??(0x6f600011)) ERROR: UnsupportedIndex(0x8000101a)
08-14 16:21:02.587   415  1012 W OMXNodeInstance: [0xf3c40860:google.vp9.decoder] component does not support metadata mode; using fallback
08-14 16:21:02.588  1047  1838 E ActivityThread: Failed to find provider info for com.google.android.apps.wellbeing.api
08-14 16:21:02.594   415   350 E OMXNodeInstance: getParameter(0xf3c40860:google.vp9.decoder, ParamVideoAndroidVp8Encoder(0x6f600007)) ERROR: UnsupportedIndex(0x8000101a)
08-14 16:21:02.594   415  1012 E OMXNodeInstance: getConfig(0xf3c40860:google.vp9.decoder, ConfigAndroidVendorExtension(0x6f100004)) ERROR: UnsupportedIndex(0x8000101a)
08-14 16:21:02.626   410   346 W ResourceManagerService: Ignoring request to add new resource entry with value <= 0
08-14 16:21:02.631   415 19732 I SoftAAC2: Reconfiguring decoder: 0->44100 Hz, 0->2 channels
08-14 16:21:02.673   341  5320 W AudioFlinger: createTrack_l(): mismatch between requested flags (00000008) and output flags (00000006)
08-14 16:21:02.674   341  5320 D AudioFlinger: Client defaulted notificationFrames to 5512 for frameCount 11025
08-14 16:21:02.681   341  5320 D AF::TrackHandle: OpPlayAudio: track:230 usage:1 not muted
08-14 16:21:02.681 19183 19195 I com.cpuid.cpu_: Background concurrent copying GC freed 209312(11MB) AllocSpace objects, 64(4720KB) LOS objects, 49% free, 11MB/22MB, paused 1.545ms total 236.345ms
08-14 16:21:02.691 19183 19723 W AudioTrack: Use of stream types is deprecated for operations other than volume control
08-14 16:21:02.691 19183 19723 W AudioTrack: See the documentation of AudioTrack() for what to use instead with android.media.AudioAttributes to qualify your playback use case
08-14 16:21:02.704 19183 19735 D MediaCodec: [OMX.google.vp9.decoder] setting dataspace on output surface to #104
08-14 16:21:02.760 19183 19183 I DynamiteModule: Considering local module com.google.android.gms.ads.dynamite:0 and remote module com.google.android.gms.ads.dynamite:212104400
08-14 16:21:02.760 19183 19183 I DynamiteModule: Selected remote version of com.google.android.gms.ads.dynamite, version >= 212104400
08-14 16:21:02.839 19183 19197 W System  : A resource failed to call close. 
08-14 16:21:02.839 19183 19197 W System  : A resource failed to call close. 
08-14 16:21:02.840 19183 19197 W System  : A resource failed to call release. 
08-14 16:21:02.841 19183 19197 I chatty  : uid=10158(com.cpuid.cpu_z) FinalizerDaemon identical 1 line
08-14 16:21:02.841 19183 19197 W System  : A resource failed to call release. 
08-14 16:21:02.842 19183 19197 W System  : A resource failed to call close. 
08-14 16:21:02.842 19183 19197 W System  : A resource failed to call close. 
08-14 16:21:02.843 19183 19197 W System  : A resource failed to call release. 
08-14 16:21:02.843 19183 19197 I chatty  : uid=10158(com.cpuid.cpu_z) FinalizerDaemon identical 1 line
08-14 16:21:02.843 19183 19197 W System  : A resource failed to call release. 
08-14 16:21:02.849 19183 19197 W System  : A resource failed to call close. 
08-14 16:21:02.850 19183 19197 W System  : A resource failed to call close. 
08-14 16:21:03.701 19183 19183 W Ads     : GET LOCATION COMPILED
08-14 16:21:03.745 19183 19183 I ExoPlayerImpl: Init ExoPlayerLib/2.4.2 [generic_x86_arm, sdk_gphone_x86, Google, 30]
08-14 16:21:03.936 19183 19764 I OMXClient: IOmx service obtained
08-14 16:21:03.938   415   454 I OMXMaster: makeComponentInstance(OMX.google.aac.decoder) in android.hardwar process
08-14 16:21:03.945   415   454 E OMXNodeInstance: getConfig(0xf3c405c0:google.aac.decoder, ConfigAndroidVendorExtension(0x6f100004)) ERROR: Undefined(0x80001001)
08-14 16:21:03.976 19183 19768 I OMXClient: IOmx service obtained
08-14 16:21:03.977   415   454 I OMXMaster: makeComponentInstance(OMX.google.vp9.decoder) in android.hardwar process
08-14 16:21:03.998 19183 19771 D HostConnection: HostConnection::get() New Host Connection established 0xbae21bb0, tid 19771
08-14 16:21:04.029 19183 19771 D HostConnection: HostComposition ext ANDROID_EMU_CHECKSUM_HELPER_v1 ANDROID_EMU_native_sync_v2 ANDROID_EMU_native_sync_v3 ANDROID_EMU_native_sync_v4 ANDROID_EMU_dma_v1 ANDROID_EMU_direct_mem ANDROID_EMU_host_composition_v1 ANDROID_EMU_host_composition_v2 ANDROID_EMU_YUV_Cache ANDROID_EMU_async_unmap_buffer GL_OES_vertex_array_object GL_KHR_texture_compression_astc_ldr ANDROID_EMU_gles_max_version_2 
08-14 16:21:04.030   514   538 I system_server: Explicit concurrent copying GC freed 510335(17MB) AllocSpace objects, 36(736KB) LOS objects, 49% free, 18MB/36MB, paused 1.050ms total 299.855ms
08-14 16:21:04.033 19183 19183 I DynamiteModule: Considering local module com.google.android.gms.ads.dynamite:0 and remote module com.google.android.gms.ads.dynamite:212104400
08-14 16:21:04.033 19183 19183 I DynamiteModule: Selected remote version of com.google.android.gms.ads.dynamite, version >= 212104400
08-14 16:21:04.058 19183 19771 D EGL_emulation: eglCreateContext: 0xf5967220: maj 2 min 0 rcv 2
08-14 16:21:04.061 19183 19771 D EGL_emulation: eglMakeCurrent: 0xf5967220: ver 2 0 (tinfo 0xbb339cd0) (first time)
08-14 16:21:04.062 19183 19771 E EGL_emulation: eglQueryContext 32c0  EGL_BAD_ATTRIBUTE
08-14 16:21:04.062 19183 19771 E EGL_emulation: tid 19771: eglQueryContext(1909): error 0x3004 (EGL_BAD_ATTRIBUTE)
08-14 16:21:04.063 19183 19767 D SurfaceUtils: connecting to surface 0xf02064d8, reason connectToSurface
08-14 16:21:04.063 19183 19767 I MediaCodec: [OMX.google.vp9.decoder] setting surface generation to 19643395
08-14 16:21:04.063 19183 19767 D SurfaceUtils: disconnecting from surface 0xf02064d8, reason connectToSurface(reconnect)
08-14 16:21:04.064 19183 19767 D SurfaceUtils: connecting to surface 0xf02064d8, reason connectToSurface(reconnect)
08-14 16:21:04.065   415   454 E OMXNodeInstance: getExtensionIndex(0xf3c417b0:google.vp9.decoder, OMX.google.android.index.enableAndroidNativeBuffers) ERROR: UnsupportedIndex(0x8000101a)
08-14 16:21:04.066 19183 19768 E ACodec  : [OMX.google.vp9.decoder] setPortMode on output to DynamicANWBuffer failed w/ err -1010
08-14 16:21:04.067   415   454 E OMXNodeInstance: getParameter(0xf3c417b0:google.vp9.decoder, ??(0x6f600011)) ERROR: UnsupportedIndex(0x8000101a)
08-14 16:21:04.068   415   454 W OMXNodeInstance: [0xf3c417b0:google.vp9.decoder] component does not support metadata mode; using fallback
08-14 16:21:04.076   415  1012 E OMXNodeInstance: getParameter(0xf3c417b0:google.vp9.decoder, ParamVideoAndroidVp8Encoder(0x6f600007)) ERROR: UnsupportedIndex(0x8000101a)
08-14 16:21:04.076   415  1012 E OMXNodeInstance: getConfig(0xf3c417b0:google.vp9.decoder, ConfigAndroidVendorExtension(0x6f100004)) ERROR: UnsupportedIndex(0x8000101a)
08-14 16:21:04.109   410   346 W ResourceManagerService: Ignoring request to add new resource entry with value <= 0
08-14 16:21:04.113   415 19765 I SoftAAC2: Reconfiguring decoder: 0->44100 Hz, 0->2 channels
08-14 16:21:04.126   514   525 W System  : A resource failed to call release. 
08-14 16:21:04.268   514   525 I chatty  : uid=1000(system) FinalizerDaemon identical 4 lines
08-14 16:21:04.269   514   525 W System  : A resource failed to call release. 
08-14 16:21:04.314 19183 19767 D MediaCodec: [OMX.google.vp9.decoder] setting dataspace on output surface to #104
08-14 16:21:05.120   341  2072 W AudioFlinger: createTrack_l(): mismatch between requested flags (00000008) and output flags (00000006)
08-14 16:21:05.121   341  2072 D AudioFlinger: Client defaulted notificationFrames to 5512 for frameCount 11025
08-14 16:21:05.124   341  2072 D AF::TrackHandle: OpPlayAudio: track:231 usage:1 not muted
08-14 16:21:05.131 19183 19760 W AudioTrack: Use of stream types is deprecated for operations other than volume control
08-14 16:21:05.131 19183 19760 W AudioTrack: See the documentation of AudioTrack() for what to use instead with android.media.AudioAttributes to qualify your playback use case
08-14 16:21:05.274   312   390 D goldfish-address-space: allocate: Ask for block of size 0x7e9000
08-14 16:21:05.275   312   390 D goldfish-address-space: allocate: ioctl allocate returned offset 0x3fd85a000 size 0x7ea000
08-14 16:21:05.303   175   175 I hwservicemanager: getTransport: Cannot find entry android.hardware.graphics.mapper@4.0::IMapper/default in either framework or device manifest.
08-14 16:21:05.303 19795 19795 I Gralloc4: mapper 4.x is not supported
08-14 16:21:05.313 19795 19795 D HostConnection: createUnique: call
08-14 16:21:05.314 19795 19795 D HostConnection: HostConnection::get() New Host Connection established 0xee0811b0, tid 19795
08-14 16:21:05.314 19795 19795 D goldfish-address-space: allocate: Ask for block of size 0x100
08-14 16:21:05.314 19795 19795 D goldfish-address-space: allocate: ioctl allocate returned offset 0x3fcfa1000 size 0x2000
08-14 16:21:05.363 19795 19795 D HostConnection: HostComposition ext ANDROID_EMU_CHECKSUM_HELPER_v1 ANDROID_EMU_native_sync_v2 ANDROID_EMU_native_sync_v3 ANDROID_EMU_native_sync_v4 ANDROID_EMU_dma_v1 ANDROID_EMU_direct_mem ANDROID_EMU_host_composition_v1 ANDROID_EMU_host_composition_v2 ANDROID_EMU_YUV_Cache ANDROID_EMU_async_unmap_buffer GL_OES_vertex_array_object GL_KHR_texture_compression_astc_ldr ANDROID_EMU_gles_max_version_2 
08-14 16:21:06.829 19209 19783 I android.vendin: oneway function results will be dropped but finished with status UNKNOWN_TRANSACTION and parcel size 0
08-14 16:21:06.834 19300 19300 I Finsky:download_service: [2] pox.onDestroy(8): IPC-SERVER: Stopping gRPC host service...
08-14 16:21:07.722 19835 19837 I cmd     : oneway function results will be dropped but finished with status OK and parcel size 4
08-14 16:21:08.222 19851 19853 I cmd     : oneway function results will be dropped but finished with status OK and parcel size 4
08-14 16:21:08.748 19868 19870 I cmd     : oneway function results will be dropped but finished with status OK and parcel size 4
08-14 16:21:09.444 19881 19881 D AndroidRuntime: >>>>>> START com.android.internal.os.RuntimeInit uid 2000 <<<<<<
08-14 16:21:09.452 19881 19881 E libc    : Access denied finding property "persist.device_config.runtime_native_boot.profilebootclasspath"
08-14 16:21:09.452 19881 19881 E libc    : Access denied finding property "persist.device_config.runtime_native_boot.enable_apex_image"
08-14 16:21:09.452 19881 19881 I AndroidRuntime: Using default boot image
08-14 16:21:09.453 19881 19881 E libc    : Access denied finding property "persist.device_config.runtime_native_boot.disable_lock_profiling"
08-14 16:21:09.453 19881 19881 I AndroidRuntime: Leaving lock profiling enabled
08-14 16:21:09.454 19881 19881 E libc    : Access denied finding property "persist.device_config.runtime_native_boot.enable_generational_cc"
08-14 16:21:09.448 19881 19881 W app_process: type=1400 audit(0.0:7885): avc: denied { read } for name="u:object_r:device_config_runtime_native_boot_prop:s0" dev="tmpfs" ino=8294 scontext=u:r:shell:s0 tcontext=u:object_r:device_config_runtime_native_boot_prop:s0 tclass=file permissive=0
08-14 16:21:09.630 19881 19881 D app_process: Time zone APEX ICU file found: /apex/com.android.tzdata/etc/icu/icu_tzdata.dat
08-14 16:21:09.630 19881 19881 D app_process: I18n APEX ICU file found: /apex/com.android.i18n/etc/icu/icudt66l.dat
08-14 16:21:09.644 19881 19881 W app_process: Unexpected CPU variant for X86 using defaults: x86
08-14 16:21:09.647 19881 19881 I app_process: The ClassLoaderContext is a special shared library.
08-14 16:21:09.681 19881 19881 W app_process: JNI RegisterNativeMethods: attempt to register 0 native methods for android.media.AudioAttributes
08-14 16:21:09.691 19881 19881 D AndroidRuntime: Calling main entry com.android.commands.input.Input
08-14 16:21:09.906 19881 19881 D AndroidRuntime: Shutting down VM
08-14 16:21:09.911   514  2021 I system_server: oneway function results will be dropped but finished with status OK and parcel size 4
08-14 16:21:09.912   514  2021 I chatty  : uid=1000(system) Binder:514_11 identical 1 line
08-14 16:21:10.123   514  2021 I system_server: oneway function results will be dropped but finished with status OK and parcel size 4
08-14 16:21:13.018   514  2022 I system_server: oneway function results will be dropped but finished with status OK and parcel size 4
08-14 16:21:14.272 19958 19960 I cmd     : oneway function results will be dropped but finished with status OK and parcel size 4
08-14 16:21:14.487 19209 19209 I Finsky  : [2] xkl.a(4): SCH: onJobSchedulerWakeup with jobId 9013
08-14 16:21:14.517   514  2021 D WifiNl80211Manager: Scan result ready event
08-14 16:21:14.517   514  2021 D WifiNative: Scan result ready event
08-14 16:21:14.537  1182 18913 I NetworkScheduler.Stats: Task com.google.android.gms/com.google.android.gms.netrec.module.NetRecGcmTaskService started execution. cause:4 exec_start_elapsed_seconds: 26042 [CONTEXT service_id=218 ]
08-14 16:21:14.540 19209 19209 I Finsky  : [2] xfj.handleMessage(4): SCH: DeviceState: DeviceState{currentTime=1628958074536, isCharging=false, isIdle=false, netAny=true, netNotRoaming=true, netUnmetered=true, batteryPercent=100.0}
08-14 16:21:14.545 19209 19257 I Finsky  : [1367] xhi.b(5): SCH: Jobs in database: 1-1337 3-213 3-214 3-215 3-216 3-217 10-78 12-1 20-23232323 24-77777777 26-1414141414 29-29 34-23 34-28 34-29 34-30 34-33 34-34 
08-14 16:21:14.552 19209 19209 I Finsky  : [2] xfk.m(10): SCH: Running job: 12-1
08-14 16:21:14.552  1182 18761 I NetRec  : [1882] aqbs.a: Refreshing scores for 1 networks.
08-14 16:21:14.554 19209 19209 I Finsky  : [2] ContentSyncJob.x(1): [ContentSync] job started
08-14 16:21:14.559 19209 19209 I Finsky  : [2] xfk.m(10): SCH: Running job: 29-29
08-14 16:21:14.563 19209 19209 I Finsky  : [2] xfj.handleMessage(32): SCH: RunningQueue size: 2, PendingQueue size: 0
08-14 16:21:14.563 19209 19209 I Finsky  : [2] xfj.handleMessage(35): SCH: Running queue: 12-1 29-29 
08-14 16:21:14.564 19209 19967 I Finsky  : [1429] adfg.k(0): ProcessRecoveryLogsUtil: No files in recovery directory
08-14 16:21:14.565 19209 19967 I Finsky  : [1429] xgi.o(4): SCH: jobFinished: 29-29. TimeElapsed: 5ms.
08-14 16:21:14.567 19209 19209 I Finsky  : [2] xfk.a(3): SCH: Job 29-29 finished. Not rescheduling.
08-14 16:21:14.568 19209 19209 I Finsky  : [2] xfj.handleMessage(32): SCH: RunningQueue size: 1, PendingQueue size: 0
08-14 16:21:14.568 19209 19209 I Finsky  : [2] xfj.handleMessage(35): SCH: Running queue: 12-1 
08-14 16:21:14.574  4448  4448 D BoundBrokerSvc: onBind: Intent { act=com.google.android.gms.auth.service.START pkg=com.google.android.gms }
08-14 16:21:14.574  4448  4448 D BoundBrokerSvc: Loading bound service for intent: Intent { act=com.google.android.gms.auth.service.START pkg=com.google.android.gms }
08-14 16:21:14.622  1182  2253 W GLSUser : [DeviceKeyStore] Cannot load key: Device key file not found.
08-14 16:21:14.622  1182  2253 W GLSUser : [DeviceKeyStore] Cannot load key: Device key file not found.
08-14 16:21:14.630  1182 27508 E atax    : Phenotype API error. Event # cmes@9d0c3ffd, EventCode: 12 [CONTEXT service_id=51 ]
08-14 16:21:14.630  1182 27508 E atax    : atac: 29503
08-14 16:21:14.630  1182 27508 E atax    : 	at atbd.e(:com.google.android.gms@212116049@21.21.16 (150700-378233385):25)
08-14 16:21:14.630  1182 27508 E atax    : 	at atax.d(:com.google.android.gms@212116049@21.21.16 (150700-378233385):4)
08-14 16:21:14.630  1182 27508 E atax    : 	at atax.f(:com.google.android.gms@212116049@21.21.16 (150700-378233385):2)
08-14 16:21:14.630  1182 27508 E atax    : 	at achg.run(:com.google.android.gms@212116049@21.21.16 (150700-378233385):17)
08-14 16:21:14.630  1182 27508 E atax    : 	at bufl.run(:com.google.android.gms@212116049@21.21.16 (150700-378233385):2)
08-14 16:21:14.630  1182 27508 E atax    : 	at tum.c(:com.google.android.gms@212116049@21.21.16 (150700-378233385):6)
08-14 16:21:14.630  1182 27508 E atax    : 	at tum.run(:com.google.android.gms@212116049@21.21.16 (150700-378233385):7)
08-14 16:21:14.630  1182 27508 E atax    : 	at java.util.concurrent.ThreadPoolExecutor.runWorker(ThreadPoolExecutor.java:1167)
08-14 16:21:14.630  1182 27508 E atax    : 	at java.util.concurrent.ThreadPoolExecutor$Worker.run(ThreadPoolExecutor.java:641)
08-14 16:21:14.630  1182 27508 E atax    : 	at uai.run(:com.google.android.gms@212116049@21.21.16 (150700-378233385):0)
08-14 16:21:14.630  1182 27508 E atax    : 	at java.lang.Thread.run(Thread.java:923)
08-14 16:21:14.631  1182 27508 E AsyncOperation: operation=GetCommittedConfigurationOperationCall, opStatusCode=29503 [CONTEXT service_id=51 ]
08-14 16:21:14.631  1182 27508 E AsyncOperation: OperationException[Status{statusCode=unknown status code: 29503, resolution=null}]
08-14 16:21:14.631  1182 27508 E AsyncOperation: 	at atax.d(:com.google.android.gms@212116049@21.21.16 (150700-378233385):6)
08-14 16:21:14.631  1182 27508 E AsyncOperation: 	at atax.f(:com.google.android.gms@212116049@21.21.16 (150700-378233385):2)
08-14 16:21:14.631  1182 27508 E AsyncOperation: 	at achg.run(:com.google.android.gms@212116049@21.21.16 (150700-378233385):17)
08-14 16:21:14.631  1182 27508 E AsyncOperation: 	at bufl.run(:com.google.android.gms@212116049@21.21.16 (150700-378233385):2)
08-14 16:21:14.631  1182 27508 E AsyncOperation: 	at tum.c(:com.google.android.gms@212116049@21.21.16 (150700-378233385):6)
08-14 16:21:14.631  1182 27508 E AsyncOperation: 	at tum.run(:com.google.android.gms@212116049@21.21.16 (150700-378233385):7)
08-14 16:21:14.631  1182 27508 E AsyncOperation: 	at java.util.concurrent.ThreadPoolExecutor.runWorker(ThreadPoolExecutor.java:1167)
08-14 16:21:14.631  1182 27508 E AsyncOperation: 	at java.util.concurrent.ThreadPoolExecutor$Worker.run(ThreadPoolExecutor.java:641)
08-14 16:21:14.631  1182 27508 E AsyncOperation: 	at uai.run(:com.google.android.gms@212116049@21.21.16 (150700-378233385):0)
08-14 16:21:14.631  1182 27508 E AsyncOperation: 	at java.lang.Thread.run(Thread.java:923)
08-14 16:21:14.633  1182 18913 E NetRec  : [1902] apyo.c: Could not retrieve server token for package com.google.android.apps.gcs
08-14 16:21:14.633  1182 18913 E NetRec  : java.util.concurrent.ExecutionException: slp: 29503: 
08-14 16:21:14.633  1182 18913 E NetRec  : 	at basx.m(:com.google.android.gms@212116049@21.21.16 (150700-378233385):3)
08-14 16:21:14.633  1182 18913 E NetRec  : 	at basx.l(:com.google.android.gms@212116049@21.21.16 (150700-378233385):7)
08-14 16:21:14.633  1182 18913 E NetRec  : 	at apyo.c(:com.google.android.gms@212116049@21.21.16 (150700-378233385):1)
08-14 16:21:14.633  1182 18913 E NetRec  : 	at apyo.a(:com.google.android.gms@212116049@21.21.16 (150700-378233385):1)
08-14 16:21:14.633  1182 18913 E NetRec  : 	at apyn.getHeaders(:com.google.android.gms@212116049@21.21.16 (150700-378233385):2)
08-14 16:21:14.633  1182 18913 E NetRec  : 	at com.android.volley.toolbox.HttpClientStack.performRequest(:com.google.android.gms@212116049@21.21.16 (150700-378233385):18)
08-14 16:21:14.633  1182 18913 E NetRec  : 	at ton.performRequest(:com.google.android.gms@212116049@21.21.16 (150700-378233385):1)
08-14 16:21:14.633  1182 18913 E NetRec  : 	at cdl.executeRequest(:com.google.android.gms@212116049@21.21.16 (150700-378233385):1)
08-14 16:21:14.633  1182 18913 E NetRec  : 	at com.android.volley.toolbox.BasicNetwork.performRequest(:com.google.android.gms@212116049@21.21.16 (150700-378233385):3)
08-14 16:21:14.633  1182 18913 E NetRec  : 	at too.performRequest(:com.google.android.gms@212116049@21.21.16 (150700-378233385):17)
08-14 16:21:14.633  1182 18913 E NetRec  : 	at com.android.volley.NetworkDispatcher.processRequest(:com.google.android.gms@212116049@21.21.16 (150700-378233385):5)
08-14 16:21:14.633  1182 18913 E NetRec  : 	at com.android.volley.GmsAbstractNetworkDispatcher.processRequest(:com.google.android.gms@212116049@21.21.16 (150700-378233385):0)
08-14 16:21:14.633  1182 18913 E NetRec  : 	at ahse.a(:com.google.android.gms@212116049@21.21.16 (150700-378233385):0)
08-14 16:21:14.633  1182 18913 E NetRec  : 	at ahsk.run(:com.google.android.gms@212116049@21.21.16 (150700-378233385):0)
08-14 16:21:14.633  1182 18913 E NetRec  : 	at tum.c(:com.google.android.gms@212116049@21.21.16 (150700-378233385):6)
08-14 16:21:14.633  1182 18913 E NetRec  : 	at tum.run(:com.google.android.gms@212116049@21.21.16 (150700-378233385):7)
08-14 16:21:14.633  1182 18913 E NetRec  : 	at java.util.concurrent.ThreadPoolExecutor.runWorker(ThreadPoolExecutor.java:1167)
08-14 16:21:14.633  1182 18913 E NetRec  : 	at java.util.concurrent.ThreadPoolExecutor$Worker.run(ThreadPoolExecutor.java:641)
08-14 16:21:14.633  1182 18913 E NetRec  : 	at uai.run(:com.google.android.gms@212116049@21.21.16 (150700-378233385):0)
08-14 16:21:14.633  1182 18913 E NetRec  : 	at java.lang.Thread.run(Thread.java:923)
08-14 16:21:14.633  1182 18913 E NetRec  : Caused by: slp: 29503: 
08-14 16:21:14.633  1182 18913 E NetRec  : 	at srh.c(:com.google.android.gms@212116049@21.21.16 (150700-378233385):2)
08-14 16:21:14.633  1182 18913 E NetRec  : 	at atam.i(:com.google.android.gms@212116049@21.21.16 (150700-378233385):0)
08-14 16:21:14.633  1182 18913 E NetRec  : 	at atbd.j(:com.google.android.gms@212116049@21.21.16 (150700-378233385):0)
08-14 16:21:14.633  1182 18913 E NetRec  : 	at acha.p(:com.google.android.gms@212116049@21.21.16 (150700-378233385):4)
08-14 16:21:14.633  1182 18913 E NetRec  : 	at achg.run(:com.google.android.gms@212116049@21.21.16 (150700-378233385):17)
08-14 16:21:14.633  1182 18913 E NetRec  : 	at bufl.run(:com.google.android.gms@212116049@21.21.16 (150700-378233385):2)
08-14 16:21:14.633  1182 18913 E NetRec  : 	... 6 more
08-14 16:21:14.633  1182 18913 W NetRec  : [1902] apyo.a: No server tokens extracted.
08-14 16:21:14.686 19209 19577 I Finsky  : [1420] ewx.run(10): Wrote 1 rows to frosting DB
08-14 16:21:14.790 19977 19979 I cmd     : oneway function results will be dropped but finished with status OK and parcel size 4
08-14 16:21:14.900  1182 18913 E Volley  : [1902] NetworkUtility.b: Unexpected response code 400 for https://mobilenetworkscoring-pa.googleapis.com/v1/GetWifiQuality?key=AIzaSyBrlVtd67QvwS_Wz0Do4ZIdOeA6ThtVczU
08-14 16:21:14.901  1182 18761 I NetRec  : [1882] aqbs.c: Will retry failed rapid_refresh_scores_task task as standard refresh.
08-14 16:21:14.907  1182 18761 W NetRec  : [1882] aqbs.a: Unexpected exception com.android.volley.ClientError while waiting for score updates (com.android.volley.ClientError). Returning 2.
08-14 16:21:14.911  1182 18761 I NetRec  : [1882] NetRecChimeraGcmTaskService.a: Still entries pending update, scheduling new rapid_refresh_scores_task refresh.
08-14 16:21:14.913  1182 18761 I NetRec  : [1882] NetRecChimeraGcmTaskService.a: Completed rapid_refresh_scores_task score refresh task in 374 ms, returning 2
08-14 16:21:14.916  1182  1182 D BoundBrokerSvc: onBind: Intent { act=com.google.android.gms.scheduler.ACTION_PROXY_SCHEDULE cmp=com.google.android.gms/.chimera.PersistentInternalBoundBrokerService }
08-14 16:21:14.916  1182  1182 D BoundBrokerSvc: Loading bound service for intent: Intent { act=com.google.android.gms.scheduler.ACTION_PROXY_SCHEDULE cmp=com.google.android.gms/.chimera.PersistentInternalBoundBrokerService }
08-14 16:21:14.918  1182 15302 I NetworkScheduler.Stats: Task com.google.android.gms/com.google.android.gms.netrec.module.NetRecGcmTaskService finished executing. cause:4 result: 2 elapsed_millis: 406 uptime_millis: 406 exec_start_elapsed_seconds: 26042 [CONTEXT service_id=218 ]
08-14 16:21:15.088 19209 19966 W Finsky  : [1428] tye.p(68): Package com.android.apex.cts.shim not installed
08-14 16:21:15.102 19209 19966 W Finsky  : [1428] tye.p(68): Package com.android.i18n not installed
08-14 16:21:15.109 19209 19966 W Finsky  : [1428] tye.p(68): Package com.google.android.telephony not installed
08-14 16:21:15.114 19209 19966 W Finsky  : [1428] tye.p(68): Package com.google.android.runtime not installed
08-14 16:21:15.118 19209 19966 W Finsky  : [1428] tye.p(68): Package com.android.art not installed
08-14 16:21:15.119 19209 19966 W Finsky  : [1428] tye.p(68): Package com.google.android.vndk.v30 not installed
08-14 16:21:15.195 19209 19988 I Finsky  : [1430] gfm.a(1): Completed 0 account content syncs with 0 successful.
08-14 16:21:15.195 19209 19209 I Finsky  : [2] ContentSyncJob.a(1): [ContentSync] Installation state replication succeeded.
08-14 16:21:15.196 19209 19209 I Finsky  : [2] xgi.o(4): SCH: jobFinished: 12-1. TimeElapsed: 643ms.
08-14 16:21:15.196 19209 19209 I Finsky  : [2] xfk.a(3): SCH: Job 12-1 finished. Not rescheduling.
08-14 16:21:15.197 19209 19209 I Finsky  : [2] xfj.handleMessage(32): SCH: RunningQueue size: 0, PendingQueue size: 0
08-14 16:21:15.197 19209 19209 I Finsky  : [2] xfj.handleMessage(10): SCH: Executor finished
08-14 16:21:15.213 19209 19209 I Finsky  : [2] xhi.b(5): SCH: Jobs in database: 1-1337 3-213 3-214 3-215 3-216 3-217 10-78 20-23232323 24-77777777 26-1414141414 34-23 34-28 34-29 34-30 34-33 34-34 
08-14 16:21:15.214 19209 19209 I Finsky  : [2] xfy.l(35): SCH: ConstraintMapping: 24-77777777,  -> L: 0ms, D: 81222488ms, C: 1, I: 2, N: 0
08-14 16:21:15.214 19209 19209 I Finsky  : [2] xfy.l(35): SCH: ConstraintMapping: 1-1337, 34-34,  -> L: 27746170ms, D: 70946170ms, C: 1, I: 1, N: 1
08-14 16:21:15.214 19209 19209 I Finsky  : [2] xfy.l(35): SCH: ConstraintMapping: 10-78,  -> L: 0ms, D: 84806766ms, C: 1, I: 2, N: 1
08-14 16:21:15.214 19209 19209 I Finsky  : [2] xfy.l(35): SCH: ConstraintMapping: 3-215, 3-217, 20-23232323,  -> L: 0ms, D: 81217704ms, C: 2, I: 1, N: 2
08-14 16:21:15.214 19209 19209 I Finsky  : [2] xfy.l(35): SCH: ConstraintMapping: 3-213, 3-216, 34-23, 34-28, 34-29, 34-30, 34-33,  -> L: 0ms, D: 86371428ms, C: 1, I: 2, N: 2
08-14 16:21:15.214 19209 19209 I Finsky  : [2] xfy.l(35): SCH: ConstraintMapping: 3-214, 34-23, 34-28, 34-29, 34-30, 34-33,  -> L: 0ms, D: 86371428ms, C: 2, I: 2, N: 2
08-14 16:21:15.215 19209 19209 I Finsky  : [2] xfy.l(35): SCH: ConstraintMapping: 26-1414141414,  -> L: 41610445ms, D: 42510445ms, C: 1, I: 1, N: 0
08-14 16:21:15.263 19209 19209 I Finsky  : [2] xfy.j(7): SCH: Cancelling existing jobscheduler jobs: 9010 9008 9012 9009 9000 9011 
08-14 16:21:15.263 19209 19209 I Finsky  : [2] xfy.h(12): SCH: Throttling wakeup for job 9001 (expected to run in 0 ms) due to recent wakeup
08-14 16:21:15.263 19209 19209 I Finsky  : [2] xfy.h(16): SCH: Scheduling job Id: 9001, L: 30000, D: 81222488, C: false, I: true, N: 0
08-14 16:21:15.265 19209 19209 I Finsky  : [2] xfy.h(16): SCH: Scheduling job Id: 9002, L: 27746170, D: 70946170, C: false, I: false, N: 1
08-14 16:21:15.267 19209 19209 I Finsky  : [2] xfy.h(12): SCH: Throttling wakeup for job 9003 (expected to run in 0 ms) due to recent wakeup
08-14 16:21:15.267 19209 19209 I Finsky  : [2] xfy.h(16): SCH: Scheduling job Id: 9003, L: 30000, D: 84806766, C: false, I: true, N: 1
08-14 16:21:15.269 19209 19209 I Finsky  : [2] xfy.h(12): SCH: Throttling wakeup for job 9004 (expected to run in 0 ms) due to recent wakeup
08-14 16:21:15.269 19209 19209 I Finsky  : [2] xfy.h(16): SCH: Scheduling job Id: 9004, L: 30000, D: 81217704, C: true, I: false, N: 2
08-14 16:21:15.271 19209 19209 I Finsky  : [2] xfy.h(12): SCH: Throttling wakeup for job 9005 (expected to run in 0 ms) due to recent wakeup
08-14 16:21:15.271 19209 19209 I Finsky  : [2] xfy.h(16): SCH: Scheduling job Id: 9005, L: 30000, D: 86371428, C: false, I: true, N: 2
08-14 16:21:15.273 19209 19209 I Finsky  : [2] xfy.h(12): SCH: Throttling wakeup for job 9006 (expected to run in 0 ms) due to recent wakeup
08-14 16:21:15.273 19209 19209 I Finsky  : [2] xfy.h(16): SCH: Scheduling job Id: 9006, L: 30000, D: 86371428, C: true, I: true, N: 2
08-14 16:21:15.275 19209 19209 I Finsky  : [2] xfy.h(16): SCH: Scheduling job Id: 9007, L: 41610445, D: 42510445, C: false, I: false, N: 0
08-14 16:21:15.284 19994 19996 I cmd     : oneway function results will be dropped but finished with status OK and parcel size 4
08-14 16:21:15.865 20008 20008 D AndroidRuntime: >>>>>> START com.android.internal.os.RuntimeInit uid 2000 <<<<<<
08-14 16:21:15.869 20008 20008 E libc    : Access denied finding property "persist.device_config.runtime_native_boot.profilebootclasspath"
08-14 16:21:15.869 20008 20008 E libc    : Access denied finding property "persist.device_config.runtime_native_boot.enable_apex_image"
08-14 16:21:15.869 20008 20008 I AndroidRuntime: Using default boot image
08-14 16:21:15.869 20008 20008 E libc    : Access denied finding property "persist.device_config.runtime_native_boot.disable_lock_profiling"
08-14 16:21:15.869 20008 20008 I AndroidRuntime: Leaving lock profiling enabled
08-14 16:21:15.869 20008 20008 E libc    : Access denied finding property "persist.device_config.runtime_native_boot.enable_generational_cc"
08-14 16:21:15.868 20008 20008 W app_process: type=1400 audit(0.0:7889): avc: denied { read } for name="u:object_r:device_config_runtime_native_boot_prop:s0" dev="tmpfs" ino=8294 scontext=u:r:shell:s0 tcontext=u:object_r:device_config_runtime_native_boot_prop:s0 tclass=file permissive=0
08-14 16:21:15.955 20008 20008 D app_process: Time zone APEX ICU file found: /apex/com.android.tzdata/etc/icu/icu_tzdata.dat
08-14 16:21:15.955 20008 20008 D app_process: I18n APEX ICU file found: /apex/com.android.i18n/etc/icu/icudt66l.dat
08-14 16:21:15.961 20008 20008 W app_process: Unexpected CPU variant for X86 using defaults: x86
08-14 16:21:15.963 20008 20008 I app_process: The ClassLoaderContext is a special shared library.
08-14 16:21:15.981 20008 20008 W app_process: JNI RegisterNativeMethods: attempt to register 0 native methods for android.media.AudioAttributes
08-14 16:21:15.987 20008 20008 D AndroidRuntime: Calling main entry com.android.commands.input.Input
08-14 16:21:16.503 20008 20008 D AndroidRuntime: Shutting down VM
08-14 16:21:16.508   514  2022 I system_server: oneway function results will be dropped but finished with status OK and parcel size 4
08-14 16:21:16.508   514  2023 I system_server: oneway function results will be dropped but finished with status OK and parcel size 4
08-14 16:21:16.724   514  2022 I system_server: oneway function results will be dropped but finished with status OK and parcel size 4
08-14 16:21:19.633   514  2023 I system_server: oneway function results will be dropped but finished with status OK and parcel size 4
08-14 16:21:24.416   312   390 D goldfish-address-space: allocate: Ask for block of size 0x7e9000
08-14 16:21:24.416   312   390 D goldfish-address-space: allocate: ioctl allocate returned offset 0x3fd85a000 size 0x7ea000
08-14 16:21:24.442   175   175 I hwservicemanager: getTransport: Cannot find entry android.hardware.graphics.mapper@4.0::IMapper/default in either framework or device manifest.
08-14 16:21:24.443 20126 20126 I Gralloc4: mapper 4.x is not supported
08-14 16:21:24.451 20126 20126 D HostConnection: createUnique: call
08-14 16:21:24.451 20126 20126 D HostConnection: HostConnection::get() New Host Connection established 0xe8f80430, tid 20126
08-14 16:21:24.452 20126 20126 D goldfish-address-space: allocate: Ask for block of size 0x100
08-14 16:21:24.452 20126 20126 D goldfish-address-space: allocate: ioctl allocate returned offset 0x3fcfa1000 size 0x2000
08-14 16:21:24.526 20126 20126 D HostConnection: HostComposition ext ANDROID_EMU_CHECKSUM_HELPER_v1 ANDROID_EMU_native_sync_v2 ANDROID_EMU_native_sync_v3 ANDROID_EMU_native_sync_v4 ANDROID_EMU_dma_v1 ANDROID_EMU_direct_mem ANDROID_EMU_host_composition_v1 ANDROID_EMU_host_composition_v2 ANDROID_EMU_YUV_Cache ANDROID_EMU_async_unmap_buffer GL_OES_vertex_array_object GL_KHR_texture_compression_astc_ldr ANDROID_EMU_gles_max_version_2 
08-14 16:21:24.812   889   889 W m.android.phon: JNI critical lock held for 28.799ms on Thread[1,tid=889,Runnable,Thread*=0xe7c02a10,peer=0x72a05c88,"main"]
08-14 16:21:25.695 20146 20148 I cmd     : oneway function results will be dropped but finished with status OK and parcel size 4
08-14 16:21:25.718   312   390 D goldfish-address-space: allocate: Ask for block of size 0x7e9000
08-14 16:21:25.719   312   390 D goldfish-address-space: allocate: ioctl allocate returned offset 0x3fd85a000 size 0x7ea000
08-14 16:21:25.746   514   536 W ImageReader_JNI: Unable to acquire a buffer item, very likely client tried to acquire more than maxImages buffers
08-14 16:21:24.293  1047  1838 E ActivityThread: Failed to find provider info for com.google.android.apps.wellbeing.api
08-14 16:21:25.822   514   536 W Looper  : Slow dispatch took 128ms android.ui h=android.os.Handler c=android.database.-$$Lambda$ContentObserver$MgqiYb2qvgLhoXTioYXq9MvvpNk@7d2a65 m=0
08-14 16:21:25.836   514   538 W InputReader: Device virtio_input_multi_touch_9 is associated with display ADISPLAY_ID_NONE.
08-14 16:21:25.836   514   538 W InputReader: Device virtio_input_multi_touch_10 is associated with display ADISPLAY_ID_NONE.
08-14 16:21:25.836   514   538 W InputReader: Device virtio_input_multi_touch_7 is associated with display ADISPLAY_ID_NONE.
08-14 16:21:25.836   514   538 W InputReader: Device virtio_input_multi_touch_4 is associated with display ADISPLAY_ID_NONE.
08-14 16:21:25.836   514   538 W InputReader: Device virtio_input_multi_touch_11 is associated with display ADISPLAY_ID_NONE.
08-14 16:21:25.836   514   538 W InputReader: Device virtio_input_multi_touch_5 is associated with display ADISPLAY_ID_NONE.
08-14 16:21:25.836   514   538 W InputReader: Device virtio_input_multi_touch_2 is associated with display ADISPLAY_ID_NONE.
08-14 16:21:25.836   514   538 W InputReader: Device virtio_input_multi_touch_6 is associated with display ADISPLAY_ID_NONE.
08-14 16:21:25.836   514   538 W InputReader: Device virtio_input_multi_touch_3 is associated with display ADISPLAY_ID_NONE.
08-14 16:21:25.836   514   538 W InputReader: Device virtio_input_multi_touch_8 is associated with display ADISPLAY_ID_NONE.
08-14 16:21:25.847   514   538 I ActivityTaskManager: Config changes=20000480 {1.0 310mcc260mnc [en_US] ldltr sw411dp w683dp h387dp 420dpi nrml land finger qwerty/v/v -nav/h winConfig={ mBounds=Rect(0, 0 - 1920, 1080) mAppBounds=Rect(0, 0 - 1794, 1080) mWindowingMode=fullscreen mDisplayWindowingMode=fullscreen mActivityType=undefined mAlwaysOnTop=undefined mRotation=ROTATION_90} s.10150}
08-14 16:21:25.887   514   538 I WindowManager: Override config changes=20000480 {1.0 310mcc260mnc [en_US] ldltr sw411dp w683dp h387dp 420dpi nrml land finger qwerty/v/v -nav/h winConfig={ mBounds=Rect(0, 0 - 1920, 1080) mAppBounds=Rect(0, 0 - 1794, 1080) mWindowingMode=fullscreen mDisplayWindowingMode=fullscreen mActivityType=undefined mAlwaysOnTop=undefined mRotation=ROTATION_90} s.10150} for displayId=0
08-14 16:21:25.911   514   538 V WindowManager: Orientation start waiting for draw, mDrawState=DRAW_PENDING in Window{520868b u0 NavigationBar0}, surfaceController Surface(name=NavigationBar0)/@0x992415
08-14 16:21:25.911   514   538 V WindowManager: Orientation start waiting for draw, mDrawState=DRAW_PENDING in Window{4054b29 u0 StatusBar}, surfaceController Surface(name=StatusBar)/@0x1aa851b
08-14 16:21:25.912   514   538 V WindowManager: Orientation start waiting for draw, mDrawState=DRAW_PENDING in Window{b79ff26 u0 com.cpuid.cpu_z/com.cpuid.cpu_z.MainActivity}, surfaceController Surface(name=com.cpuid.cpu_z/com.cpuid.cpu_z.MainActivity)/@0x9d3beb
08-14 16:21:25.935   514   539 V WindowManager: Orientation start waiting for draw, mDrawState=DRAW_PENDING in Window{b79ff26 u0 com.cpuid.cpu_z/com.cpuid.cpu_z.MainActivity}, surfaceController Surface(name=com.cpuid.cpu_z/com.cpuid.cpu_z.MainActivity)/@0x9d3beb
08-14 16:21:25.968   514   538 I InputManager-JNI: Viewport [0] to add: local:8141603649153536, isActive: true
08-14 16:21:25.970   514   606 I InputReader: Reconfiguring input devices, changes=DISPLAY_INFO | 
08-14 16:21:25.970   514   606 I InputReader: Touch device 'virtio_input_multi_touch_9' could not query the properties of its associated display.  The device will be inoperable until the display size becomes available.
08-14 16:21:25.970   514   606 I InputReader: Touch device 'virtio_input_multi_touch_10' could not query the properties of its associated display.  The device will be inoperable until the display size becomes available.
08-14 16:21:25.970   514   606 I InputReader: Touch device 'virtio_input_multi_touch_7' could not query the properties of its associated display.  The device will be inoperable until the display size becomes available.
08-14 16:21:25.970   514   606 I InputReader: Touch device 'virtio_input_multi_touch_4' could not query the properties of its associated display.  The device will be inoperable until the display size becomes available.
