08-14 16:20:58.715 12067 19643 I KeyboardGroupDefParser: KeyboardGroupDefParser.parseKeyboardGroupDef():89 parseKeyboardGroupDef() 2132148499 -> 0_resource_name_obfuscated : WaitTime = 7 ms : RunTime = 15 ms
08-14 16:20:58.717 12067 12067 I GoogleInputMethodService: GoogleInputMethodService.initializeKeyboardTheme():1393 Apply keyboard theme: theme_border_stylesheet_googleblue_materiallight_builtin_google_blue_light.binarypb_land
08-14 16:20:58.728 12067 19642 I KeyboardGroupDefParser: KeyboardGroupDefParser.parseKeyboardGroupDef():89 parseKeyboardGroupDef() 2132148494 -> 0_resource_name_obfuscated : WaitTime = 23 ms : RunTime = 28 ms
08-14 16:20:58.728 12067 12067 I Environment: Environment.getDeviceMode():833 Get device mode by ui mode:1 and smallestScreenWidthDp:411
08-14 16:20:58.728 12067 12067 I Environment: Environment.getDeviceMode():833 Get device mode by ui mode:1 and smallestScreenWidthDp:411
08-14 16:20:58.729 12067 12121 I Environment: Environment.getDeviceMode():833 Get device mode by ui mode:1 and smallestScreenWidthDp:411
08-14 16:20:58.729 12067 12121 I Environment: Environment.getDeviceMode():833 Get device mode by ui mode:1 and smallestScreenWidthDp:411
08-14 16:20:58.731 12067 12067 I Environment: Environment.getDeviceMode():833 Get device mode by ui mode:1 and smallestScreenWidthDp:411
08-14 16:20:58.731 12067 12067 I Environment: Environment.getDeviceMode():833 Get device mode by ui mode:1 and smallestScreenWidthDp:411
08-14 16:20:58.731 12067 12120 I Environment: Environment.getDeviceMode():833 Get device mode by ui mode:1 and smallestScreenWidthDp:411
08-14 16:20:58.731 12067 12067 I Environment: Environment.getDeviceMode():833 Get device mode by ui mode:1 and smallestScreenWidthDp:411
08-14 16:20:58.731 12067 12067 I Environment: Environment.getDeviceMode():833 Get device mode by ui mode:1 and smallestScreenWidthDp:411
08-14 16:20:58.731 12067 12120 I Environment: Environment.getDeviceMode():833 Get device mode by ui mode:1 and smallestScreenWidthDp:411
08-14 16:20:58.733 12067 12067 I Environment: Environment.getDeviceMode():833 Get device mode by ui mode:1 and smallestScreenWidthDp:411
08-14 16:20:58.733 12067 12067 I Environment: Environment.getDeviceMode():833 Get device mode by ui mode:1 and smallestScreenWidthDp:411
08-14 16:20:58.735 12067 19644 I DlamWrapper: DlamWrapper$1.onSuccess():148 close(): Successfully wrote DLAM properties file.
08-14 16:20:58.745 12067 12067 E putmethod.lati: Invalid ID 0x00000000.
08-14 16:20:58.755 19183 19183 W System.err: java.io.FileNotFoundException: /data/user/0/com.cpuid.cpu_z/files/cpuz02.dat: open failed: ENOENT (No such file or directory)
08-14 16:20:58.755 19183 19183 W System.err: 	at libcore.io.IoBridge.open(IoBridge.java:492)
08-14 16:20:58.755 19183 19183 W System.err: 	at java.io.FileInputStream.<init>(FileInputStream.java:160)
08-14 16:20:58.755 19183 19183 W System.err: 	at android.app.ContextImpl.openFileInput(ContextImpl.java:636)
08-14 16:20:58.755 19183 19183 W System.err: 	at android.content.ContextWrapper.openFileInput(ContextWrapper.java:216)
08-14 16:20:58.755 19183 19183 W System.err: 	at CPUIDSDK.h.c(JsonParser.java:165)
08-14 16:20:58.755 19183 19183 W System.err: 	at CPUIDSDK.h.a(JsonParser.java:302)
08-14 16:20:58.755 19183 19183 W System.err: 	at CPUIDSDK.CPUID.a(CPUID.java:99)
08-14 16:20:58.755 19183 19183 W System.err: 	at com.cpuid.cpu_z.MainActivity.f(MainActivity.java:220)
08-14 16:20:58.756 19183 19183 W System.err: 	at com.cpuid.cpu_z.MainActivity.onCreate(MainActivity.java:639)
08-14 16:20:58.756 19183 19183 W System.err: 	at android.app.Activity.performCreate(Activity.java:8000)
08-14 16:20:58.756 19183 19183 W System.err: 	at android.app.Activity.performCreate(Activity.java:7984)
08-14 16:20:58.756 19183 19183 W System.err: 	at android.app.Instrumentation.callActivityOnCreate(Instrumentation.java:1309)
08-14 16:20:58.756 19183 19183 W System.err: 	at android.app.ActivityThread.performLaunchActivity(ActivityThread.java:3422)
08-14 16:20:58.756 19183 19183 W System.err: 	at android.app.ActivityThread.handleLaunchActivity(ActivityThread.java:3601)
08-14 16:20:58.756 19183 19183 W System.err: 	at android.app.ActivityThread.handleRelaunchActivityInner(ActivityThread.java:5456)
08-14 16:20:58.756 19183 19183 W System.err: 	at android.app.ActivityThread.handleRelaunchActivity(ActivityThread.java:5362)
08-14 16:20:58.756 19183 19183 W System.err: 	at android.app.servertransaction.ActivityRelaunchItem.execute(ActivityRelaunchItem.java:69)
08-14 16:20:58.756 19183 19183 W System.err: 	at android.app.servertransaction.TransactionExecutor.executeCallbacks(TransactionExecutor.java:135)
08-14 16:20:58.756 19183 19183 W System.err: 	at android.app.servertransaction.TransactionExecutor.execute(TransactionExecutor.java:95)
08-14 16:20:58.756 19183 19183 W System.err: 	at android.app.ActivityThread$H.handleMessage(ActivityThread.java:2066)
08-14 16:20:58.756 19183 19183 W System.err: 	at android.os.Handler.dispatchMessage(Handler.java:106)
08-14 16:20:58.756 19183 19183 W System.err: 	at android.os.Looper.loop(Looper.java:223)
08-14 16:20:58.756 19183 19183 W System.err: 	at android.app.ActivityThread.main(ActivityThread.java:7656)
08-14 16:20:58.756 19183 19183 W System.err: 	at java.lang.reflect.Method.invoke(Native Method)
08-14 16:20:58.756 19183 19183 W System.err: 	at com.android.internal.os.RuntimeInit$MethodAndArgsCaller.run(RuntimeInit.java:592)
08-14 16:20:58.756 19183 19183 W System.err: 	at com.android.internal.os.ZygoteInit.main(ZygoteInit.java:947)
08-14 16:20:58.757 19183 19183 W System.err: Caused by: android.system.ErrnoException: open failed: ENOENT (No such file or directory)
08-14 16:20:58.757 19183 19183 W System.err: 	at libcore.io.Linux.open(Native Method)
08-14 16:20:58.757 19183 19183 W System.err: 	at libcore.io.ForwardingOs.open(ForwardingOs.java:166)
08-14 16:20:58.757 19183 19183 W System.err: 	at libcore.io.BlockGuardOs.open(BlockGuardOs.java:254)
08-14 16:20:58.757 19183 19183 W System.err: 	at libcore.io.ForwardingOs.open(ForwardingOs.java:166)
08-14 16:20:58.757 19183 19183 W System.err: 	at android.app.ActivityThread$AndroidOs.open(ActivityThread.java:7542)
08-14 16:20:58.757 19183 19183 W System.err: 	at libcore.io.IoBridge.open(IoBridge.java:478)
08-14 16:20:58.757 19183 19183 W System.err: 	... 25 more
08-14 16:20:58.777 12067 12067 I KeyboardViewUtil: KeyboardViewUtil.getKeyboardHeightRatio():166 systemKeyboardHeightRatio:1.000000; userKeyboardHeightRatio:1.000000.
08-14 16:20:58.810 12067 12067 I GoogleInputMethodService: GoogleInputMethodService.onStartInput():1994 
08-14 16:20:58.811 12067 12067 I DeviceUnlockedTag: DeviceUnlockedTag.notifyDeviceLockStatusChanged():31 Notify device unlocked.
08-14 16:20:58.811 12067 12067 W SessionManager: SessionManager.beginSession():53 Try to begin an already begun session [INPUT_SESSION], end it first
08-14 16:20:58.813 12067 12067 I Environment: Environment.getDeviceMode():833 Get device mode by ui mode:1 and smallestScreenWidthDp:411
08-14 16:20:58.813 12067 12067 I Environment: Environment.getDeviceMode():833 Get device mode by ui mode:1 and smallestScreenWidthDp:411
08-14 16:20:58.814 12067 12067 I GoogleInputMethodService: GoogleInputMethodService.lambda$setDecorViewApplyWindowInsetsListener$9():1099 update screenHeightWithoutNaviBar to: 954
08-14 16:20:58.817 12067 12067 I GoogleInputMethodService: GoogleInputMethodService.lambda$setDecorViewApplyWindowInsetsListener$9():1106 update max height when insets changes
08-14 16:20:58.823 12067 12067 I GoogleInputMethodService: GoogleInputMethodService.lambda$setDecorViewApplyWindowInsetsListener$9():1099 update screenHeightWithoutNaviBar to: 1080
08-14 16:20:58.823 12067 12067 I GoogleInputMethodService: GoogleInputMethodService.lambda$setDecorViewApplyWindowInsetsListener$9():1106 update max height when insets changes
08-14 16:20:58.829 12067 12067 I AbstractOpenableExtension: AbstractOpenableExtension$3.onSuccess():527 KeyboardGroupManager destroyed in fau.
08-14 16:20:58.829 12067 12067 I AbstractOpenableExtension: AbstractOpenableExtension$3.onSuccess():527 KeyboardGroupManager destroyed in eyj.
08-14 16:20:58.829 12067 12067 I AbstractOpenableExtension: AbstractOpenableExtension$3.onSuccess():527 KeyboardGroupManager destroyed in fci.
08-14 16:20:58.835 12067 12067 I DictionarySuperpacksManager: DictionarySuperpacksManager$1.onEnabledInputMethodEntriesChanged():60 onEnabledInputMethodEntriesChanged
08-14 16:20:58.838 12067 12120 I SP      : Registering content_cache.2021061512, url: https://www.gstatic.com/android/keyboard/modelpack/contentcache/202106151201/superpacks_manifest.json, constraints: W:*:*:*, flags: bg, requested: 2021061512, current: 2021061512
08-14 16:20:58.849 12067 12120 I SP      : Syncing content_cache (2021061512) with slices: [9e22973d4ff86e79a43b587d114f5a4e, 73c10eff89726f4122ae1887121fdee6], metadata: true
08-14 16:20:58.872   698   698 D StatusBar: disable<e i a s b h r c s > disable2<q i n >
08-14 16:20:58.879   514  1460 V WindowManager: Orientation start waiting for draw, mDrawState=DRAW_PENDING in Window{4054b29 u0 StatusBar}, surfaceController Surface(name=StatusBar)/@0x1aa851b
08-14 16:20:58.937   312   390 D goldfish-address-space: allocate: Ask for block of size 0x76200
08-14 16:20:58.938   312   390 D goldfish-address-space: allocate: ioctl allocate returned offset 0x3fce13000 size 0x78000
08-14 16:20:58.985   312   390 D goldfish-address-space: allocate: Ask for block of size 0x76200
08-14 16:20:58.985   312   390 D goldfish-address-space: allocate: ioctl allocate returned offset 0x3fcd9b000 size 0x78000
08-14 16:20:59.059   514  3457 V WindowManager: Orientation start waiting for draw, mDrawState=DRAW_PENDING in Window{520868b u0 NavigationBar0}, surfaceController Surface(name=NavigationBar0)/@0x992415
08-14 16:20:59.077   312   390 D goldfish-address-space: allocate: Ask for block of size 0x84e40
08-14 16:20:59.077   312   390 D goldfish-address-space: allocate: ioctl allocate returned offset 0x3fcc9e000 size 0x86000
08-14 16:20:59.080 12067 12120 I SP      : Sync for content_cache succeeded in 232 ms: no changes
08-14 16:20:59.081 12067 12120 I SP      : GC for 'content_cache' (10) with ttl of 0 ms took 1 ms (0/1/0)
08-14 16:20:59.091   312   390 D goldfish-address-space: allocate: Ask for block of size 0x6160
08-14 16:20:59.091   312   390 D goldfish-address-space: allocate: ioctl allocate returned offset 0x3fd048000 size 0x8000
08-14 16:20:59.095   698  1261 D HostConnection: HostConnection::get() New Host Connection established 0xc018c5b0, tid 1261
08-14 16:20:59.111   698  1261 D HostConnection: HostComposition ext ANDROID_EMU_CHECKSUM_HELPER_v1 ANDROID_EMU_native_sync_v2 ANDROID_EMU_native_sync_v3 ANDROID_EMU_native_sync_v4 ANDROID_EMU_dma_v1 ANDROID_EMU_direct_mem ANDROID_EMU_host_composition_v1 ANDROID_EMU_host_composition_v2 ANDROID_EMU_YUV_Cache ANDROID_EMU_async_unmap_buffer GL_OES_vertex_array_object GL_KHR_texture_compression_astc_ldr ANDROID_EMU_gles_max_version_2 
08-14 16:20:59.111   698  1261 W OpenGLRenderer: Failed to choose config with EGL_SWAP_BEHAVIOR_PRESERVED, retrying without...
08-14 16:20:59.132   698  1261 D EGL_emulation: eglCreateContext: 0xc1126c70: maj 2 min 0 rcv 2
08-14 16:20:59.134   698  1261 D EGL_emulation: eglMakeCurrent: 0xc1126c70: ver 2 0 (tinfo 0xc2c65c70) (first time)
08-14 16:20:59.144   312   390 D goldfish-address-space: allocate: Ask for block of size 0x6160
08-14 16:20:59.144   312   390 D goldfish-address-space: allocate: ioctl allocate returned offset 0x3fd040000 size 0x8000
08-14 16:20:59.149   312   390 D goldfish-address-space: allocate: Ask for block of size 0x6160
08-14 16:20:59.149   312   390 D goldfish-address-space: allocate: ioctl allocate returned offset 0x3fcef6000 size 0x8000
08-14 16:20:59.152   312   390 D goldfish-address-space: allocate: Ask for block of size 0x6160
08-14 16:20:59.153   312   390 D goldfish-address-space: allocate: ioctl allocate returned offset 0x3fceee000 size 0x8000
08-14 16:20:59.170   312   390 D goldfish-address-space: allocate: Ask for block of size 0x84e40
08-14 16:20:59.171   312   390 D goldfish-address-space: allocate: ioctl allocate returned offset 0x3fcc18000 size 0x86000
08-14 16:20:59.182   698   698 I OpaEnabledReceiver: Dispatching OPA eligble = false; AGSA = true; OPA enabled = false
08-14 16:20:59.184   698   698 I OpaLayout: Setting opa enabled to false
08-14 16:20:59.184   698   698 I OpaLayout: Setting opa enabled to false
08-14 16:20:59.250   312   390 D goldfish-address-space: allocate: Ask for block of size 0x76200
08-14 16:20:59.250   312   390 D goldfish-address-space: allocate: ioctl allocate returned offset 0x3fcba0000 size 0x78000
08-14 16:20:59.293   312   390 D goldfish-address-space: allocate: Ask for block of size 0x84e40
08-14 16:20:59.294   312   390 D goldfish-address-space: allocate: ioctl allocate returned offset 0x3fcb1a000 size 0x86000
08-14 16:20:59.544   514  3457 W WindowManager: Failed looking up window session=Session{3ab5432 19183:u0a10158} callers=com.android.server.wm.WindowManagerService.windowForClientLocked:5425 com.android.server.wm.Session.insetsModified:502 android.view.IWindowSession$Stub.onTransact:1367 
08-14 16:20:59.554 19183 19183 I Choreographer: Skipped 65 frames!  The application may be doing too much work on its main thread.
08-14 16:20:59.595   312   390 D goldfish-address-space: allocate: Ask for block of size 0x7e9000
08-14 16:20:59.595   312   390 D goldfish-address-space: allocate: ioctl allocate returned offset 0x3fd070000 size 0x7ea000
08-14 16:20:59.615   312   390 D goldfish-address-space: allocate: Ask for block of size 0x7e9000
08-14 16:20:59.615   312   390 D goldfish-address-space: allocate: ioctl allocate returned offset 0x3fba42000 size 0x7ea000
08-14 16:20:59.627   312   390 D goldfish-address-space: allocate: Ask for block of size 0x7e9000
08-14 16:20:59.628   312   390 D goldfish-address-space: allocate: ioctl allocate returned offset 0x3fb258000 size 0x7ea000
08-14 16:20:59.664 19183 19206 I OpenGLRenderer: Davey! duration=1194ms; Flags=1, IntendedVsync=26026705664857, Vsync=26027788998147, OldestInputEvent=9223372036854775807, NewestInputEvent=0, HandleInputStart=26027794511600, AnimationStart=26027794542400, PerformTraversalsStart=26027794586400, DrawStart=26027869922200, SyncQueued=26027876407500, SyncStart=26027881818700, IssueDrawCommandsStart=26027882168200, SwapBuffers=26027890028200, FrameCompleted=26027905106000, DequeueBufferDuration=328200, QueueBufferDuration=835900, GpuCompleted=-1654653706129461355, 
08-14 16:20:59.686   514   539 I WindowManager: Screen frozen for +1s749ms due to Window{79869a8 u0 com.cpuid.cpu_z/com.cpuid.cpu_z.MainActivity}
08-14 16:20:59.687 19209 19226 I Finsky  : [1351] hiv.a(16): com.cpuid.cpu_z: Account from first account - [Uk1AsQ62YqvdqAmmTmW4uXHuWFWqiwGnWZ_DBHLJGD8]
08-14 16:20:59.690 19209 19226 I Finsky  : [1351] hiv.a(65): Billing preferred account via installer for com.cpuid.cpu_z: [Uk1AsQ62YqvdqAmmTmW4uXHuWFWqiwGnWZ_DBHLJGD8]
08-14 16:20:59.692   312   390 D goldfish-address-space: allocate: Ask for block of size 0x7641c0
08-14 16:20:59.693   312   390 D goldfish-address-space: allocate: ioctl allocate returned offset 0x3faaf2000 size 0x766000
08-14 16:20:59.714 19209 19226 I Finsky  : [1351] hiv.a(16): com.cpuid.cpu_z: Account from first account - [Uk1AsQ62YqvdqAmmTmW4uXHuWFWqiwGnWZ_DBHLJGD8]
08-14 16:20:59.714 19209 19226 I Finsky  : [1351] hiv.a(65): Billing preferred account via installer for com.cpuid.cpu_z: [Uk1AsQ62YqvdqAmmTmW4uXHuWFWqiwGnWZ_DBHLJGD8]
08-14 16:20:59.720 19183 19183 D DynamitePackage: Instantiating com.google.android.gms.ads.ChimeraAdManagerCreatorImpl
08-14 16:20:59.725 19183 19183 I Ads     : This request is sent from a test device.
08-14 16:20:59.747   514   539 W ImageReader_JNI: Unable to acquire a buffer item, very likely client tried to acquire more than maxImages buffers
08-14 16:20:59.747 19183 19183 W Ads     : Could not instantiate mediation adapter: com.google.ads.mediation.inmobi.InMobiMediationAdapter. com.google.ads.mediation.inmobi.InMobiMediationAdapter
08-14 16:20:59.748 19183 19183 W Ads     : Could not instantiate mediation adapter: com.google.ads.mediation.imobile.IMobileMediationAdapter. com.google.ads.mediation.imobile.IMobileMediationAdapter
08-14 16:20:59.748 19183 19183 W Ads     : Could not instantiate mediation adapter: com.google.ads.mediation.nend.NendMediationAdapter. com.google.ads.mediation.nend.NendMediationAdapter
08-14 16:20:59.749 19183 19183 W Ads     : Could not instantiate mediation adapter: com.google.ads.mediation.adcolony.AdColonyMediationAdapter. com.google.ads.mediation.adcolony.AdColonyMediationAdapter
08-14 16:20:59.749 19183 19183 W Ads     : Could not instantiate mediation adapter: com.google.ads.mediation.facebook.FacebookMediationAdapter. com.google.ads.mediation.facebook.FacebookMediationAdapter
08-14 16:20:59.749 19183 19183 W Ads     : Could not instantiate mediation adapter: com.google.ads.mediation.mopub.MoPubMediationAdapter. com.google.ads.mediation.mopub.MoPubMediationAdapter
08-14 16:20:59.750 19183 19183 W Ads     : Could not instantiate mediation adapter: com.google.ads.mediation.applovin.AppLovinMediationAdapter. com.google.ads.mediation.applovin.AppLovinMediationAdapter
08-14 16:20:59.750 19183 19183 W Ads     : Could not instantiate mediation adapter: com.google.ads.mediation.tapjoy.TapjoyMediationAdapter. com.google.ads.mediation.tapjoy.TapjoyMediationAdapter
08-14 16:20:59.750 19183 19183 W Ads     : Could not instantiate mediation adapter: com.google.ads.mediation.vungle.VungleMediationAdapter. com.google.ads.mediation.vungle.VungleMediationAdapter
08-14 16:20:59.751 19183 19183 W Ads     : Could not instantiate mediation adapter: com.google.ads.mediation.unity.UnityMediationAdapter. com.google.ads.mediation.unity.UnityMediationAdapter
08-14 16:20:59.751 19183 19183 W Ads     : Could not instantiate mediation adapter: com.google.ads.mediation.chartboost.ChartboostMediationAdapter. com.google.ads.mediation.chartboost.ChartboostMediationAdapter
08-14 16:20:59.751 19183 19183 W Ads     : Could not instantiate mediation adapter: com.google.ads.mediation.mytarget.MyTargetMediationAdapter. com.google.ads.mediation.mytarget.MyTargetMediationAdapter
08-14 16:20:59.752 19183 19183 W Ads     : Could not instantiate mediation adapter: com.google.ads.mediation.maio.MaioMediationAdapter. com.google.ads.mediation.maio.MaioMediationAdapter
08-14 16:20:59.752 19183 19183 W Ads     : Could not instantiate mediation adapter: com.google.ads.mediation.ironsource.IronSourceMediationAdapter. com.google.ads.mediation.ironsource.IronSourceMediationAdapter
08-14 16:20:59.752 19183 19183 W Ads     : Could not instantiate mediation adapter: com.google.ads.mediation.fyber.FyberMediationAdapter. com.google.ads.mediation.fyber.FyberMediationAdapter
08-14 16:20:59.752 19183 19183 W Ads     : Could not instantiate mediation adapter: com.google.ads.mediation.verizon.VerizonMediationAdapter. com.google.ads.mediation.verizon.VerizonMediationAdapter
08-14 16:20:59.840   514  2021 W ActivityManager: Slow operation: 90ms so far, now at getContentProviderImpl: after updateLruProcess
08-14 16:20:59.840   514  2021 W ActivityManager: Slow operation: 90ms so far, now at getContentProviderImpl: before updateOomAdj
08-14 16:20:59.841   514  2021 W ActivityManager: Slow operation: 91ms so far, now at getContentProviderImpl: after updateOomAdj
08-14 16:20:59.841   514  2021 W ActivityManager: Slow operation: 91ms so far, now at getContentProviderImpl: done!
08-14 16:20:59.846 12067 12067 I GoogleInputMethodService: GoogleInputMethodService.onFinishInput():3410 
08-14 16:20:59.855 12067 12067 I GoogleInputMethodService: GoogleInputMethodService.onStartInput():1994 
08-14 16:20:59.856 12067 12067 I DeviceUnlockedTag: DeviceUnlockedTag.notifyDeviceLockStatusChanged():31 Notify device unlocked.
08-14 16:20:59.864 19183 19397 W DynamiteModule: Local module descriptor class for com.google.android.gms.ads.dynamite not found.
08-14 16:20:59.884   314   464 W EmuHWC2 : validate: layer 3283 CompositionType 1, fallback
08-14 16:20:59.888   314   464 W EmuHWC2 : No layers, exit, buffer 0xf1e40590
08-14 16:20:59.901   314   464 W EmuHWC2 : validate: layer 3283 CompositionType 1, fallback
08-14 16:20:59.904   314   464 W EmuHWC2 : No layers, exit, buffer 0xf1e41590
08-14 16:20:59.918   314   464 W EmuHWC2 : validate: layer 3283 CompositionType 1, fallback
08-14 16:20:59.921   314   464 W EmuHWC2 : No layers, exit, buffer 0xf1e40810
08-14 16:20:59.933   314   464 W EmuHWC2 : validate: layer 3283 CompositionType 1, fallback
08-14 16:20:59.936   314   464 W EmuHWC2 : No layers, exit, buffer 0xf1e40590
08-14 16:20:59.951   314   464 W EmuHWC2 : validate: layer 3283 CompositionType 1, fallback
08-14 16:20:59.955   314   464 W EmuHWC2 : No layers, exit, buffer 0xf1e41590
08-14 16:20:59.968   314   464 W EmuHWC2 : validate: layer 3283 CompositionType 1, fallback
08-14 16:20:59.971   314   464 W EmuHWC2 : No layers, exit, buffer 0xf1e40810
08-14 16:20:59.976  4448 19450 W SQLiteLog: (28) double-quoted string literal: "1628785259976"
08-14 16:20:59.976  4448 19450 W SQLiteLog: (28) double-quoted string literal: "1"
08-14 16:20:59.987   314   464 W EmuHWC2 : validate: layer 3289 CompositionType 1, fallback
08-14 16:20:59.992   314   464 W EmuHWC2 : No layers, exit, buffer 0xf1e40590
08-14 16:21:00.001   314   464 W EmuHWC2 : validate: layer 3289 CompositionType 1, fallback
08-14 16:21:00.005   314   464 W EmuHWC2 : No layers, exit, buffer 0xf1e41590
08-14 16:21:00.009  4448 19681 I Icing   : IndexChimeraService.getServiceInterface callingPackage=com.google.android.gms componentName=null serviceId=30
08-14 16:21:00.018   314   464 W EmuHWC2 : validate: layer 3289 CompositionType 1, fallback
08-14 16:21:00.023   314   464 W EmuHWC2 : No layers, exit, buffer 0xf1e40810
08-14 16:21:00.025  4448 10000 I GmsCoreXrpcWrapper: Returning a channel provider with trafficStatsTag=12803 trafficStatsUid=-1
08-14 16:21:00.034   314   464 W EmuHWC2 : validate: layer 3289 CompositionType 1, fallback
08-14 16:21:00.038   314   464 W EmuHWC2 : No layers, exit, buffer 0xf1e40590
08-14 16:21:00.051   314   464 W EmuHWC2 : validate: layer 3289 CompositionType 1, fallback
08-14 16:21:00.056   314   464 W EmuHWC2 : No layers, exit, buffer 0xf1e41590
08-14 16:21:00.067   314   464 W EmuHWC2 : validate: layer 3289 CompositionType 1, fallback
08-14 16:21:00.073   314   464 W EmuHWC2 : No layers, exit, buffer 0xf1e40810
08-14 16:21:00.085   314   464 W EmuHWC2 : validate: layer 3289 CompositionType 1, fallback
08-14 16:21:00.090   314   464 W EmuHWC2 : No layers, exit, buffer 0xf1e40590
08-14 16:21:00.096  4448 10000 I Icing   : Usage reports ok 0, Failed Usage reports 0, indexed 0, rejected 0
08-14 16:21:00.099  4448 19677 I Ads     : SDK version: afma-sdk-a-v212104999.8298000.1
08-14 16:21:00.101  4448 19677 I Ads     : HTTP timeout: 60000 milliseconds.
08-14 16:21:00.101   314   464 W EmuHWC2 : validate: layer 3289 CompositionType 1, fallback
08-14 16:21:00.106   314   464 W EmuHWC2 : No layers, exit, buffer 0xf1e41590
08-14 16:21:00.114 19689 19692 I cmd     : oneway function results will be dropped but finished with status OK and parcel size 4
08-14 16:21:00.114   514   536 W InputReader: Device virtio_input_multi_touch_9 is associated with display ADISPLAY_ID_NONE.
08-14 16:21:00.115   514   536 W InputReader: Device virtio_input_multi_touch_10 is associated with display ADISPLAY_ID_NONE.
08-14 16:21:00.115   514   536 W InputReader: Device virtio_input_multi_touch_7 is associated with display ADISPLAY_ID_NONE.
08-14 16:21:00.115   514   536 W InputReader: Device virtio_input_multi_touch_4 is associated with display ADISPLAY_ID_NONE.
08-14 16:21:00.115   514   536 W InputReader: Device virtio_input_multi_touch_11 is associated with display ADISPLAY_ID_NONE.
08-14 16:21:00.115   514   536 W InputReader: Device virtio_input_multi_touch_5 is associated with display ADISPLAY_ID_NONE.
08-14 16:21:00.115   514   536 W InputReader: Device virtio_input_multi_touch_2 is associated with display ADISPLAY_ID_NONE.
08-14 16:21:00.115   514   536 W InputReader: Device virtio_input_multi_touch_6 is associated with display ADISPLAY_ID_NONE.
08-14 16:21:00.115   514   536 W InputReader: Device virtio_input_multi_touch_3 is associated with display ADISPLAY_ID_NONE.
08-14 16:21:00.115   514   536 W InputReader: Device virtio_input_multi_touch_8 is associated with display ADISPLAY_ID_NONE.
08-14 16:21:00.118   314   464 W EmuHWC2 : validate: layer 3289 CompositionType 1, fallback
08-14 16:21:00.123   314   464 W EmuHWC2 : No layers, exit, buffer 0xf1e40810
08-14 16:21:00.133   314   464 W EmuHWC2 : validate: layer 3289 CompositionType 1, fallback
08-14 16:21:00.138   314   464 W EmuHWC2 : No layers, exit, buffer 0xf1e40590
08-14 16:21:00.152   314   464 W EmuHWC2 : validate: layer 3289 CompositionType 1, fallback
08-14 16:21:00.157   314   464 W EmuHWC2 : No layers, exit, buffer 0xf1e41590
08-14 16:21:00.168   314   464 W EmuHWC2 : validate: layer 3289 CompositionType 1, fallback
08-14 16:21:00.172   314   464 W EmuHWC2 : No layers, exit, buffer 0xf1e40810
08-14 16:21:00.184   314   464 W EmuHWC2 : validate: layer 3289 CompositionType 1, fallback
08-14 16:21:00.189   314   464 W EmuHWC2 : No layers, exit, buffer 0xf1e40590
08-14 16:21:00.202   312   390 D goldfish-address-space: allocate: Ask for block of size 0x7e9000
08-14 16:21:00.202   312   390 D goldfish-address-space: allocate: ioctl allocate returned offset 0x3fa308000 size 0x7ea000
08-14 16:21:00.228   514   539 W ImageReader_JNI: Unable to acquire a buffer item, very likely client tried to acquire more than maxImages buffers
08-14 16:21:00.292   514  2021 W ActivityManager: Slow operation: 71ms so far, now at getContentProviderImpl: after updateLruProcess
08-14 16:21:00.292   514  2021 W ActivityManager: Slow operation: 71ms so far, now at getContentProviderImpl: before updateOomAdj
08-14 16:21:00.293   514  2021 W ActivityManager: Slow operation: 72ms so far, now at getContentProviderImpl: after updateOomAdj
08-14 16:21:00.293   514  2021 W ActivityManager: Slow operation: 73ms so far, now at getContentProviderImpl: done!
08-14 16:21:00.298   514   538 W InputReader: Device virtio_input_multi_touch_9 is associated with display ADISPLAY_ID_NONE.
08-14 16:21:00.298   514   538 W InputReader: Device virtio_input_multi_touch_10 is associated with display ADISPLAY_ID_NONE.
08-14 16:21:00.298   514   538 W InputReader: Device virtio_input_multi_touch_7 is associated with display ADISPLAY_ID_NONE.
08-14 16:21:00.298   514   538 W InputReader: Device virtio_input_multi_touch_4 is associated with display ADISPLAY_ID_NONE.
08-14 16:21:00.298   514   538 W InputReader: Device virtio_input_multi_touch_11 is associated with display ADISPLAY_ID_NONE.
08-14 16:21:00.299   514   538 W InputReader: Device virtio_input_multi_touch_5 is associated with display ADISPLAY_ID_NONE.
08-14 16:21:00.299   514   538 W InputReader: Device virtio_input_multi_touch_2 is associated with display ADISPLAY_ID_NONE.
08-14 16:21:00.299   514   538 W InputReader: Device virtio_input_multi_touch_6 is associated with display ADISPLAY_ID_NONE.
08-14 16:21:00.299   514   538 W InputReader: Device virtio_input_multi_touch_3 is associated with display ADISPLAY_ID_NONE.
08-14 16:21:00.299   514   538 W InputReader: Device virtio_input_multi_touch_8 is associated with display ADISPLAY_ID_NONE.
08-14 16:21:00.311   514   538 I ActivityTaskManager: Config changes=20000480 {1.0 310mcc260mnc [en_US] ldltr sw411dp w411dp h659dp 420dpi nrml port finger qwerty/v/v -nav/h winConfig={ mBounds=Rect(0, 0 - 1080, 1920) mAppBounds=Rect(0, 0 - 1080, 1794) mWindowingMode=fullscreen mDisplayWindowingMode=fullscreen mActivityType=undefined mAlwaysOnTop=undefined mRotation=ROTATION_0} s.10113}
08-14 16:21:00.327 19209 19258 D PaySecureElementClient: Felica app not found; returning isSecureElementAvailable = false!
08-14 16:21:00.331   514  2021 D BiometricService: canAuthenticate: User=0, Caller=0, Authenticators=15
08-14 16:21:00.331   514  2021 D BiometricService: Package: com.android.vending Authenticator ID: 0 Modality: 2 Reported Modality: 2 Status: 6
08-14 16:21:00.331   514  2021 D AuthService: canAuthenticate, userId: 0, callingUserId: 0, authenticators: 15, result: 11
08-14 16:21:00.332   514  2021 D BiometricService: canAuthenticate: User=0, Caller=0, Authenticators=255
08-14 16:21:00.332   514  2021 D BiometricService: Package: com.android.vending Authenticator ID: 0 Modality: 2 Reported Modality: 2 Status: 6
08-14 16:21:00.332   514  2021 D AuthService: canAuthenticate, userId: 0, callingUserId: 0, authenticators: 255, result: 11
08-14 16:21:00.332   514  2021 D BiometricService: canAuthenticate: User=0, Caller=0, Authenticators=15
08-14 16:21:00.333   514  2021 D BiometricService: Package: com.android.vending Authenticator ID: 0 Modality: 2 Reported Modality: 2 Status: 6
08-14 16:21:00.333   514  2021 D AuthService: canAuthenticate, userId: 0, callingUserId: 0, authenticators: 15, result: 11
08-14 16:21:00.336 19209 19351 I Finsky  : [1411] hba.run(29): Skipping a request to /bulkAcquire since cache has all the records.
08-14 16:21:00.384   514   538 I WindowManager: Override config changes=20000480 {1.0 310mcc260mnc [en_US] ldltr sw411dp w411dp h659dp 420dpi nrml port finger qwerty/v/v -nav/h winConfig={ mBounds=Rect(0, 0 - 1080, 1920) mAppBounds=Rect(0, 0 - 1080, 1794) mWindowingMode=fullscreen mDisplayWindowingMode=fullscreen mActivityType=undefined mAlwaysOnTop=undefined mRotation=ROTATION_0} s.10113} for displayId=0
08-14 16:21:00.389   698   698 D StatusBar: disable<e i a s b h r c s > disable2<q i n >
08-14 16:21:00.396   514   538 V WindowManager: Orientation start waiting for draw, mDrawState=DRAW_PENDING in Window{520868b u0 NavigationBar0}, surfaceController Surface(name=NavigationBar0)/@0x992415
08-14 16:21:00.396   514   538 V WindowManager: Orientation start waiting for draw, mDrawState=DRAW_PENDING in Window{4054b29 u0 StatusBar}, surfaceController Surface(name=StatusBar)/@0x1aa851b
08-14 16:21:00.396   514   538 V WindowManager: Orientation start waiting for draw, mDrawState=DRAW_PENDING in Window{79869a8 u0 com.cpuid.cpu_z/com.cpuid.cpu_z.MainActivity}, surfaceController Surface(name=com.cpuid.cpu_z/com.cpuid.cpu_z.MainActivity)/@0x5bcd852
08-14 16:21:00.398   698   698 E ndroid.systemu: Invalid ID 0x00000000.
08-14 16:21:00.398 12067 12067 W GoogleInputMethodService: GoogleInputMethodService.onConfigurationChanged():1655 onConfigurationChanged() : NewConfig = {1.0 310mcc260mnc [en_US] ldltr sw411dp w411dp h659dp 420dpi nrml port finger qwerty/v/v -nav/h winConfig={ mBounds=Rect(0, 0 - 1080, 1920) mAppBounds=Rect(0, 0 - 1080, 1794) mWindowingMode=fullscreen mDisplayWindowingMode=fullscreen mActivityType=undefined mAlwaysOnTop=undefined mRotation=ROTATION_0} s.10135}
08-14 16:21:00.409 12067 12067 I NormalModeController: NormalModeController.getKeyboardBodyViewHolderPaddingBottom():109 currentPrimeKeyboardType:SOFT systemPaddingBottom:-1
08-14 16:21:00.411 12067 12067 I AbstractOpenableExtension: AbstractOpenableExtension.maybeDestroyExistingKeyboardGroupManager():514 Destroy existing keyboard group manager in fau
08-14 16:21:00.411 12067 12067 I AbstractOpenableExtension: AbstractOpenableExtension.createKeyboardGroupManagerListenableFuture():123 Create keyboard group manager listenable future in fau
08-14 16:21:00.413   514   538 I InputManager-JNI: Viewport [0] to add: local:8141603649153536, isActive: true
08-14 16:21:00.413   514   539 V WindowManager: Orientation start waiting for draw, mDrawState=DRAW_PENDING in Window{79869a8 u0 com.cpuid.cpu_z/com.cpuid.cpu_z.MainActivity}, surfaceController Surface(name=com.cpuid.cpu_z/com.cpuid.cpu_z.MainActivity)/@0x5bcd852
08-14 16:21:00.421 12067 12067 I AbstractOpenableExtension: AbstractOpenableExtension.maybeDestroyExistingKeyboardGroupManager():514 Destroy existing keyboard group manager in eyj
08-14 16:21:00.421 12067 12067 I AbstractOpenableExtension: AbstractOpenableExtension.createKeyboardGroupManagerListenableFuture():123 Create keyboard group manager listenable future in eyj
08-14 16:21:00.421 12067 12067 I AbstractOpenableExtension: AbstractOpenableExtension.maybeDestroyExistingKeyboardGroupManager():514 Destroy existing keyboard group manager in fci
08-14 16:21:00.422 12067 12067 I AbstractOpenableExtension: AbstractOpenableExtension.createKeyboardGroupManagerListenableFuture():123 Create keyboard group manager listenable future in fci
08-14 16:21:00.422 12067 12067 I NormalModeController: NormalModeController.getKeyboardBodyViewHolderPaddingBottom():109 currentPrimeKeyboardType:SOFT systemPaddingBottom:-1
08-14 16:21:00.424 12067 19641 I KeyboardGroupDefParser: KeyboardGroupDefParser.parseKeyboardGroupDef():89 parseKeyboardGroupDef() 2132148494 -> 0_resource_name_obfuscated : WaitTime = 1 ms : RunTime = 1 ms
08-14 16:21:00.425 12067 19641 I KeyboardGroupDefParser: KeyboardGroupDefParser.parseKeyboardGroupDef():89 parseKeyboardGroupDef() 2132148499 -> 0_resource_name_obfuscated : WaitTime = 2 ms : RunTime = 1 ms
08-14 16:21:00.426 12067 12067 I GoogleInputMethodService: GoogleInputMethodService.initializeKeyboardTheme():1393 Apply keyboard theme: theme_border_stylesheet_googleblue_materiallight_builtin_google_blue_light.binarypb_port
08-14 16:21:00.431 12067 19698 I KeyboardGroupDefParser: KeyboardGroupDefParser.parseKeyboardGroupDef():89 parseKeyboardGroupDef() 2132148495 -> 0_resource_name_obfuscated : WaitTime = 20 ms : RunTime = 0 ms
08-14 16:21:00.437   514   606 I InputReader: Reconfiguring input devices, changes=DISPLAY_INFO | 
08-14 16:21:00.437   514   606 I InputReader: Touch device 'virtio_input_multi_touch_9' could not query the properties of its associated display.  The device will be inoperable until the display size becomes available.
08-14 16:21:00.437   514   606 I InputReader: Touch device 'virtio_input_multi_touch_10' could not query the properties of its associated display.  The device will be inoperable until the display size becomes available.
08-14 16:21:00.437   514   606 I InputReader: Touch device 'virtio_input_multi_touch_7' could not query the properties of its associated display.  The device will be inoperable until the display size becomes available.
08-14 16:21:00.437   514   606 I InputReader: Touch device 'virtio_input_multi_touch_4' could not query the properties of its associated display.  The device will be inoperable until the display size becomes available.
08-14 16:21:00.437   514   606 I InputReader: Device reconfigured: id=9, name='virtio_input_multi_touch_1', size 1080x1920, orientation 0, mode 1, display id 0
08-14 16:21:00.439   514   606 I InputReader: Touch device 'virtio_input_multi_touch_11' could not query the properties of its associated display.  The device will be inoperable until the display size becomes available.
08-14 16:21:00.440   514   606 I InputReader: Touch device 'virtio_input_multi_touch_5' could not query the properties of its associated display.  The device will be inoperable until the display size becomes available.
08-14 16:21:00.440   514   606 I InputReader: Touch device 'virtio_input_multi_touch_2' could not query the properties of its associated display.  The device will be inoperable until the display size becomes available.
08-14 16:21:00.440   514   606 I InputReader: Touch device 'virtio_input_multi_touch_6' could not query the properties of its associated display.  The device will be inoperable until the display size becomes available.
08-14 16:21:00.440   514   606 I InputReader: Touch device 'virtio_input_multi_touch_3' could not query the properties of its associated display.  The device will be inoperable until the display size becomes available.
08-14 16:21:00.440   514   606 I InputReader: Touch device 'virtio_input_multi_touch_8' could not query the properties of its associated display.  The device will be inoperable until the display size becomes available.
08-14 16:21:00.442 12067 12067 I Environment: Environment.getDeviceMode():833 Get device mode by ui mode:1 and smallestScreenWidthDp:411
08-14 16:21:00.442 12067 12067 I chatty  : uid=10131(com.google.android.inputmethod.latin) identical 2 lines
08-14 16:21:00.442 12067 12067 I Environment: Environment.getDeviceMode():833 Get device mode by ui mode:1 and smallestScreenWidthDp:411
08-14 16:21:00.443 12067 12121 I Environment: Environment.getDeviceMode():833 Get device mode by ui mode:1 and smallestScreenWidthDp:411
08-14 16:21:00.443 12067 12120 I Environment: Environment.getDeviceMode():833 Get device mode by ui mode:1 and smallestScreenWidthDp:411
08-14 16:21:00.443 12067 12121 I Environment: Environment.getDeviceMode():833 Get device mode by ui mode:1 and smallestScreenWidthDp:411
08-14 16:21:00.443 12067 12120 I Environment: Environment.getDeviceMode():833 Get device mode by ui mode:1 and smallestScreenWidthDp:411
08-14 16:21:00.448 12067 12067 I Environment: Environment.getDeviceMode():833 Get device mode by ui mode:1 and smallestScreenWidthDp:411
08-14 16:21:00.451   514  1009 V WindowManager: Orientation start waiting for draw, mDrawState=DRAW_PENDING in Window{79869a8 u0 com.cpuid.cpu_z/com.cpuid.cpu_z.MainActivity}, surfaceController Surface(name=com.cpuid.cpu_z/com.cpuid.cpu_z.MainActivity)/@0x5bcd852
08-14 16:21:00.448 12067 12067 I chatty  : uid=10131(com.google.android.inputmethod.latin) identical 2 lines
08-14 16:21:00.448 12067 12067 I Environment: Environment.getDeviceMode():833 Get device mode by ui mode:1 and smallestScreenWidthDp:411
08-14 16:21:00.462 12067 12067 E putmethod.lati: Invalid ID 0x00000000.
08-14 16:21:00.472 12067 12067 I KeyboardViewUtil: KeyboardViewUtil.getKeyboardHeightRatio():166 systemKeyboardHeightRatio:1.000000; userKeyboardHeightRatio:1.000000.
08-14 16:21:00.497 12067 12067 I GoogleInputMethodService: GoogleInputMethodService.onStartInput():1994 
08-14 16:21:00.497 12067 12067 I DeviceUnlockedTag: DeviceUnlockedTag.notifyDeviceLockStatusChanged():31 Notify device unlocked.
08-14 16:21:00.497 12067 12067 W SessionManager: SessionManager.beginSession():53 Try to begin an already begun session [INPUT_SESSION], end it first
08-14 16:21:00.500 12067 12067 I Environment: Environment.getDeviceMode():833 Get device mode by ui mode:1 and smallestScreenWidthDp:411
08-14 16:21:00.500 12067 12067 I Environment: Environment.getDeviceMode():833 Get device mode by ui mode:1 and smallestScreenWidthDp:411
08-14 16:21:00.500 12067 12067 I AbstractOpenableExtension: AbstractOpenableExtension$3.onSuccess():527 KeyboardGroupManager destroyed in fau.
08-14 16:21:00.500 12067 12067 I AbstractOpenableExtension: AbstractOpenableExtension$3.onSuccess():527 KeyboardGroupManager destroyed in eyj.
08-14 16:21:00.501 12067 12067 I AbstractOpenableExtension: AbstractOpenableExtension$3.onSuccess():527 KeyboardGroupManager destroyed in fci.
08-14 16:21:00.505 12067 12067 I GoogleInputMethodService: GoogleInputMethodService.lambda$setDecorViewApplyWindowInsetsListener$9():1099 update screenHeightWithoutNaviBar to: 1920
08-14 16:21:00.509 12067 12067 I GoogleInputMethodService: GoogleInputMethodService.lambda$setDecorViewApplyWindowInsetsListener$9():1106 update max height when insets changes
08-14 16:21:00.507   514  1009 V WindowManager: Orientation start waiting for draw, mDrawState=DRAW_PENDING in Window{79869a8 u0 com.cpuid.cpu_z/com.cpuid.cpu_z.MainActivity}, surfaceController Surface(name=com.cpuid.cpu_z/com.cpuid.cpu_z.MainActivity)/@0x5bcd852
08-14 16:21:00.512   514   532 V WindowManager: Orientation start waiting for draw, mDrawState=DRAW_PENDING in Window{79869a8 u0 com.cpuid.cpu_z/com.cpuid.cpu_z.MainActivity}, surfaceController Surface(name=com.cpuid.cpu_z/com.cpuid.cpu_z.MainActivity)/@0x5bcd852
08-14 16:21:00.652 12067 12067 I DictionarySuperpacksManager: DictionarySuperpacksManager$1.onEnabledInputMethodEntriesChanged():60 onEnabledInputMethodEntriesChanged
08-14 16:21:00.704 19183 19183 E com.cpuid.cpu_: Invalid ID 0x00000000.
08-14 16:21:00.708 12067 12120 I SP      : Registering content_cache.2021061512, url: https://www.gstatic.com/android/keyboard/modelpack/contentcache/202106151201/superpacks_manifest.json, constraints: W:*:*:*, flags: bg, requested: 2021061512, current: 2021061512
08-14 16:21:00.733 12067 12120 I SP      : Syncing content_cache (2021061512) with slices: [9e22973d4ff86e79a43b587d114f5a4e, 73c10eff89726f4122ae1887121fdee6], metadata: true
08-14 16:21:00.753 19183 19183 W System.err: java.io.FileNotFoundException: /data/user/0/com.cpuid.cpu_z/files/cpuz01.dat: open failed: ENOENT (No such file or directory)
08-14 16:21:00.754 19183 19183 W System.err: 	at libcore.io.IoBridge.open(IoBridge.java:492)
08-14 16:21:00.754 19183 19183 W System.err: 	at java.io.FileInputStream.<init>(FileInputStream.java:160)
08-14 16:21:00.755 19183 19183 W System.err: 	at android.app.ContextImpl.openFileInput(ContextImpl.java:636)
08-14 16:21:00.755 19183 19183 W System.err: 	at android.content.ContextWrapper.openFileInput(ContextWrapper.java:216)
08-14 16:21:00.755 19183 19183 W System.err: 	at com.cpuid.cpu_z.MainActivity.g(MainActivity.java:307)
08-14 16:21:00.755 19183 19183 W System.err: 	at com.cpuid.cpu_z.MainActivity.onCreate(MainActivity.java:638)
08-14 16:21:00.755 19183 19183 W System.err: 	at android.app.Activity.performCreate(Activity.java:8000)
08-14 16:21:00.755 19183 19183 W System.err: 	at android.app.Activity.performCreate(Activity.java:7984)
08-14 16:21:00.755 19183 19183 W System.err: 	at android.app.Instrumentation.callActivityOnCreate(Instrumentation.java:1309)
08-14 16:21:00.755 19183 19183 W System.err: 	at android.app.ActivityThread.performLaunchActivity(ActivityThread.java:3422)
08-14 16:21:00.755 19183 19183 W System.err: 	at android.app.ActivityThread.handleLaunchActivity(ActivityThread.java:3601)
08-14 16:21:00.755 19183 19183 W System.err: 	at android.app.ActivityThread.handleRelaunchActivityInner(ActivityThread.java:5456)
08-14 16:21:00.755 19183 19183 W System.err: 	at android.app.ActivityThread.handleRelaunchActivity(ActivityThread.java:5362)
08-14 16:21:00.755 19183 19183 W System.err: 	at android.app.servertransaction.ActivityRelaunchItem.execute(ActivityRelaunchItem.java:69)
08-14 16:21:00.755 19183 19183 W System.err: 	at android.app.servertransaction.TransactionExecutor.executeCallbacks(TransactionExecutor.java:135)
08-14 16:21:00.755 19183 19183 W System.err: 	at android.app.servertransaction.TransactionExecutor.execute(TransactionExecutor.java:95)
08-14 16:21:00.755 19183 19183 W System.err: 	at android.app.ActivityThread$H.handleMessage(ActivityThread.java:2066)
08-14 16:21:00.755 19183 19183 W System.err: 	at android.os.Handler.dispatchMessage(Handler.java:106)
08-14 16:21:00.755 19183 19183 W System.err: 	at android.os.Looper.loop(Looper.java:223)
08-14 16:21:00.755 19183 19183 W System.err: 	at android.app.ActivityThread.main(ActivityThread.java:7656)
08-14 16:21:00.755 19183 19183 W System.err: 	at java.lang.reflect.Method.invoke(Native Method)
08-14 16:21:00.755 19183 19183 W System.err: 	at com.android.internal.os.RuntimeInit$MethodAndArgsCaller.run(RuntimeInit.java:592)
08-14 16:21:00.755 19183 19183 W System.err: 	at com.android.internal.os.ZygoteInit.main(ZygoteInit.java:947)
08-14 16:21:00.756 19183 19183 W System.err: Caused by: android.system.ErrnoException: open failed: ENOENT (No such file or directory)
08-14 16:21:00.756 19183 19183 W System.err: 	at libcore.io.Linux.open(Native Method)
08-14 16:21:00.756 19183 19183 W System.err: 	at libcore.io.ForwardingOs.open(ForwardingOs.java:166)
08-14 16:21:00.756 19183 19183 W System.err: 	at libcore.io.BlockGuardOs.open(BlockGuardOs.java:254)
08-14 16:21:00.756 19183 19183 W System.err: 	at libcore.io.ForwardingOs.open(ForwardingOs.java:166)
08-14 16:21:00.756 19183 19183 W System.err: 	at android.app.ActivityThread$AndroidOs.open(ActivityThread.java:7542)
08-14 16:21:00.756 19183 19183 W System.err: 	at libcore.io.IoBridge.open(IoBridge.java:478)
08-14 16:21:00.756 19183 19183 W System.err: 	... 22 more
08-14 16:21:00.794   698   698 D StatusBar: disable<e i a s b h r c s > disable2<q i n >
08-14 16:21:00.805 19183 19183 W System.err: java.io.FileNotFoundException: /data/user/0/com.cpuid.cpu_z/files/cpuz02.dat: open failed: ENOENT (No such file or directory)
08-14 16:21:00.805 19183 19183 W System.err: 	at libcore.io.IoBridge.open(IoBridge.java:492)
08-14 16:21:00.805 19183 19183 W System.err: 	at java.io.FileInputStream.<init>(FileInputStream.java:160)
08-14 16:21:00.805 19183 19183 W System.err: 	at android.app.ContextImpl.openFileInput(ContextImpl.java:636)
08-14 16:21:00.805 19183 19183 W System.err: 	at android.content.ContextWrapper.openFileInput(ContextWrapper.java:216)
08-14 16:21:00.805 19183 19183 W System.err: 	at CPUIDSDK.h.c(JsonParser.java:165)
08-14 16:21:00.806 19183 19183 W System.err: 	at CPUIDSDK.h.a(JsonParser.java:302)
08-14 16:21:00.806 19183 19183 W System.err: 	at CPUIDSDK.CPUID.a(CPUID.java:99)
08-14 16:21:00.806 19183 19183 W System.err: 	at com.cpuid.cpu_z.MainActivity.f(MainActivity.java:220)
08-14 16:21:00.806 19183 19183 W System.err: 	at com.cpuid.cpu_z.MainActivity.onCreate(MainActivity.java:639)
08-14 16:21:00.806 19183 19183 W System.err: 	at android.app.Activity.performCreate(Activity.java:8000)
08-14 16:21:00.806 19183 19183 W System.err: 	at android.app.Activity.performCreate(Activity.java:7984)
08-14 16:21:00.806 19183 19183 W System.err: 	at android.app.Instrumentation.callActivityOnCreate(Instrumentation.java:1309)
08-14 16:21:00.806 19183 19183 W System.err: 	at android.app.ActivityThread.performLaunchActivity(ActivityThread.java:3422)
08-14 16:21:00.806 19183 19183 W System.err: 	at android.app.ActivityThread.handleLaunchActivity(ActivityThread.java:3601)
08-14 16:21:00.806 19183 19183 W System.err: 	at android.app.ActivityThread.handleRelaunchActivityInner(ActivityThread.java:5456)
08-14 16:21:00.806 19183 19183 W System.err: 	at android.app.ActivityThread.handleRelaunchActivity(ActivityThread.java:5362)
08-14 16:21:00.806 19183 19183 W System.err: 	at android.app.servertransaction.ActivityRelaunchItem.execute(ActivityRelaunchItem.java:69)
08-14 16:21:00.806 19183 19183 W System.err: 	at android.app.servertransaction.TransactionExecutor.executeCallbacks(TransactionExecutor.java:135)
08-14 16:21:00.806 19183 19183 W System.err: 	at android.app.servertransaction.TransactionExecutor.execute(TransactionExecutor.java:95)
08-14 16:21:00.806 19183 19183 W System.err: 	at android.app.ActivityThread$H.handleMessage(ActivityThread.java:2066)
08-14 16:21:00.806 19183 19183 W System.err: 	at android.os.Handler.dispatchMessage(Handler.java:106)
08-14 16:21:00.806 19183 19183 W System.err: 	at android.os.Looper.loop(Looper.java:223)
08-14 16:21:00.806 19183 19183 W System.err: 	at android.app.ActivityThread.main(ActivityThread.java:7656)
08-14 16:21:00.806 19183 19183 W System.err: 	at java.lang.reflect.Method.invoke(Native Method)
08-14 16:21:00.806 19183 19183 W System.err: 	at com.android.internal.os.RuntimeInit$MethodAndArgsCaller.run(RuntimeInit.java:592)
08-14 16:21:00.806 19183 19183 W System.err: 	at com.android.internal.os.ZygoteInit.main(ZygoteInit.java:947)
08-14 16:21:00.806 19183 19183 W System.err: Caused by: android.system.ErrnoException: open failed: ENOENT (No such file or directory)
08-14 16:21:00.806 19183 19183 W System.err: 	at libcore.io.Linux.open(Native Method)
08-14 16:21:00.806 19183 19183 W System.err: 	at libcore.io.ForwardingOs.open(ForwardingOs.java:166)
08-14 16:21:00.806 19183 19183 W System.err: 	at libcore.io.BlockGuardOs.open(BlockGuardOs.java:254)
08-14 16:21:00.806 19183 19183 W System.err: 	at libcore.io.ForwardingOs.open(ForwardingOs.java:166)
08-14 16:21:00.807 19183 19183 W System.err: 	at android.app.ActivityThread$AndroidOs.open(ActivityThread.java:7542)
08-14 16:21:00.807 19183 19183 W System.err: 	at libcore.io.IoBridge.open(IoBridge.java:478)
08-14 16:21:00.807 19183 19183 W System.err: 	... 25 more
08-14 16:21:00.809   514  1009 V WindowManager: Orientation start waiting for draw, mDrawState=DRAW_PENDING in Window{520868b u0 NavigationBar0}, surfaceController Surface(name=NavigationBar0)/@0x992415
08-14 16:21:00.863   312   390 D goldfish-address-space: allocate: Ask for block of size 0x84e40
08-14 16:21:00.864   312   390 D goldfish-address-space: allocate: ioctl allocate returned offset 0x3fc338000 size 0x86000
08-14 16:21:00.883 12067 12120 I SP      : Sync for content_cache succeeded in 151 ms: no changes
08-14 16:21:00.883   312   390 D goldfish-address-space: allocate: Ask for block of size 0x6160
08-14 16:21:00.883   312   390 D goldfish-address-space: allocate: ioctl allocate returned offset 0x3fcf69000 size 0x8000
08-14 16:21:00.885 12067 12120 I SP      : GC for 'content_cache' (10) with ttl of 0 ms took 0 ms (0/0/0)
08-14 16:21:00.891   312   390 D goldfish-address-space: allocate: Ask for block of size 0x6160
08-14 16:21:00.891   312   390 D goldfish-address-space: allocate: ioctl allocate returned offset 0x3fcf61000 size 0x8000
08-14 16:21:00.896   312   390 D goldfish-address-space: allocate: Ask for block of size 0x6160
08-14 16:21:00.896   312   390 D goldfish-address-space: allocate: ioctl allocate returned offset 0x3fcffa000 size 0x8000
08-14 16:21:00.901   312   390 D goldfish-address-space: allocate: Ask for block of size 0x6160
