08-14 16:20:44.596 19209 19234 I Finsky  : [1355] aneb.c(2): registerListener
08-14 16:20:44.597 19209 19234 I Finsky  : [1355] qok.n(5): Enqueuing libraries load for 1919428073
08-14 16:20:44.598 19209 19245 I Finsky  : [1361] qok.o(1): Starting libraries load for 1919428073
08-14 16:20:44.610 19209 19235 I Finsky  : [1356] afya.v(2): Setup app restrictions monitor
08-14 16:20:44.613 19209 19234 I Finsky  : [1355] iro.j(3): Subscription detail: DataSubscriptionInfo{groupIdLevel1=null, serviceProviderName=[Zr1R7g28S8p7iucp_gnNJJtsRl-pgO3Y6eIkCh24Iy0], simCarrierId=1}
08-14 16:20:44.614 19209 19235 I Finsky  : [1356] afzm.a(3): Device wide unknown source restriction is changed.
08-14 16:20:44.618 19209 19235 I Finsky  : [1356] afmg.a(1): Warm data store was already initialized.
08-14 16:20:44.618 19209 19235 I Finsky  : [1356] afmh.a(1): Warm data store was already initialized.
08-14 16:20:44.663 19209 19237 W android.vendin: JNI critical lock held for 22.501ms on Thread[19,tid=19237,Runnable,Thread*=0xe7c14210,peer=0x130401e0,"LightweightExecutor #2"]
08-14 16:20:44.709 19209 19245 I Finsky  : [1361] qok.o(20): Loaded library for account: [Uk1AsQ62YqvdqAmmTmW4uXHuWFWqiwGnWZ_DBHLJGD8]
08-14 16:20:44.709 19209 19245 I Finsky  : [1361] qok.o(24): Finished loading 1 libraries.
08-14 16:20:44.744 19209 19255 I Finsky  : [1365] puu.<init>(2): Item store provider started.
08-14 16:20:44.747 19209 19255 I Finsky  : [1365] puu.a(5): Created new item store.
08-14 16:20:44.786 19209 19209 I Finsky  : [2] nyp.<init>(13): Installer: Setting Parallelism[DEFAULT]
08-14 16:20:44.792 19209 19227 D TelephonyRegistryManager: onSubscriptionsChangedListener callback received.
08-14 16:20:44.794 19209 19209 I Finsky  : [2] nwn.y(3): Installer: Attempting to start installer
08-14 16:20:44.800 19209 19209 I Finsky  : [2] aneb.c(2): registerListener
08-14 16:20:44.808 19209 19209 I Finsky  : [2] afmg.a(1): Warm data store was already initialized.
08-14 16:20:44.808 19209 19209 I Finsky  : [2] afmg.a(1): Warm data store was already initialized.
08-14 16:20:44.809 19209 19209 I Finsky  : [2] oip.<init>(19): Initializing pausers from value store.
08-14 16:20:44.809 19209 19209 I Finsky  : [2] oip.<init>(22): Get the following callers from value store [].
08-14 16:20:44.813 19209 19209 I Finsky  : [2] irn.onSubscriptionsChanged(1): onSubscriptionsChanged
08-14 16:20:44.820 19209 19209 I Finsky  : [2] nwn.M(1): Installer: Installer kick - no action, not running yet
08-14 16:20:44.827   514   523 I system_server: Background young concurrent copying GC freed 502422(19MB) AllocSpace objects, 54(1372KB) LOS objects, 52% free, 19MB/39MB, paused 2.694ms total 146.116ms
08-14 16:20:44.834   514   525 W System  : A resource failed to call release. 
08-14 16:20:44.869 19209 19289 I Finsky  : [1394] nun.apply(12): Installer: Registering atomic install listeners with package installer
08-14 16:20:44.870 19209 19290 I Finsky  : [1395] nuv.a(13): Installer: Checking for orphaned groups
08-14 16:20:44.875 19209 19289 I Finsky  : [1394] kyb.g(1): getDownloads()
08-14 16:20:44.888   514   532 D CompatibilityChangeReporter: Compat change id reported: 135634846; UID 10102; state: DISABLED
08-14 16:20:44.889   514   545 D CompatibilityChangeReporter: Compat change id reported: 143937733; UID 10102; state: ENABLED
08-14 16:20:44.915   290   290 D Zygote  : Forked child process 19300
08-14 16:20:44.919   514   545 I ActivityManager: Start proc 19300:com.android.vending:download_service/u0a102 for service {com.android.vending/com.google.android.finsky.ipcservers.downloadservice.DownloadServiceGrpcServerAndroidService}
08-14 16:20:44.934 19300 19300 W ownload_servic: Unexpected CPU variant for X86 using defaults: x86
08-14 16:20:44.941 19300 19300 E ownload_servic: Not starting debugger since process cannot load the jdwp agent.
08-14 16:20:44.995 19300 19300 I ownload_servic: The ClassLoaderContext is a special shared library.
08-14 16:20:45.000 19300 19300 I ownload_servic: The ClassLoaderContext is a special shared library.
08-14 16:20:45.002 19300 19300 D nativeloader: classloader namespace configured for unbundled vendor apk. library_path=/data/app/~~8ZGbWC0Y7wg2IdDUoZgYQQ==/com.android.vending-o7g8Vjs3NIn41KK7uX4iVQ==/lib/x86:/data/app/~~8ZGbWC0Y7wg2IdDUoZgYQQ==/com.android.vending-o7g8Vjs3NIn41KK7uX4iVQ==/base.apk!/lib/x86:/data/app/~~8ZGbWC0Y7wg2IdDUoZgYQQ==/com.android.vending-o7g8Vjs3NIn41KK7uX4iVQ==/split_config.en.apk!/lib/x86:/data/app/~~8ZGbWC0Y7wg2IdDUoZgYQQ==/com.android.vending-o7g8Vjs3NIn41KK7uX4iVQ==/split_config.x86.apk!/lib/x86:/data/app/~~8ZGbWC0Y7wg2IdDUoZgYQQ==/com.android.vending-o7g8Vjs3NIn41KK7uX4iVQ==/split_phonesky_data_loader.apk!/lib/x86:/data/app/~~8ZGbWC0Y7wg2IdDUoZgYQQ==/com.android.vending-o7g8Vjs3NIn41KK7uX4iVQ==/split_phonesky_data_loader.config.x86.apk!/lib/x86:/vendor/lib
08-14 16:20:45.027 19300 19300 W ownload_servic: JIT profile information will not be recorded: profile file does not exist.
08-14 16:20:45.027 19300 19300 I chatty  : uid=10102 com.android.vending:download_service identical 2 lines
08-14 16:20:45.027 19300 19300 W ownload_servic: JIT profile information will not be recorded: profile file does not exist.
08-14 16:20:45.038 19300 19300 D NetworkSecurityConfig: No Network Security Config specified, using platform default
08-14 16:20:45.039 19300 19300 D NetworkSecurityConfig: No Network Security Config specified, using platform default
08-14 16:20:45.044 19300 19300 I Finsky:download_service: [2] fzk.ay(6): Process created at version: 26.5.19-21 [0] [PR] 388558437
08-14 16:20:45.078 19300 19300 I Finsky:download_service: [2] upw.a(18): Finished reading experiment flags from file [0tGUNCGIkbk4o6-fQ335kUYSKwVj4lusnHT-A5Dsy08].
08-14 16:20:45.081 19300 19300 I Finsky:download_service: [2] upw.a(18): Finished reading experiment flags from file [X_r-t20Ymt8zU3iXf5s30LvauXRbreBn8dgR2rhF90Y].
08-14 16:20:45.085 19300 19300 I Finsky:download_service: [2] pox.onCreate(2): IPC-SERVER: Starting gRPC host service...
08-14 16:20:45.112 19300 19300 I TetheringManager: registerTetheringEventCallback:com.android.vending
08-14 16:20:45.119 19209 19209 I Finsky  : [2] xhi.b(5): SCH: Jobs in database: 1-1337 3-203 3-204 3-205 3-206 3-207 3-208 3-209 3-210 3-211 3-212 10-78 12-1 20-23232323 24-77777777 26-1414141414 29-29 34-23 34-28 34-29 34-30 34-33 34-34 
08-14 16:20:45.121   514   532 D ConnectivityService: requestNetwork for uid/pid:10102/19300 NetworkRequest [ TRACK_DEFAULT id=446, [ Capabilities: INTERNET&NOT_RESTRICTED&TRUSTED Uid: 10102 AdministratorUids: [] RequestorUid: 10102 RequestorPackageName: com.android.vending] ]
08-14 16:20:45.122   514   630 D ConnectivityService: NetReassign [446 : null  101]
08-14 16:20:45.122   514   626 D WifiNetworkFactory: got request NetworkRequest [ TRACK_DEFAULT id=446, [ Capabilities: INTERNET&NOT_RESTRICTED&TRUSTED Uid: 10102 AdministratorUids: [] RequestorUid: 10102 RequestorPackageName: com.android.vending] ] with score 60 and providerId 3
08-14 16:20:45.122   514   626 D UntrustedWifiNetworkFactory: got request NetworkRequest [ TRACK_DEFAULT id=446, [ Capabilities: INTERNET&NOT_RESTRICTED&TRUSTED Uid: 10102 AdministratorUids: [] RequestorUid: 10102 RequestorPackageName: com.android.vending] ] with score 60 and providerId 3
08-14 16:20:45.123   889   889 D PhoneSwitcherNetworkRequstListener: got request NetworkRequest [ TRACK_DEFAULT id=446, [ Capabilities: INTERNET&NOT_RESTRICTED&TRUSTED Uid: 10102 AdministratorUids: [] RequestorUid: 10102 RequestorPackageName: com.android.vending] ] with score 60 and providerId 3
08-14 16:20:45.126 19209 19209 I Finsky  : [2] xfy.l(35): SCH: ConstraintMapping: 24-77777777,  -> L: 0ms, D: 81252577ms, C: 1, I: 2, N: 0
08-14 16:20:45.126 19209 19209 I Finsky  : [2] xfy.l(35): SCH: ConstraintMapping: 1-1337, 34-34, 12-1,  -> L: 0ms, D: 70976263ms, C: 1, I: 1, N: 1
08-14 16:20:45.126 19209 19209 I Finsky  : [2] xfy.l(35): SCH: ConstraintMapping: 10-78,  -> L: 0ms, D: 84836857ms, C: 1, I: 2, N: 1
08-14 16:20:45.126 19209 19209 I Finsky  : [2] xfy.l(35): SCH: ConstraintMapping: 3-205, 3-207, 3-210, 3-212, 20-23232323,  -> L: 0ms, D: 81247793ms, C: 2, I: 1, N: 2
08-14 16:20:45.126 19209 19209 I Finsky  : [2] xfy.l(35): SCH: ConstraintMapping: 3-203, 34-23, 34-28, 34-29, 3-206, 34-30, 34-33, 3-208, 3-211,  -> L: 0ms, D: 86075849ms, C: 1, I: 2, N: 2
08-14 16:20:45.127 19209 19209 I Finsky  : [2] xfy.l(35): SCH: ConstraintMapping: 34-23, 3-204, 34-28, 34-29, 34-30, 34-33, 3-209,  -> L: 0ms, D: 86075849ms, C: 2, I: 2, N: 2
08-14 16:20:45.127 19209 19209 I Finsky  : [2] xfy.l(35): SCH: ConstraintMapping: 29-29, 26-1414141414,  -> L: 29248ms, D: 59248ms, C: 1, I: 1, N: 0
08-14 16:20:45.137   889   889 D Telephony: isEmergencyPreferredAccount: subId=1, activeData=1
08-14 16:20:45.137   889   889 D Telephony: isEmergencyPreferredAccount: Device does not require preference.
08-14 16:20:45.141   698   698 V KeyguardUpdateMonitor: onSubscriptionInfoChanged()
08-14 16:20:45.145   698   698 V KeyguardUpdateMonitor: SubInfo:{id=1 iccId=890141032[****] simSlotIndex=0 carrierId=1 displayName=T-Mobile carrierName=T-Mobile nameSource=3 iconTint=-16746133 number=[****] dataRoaming=0 iconBitmap=android.graphics.Bitmap@aaf32d5 mcc=310 mnc=260 countryIso=us isEmbedded=false nativeAccessRules=null cardString=890141032[****] cardId=-1 isOpportunistic=false groupUUID=null isGroupDisabled=false profileClass=-1 ehplmns=null hplmns=null subscriptionType=0 groupOwner=null carrierConfigAccessRules=null areUiccApplicationsEnabled=true}
08-14 16:20:45.177 19209 19209 I Finsky  : [2] xfy.j(7): SCH: Cancelling existing jobscheduler jobs: 9012 9010 9008 9000 9011 9013 9009 
08-14 16:20:45.177 19209 19209 I Finsky  : [2] xfy.h(12): SCH: Throttling wakeup for job 9001 (expected to run in 0 ms) due to recent wakeup
08-14 16:20:45.177 19209 19209 I Finsky  : [2] xfy.h(16): SCH: Scheduling job Id: 9001, L: 30000, D: 81252577, C: false, I: true, N: 0
08-14 16:20:45.179 19209 19209 I Finsky  : [2] xfy.h(12): SCH: Throttling wakeup for job 9002 (expected to run in 0 ms) due to recent wakeup
08-14 16:20:45.179 19209 19209 I Finsky  : [2] xfy.h(16): SCH: Scheduling job Id: 9002, L: 30000, D: 70976263, C: false, I: false, N: 1
08-14 16:20:45.188 19209 19209 I Finsky  : [2] xfy.h(12): SCH: Throttling wakeup for job 9003 (expected to run in 0 ms) due to recent wakeup
08-14 16:20:45.189 19209 19209 I Finsky  : [2] xfy.h(16): SCH: Scheduling job Id: 9003, L: 30000, D: 84836857, C: false, I: true, N: 1
08-14 16:20:45.190 19209 19209 I Finsky  : [2] xfy.h(12): SCH: Throttling wakeup for job 9004 (expected to run in 0 ms) due to recent wakeup
08-14 16:20:45.191 19209 19209 I Finsky  : [2] xfy.h(16): SCH: Scheduling job Id: 9004, L: 30000, D: 81247793, C: true, I: false, N: 2
08-14 16:20:45.192 19209 19209 I Finsky  : [2] xfy.h(12): SCH: Throttling wakeup for job 9005 (expected to run in 0 ms) due to recent wakeup
08-14 16:20:45.193 19209 19209 I Finsky  : [2] xfy.h(16): SCH: Scheduling job Id: 9005, L: 30000, D: 86075849, C: false, I: true, N: 2
08-14 16:20:45.194 19209 19209 I Finsky  : [2] xfy.h(12): SCH: Throttling wakeup for job 9006 (expected to run in 0 ms) due to recent wakeup
08-14 16:20:45.195 19209 19209 I Finsky  : [2] xfy.h(16): SCH: Scheduling job Id: 9006, L: 30000, D: 86075849, C: true, I: true, N: 2
08-14 16:20:45.196 19209 19209 I Finsky  : [2] xfy.h(16): SCH: Scheduling job Id: 9007, L: 29248, D: 59248, C: false, I: false, N: 0
08-14 16:20:45.214 19300 19329 I Finsky:download_service: [1365] ktt.f(1): getDownloads()
08-14 16:20:45.218 19209 19235 I Finsky  : [1356] kyb.g(1): getDownloads()
08-14 16:20:45.218 19300 19329 I Finsky:download_service: [1365] ktt.f(1): getDownloads()
08-14 16:20:45.224 19209 19289 I Finsky  : [1394] nvb.run(6): Installer: Installer starting
08-14 16:20:45.224 19209 19289 I Finsky  : [1394] nvb.run(8): Installer: Installer started
08-14 16:20:45.228 19209 19209 I Finsky  : [2] nwn.M(7): Installer: found apps to install. isMultiUserMode=false, apps=[]
08-14 16:20:45.231 19209 19330 I Finsky  : [1406] ocu.a(6): IV2: found active installs: []
08-14 16:20:45.249 19209 19209 I Finsky  : [2] xgs.a(13): SCH: Canceling job 3-203
08-14 16:20:45.251 19209 19209 I Finsky  : [2] xhi.b(5): SCH: Jobs in database: 1-1337 3-204 3-205 3-206 3-207 3-208 3-209 3-210 3-211 3-212 10-78 12-1 20-23232323 24-77777777 26-1414141414 29-29 34-23 34-28 34-29 34-30 34-33 34-34 
08-14 16:20:45.253 19209 19209 I Finsky  : [2] xfy.l(35): SCH: ConstraintMapping: 24-77777777,  -> L: 0ms, D: 81252449ms, C: 1, I: 2, N: 0
08-14 16:20:45.253 19209 19209 I Finsky  : [2] xfy.l(35): SCH: ConstraintMapping: 1-1337, 34-34, 12-1,  -> L: 0ms, D: 70976132ms, C: 1, I: 1, N: 1
08-14 16:20:45.254 19209 19209 I Finsky  : [2] xfy.l(35): SCH: ConstraintMapping: 10-78,  -> L: 0ms, D: 84836727ms, C: 1, I: 2, N: 1
08-14 16:20:45.254 19209 19209 I Finsky  : [2] xfy.l(35): SCH: ConstraintMapping: 3-205, 3-207, 3-210, 3-212, 20-23232323,  -> L: 0ms, D: 81247665ms, C: 2, I: 1, N: 2
08-14 16:20:45.255 19209 19209 I Finsky  : [2] xfy.l(35): SCH: ConstraintMapping: 34-23, 34-28, 34-29, 3-206, 34-30, 34-33, 3-208, 3-211,  -> L: 0ms, D: 86075719ms, C: 1, I: 2, N: 2
08-14 16:20:45.255 19209 19209 I Finsky  : [2] xfy.l(35): SCH: ConstraintMapping: 34-23, 3-204, 34-28, 34-29, 34-30, 34-33, 3-209,  -> L: 0ms, D: 86075719ms, C: 2, I: 2, N: 2
08-14 16:20:45.255 19209 19209 I Finsky  : [2] xfy.l(35): SCH: ConstraintMapping: 26-1414141414, 29-29,  -> L: 29121ms, D: 59121ms, C: 1, I: 1, N: 0
08-14 16:20:45.299 19209 19209 I Finsky  : [2] xfy.j(7): SCH: Cancelling existing jobscheduler jobs: 9004 9002 9003 9005 9006 9007 9001 
08-14 16:20:45.299 19209 19209 I Finsky  : [2] xfy.h(12): SCH: Throttling wakeup for job 9000 (expected to run in 0 ms) due to recent wakeup
08-14 16:20:45.299 19209 19209 I Finsky  : [2] xfy.h(16): SCH: Scheduling job Id: 9000, L: 30000, D: 81252449, C: false, I: true, N: 0
08-14 16:20:45.300 19209 19209 I Finsky  : [2] xfy.h(12): SCH: Throttling wakeup for job 9008 (expected to run in 0 ms) due to recent wakeup
08-14 16:20:45.301 19209 19209 I Finsky  : [2] xfy.h(16): SCH: Scheduling job Id: 9008, L: 30000, D: 70976132, C: false, I: false, N: 1
08-14 16:20:45.309 19209 19209 I Finsky  : [2] xfy.h(12): SCH: Throttling wakeup for job 9009 (expected to run in 0 ms) due to recent wakeup
08-14 16:20:45.310 19209 19209 I Finsky  : [2] xfy.h(16): SCH: Scheduling job Id: 9009, L: 30000, D: 84836727, C: false, I: true, N: 1
08-14 16:20:45.311 19209 19209 I Finsky  : [2] xfy.h(12): SCH: Throttling wakeup for job 9010 (expected to run in 0 ms) due to recent wakeup
08-14 16:20:45.311 19209 19209 I Finsky  : [2] xfy.h(16): SCH: Scheduling job Id: 9010, L: 30000, D: 81247665, C: true, I: false, N: 2
08-14 16:20:45.313 19209 19209 I Finsky  : [2] xfy.h(12): SCH: Throttling wakeup for job 9011 (expected to run in 0 ms) due to recent wakeup
08-14 16:20:45.313 19209 19209 I Finsky  : [2] xfy.h(16): SCH: Scheduling job Id: 9011, L: 30000, D: 86075719, C: false, I: true, N: 2
08-14 16:20:45.315 19209 19209 I Finsky  : [2] xfy.h(12): SCH: Throttling wakeup for job 9012 (expected to run in 0 ms) due to recent wakeup
08-14 16:20:45.315 19209 19209 I Finsky  : [2] xfy.h(16): SCH: Scheduling job Id: 9012, L: 30000, D: 86075719, C: true, I: true, N: 2
08-14 16:20:45.318 19209 19209 I Finsky  : [2] xfy.h(16): SCH: Scheduling job Id: 9013, L: 29121, D: 59121, C: false, I: false, N: 0
08-14 16:20:45.336 19209 19209 I Finsky  : [2] xgs.a(13): SCH: Canceling job 3-204
08-14 16:20:45.338 19209 19209 I Finsky  : [2] xhi.b(5): SCH: Jobs in database: 1-1337 3-205 3-206 3-207 3-208 3-209 3-210 3-211 3-212 10-78 12-1 20-23232323 24-77777777 26-1414141414 29-29 34-23 34-28 34-29 34-30 34-33 34-34 
08-14 16:20:45.340 19209 19209 I Finsky  : [2] xfy.l(35): SCH: ConstraintMapping: 24-77777777,  -> L: 0ms, D: 81252362ms, C: 1, I: 2, N: 0
08-14 16:20:45.340 19209 19209 I Finsky  : [2] xfy.l(35): SCH: ConstraintMapping: 1-1337, 34-34, 12-1,  -> L: 0ms, D: 70976045ms, C: 1, I: 1, N: 1
08-14 16:20:45.340 19209 19209 I Finsky  : [2] xfy.l(35): SCH: ConstraintMapping: 10-78,  -> L: 0ms, D: 84836640ms, C: 1, I: 2, N: 1
08-14 16:20:45.341 19209 19209 I Finsky  : [2] xfy.l(35): SCH: ConstraintMapping: 3-205, 3-207, 3-210, 3-212, 20-23232323,  -> L: 0ms, D: 81247578ms, C: 2, I: 1, N: 2
08-14 16:20:45.341 19209 19209 I Finsky  : [2] xfy.l(35): SCH: ConstraintMapping: 34-28, 34-29, 3-206, 34-30, 34-33, 3-208, 3-211, 34-23,  -> L: 0ms, D: 86075632ms, C: 1, I: 2, N: 2
08-14 16:20:45.341 19209 19209 I Finsky  : [2] xfy.l(35): SCH: ConstraintMapping: 34-28, 34-29, 34-30, 34-33, 3-209, 34-23,  -> L: 0ms, D: 86075652ms, C: 2, I: 2, N: 2
08-14 16:20:45.341 19209 19209 I Finsky  : [2] xfy.l(35): SCH: ConstraintMapping: 26-1414141414, 29-29,  -> L: 29034ms, D: 59034ms, C: 1, I: 1, N: 0
08-14 16:20:45.384 19209 19209 I Finsky  : [2] xfy.j(7): SCH: Cancelling existing jobscheduler jobs: 9000 9008 9011 9013 9009 9010 9012 
08-14 16:20:45.385 19209 19209 I Finsky  : [2] xfy.h(12): SCH: Throttling wakeup for job 9001 (expected to run in 0 ms) due to recent wakeup
08-14 16:20:45.385 19209 19209 I Finsky  : [2] xfy.h(16): SCH: Scheduling job Id: 9001, L: 30000, D: 81252362, C: false, I: true, N: 0
08-14 16:20:45.386 19209 19209 I Finsky  : [2] xfy.h(12): SCH: Throttling wakeup for job 9002 (expected to run in 0 ms) due to recent wakeup
08-14 16:20:45.387 19209 19209 I Finsky  : [2] xfy.h(16): SCH: Scheduling job Id: 9002, L: 30000, D: 70976045, C: false, I: false, N: 1
08-14 16:20:45.396 19209 19209 I Finsky  : [2] xfy.h(12): SCH: Throttling wakeup for job 9003 (expected to run in 0 ms) due to recent wakeup
08-14 16:20:45.396 19209 19209 I Finsky  : [2] xfy.h(16): SCH: Scheduling job Id: 9003, L: 30000, D: 84836640, C: false, I: true, N: 1
08-14 16:20:45.398 19209 19209 I Finsky  : [2] xfy.h(12): SCH: Throttling wakeup for job 9004 (expected to run in 0 ms) due to recent wakeup
08-14 16:20:45.398 19209 19209 I Finsky  : [2] xfy.h(16): SCH: Scheduling job Id: 9004, L: 30000, D: 81247578, C: true, I: false, N: 2
08-14 16:20:45.399 19209 19209 I Finsky  : [2] xfy.h(12): SCH: Throttling wakeup for job 9005 (expected to run in 0 ms) due to recent wakeup
08-14 16:20:45.399 19209 19209 I Finsky  : [2] xfy.h(16): SCH: Scheduling job Id: 9005, L: 30000, D: 86075632, C: false, I: true, N: 2
08-14 16:20:45.401 19209 19209 I Finsky  : [2] xfy.h(12): SCH: Throttling wakeup for job 9006 (expected to run in 0 ms) due to recent wakeup
08-14 16:20:45.401 19209 19209 I Finsky  : [2] xfy.h(16): SCH: Scheduling job Id: 9006, L: 30000, D: 86075652, C: true, I: true, N: 2
08-14 16:20:45.403 19209 19209 I Finsky  : [2] xfy.h(16): SCH: Scheduling job Id: 9007, L: 29034, D: 59034, C: false, I: false, N: 0
08-14 16:20:45.421 19209 19209 I Finsky  : [2] xgs.a(13): SCH: Canceling job 3-205
08-14 16:20:45.422 19209 19209 I Finsky  : [2] xhi.b(5): SCH: Jobs in database: 1-1337 3-206 3-207 3-208 3-209 3-210 3-211 3-212 10-78 12-1 20-23232323 24-77777777 26-1414141414 29-29 34-23 34-28 34-29 34-30 34-33 34-34 
08-14 16:20:45.424 19209 19209 I Finsky  : [2] xfy.l(35): SCH: ConstraintMapping: 24-77777777,  -> L: 0ms, D: 81252278ms, C: 1, I: 2, N: 0
08-14 16:20:45.424 19209 19209 I Finsky  : [2] xfy.l(35): SCH: ConstraintMapping: 1-1337, 34-34, 12-1,  -> L: 0ms, D: 70975960ms, C: 1, I: 1, N: 1
08-14 16:20:45.425 19209 19209 I Finsky  : [2] xfy.l(35): SCH: ConstraintMapping: 10-78,  -> L: 0ms, D: 84836556ms, C: 1, I: 2, N: 1
08-14 16:20:45.425 19209 19209 I Finsky  : [2] xfy.l(35): SCH: ConstraintMapping: 3-207, 3-210, 3-212, 20-23232323,  -> L: 0ms, D: 81247494ms, C: 2, I: 1, N: 2
08-14 16:20:45.425 19209 19209 I Finsky  : [2] xfy.l(35): SCH: ConstraintMapping: 34-29, 3-206, 34-30, 34-33, 3-208, 3-211, 34-23, 34-28,  -> L: 0ms, D: 86075547ms, C: 1, I: 2, N: 2
08-14 16:20:45.425 19209 19209 I Finsky  : [2] xfy.l(35): SCH: ConstraintMapping: 34-29, 34-30, 34-33, 3-209, 34-23, 34-28,  -> L: 0ms, D: 86075567ms, C: 2, I: 2, N: 2
08-14 16:20:45.425 19209 19209 I Finsky  : [2] xfy.l(35): SCH: ConstraintMapping: 26-1414141414, 29-29,  -> L: 28950ms, D: 58950ms, C: 1, I: 1, N: 0
08-14 16:20:45.481 19209 19209 I Finsky  : [2] xfy.j(7): SCH: Cancelling existing jobscheduler jobs: 9007 9005 9003 9004 9001 9002 9006 
08-14 16:20:45.482 19209 19209 I Finsky  : [2] xfy.h(12): SCH: Throttling wakeup for job 9000 (expected to run in 0 ms) due to recent wakeup
08-14 16:20:45.482 19209 19209 I Finsky  : [2] xfy.h(16): SCH: Scheduling job Id: 9000, L: 30000, D: 81252278, C: false, I: true, N: 0
08-14 16:20:45.483 19209 19209 I Finsky  : [2] xfy.h(12): SCH: Throttling wakeup for job 9008 (expected to run in 0 ms) due to recent wakeup
08-14 16:20:45.483 19209 19209 I Finsky  : [2] xfy.h(16): SCH: Scheduling job Id: 9008, L: 30000, D: 70975960, C: false, I: false, N: 1
08-14 16:20:45.491 19209 19209 I Finsky  : [2] xfy.h(12): SCH: Throttling wakeup for job 9009 (expected to run in 0 ms) due to recent wakeup
08-14 16:20:45.492 19209 19209 I Finsky  : [2] xfy.h(16): SCH: Scheduling job Id: 9009, L: 30000, D: 84836556, C: false, I: true, N: 1
08-14 16:20:45.493 19209 19209 I Finsky  : [2] xfy.h(12): SCH: Throttling wakeup for job 9010 (expected to run in 0 ms) due to recent wakeup
08-14 16:20:45.493 19209 19209 I Finsky  : [2] xfy.h(16): SCH: Scheduling job Id: 9010, L: 30000, D: 81247494, C: true, I: false, N: 2
08-14 16:20:45.495 19209 19209 I Finsky  : [2] xfy.h(12): SCH: Throttling wakeup for job 9011 (expected to run in 0 ms) due to recent wakeup
08-14 16:20:45.495 19209 19209 I Finsky  : [2] xfy.h(16): SCH: Scheduling job Id: 9011, L: 30000, D: 86075547, C: false, I: true, N: 2
08-14 16:20:45.497 19209 19209 I Finsky  : [2] xfy.h(12): SCH: Throttling wakeup for job 9012 (expected to run in 0 ms) due to recent wakeup
08-14 16:20:45.497 19209 19209 I Finsky  : [2] xfy.h(16): SCH: Scheduling job Id: 9012, L: 30000, D: 86075567, C: true, I: true, N: 2
08-14 16:20:45.498 19209 19209 I Finsky  : [2] xfy.h(16): SCH: Scheduling job Id: 9013, L: 28950, D: 58950, C: false, I: false, N: 0
08-14 16:20:45.516 19209 19209 I Finsky  : [2] xgs.a(13): SCH: Canceling job 3-206
08-14 16:20:45.519 19209 19209 I Finsky  : [2] xhi.b(5): SCH: Jobs in database: 1-1337 3-207 3-208 3-209 3-210 3-211 3-212 10-78 12-1 20-23232323 24-77777777 26-1414141414 29-29 34-23 34-28 34-29 34-30 34-33 34-34 
08-14 16:20:45.521 19209 19209 I Finsky  : [2] xfy.l(35): SCH: ConstraintMapping: 24-77777777,  -> L: 0ms, D: 81252181ms, C: 1, I: 2, N: 0
08-14 16:20:45.521 19209 19209 I Finsky  : [2] xfy.l(35): SCH: ConstraintMapping: 1-1337, 34-34, 12-1,  -> L: 0ms, D: 70975864ms, C: 1, I: 1, N: 1
08-14 16:20:45.521 19209 19209 I Finsky  : [2] xfy.l(35): SCH: ConstraintMapping: 10-78,  -> L: 0ms, D: 84836459ms, C: 1, I: 2, N: 1
08-14 16:20:45.521 19209 19209 I Finsky  : [2] xfy.l(35): SCH: ConstraintMapping: 3-207, 3-210, 3-212, 20-23232323,  -> L: 0ms, D: 81247397ms, C: 2, I: 1, N: 2
08-14 16:20:45.522 19209 19209 I Finsky  : [2] xfy.l(35): SCH: ConstraintMapping: 34-30, 34-33, 3-208, 3-211, 34-23, 34-28, 34-29,  -> L: 0ms, D: 86075470ms, C: 1, I: 2, N: 2
08-14 16:20:45.522 19209 19209 I Finsky  : [2] xfy.l(35): SCH: ConstraintMapping: 34-30, 34-33, 3-209, 34-23, 34-28, 34-29,  -> L: 0ms, D: 86075471ms, C: 2, I: 2, N: 2
08-14 16:20:45.522 19209 19209 I Finsky  : [2] xfy.l(35): SCH: ConstraintMapping: 26-1414141414, 29-29,  -> L: 28853ms, D: 58853ms, C: 1, I: 1, N: 0
08-14 16:20:45.572 19209 19209 I Finsky  : [2] xfy.j(7): SCH: Cancelling existing jobscheduler jobs: 9010 9009 9013 9012 9000 9011 9008 
08-14 16:20:45.573 19209 19209 I Finsky  : [2] xfy.h(12): SCH: Throttling wakeup for job 9001 (expected to run in 0 ms) due to recent wakeup
08-14 16:20:45.573 19209 19209 I Finsky  : [2] xfy.h(16): SCH: Scheduling job Id: 9001, L: 30000, D: 81252181, C: false, I: true, N: 0
08-14 16:20:45.574 19209 19209 I Finsky  : [2] xfy.h(12): SCH: Throttling wakeup for job 9002 (expected to run in 0 ms) due to recent wakeup
08-14 16:20:45.574 19209 19209 I Finsky  : [2] xfy.h(16): SCH: Scheduling job Id: 9002, L: 30000, D: 70975864, C: false, I: false, N: 1
08-14 16:20:45.583 19209 19209 I Finsky  : [2] xfy.h(12): SCH: Throttling wakeup for job 9003 (expected to run in 0 ms) due to recent wakeup
08-14 16:20:45.583 19209 19209 I Finsky  : [2] xfy.h(16): SCH: Scheduling job Id: 9003, L: 30000, D: 84836459, C: false, I: true, N: 1
08-14 16:20:45.585 19209 19209 I Finsky  : [2] xfy.h(12): SCH: Throttling wakeup for job 9004 (expected to run in 0 ms) due to recent wakeup
08-14 16:20:45.586 19209 19209 I Finsky  : [2] xfy.h(16): SCH: Scheduling job Id: 9004, L: 30000, D: 81247397, C: true, I: false, N: 2
08-14 16:20:45.587 19209 19209 I Finsky  : [2] xfy.h(12): SCH: Throttling wakeup for job 9005 (expected to run in 0 ms) due to recent wakeup
08-14 16:20:45.588 19209 19209 I Finsky  : [2] xfy.h(16): SCH: Scheduling job Id: 9005, L: 30000, D: 86075470, C: false, I: true, N: 2
08-14 16:20:45.589 19209 19209 I Finsky  : [2] xfy.h(12): SCH: Throttling wakeup for job 9006 (expected to run in 0 ms) due to recent wakeup
08-14 16:20:45.590 19209 19209 I Finsky  : [2] xfy.h(16): SCH: Scheduling job Id: 9006, L: 30000, D: 86075471, C: true, I: true, N: 2
08-14 16:20:45.591 19209 19209 I Finsky  : [2] xfy.h(16): SCH: Scheduling job Id: 9007, L: 28853, D: 58853, C: false, I: false, N: 0
08-14 16:20:45.609 19209 19209 I Finsky  : [2] xgs.a(13): SCH: Canceling job 3-207
08-14 16:20:45.611 19209 19209 I Finsky  : [2] xhi.b(5): SCH: Jobs in database: 1-1337 3-208 3-209 3-210 3-211 3-212 10-78 12-1 20-23232323 24-77777777 26-1414141414 29-29 34-23 34-28 34-29 34-30 34-33 34-34 
08-14 16:20:45.613 19209 19209 I Finsky  : [2] xfy.l(35): SCH: ConstraintMapping: 24-77777777,  -> L: 0ms, D: 81252089ms, C: 1, I: 2, N: 0
08-14 16:20:45.613 19209 19209 I Finsky  : [2] xfy.l(35): SCH: ConstraintMapping: 1-1337, 34-34, 12-1,  -> L: 0ms, D: 70975772ms, C: 1, I: 1, N: 1
08-14 16:20:45.613 19209 19209 I Finsky  : [2] xfy.l(35): SCH: ConstraintMapping: 10-78,  -> L: 0ms, D: 84836368ms, C: 1, I: 2, N: 1
08-14 16:20:45.614 19209 19209 I Finsky  : [2] xfy.l(35): SCH: ConstraintMapping: 3-210, 3-212, 20-23232323,  -> L: 0ms, D: 81247305ms, C: 2, I: 1, N: 2
08-14 16:20:45.614 19209 19209 I Finsky  : [2] xfy.l(35): SCH: ConstraintMapping: 34-33, 3-208, 3-211, 34-23, 34-28, 34-29, 34-30,  -> L: 0ms, D: 86075379ms, C: 1, I: 2, N: 2
08-14 16:20:45.615 19209 19209 I Finsky  : [2] xfy.l(35): SCH: ConstraintMapping: 34-33, 3-209, 34-23, 34-28, 34-29, 34-30,  -> L: 0ms, D: 86075379ms, C: 2, I: 2, N: 2
08-14 16:20:45.615 19209 19209 I Finsky  : [2] xfy.l(35): SCH: ConstraintMapping: 26-1414141414, 29-29,  -> L: 28761ms, D: 58761ms, C: 1, I: 1, N: 0
08-14 16:20:45.661 19209 19209 I Finsky  : [2] xfy.j(7): SCH: Cancelling existing jobscheduler jobs: 9006 9007 9001 9004 9005 9003 9002 
08-14 16:20:45.661 19209 19209 I Finsky  : [2] xfy.h(12): SCH: Throttling wakeup for job 9000 (expected to run in 0 ms) due to recent wakeup
08-14 16:20:45.661 19209 19209 I Finsky  : [2] xfy.h(16): SCH: Scheduling job Id: 9000, L: 30000, D: 81252089, C: false, I: true, N: 0
08-14 16:20:45.663 19209 19209 I Finsky  : [2] xfy.h(12): SCH: Throttling wakeup for job 9008 (expected to run in 0 ms) due to recent wakeup
08-14 16:20:45.663 19209 19209 I Finsky  : [2] xfy.h(16): SCH: Scheduling job Id: 9008, L: 30000, D: 70975772, C: false, I: false, N: 1
08-14 16:20:45.673 19209 19209 I Finsky  : [2] xfy.h(12): SCH: Throttling wakeup for job 9009 (expected to run in 0 ms) due to recent wakeup
08-14 16:20:45.673 19209 19209 I Finsky  : [2] xfy.h(16): SCH: Scheduling job Id: 9009, L: 30000, D: 84836368, C: false, I: true, N: 1
08-14 16:20:45.675 19209 19209 I Finsky  : [2] xfy.h(12): SCH: Throttling wakeup for job 9010 (expected to run in 0 ms) due to recent wakeup
08-14 16:20:45.675 19209 19209 I Finsky  : [2] xfy.h(16): SCH: Scheduling job Id: 9010, L: 30000, D: 81247305, C: true, I: false, N: 2
08-14 16:20:45.676 19209 19209 I Finsky  : [2] xfy.h(12): SCH: Throttling wakeup for job 9011 (expected to run in 0 ms) due to recent wakeup
08-14 16:20:45.676 19209 19209 I Finsky  : [2] xfy.h(16): SCH: Scheduling job Id: 9011, L: 30000, D: 86075379, C: false, I: true, N: 2
08-14 16:20:45.678 19209 19209 I Finsky  : [2] xfy.h(12): SCH: Throttling wakeup for job 9012 (expected to run in 0 ms) due to recent wakeup
08-14 16:20:45.678 19209 19209 I Finsky  : [2] xfy.h(16): SCH: Scheduling job Id: 9012, L: 30000, D: 86075379, C: true, I: true, N: 2
08-14 16:20:45.680 19209 19209 I Finsky  : [2] xfy.h(16): SCH: Scheduling job Id: 9013, L: 28761, D: 58761, C: false, I: false, N: 0
08-14 16:20:45.698 19209 19209 I Finsky  : [2] xgs.a(13): SCH: Canceling job 3-208
08-14 16:20:45.699 19209 19209 I Finsky  : [2] xhi.b(5): SCH: Jobs in database: 1-1337 3-209 3-210 3-211 3-212 10-78 12-1 20-23232323 24-77777777 26-1414141414 29-29 34-23 34-28 34-29 34-30 34-33 34-34 
08-14 16:20:45.701 19209 19209 I Finsky  : [2] xfy.l(35): SCH: ConstraintMapping: 24-77777777,  -> L: 0ms, D: 81252001ms, C: 1, I: 2, N: 0
08-14 16:20:45.701 19209 19209 I Finsky  : [2] xfy.l(35): SCH: ConstraintMapping: 1-1337, 34-34, 12-1,  -> L: 0ms, D: 70975683ms, C: 1, I: 1, N: 1
08-14 16:20:45.701 19209 19209 I Finsky  : [2] xfy.l(35): SCH: ConstraintMapping: 10-78,  -> L: 0ms, D: 84836279ms, C: 1, I: 2, N: 1
08-14 16:20:45.702 19209 19209 I Finsky  : [2] xfy.l(35): SCH: ConstraintMapping: 3-210, 3-212, 20-23232323,  -> L: 0ms, D: 81247217ms, C: 2, I: 1, N: 2
08-14 16:20:45.706 19209 19209 I Finsky  : [2] xfy.l(35): SCH: ConstraintMapping: 3-211, 34-23, 34-28, 34-29, 34-30, 34-33,  -> L: 0ms, D: 86075290ms, C: 1, I: 2, N: 2
08-14 16:20:45.706 19209 19209 I Finsky  : [2] xfy.l(35): SCH: ConstraintMapping: 3-209, 34-23, 34-28, 34-29, 34-30, 34-33,  -> L: 0ms, D: 86075290ms, C: 2, I: 2, N: 2
08-14 16:20:45.707 19209 19209 I Finsky  : [2] xfy.l(35): SCH: ConstraintMapping: 26-1414141414, 29-29,  -> L: 28673ms, D: 58673ms, C: 1, I: 1, N: 0
08-14 16:20:45.762 19209 19209 I Finsky  : [2] xfy.j(7): SCH: Cancelling existing jobscheduler jobs: 9009 9000 9011 9013 9008 9012 9010 
08-14 16:20:45.762 19209 19209 I Finsky  : [2] xfy.h(12): SCH: Throttling wakeup for job 9001 (expected to run in 0 ms) due to recent wakeup
08-14 16:20:45.762 19209 19209 I Finsky  : [2] xfy.h(16): SCH: Scheduling job Id: 9001, L: 30000, D: 81252001, C: false, I: true, N: 0
08-14 16:20:45.764 19209 19209 I Finsky  : [2] xfy.h(12): SCH: Throttling wakeup for job 9002 (expected to run in 0 ms) due to recent wakeup
08-14 16:20:45.764 19209 19209 I Finsky  : [2] xfy.h(16): SCH: Scheduling job Id: 9002, L: 30000, D: 70975683, C: false, I: false, N: 1
08-14 16:20:45.766 19183 19183 I Choreographer: Skipped 82 frames!  The application may be doing too much work on its main thread.
08-14 16:20:45.895 19209 19209 I Finsky  : [2] xfy.h(12): SCH: Throttling wakeup for job 9003 (expected to run in 0 ms) due to recent wakeup
08-14 16:20:45.897 19209 19209 I Finsky  : [2] xfy.h(16): SCH: Scheduling job Id: 9003, L: 30000, D: 84836279, C: false, I: true, N: 1
08-14 16:20:45.908 19209 19209 I Finsky  : [2] xfy.h(12): SCH: Throttling wakeup for job 9004 (expected to run in 0 ms) due to recent wakeup
08-14 16:20:45.908 19209 19209 I Finsky  : [2] xfy.h(16): SCH: Scheduling job Id: 9004, L: 30000, D: 81247217, C: true, I: false, N: 2
08-14 16:20:45.911 19209 19209 I Finsky  : [2] xfy.h(12): SCH: Throttling wakeup for job 9005 (expected to run in 0 ms) due to recent wakeup
08-14 16:20:45.911 19209 19209 I Finsky  : [2] xfy.h(16): SCH: Scheduling job Id: 9005, L: 30000, D: 86075290, C: false, I: true, N: 2
08-14 16:20:45.914 19209 19209 I Finsky  : [2] xfy.h(12): SCH: Throttling wakeup for job 9006 (expected to run in 0 ms) due to recent wakeup
08-14 16:20:45.914 19209 19209 I Finsky  : [2] xfy.h(16): SCH: Scheduling job Id: 9006, L: 30000, D: 86075290, C: true, I: true, N: 2
08-14 16:20:45.917 19209 19209 I Finsky  : [2] xfy.h(16): SCH: Scheduling job Id: 9007, L: 28673, D: 58673, C: false, I: false, N: 0
08-14 16:20:45.964 19209 19209 I Finsky  : [2] xgs.a(13): SCH: Canceling job 3-209
08-14 16:20:45.966 19209 19209 I Finsky  : [2] xhi.b(5): SCH: Jobs in database: 1-1337 3-210 3-211 3-212 10-78 12-1 20-23232323 24-77777777 26-1414141414 29-29 34-23 34-28 34-29 34-30 34-33 34-34 
08-14 16:20:45.969 19209 19209 I Finsky  : [2] xfy.l(35): SCH: ConstraintMapping: 24-77777777,  -> L: 0ms, D: 81251733ms, C: 1, I: 2, N: 0
08-14 16:20:45.969 19209 19209 I Finsky  : [2] xfy.l(35): SCH: ConstraintMapping: 1-1337, 12-1, 34-34,  -> L: 0ms, D: 70975416ms, C: 1, I: 1, N: 1
08-14 16:20:45.969 19209 19209 I Finsky  : [2] xfy.l(35): SCH: ConstraintMapping: 10-78,  -> L: 0ms, D: 84836011ms, C: 1, I: 2, N: 1
08-14 16:20:45.969 19209 19209 I Finsky  : [2] xfy.l(35): SCH: ConstraintMapping: 3-210, 3-212, 20-23232323,  -> L: 0ms, D: 81246949ms, C: 2, I: 1, N: 2
08-14 16:20:45.969 19209 19209 I Finsky  : [2] xfy.l(35): SCH: ConstraintMapping: 3-211, 34-23, 34-28, 34-29, 34-30, 34-33,  -> L: 0ms, D: 86075022ms, C: 1, I: 2, N: 2
08-14 16:20:45.970 19209 19209 I Finsky  : [2] xfy.l(35): SCH: ConstraintMapping: 34-23, 34-28, 34-29, 34-30, 34-33,  -> L: 0ms, D: 1294462323ms, C: 2, I: 2, N: 2
08-14 16:20:45.970 19209 19209 I Finsky  : [2] xfy.l(35): SCH: ConstraintMapping: 26-1414141414, 29-29,  -> L: 28405ms, D: 58405ms, C: 1, I: 1, N: 0
08-14 16:20:45.984   312   312 D goldfish-address-space: allocate: Ask for block of size 0x7e9000
08-14 16:20:45.984   312   312 D goldfish-address-space: allocate: ioctl allocate returned offset 0x3fa284000 size 0x7ea000
08-14 16:20:46.010   312   312 D goldfish-address-space: allocate: Ask for block of size 0x7e9000
08-14 16:20:46.010   312   312 D goldfish-address-space: allocate: ioctl allocate returned offset 0x3fd070000 size 0x7ea000
08-14 16:20:46.023 19209 19209 I Finsky  : [2] xfy.j(7): SCH: Cancelling existing jobscheduler jobs: 9003 9006 9004 9002 9005 9007 9001 
08-14 16:20:46.024 19209 19209 I Finsky  : [2] xfy.h(12): SCH: Throttling wakeup for job 9000 (expected to run in 0 ms) due to recent wakeup
08-14 16:20:46.024 19209 19209 I Finsky  : [2] xfy.h(16): SCH: Scheduling job Id: 9000, L: 30000, D: 81251733, C: false, I: true, N: 0
08-14 16:20:46.025   312   390 D goldfish-address-space: allocate: Ask for block of size 0x7e9000
08-14 16:20:46.025   312   390 D goldfish-address-space: allocate: ioctl allocate returned offset 0x3f8ac6000 size 0x7ea000
08-14 16:20:46.026 19209 19209 I Finsky  : [2] xfy.h(12): SCH: Throttling wakeup for job 9008 (expected to run in 0 ms) due to recent wakeup
08-14 16:20:46.026 19209 19209 I Finsky  : [2] xfy.h(16): SCH: Scheduling job Id: 9008, L: 30000, D: 70975416, C: false, I: false, N: 1
08-14 16:20:46.042 19209 19209 I Finsky  : [2] xfy.h(12): SCH: Throttling wakeup for job 9009 (expected to run in 0 ms) due to recent wakeup
08-14 16:20:46.042 19209 19209 I Finsky  : [2] xfy.h(16): SCH: Scheduling job Id: 9009, L: 30000, D: 84836011, C: false, I: true, N: 1
08-14 16:20:46.044 19209 19209 I Finsky  : [2] xfy.h(12): SCH: Throttling wakeup for job 9010 (expected to run in 0 ms) due to recent wakeup
08-14 16:20:46.044 19209 19209 I Finsky  : [2] xfy.h(16): SCH: Scheduling job Id: 9010, L: 30000, D: 81246949, C: true, I: false, N: 2
08-14 16:20:46.046 19209 19209 I Finsky  : [2] xfy.h(12): SCH: Throttling wakeup for job 9011 (expected to run in 0 ms) due to recent wakeup
08-14 16:20:46.047 19209 19209 I Finsky  : [2] xfy.h(16): SCH: Scheduling job Id: 9011, L: 30000, D: 86075022, C: false, I: true, N: 2
08-14 16:20:46.049 19209 19209 I Finsky  : [2] xfy.h(12): SCH: Throttling wakeup for job 9012 (expected to run in 0 ms) due to recent wakeup
08-14 16:20:46.049 19209 19209 I Finsky  : [2] xfy.h(16): SCH: Scheduling job Id: 9012, L: 30000, D: 1294462323, C: true, I: true, N: 2
08-14 16:20:46.050 19209 19209 I Finsky  : [2] xfy.h(16): SCH: Scheduling job Id: 9013, L: 28405, D: 58405, C: false, I: false, N: 0
08-14 16:20:46.077 19209 19209 I Finsky  : [2] xgs.a(13): SCH: Canceling job 3-210
08-14 16:20:46.077 19209 19227 I Finsky  : [1352] hiv.a(16): com.cpuid.cpu_z: Account from first account - [Uk1AsQ62YqvdqAmmTmW4uXHuWFWqiwGnWZ_DBHLJGD8]
08-14 16:20:46.080 19209 19209 I Finsky  : [2] xhi.b(5): SCH: Jobs in database: 1-1337 3-211 3-212 10-78 12-1 20-23232323 24-77777777 26-1414141414 29-29 34-23 34-28 34-29 34-30 34-33 34-34 
08-14 16:20:46.083 19209 19227 I Finsky  : [1352] hiv.a(65): Billing preferred account via installer for com.cpuid.cpu_z: [Uk1AsQ62YqvdqAmmTmW4uXHuWFWqiwGnWZ_DBHLJGD8]
08-14 16:20:46.084 19209 19209 I Finsky  : [2] xfy.l(35): SCH: ConstraintMapping: 24-77777777,  -> L: 0ms, D: 81251620ms, C: 1, I: 2, N: 0
08-14 16:20:46.084 19209 19209 I Finsky  : [2] xfy.l(35): SCH: ConstraintMapping: 1-1337, 12-1, 34-34,  -> L: 0ms, D: 70975303ms, C: 1, I: 1, N: 1
08-14 16:20:46.084 19209 19209 I Finsky  : [2] xfy.l(35): SCH: ConstraintMapping: 10-78,  -> L: 0ms, D: 84835899ms, C: 1, I: 2, N: 1
08-14 16:20:46.085 19209 19209 I Finsky  : [2] xfy.l(35): SCH: ConstraintMapping: 3-212, 20-23232323,  -> L: 0ms, D: 81246836ms, C: 2, I: 1, N: 2
08-14 16:20:46.085 19209 19209 I Finsky  : [2] xfy.l(35): SCH: ConstraintMapping: 3-211, 34-23, 34-28, 34-29, 34-30, 34-33,  -> L: 0ms, D: 86074910ms, C: 1, I: 2, N: 2
08-14 16:20:46.085 19209 19209 I Finsky  : [2] xfy.l(35): SCH: ConstraintMapping: 34-23, 34-28, 34-29, 34-30, 34-33,  -> L: 0ms, D: 1294462210ms, C: 2, I: 2, N: 2
08-14 16:20:46.129 19209 19209 I Finsky  : [2] xfy.l(35): SCH: ConstraintMapping: 26-1414141414, 29-29,  -> L: 28292ms, D: 58292ms, C: 1, I: 1, N: 0
08-14 16:20:46.160 12067 12067 I GoogleInputMethodService: GoogleInputMethodService.onFinishInput():3410 
08-14 16:20:46.165 12067 12067 I GoogleInputMethodService: GoogleInputMethodService.onStartInput():1994 
08-14 16:20:46.175 12067 12067 I DeviceUnlockedTag: DeviceUnlockedTag.notifyDeviceLockStatusChanged():31 Notify device unlocked.
08-14 16:20:46.303   514   538 W system_server: JNI critical lock held for 35.459ms on Thread[14,tid=538,Runnable,Thread*=0xe7c10a10,peer=0x132807d0,"android.display"]
08-14 16:20:46.360 32685 14997 I PBSessionCacheImpl: Deleted sessionId[143751779117517704] from persistence.
08-14 16:20:46.451 32685 32735 W SearchServiceCore: Abort, client detached.
08-14 16:20:46.461 32685 32735 I MicroDetectionState: Should stop hotword detection immediately - false
08-14 16:20:46.473 19209 19209 I Finsky  : [2] xfy.j(7): SCH: Cancelling existing jobscheduler jobs: 9000 9013 9009 9012 9011 9010 9008 
08-14 16:20:46.474 19209 19209 I Finsky  : [2] xfy.h(12): SCH: Throttling wakeup for job 9001 (expected to run in 0 ms) due to recent wakeup
08-14 16:20:46.475 19209 19209 I Finsky  : [2] xfy.h(16): SCH: Scheduling job Id: 9001, L: 30000, D: 81251620, C: false, I: true, N: 0
08-14 16:20:46.477 19209 19209 I Finsky  : [2] xfy.h(12): SCH: Throttling wakeup for job 9002 (expected to run in 0 ms) due to recent wakeup
08-14 16:20:46.477 19209 19209 I Finsky  : [2] xfy.h(16): SCH: Scheduling job Id: 9002, L: 30000, D: 70975303, C: false, I: false, N: 1
08-14 16:20:46.487 19209 19209 I Finsky  : [2] xfy.h(12): SCH: Throttling wakeup for job 9003 (expected to run in 0 ms) due to recent wakeup
08-14 16:20:46.488 19209 19209 I Finsky  : [2] xfy.h(16): SCH: Scheduling job Id: 9003, L: 30000, D: 84835899, C: false, I: true, N: 1
08-14 16:20:46.489 19209 19209 I Finsky  : [2] xfy.h(12): SCH: Throttling wakeup for job 9004 (expected to run in 0 ms) due to recent wakeup
08-14 16:20:46.489 19209 19209 I Finsky  : [2] xfy.h(16): SCH: Scheduling job Id: 9004, L: 30000, D: 81246836, C: true, I: false, N: 2
08-14 16:20:46.490 19209 19209 I Finsky  : [2] xfy.h(12): SCH: Throttling wakeup for job 9005 (expected to run in 0 ms) due to recent wakeup
08-14 16:20:46.491 19209 19209 I Finsky  : [2] xfy.h(16): SCH: Scheduling job Id: 9005, L: 30000, D: 86074910, C: false, I: true, N: 2
08-14 16:20:46.492 19209 19209 I Finsky  : [2] xfy.h(12): SCH: Throttling wakeup for job 9006 (expected to run in 0 ms) due to recent wakeup
08-14 16:20:46.492 19209 19209 I Finsky  : [2] xfy.h(16): SCH: Scheduling job Id: 9006, L: 30000, D: 1294462210, C: true, I: true, N: 2
08-14 16:20:46.494 19209 19209 I Finsky  : [2] xfy.h(16): SCH: Scheduling job Id: 9007, L: 28292, D: 58292, C: false, I: false, N: 0
08-14 16:20:46.521 19209 19227 I Finsky  : [1352] hiv.a(16): com.cpuid.cpu_z: Account from first account - [Uk1AsQ62YqvdqAmmTmW4uXHuWFWqiwGnWZ_DBHLJGD8]
08-14 16:20:46.522 19209 19227 I Finsky  : [1352] hiv.a(65): Billing preferred account via installer for com.cpuid.cpu_z: [Uk1AsQ62YqvdqAmmTmW4uXHuWFWqiwGnWZ_DBHLJGD8]
08-14 16:20:46.524 19209 19209 I Finsky  : [2] xgs.a(13): SCH: Canceling job 3-211
08-14 16:20:46.527 19209 19209 I Finsky  : [2] xhi.b(5): SCH: Jobs in database: 1-1337 3-212 10-78 12-1 20-23232323 24-77777777 26-1414141414 29-29 34-23 34-28 34-29 34-30 34-33 34-34 
08-14 16:20:46.529 19209 19209 I Finsky  : [2] xfy.l(35): SCH: ConstraintMapping: 24-77777777,  -> L: 0ms, D: 81251173ms, C: 1, I: 2, N: 0
08-14 16:20:46.529 19209 19209 I Finsky  : [2] xfy.l(35): SCH: ConstraintMapping: 1-1337, 12-1, 34-34,  -> L: 0ms, D: 70974856ms, C: 1, I: 1, N: 1
08-14 16:20:46.530 19209 19209 I Finsky  : [2] xfy.l(35): SCH: ConstraintMapping: 10-78,  -> L: 0ms, D: 84835451ms, C: 1, I: 2, N: 1
08-14 16:20:46.530 19209 19209 I Finsky  : [2] xfy.l(35): SCH: ConstraintMapping: 3-212, 20-23232323,  -> L: 0ms, D: 81246389ms, C: 2, I: 1, N: 2
08-14 16:20:46.530 19209 19209 I Finsky  : [2] xfy.l(35): SCH: ConstraintMapping: 34-23, 34-28, 34-29, 34-30, 34-33,  -> L: 0ms, D: 1294461763ms, C: 1, I: 2, N: 2
08-14 16:20:46.530 19209 19209 I Finsky  : [2] xfy.l(35): SCH: ConstraintMapping: 34-23, 34-28, 34-29, 34-30, 34-33,  -> L: 0ms, D: 1294461763ms, C: 2, I: 2, N: 2
08-14 16:20:46.530 19209 19209 I Finsky  : [2] xfy.l(35): SCH: ConstraintMapping: 26-1414141414, 29-29,  -> L: 27845ms, D: 57845ms, C: 1, I: 1, N: 0
08-14 16:20:46.578 19209 19209 I Finsky  : [2] xfy.j(7): SCH: Cancelling existing jobscheduler jobs: 9007 9006 9002 9001 9005 9004 9003 
08-14 16:20:46.578 19209 19209 I Finsky  : [2] xfy.h(12): SCH: Throttling wakeup for job 9000 (expected to run in 0 ms) due to recent wakeup
08-14 16:20:46.578 19209 19209 I Finsky  : [2] xfy.h(16): SCH: Scheduling job Id: 9000, L: 30000, D: 81251173, C: false, I: true, N: 0
08-14 16:20:46.579 19209 19209 I Finsky  : [2] xfy.h(12): SCH: Throttling wakeup for job 9008 (expected to run in 0 ms) due to recent wakeup
08-14 16:20:46.579 19209 19209 I Finsky  : [2] xfy.h(16): SCH: Scheduling job Id: 9008, L: 30000, D: 70974856, C: false, I: false, N: 1
08-14 16:20:46.582   174   174 I servicemanager: Notifying apexservice they have clients: 0
08-14 16:20:46.587 19183 19183 I com.cpuid.cpu_: The ClassLoaderContext is a special shared library.
08-14 16:20:46.589 19209 19209 I Finsky  : [2] xfy.h(12): SCH: Throttling wakeup for job 9009 (expected to run in 0 ms) due to recent wakeup
08-14 16:20:46.589 19209 19209 I Finsky  : [2] xfy.h(16): SCH: Scheduling job Id: 9009, L: 30000, D: 84835451, C: false, I: true, N: 1
08-14 16:20:46.591 19183 19183 I com.cpuid.cpu_: The ClassLoaderContext is a special shared library.
08-14 16:20:46.592 19209 19209 I Finsky  : [2] xfy.h(12): SCH: Throttling wakeup for job 9010 (expected to run in 0 ms) due to recent wakeup
08-14 16:20:46.592 19209 19209 I Finsky  : [2] xfy.h(16): SCH: Scheduling job Id: 9010, L: 30000, D: 81246389, C: true, I: false, N: 2
08-14 16:20:46.594 19209 19209 I Finsky  : [2] xfy.h(12): SCH: Throttling wakeup for job 9011 (expected to run in 0 ms) due to recent wakeup
08-14 16:20:46.594 19209 19209 I Finsky  : [2] xfy.h(16): SCH: Scheduling job Id: 9011, L: 30000, D: 1294461763, C: false, I: true, N: 2
08-14 16:20:46.595   174   174 I BpBinder: onLastStrongRef automatically unlinking death recipients: <uncached descriptor>
08-14 16:20:46.596 19209 19209 I Finsky  : [2] xfy.h(12): SCH: Throttling wakeup for job 9012 (expected to run in 0 ms) due to recent wakeup
08-14 16:20:46.596 19209 19209 I Finsky  : [2] xfy.h(16): SCH: Scheduling job Id: 9012, L: 30000, D: 1294461763, C: true, I: true, N: 2
08-14 16:20:46.598 19209 19209 I Finsky  : [2] xfy.h(16): SCH: Scheduling job Id: 9013, L: 27845, D: 57845, C: false, I: false, N: 0
08-14 16:20:46.621 19209 19209 I Finsky  : [2] xgs.a(13): SCH: Canceling job 3-212
08-14 16:20:46.623 19209 19209 I Finsky  : [2] xhi.b(5): SCH: Jobs in database: 1-1337 10-78 12-1 20-23232323 24-77777777 26-1414141414 29-29 34-23 34-28 34-29 34-30 34-33 34-34 
08-14 16:20:46.625 19209 19209 I Finsky  : [2] xfy.l(35): SCH: ConstraintMapping: 24-77777777,  -> L: 0ms, D: 81251077ms, C: 1, I: 2, N: 0
08-14 16:20:46.626 19209 19209 I Finsky  : [2] xfy.l(35): SCH: ConstraintMapping: 1-1337, 12-1, 34-34,  -> L: 0ms, D: 70974760ms, C: 1, I: 1, N: 1
08-14 16:20:46.626 19209 19209 I Finsky  : [2] xfy.l(35): SCH: ConstraintMapping: 10-78,  -> L: 0ms, D: 84835356ms, C: 1, I: 2, N: 1
08-14 16:20:46.626 19209 19209 I Finsky  : [2] xfy.l(35): SCH: ConstraintMapping: 20-23232323,  -> L: 0ms, D: 81246294ms, C: 2, I: 1, N: 2
08-14 16:20:46.626 19209 19209 I Finsky  : [2] xfy.l(35): SCH: ConstraintMapping: 34-23, 34-28, 34-29, 34-30, 34-33,  -> L: 0ms, D: 1294461667ms, C: 1, I: 2, N: 2
08-14 16:20:46.626 19209 19209 I Finsky  : [2] xfy.l(35): SCH: ConstraintMapping: 34-23, 34-28, 34-29, 34-30, 34-33,  -> L: 0ms, D: 1294461667ms, C: 2, I: 2, N: 2
08-14 16:20:46.627 19209 19209 I Finsky  : [2] xfy.l(35): SCH: ConstraintMapping: 26-1414141414, 29-29,  -> L: 27749ms, D: 57749ms, C: 1, I: 1, N: 0
08-14 16:20:46.631 19209 19333 I Finsky  : [1409] oju.apply(7): IQ: Creating job 213, for (REQ_DEVICE_IDLE, MIN_BATTERY=50, SHOULD_APPLY_BUDGET=true, NETWORK=UNMETERED, PROVISIONING_STATE=PROVISIONED)
08-14 16:20:46.632 19209 19333 I Finsky  : [1409] oju.apply(7): IQ: Creating job 214, for (REQ_CHARGING, REQ_DEVICE_IDLE, REQ_GEARHEAD_PROJECTION_OFF, NETWORK=UNMETERED, PROVISIONING_STATE=PROVISIONED)
08-14 16:20:46.633 19209 19333 I Finsky  : [1409] oju.apply(7): IQ: Creating job 215, for (REQ_CHARGING, REQ_GEARHEAD_PROJECTION_OFF, NETWORK=UNMETERED, PROVISIONING_STATE=PROVISIONED)
08-14 16:20:46.634 19209 19333 I Finsky  : [1409] oju.apply(7): IQ: Creating job 216, for (REQ_DEVICE_IDLE, REQ_GEARHEAD_PROJECTION_OFF, MIN_BATTERY=50, SHOULD_APPLY_BUDGET=true, NETWORK=UNMETERED, PROVISIONING_STATE=PROVISIONED)
08-14 16:20:46.639 19183 19183 W DynamiteModule: Failed to load module via V2: java.lang.ClassNotFoundException: Didn't find class "com.google.android.gms.dynamite.DynamiteModule$DynamiteLoaderClassLoader" on path: DexPathList[[zip file "/data/app/~~5XLAvifuJLriAEs637nJfw==/com.cpuid.cpu_z-Srid5Vwb-jdSTTIvuB8GEg==/base.apk"],nativeLibraryDirectories=[/data/app/~~5XLAvifuJLriAEs637nJfw==/com.cpuid.cpu_z-Srid5Vwb-jdSTTIvuB8GEg==/lib/x86, /data/app/~~5XLAvifuJLriAEs637nJfw==/com.cpuid.cpu_z-Srid5Vwb-jdSTTIvuB8GEg==/base.apk!/lib/x86, /system/lib, /system_ext/lib, /product/lib]]
08-14 16:20:46.634 19209 19333 I Finsky  : [1409] oju.apply(7): IQ: Creating job 217, for (REQ_CHARGING, NETWORK=UNMETERED, PROVISIONING_STATE=PROVISIONED)
08-14 16:20:46.639 19209 19333 I Finsky  : [1409] okg.z(4): IQ: Bulk scheduling created jobs
08-14 16:20:46.655 19183 19183 I DynamiteModule: Considering local module com.google.android.gms.ads.dynamite:0 and remote module com.google.android.gms.ads.dynamite:212104400
08-14 16:20:46.656 19183 19183 I DynamiteModule: Selected remote version of com.google.android.gms.ads.dynamite, version >= 212104400
08-14 16:20:46.676 19209 19209 I Finsky  : [2] xfy.j(7): SCH: Cancelling existing jobscheduler jobs: 9009 9013 9011 9010 9012 9008 9000 
08-14 16:20:46.676 19209 19209 I Finsky  : [2] xfy.h(12): SCH: Throttling wakeup for job 9001 (expected to run in 0 ms) due to recent wakeup
08-14 16:20:46.676 19209 19209 I Finsky  : [2] xfy.h(16): SCH: Scheduling job Id: 9001, L: 30000, D: 81251077, C: false, I: true, N: 0
08-14 16:20:46.677 19209 19209 I Finsky  : [2] xfy.h(12): SCH: Throttling wakeup for job 9002 (expected to run in 0 ms) due to recent wakeup
08-14 16:20:46.678 19209 19209 I Finsky  : [2] xfy.h(16): SCH: Scheduling job Id: 9002, L: 30000, D: 70974760, C: false, I: false, N: 1
08-14 16:20:46.689 19209 19209 I Finsky  : [2] xfy.h(12): SCH: Throttling wakeup for job 9003 (expected to run in 0 ms) due to recent wakeup
08-14 16:20:46.689 19209 19209 I Finsky  : [2] xfy.h(16): SCH: Scheduling job Id: 9003, L: 30000, D: 84835356, C: false, I: true, N: 1
08-14 16:20:46.691 19209 19209 I Finsky  : [2] xfy.h(12): SCH: Throttling wakeup for job 9004 (expected to run in 0 ms) due to recent wakeup
08-14 16:20:46.692 19209 19209 I Finsky  : [2] xfy.h(16): SCH: Scheduling job Id: 9004, L: 30000, D: 81246294, C: true, I: false, N: 2
08-14 16:20:46.695 19209 19209 I Finsky  : [2] xfy.h(12): SCH: Throttling wakeup for job 9005 (expected to run in 0 ms) due to recent wakeup
08-14 16:20:46.695 19209 19209 I Finsky  : [2] xfy.h(16): SCH: Scheduling job Id: 9005, L: 30000, D: 1294461667, C: false, I: true, N: 2
08-14 16:20:46.697 19209 19209 I Finsky  : [2] xfy.h(12): SCH: Throttling wakeup for job 9006 (expected to run in 0 ms) due to recent wakeup
08-14 16:20:46.697 19209 19209 I Finsky  : [2] xfy.h(16): SCH: Scheduling job Id: 9006, L: 30000, D: 1294461667, C: true, I: true, N: 2
08-14 16:20:46.699 19209 19209 I Finsky  : [2] xfy.h(16): SCH: Scheduling job Id: 9007, L: 27749, D: 57749, C: false, I: false, N: 0
08-14 16:20:46.713 19209 19209 I Finsky  : [2] yzm.a(1): Connecting InstallListener to SplitInstallService broadcaster...
