08-14 21:32:19.277   514   538 E ActivityManager: 	at com.android.server.wm.-$$Lambda$qMFJUmfG50ZSjk7Tac67xBia0d4.accept(Unknown Source:29)
08-14 21:32:19.277   514   538 E ActivityManager: 	at com.android.internal.util.function.pooled.PooledLambdaImpl.doInvoke(PooledLambdaImpl.java:360)
08-14 21:32:19.277   514   538 E ActivityManager: 	at com.android.internal.util.function.pooled.PooledLambdaImpl.invoke(PooledLambdaImpl.java:201)
08-14 21:32:19.277   514   538 E ActivityManager: 	at com.android.internal.util.function.pooled.OmniFunction.run(OmniFunction.java:97)
08-14 21:32:19.277   514   538 E ActivityManager: 	at android.os.Handler.handleCallback(Handler.java:938)
08-14 21:32:19.277   514   538 E ActivityManager: 	at android.os.Handler.dispatchMessage(Handler.java:99)
08-14 21:32:19.277   514   538 E ActivityManager: 	at android.os.Looper.loop(Looper.java:223)
08-14 21:32:19.277   514   538 E ActivityManager: 	at android.os.HandlerThread.run(HandlerThread.java:67)
08-14 21:32:19.277   514   538 E ActivityManager: 	at com.android.server.ServiceThread.run(ServiceThread.java:44)
08-14 21:32:19.277   514   538 I ActivityManager: Force stopping com.twitter.android appid=10171 user=0: start failure
08-14 21:32:19.280   514  2396 W ActivityManager: Unable to start service Intent { act=android.service.appprediction.AppPredictionService cmp=com.google.android.as/com.google.android.apps.miphone.aiai.app.AiAiPredictionService } U=0: not found
08-14 21:32:19.280   514  2396 W RemoteAppPredictionService: could not bind to Intent { act=android.service.appprediction.AppPredictionService cmp=com.google.android.as/com.google.android.apps.miphone.aiai.app.AiAiPredictionService } using flags 67108865
08-14 21:32:19.299   514   538 E ActivityManager: Failure starting process com.twitter.android
08-14 21:32:19.299   514   538 E ActivityManager: java.lang.SecurityException: Package com.twitter.android is currently frozen!
08-14 21:32:19.299   514   538 E ActivityManager: 	at com.android.server.pm.PackageManagerService.checkPackageStartable(PackageManagerService.java:4451)
08-14 21:32:19.299   514   538 E ActivityManager: 	at com.android.server.am.ProcessList.startProcessLocked(ProcessList.java:1757)
08-14 21:32:19.299   514   538 E ActivityManager: 	at com.android.server.am.ProcessList.startProcessLocked(ProcessList.java:2319)
08-14 21:32:19.299   514   538 E ActivityManager: 	at com.android.server.am.ProcessList.startProcessLocked(ProcessList.java:2441)
08-14 21:32:19.299   514   538 E ActivityManager: 	at com.android.server.am.ActivityManagerService.startProcessLocked(ActivityManagerService.java:3148)
08-14 21:32:19.299   514   538 E ActivityManager: 	at com.android.server.am.ActivityManagerService$LocalService.startProcess(ActivityManagerService.java:19594)
08-14 21:32:19.299   514   538 E ActivityManager: 	at com.android.server.wm.-$$Lambda$qMFJUmfG50ZSjk7Tac67xBia0d4.accept(Unknown Source:29)
08-14 21:32:19.299   514   538 E ActivityManager: 	at com.android.internal.util.function.pooled.PooledLambdaImpl.doInvoke(PooledLambdaImpl.java:360)
08-14 21:32:19.299   514   538 E ActivityManager: 	at com.android.internal.util.function.pooled.PooledLambdaImpl.invoke(PooledLambdaImpl.java:201)
08-14 21:32:19.299   514   538 E ActivityManager: 	at com.android.internal.util.function.pooled.OmniFunction.run(OmniFunction.java:97)
08-14 21:32:19.299   514   538 E ActivityManager: 	at android.os.Handler.handleCallback(Handler.java:938)
08-14 21:32:19.299   514   538 E ActivityManager: 	at android.os.Handler.dispatchMessage(Handler.java:99)
08-14 21:32:19.299   514   538 E ActivityManager: 	at android.os.Looper.loop(Looper.java:223)
08-14 21:32:19.299   514   538 E ActivityManager: 	at android.os.HandlerThread.run(HandlerThread.java:67)
08-14 21:32:19.299   514   538 E ActivityManager: 	at com.android.server.ServiceThread.run(ServiceThread.java:44)
08-14 21:32:19.299   514   538 I ActivityManager: Force stopping com.twitter.android appid=10171 user=0: start failure
08-14 21:32:19.306   514   538 I ActivityManager: Exiting empty application process 0:com.twitter.android/u0a171 (null)
08-14 21:32:19.308   514   538 D EventSequenceValidator: onActivityLaunchCancelled during UNKNOWN.
08-14 21:32:19.308   514   538 D EventSequenceValidator: java.lang.Throwable: EventSequenceValidator#getStackTrace
08-14 21:32:19.308   514   538 D EventSequenceValidator: 	at com.google.android.startop.iorap.EventSequenceValidator.logWarningWithStackTrace(EventSequenceValidator.java:260)
08-14 21:32:19.308   514   538 D EventSequenceValidator: 	at com.google.android.startop.iorap.EventSequenceValidator.onActivityLaunchCancelled(EventSequenceValidator.java:166)
08-14 21:32:19.308   514   538 D EventSequenceValidator: 	at com.android.server.wm.LaunchObserverRegistryImpl.handleOnActivityLaunchCancelled(LaunchObserverRegistryImpl.java:166)
08-14 21:32:19.308   514   538 D EventSequenceValidator: 	at com.android.server.wm.LaunchObserverRegistryImpl.lambda$lAGPwfsXJvBWsyG2rbEfo3sTv34(Unknown Source:0)
08-14 21:32:19.308   514   538 D EventSequenceValidator: 	at com.android.server.wm.-$$Lambda$LaunchObserverRegistryImpl$lAGPwfsXJvBWsyG2rbEfo3sTv34.accept(Unknown Source:4)
08-14 21:32:19.308   514   538 D EventSequenceValidator: 	at com.android.internal.util.function.pooled.PooledLambdaImpl.doInvoke(PooledLambdaImpl.java:278)
08-14 21:32:19.308   514   538 D EventSequenceValidator: 	at com.android.internal.util.function.pooled.PooledLambdaImpl.invoke(PooledLambdaImpl.java:201)
08-14 21:32:19.308   514   538 D EventSequenceValidator: 	at com.android.internal.util.function.pooled.OmniFunction.run(OmniFunction.java:97)
08-14 21:32:19.308   514   538 D EventSequenceValidator: 	at android.os.Handler.handleCallback(Handler.java:938)
08-14 21:32:19.308   514   538 D EventSequenceValidator: 	at android.os.Handler.dispatchMessage(Handler.java:99)
08-14 21:32:19.308   514   538 D EventSequenceValidator: 	at android.os.Looper.loop(Looper.java:223)
08-14 21:32:19.308   514   538 D EventSequenceValidator: 	at android.os.HandlerThread.run(HandlerThread.java:67)
08-14 21:32:19.308   514   538 D EventSequenceValidator: 	at com.android.server.ServiceThread.run(ServiceThread.java:44)
08-14 21:32:19.308   514   538 D EventSequenceValidator: dec AccIntentStartedEvents to 265
08-14 21:32:20.621   852   852 I dex2oat32: dex2oat took 19.833s (66.985s cpu) (threads: 4) arena alloc=4792B (4792B) java alloc=37MB (39411464B) native alloc=41MB (43863136B) free=14MB (15280768B) swap=16MB (16777216B)
08-14 21:32:20.655   399   596 V installd: DexInv: --- END '/data/app/~~jA7o4tezr8W08d7iyLwKFw==/com.twitter.android-p6O7CZ9JkWRnjpm3ZEic2w==/base.apk' (success) ---
08-14 21:32:20.689  1342  7718 I MediaProvider: Invalidating LocalCallingIdentity cache for package com.twitter.android. Reason: op android:read_external_storage
08-14 21:32:19.306   514   538 I chatty  : uid=1000(system) android.display identical 1 line
08-14 21:32:19.307   514   538 I ActivityManager: Exiting empty application process 0:com.twitter.android/u0a171 (null)
08-14 21:32:20.699   514   562 I AppsFilter: interaction: PackageSetting{c4de200 com.example.gesturecapture.test/10152} -> PackageSetting{e3e8ff0 com.twitter.android/10171} BLOCKED
08-14 21:32:20.705  1342  7718 I MediaProvider: Invalidating LocalCallingIdentity cache for package com.twitter.android. Reason: op android:read_external_storage
08-14 21:32:20.716   399   596 E installd: Couldn't opendir /data/app/vmdl1009198076.tmp: No such file or directory
08-14 21:32:20.716   399   596 E installd: Failed to delete /data/app/vmdl1009198076.tmp: No such file or directory
08-14 21:32:20.718   832   836 I cmd     : oneway function results will be dropped but finished with status OK and parcel size 4
08-14 21:32:20.728  1342  1342 I MediaProvider: Invalidating LocalCallingIdentity cache for package com.twitter.android. Reason: package android.intent.action.PACKAGE_ADDED
08-14 21:32:20.731  4448  1163 I IntentFilterIntentOp: Verifying IntentFilter. verificationId:9 scheme:"https" hosts:"twitter-alternate.test-app.link twitter.com www.twitter.com twitter.app.link twitter.test-app.link mobile.twitter.com ads.twitter.com twitter-alternate.app.link" package:"com.twitter.android". [CONTEXT service_id=244 ]
08-14 21:32:20.735   514   535 I RoleManagerService: Granting default roles...
08-14 21:32:20.736  4448  1163 I DomainVerificationUtils: Legacy cross-profile verification enabled [CONTEXT service_id=244 ]
08-14 21:32:20.747   676   676 V AvrcpMediaPlayerList: mPackageChangedBroadcastReceiver: action: android.intent.action.PACKAGE_ADDED
08-14 21:32:20.748   676   676 D AvrcpMediaPlayerList: Name of package changed: com.twitter.android
08-14 21:32:20.751  1363  1363 I GsaVoiceInteractionSrv: O received Intent { act=android.intent.action.PACKAGE_ADDED dat=package:com.twitter.android flg=0x4000010 (has extras) }
08-14 21:32:20.753   514  3644 W BroadcastQueue: Background execution not allowed: receiving Intent { act=android.intent.action.PACKAGE_ADDED dat=package:com.twitter.android flg=0x4000010 (has extras) } to com.google.android.packageinstaller/com.android.packageinstaller.PackageInstalledReceiver
08-14 21:32:20.775   514   544 W BroadcastQueue: Background execution not allowed: receiving Intent { act=android.intent.action.PACKAGE_ADDED dat=package:com.twitter.android flg=0x4000010 (has extras) } to com.android.vending/com.google.android.finsky.packagemanager.impl.PackageMonitorReceiverImpl$RegisteredReceiver
08-14 21:32:20.775   514   544 W BroadcastQueue: Background execution not allowed: receiving Intent { act=android.intent.action.PACKAGE_ADDED dat=package:com.twitter.android flg=0x4000010 (has extras) } to com.google.android.gms/.games.chimera.GamesSystemBroadcastReceiverProxy
08-14 21:32:20.775   514   544 W BroadcastQueue: Background execution not allowed: receiving Intent { act=android.intent.action.PACKAGE_ADDED dat=package:com.twitter.android flg=0x4000010 (has extras) } to com.google.android.gms/.gass.chimera.PackageChangeBroadcastReceiver
08-14 21:32:20.775   514   544 W BroadcastQueue: Background execution not allowed: receiving Intent { act=android.intent.action.PACKAGE_ADDED dat=package:com.twitter.android flg=0x4000010 (has extras) } to com.google.android.gms/.chimera.GmsIntentOperationService$PersistentTrustedReceiver
08-14 21:32:20.776   514   544 W BroadcastQueue: Background execution not allowed: receiving Intent { act=android.intent.action.PACKAGE_ADDED dat=package:com.twitter.android flg=0x4000010 (has extras) } to com.google.android.googlequicksearchbox/com.google.android.apps.gsa.googlequicksearchbox.GelStubAppWatcher
08-14 21:32:20.785  1047  1838 E ActivityThread: Failed to find provider info for com.google.android.apps.wellbeing.api
08-14 21:32:20.829   514   543 E system_server: No package ID 7f found for ID 0x7f08044a.
08-14 21:32:20.829   514   543 E system_server: No package ID 7f found for ID 0x7f1311d7.
08-14 21:32:20.829   514   543 E system_server: No package ID 7f found for ID 0x7f1311d7.
08-14 21:32:20.841   514   543 E system_server: No package ID 7f found for ID 0x7f080377.
08-14 21:32:20.841   514   543 E system_server: No package ID 7f found for ID 0x7f1311ca.
08-14 21:32:20.841   514   543 E system_server: No package ID 7f found for ID 0x7f1311ca.
08-14 21:32:20.841   514   543 E system_server: No package ID 7f found for ID 0x7f080399.
08-14 21:32:20.841   514   543 E system_server: No package ID 7f found for ID 0x7f1311d8.
08-14 21:32:20.841   514   543 E system_server: No package ID 7f found for ID 0x7f1311d8.
08-14 21:32:20.841   514   543 E system_server: No package ID 7f found for ID 0x7f080392.
08-14 21:32:20.841   514   543 E system_server: No package ID 7f found for ID 0x7f1311cc.
08-14 21:32:20.841   514   543 E system_server: No package ID 7f found for ID 0x7f1311cc.
08-14 21:32:20.841   514   543 E system_server: No package ID 7f found for ID 0x7f1311cb.
08-14 21:32:20.841   514   543 E ShortcutService: Ignoring excessive intent tag.
08-14 21:32:20.841   514   543 W ShortcutService: Invalid tag 'extra' found at depth 4
08-14 21:32:20.841   514   543 E system_server: No package ID 7f found for ID 0x7f080437.
08-14 21:32:20.841   514   543 E system_server: No package ID 7f found for ID 0x7f1311d4.
08-14 21:32:20.841   514   543 E system_server: No package ID 7f found for ID 0x7f1311d4.
08-14 21:32:20.841   514   543 E system_server: No package ID 7f found for ID 0x7f1311cb.
08-14 21:32:20.841   514   543 E ShortcutService: Ignoring excessive intent tag.
08-14 21:32:20.841   514   543 W ShortcutService: Invalid tag 'extra' found at depth 4
08-14 21:32:20.867  4448  1174 I Auth    : [SupervisedAccountIntentOperation] onHandleIntent(): android.intent.action.PACKAGE_ADDED
08-14 21:32:20.868  4448  1174 I PackageIntentOperation: Received broadcast action=android.intent.action.PACKAGE_ADDED [CONTEXT service_id=258 ]
08-14 21:32:20.868  4448  1174 I PackageIntentOperation: handling PACKAGE_ADDED action. [CONTEXT service_id=258 ]
08-14 21:32:20.874  1182  1187 W GCM     : Unexpected forwarded intent: Intent { act=android.intent.action.PACKAGE_ADDED dat=package:com.twitter.android flg=0x4000010 pkg=com.google.android.gms cmp=com.google.android.gms/.chimera.PersistentIntentOperationService (has extras) }
08-14 21:32:20.883   889   889 D CarrierSvcBindHelper: No carrier app for: 0
08-14 21:32:20.880  1182  1210 W GCM     : Unexpected forwarded intent: Intent { act=android.intent.action.PACKAGE_ADDED dat=package:com.twitter.android flg=0x4000010 pkg=com.google.android.gms cmp=com.google.android.gms/.chimera.PersistentIntentOperationService (has extras) }
08-14 21:32:20.896  4448  4448 D BoundBrokerSvc: onBind: Intent { act=com.google.android.gms.common.BIND_SHARED_PREFS pkg=com.google.android.gms }
08-14 21:32:20.896  4448  4448 D BoundBrokerSvc: Loading bound service for intent: Intent { act=com.google.android.gms.common.BIND_SHARED_PREFS pkg=com.google.android.gms }
08-14 21:32:20.924  4448 22967 E cupw    : *~*~*~ Channel {0} was not shutdown properly!!! ~*~*~*
08-14 21:32:20.924  4448 22967 E cupw    :     Make sure to call shutdown()/shutdownNow() and wait until awaitTermination() returns true.
08-14 21:32:20.924  4448 22967 E cupw    : java.lang.RuntimeException: ManagedChannel allocation site
08-14 21:32:20.924  4448 22967 E cupw    : 	at cupv.<init>(:com.google.android.gms@212116049@21.21.16 (150700-378233385):3)
08-14 21:32:20.924  4448 22967 E cupw    : 	at cupw.<init>(:com.google.android.gms@212116049@21.21.16 (150700-378233385):2)
08-14 21:32:20.924  4448 22967 E cupw    : 	at cuig.a(:com.google.android.gms@212116049@21.21.16 (150700-378233385):22)
08-14 21:32:20.924  4448 22967 E cupw    : 	at tok.c(:com.google.android.gms@212116049@21.21.16 (150700-378233385):23)
08-14 21:32:20.924  4448 22967 E cupw    : 	at tok.d(:com.google.android.gms@212116049@21.21.16 (150700-378233385):1)
08-14 21:32:20.924  4448 22967 E cupw    : 	at ayor.a(:com.google.android.gms@212116049@21.21.16 (150700-378233385):6)
08-14 21:32:20.924  4448 22967 E cupw    : 	at ayoe.c(:com.google.android.gms@212116049@21.21.16 (150700-378233385):1)
08-14 21:32:20.924  4448 22967 E cupw    : 	at ayoe.a(:com.google.android.gms@212116049@21.21.16 (150700-378233385):0)
08-14 21:32:20.924  4448 22967 E cupw    : 	at rhx.run(:com.google.android.gms@212116049@21.21.16 (150700-378233385):1)
08-14 21:32:20.924  4448 22967 E cupw    : 	at tum.c(:com.google.android.gms@212116049@21.21.16 (150700-378233385):6)
08-14 21:32:20.924  4448 22967 E cupw    : 	at tum.run(:com.google.android.gms@212116049@21.21.16 (150700-378233385):7)
08-14 21:32:20.924  4448 22967 E cupw    : 	at java.util.concurrent.ThreadPoolExecutor.runWorker(ThreadPoolExecutor.java:1167)
08-14 21:32:20.924  4448 22967 E cupw    : 	at java.util.concurrent.ThreadPoolExecutor$Worker.run(ThreadPoolExecutor.java:641)
08-14 21:32:20.924  4448 22967 E cupw    : 	at uai.run(:com.google.android.gms@212116049@21.21.16 (150700-378233385):0)
08-14 21:32:20.924  4448 22967 E cupw    : 	at java.lang.Thread.run(Thread.java:923)
08-14 21:32:20.925  4448 22967 I chatty  : uid=10105(com.google.android.gms) highpool[1177] identical 1 line
08-14 21:32:20.925  4448 22967 E cupw    : *~*~*~ Channel {0} was not shutdown properly!!! ~*~*~*
08-14 21:32:20.925  4448 22967 E cupw    :     Make sure to call shutdown()/shutdownNow() and wait until awaitTermination() returns true.
08-14 21:32:20.925  4448 22967 E cupw    : java.lang.RuntimeException: ManagedChannel allocation site
08-14 21:32:20.925  4448 22967 E cupw    : 	at cupv.<init>(:com.google.android.gms@212116049@21.21.16 (150700-378233385):3)
08-14 21:32:20.925  4448 22967 E cupw    : 	at cupw.<init>(:com.google.android.gms@212116049@21.21.16 (150700-378233385):2)
08-14 21:32:20.925  4448 22967 E cupw    : 	at cuig.a(:com.google.android.gms@212116049@21.21.16 (150700-378233385):22)
08-14 21:32:20.925  4448 22967 E cupw    : 	at tok.c(:com.google.android.gms@212116049@21.21.16 (150700-378233385):23)
08-14 21:32:20.925  4448 22967 E cupw    : 	at tok.d(:com.google.android.gms@212116049@21.21.16 (150700-378233385):1)
08-14 21:32:20.925  4448 22967 E cupw    : 	at ayor.a(:com.google.android.gms@212116049@21.21.16 (150700-378233385):6)
08-14 21:32:20.925  4448 22967 E cupw    : 	at ayoe.c(:com.google.android.gms@212116049@21.21.16 (150700-378233385):1)
08-14 21:32:20.925  4448 22967 E cupw    : 	at ayoe.a(:com.google.android.gms@212116049@21.21.16 (150700-378233385):0)
08-14 21:32:20.925  4448 22967 E cupw    : 	at rhx.run(:com.google.android.gms@212116049@21.21.16 (150700-378233385):1)
08-14 21:32:20.925  4448 22967 E cupw    : 	at tum.c(:com.google.android.gms@212116049@21.21.16 (150700-378233385):6)
08-14 21:32:20.925  4448 22967 E cupw    : 	at tum.run(:com.google.android.gms@212116049@21.21.16 (150700-378233385):7)
08-14 21:32:20.925  4448 22967 E cupw    : 	at java.util.concurrent.ThreadPoolExecutor.runWorker(ThreadPoolExecutor.java:1167)
08-14 21:32:20.925  4448 22967 E cupw    : 	at java.util.concurrent.ThreadPoolExecutor$Worker.run(ThreadPoolExecutor.java:641)
08-14 21:32:20.925  4448 22967 E cupw    : 	at uai.run(:com.google.android.gms@212116049@21.21.16 (150700-378233385):0)
08-14 21:32:20.925  4448 22967 E cupw    : 	at java.lang.Thread.run(Thread.java:923)
08-14 21:32:20.926   889   889 D CarrierConfigLoader: mHandler: 9 phoneId: 0
08-14 21:32:20.946  4448  4448 D BoundBrokerSvc: onUnbind: Intent { act=com.google.android.gms.common.BIND_SHARED_PREFS pkg=com.google.android.gms }
08-14 21:32:21.056   195   200 E android.system.suspend@1.0-service: Error opening kernel wakelock stats for: wakeup34: Permission denied
08-14 21:32:21.085   195   200 E android.system.suspend@1.0-service: Error opening kernel wakelock stats for: wakeup35: Permission denied
08-14 21:32:21.093  1182 27508 W ChimeraUtils: Module com.google.android.gms.nearby_en has empty metadata display_name_string_id
08-14 21:32:21.056   195   195 W Binder:195_2: type=1400 audit(0.0:8782): avc: denied { read } for name="wakeup34" dev="sysfs" ino=18252 scontext=u:r:system_suspend:s0 tcontext=u:object_r:sysfs:s0 tclass=dir permissive=0
08-14 21:32:21.084   195   195 W Binder:195_2: type=1400 audit(0.0:8783): avc: denied { read } for name="wakeup35" dev="sysfs" ino=18312 scontext=u:r:system_suspend:s0 tcontext=u:object_r:sysfs:s0 tclass=dir permissive=0
08-14 21:32:21.127  4448  1231 I Icing   : IndexChimeraService.getServiceInterface callingPackage=com.google.android.gms componentName=AppsCorpus serviceId=36
08-14 21:32:21.140  1182 27508 W ChimeraUtils: Module com.google.android.gms.nearby_en has empty metadata display_name_string_id
08-14 21:32:21.148  1182 27508 W ChimeraUtils: Module com.google.android.gms.nearby_en has empty metadata display_name_string_id
08-14 21:32:21.210   514   523 I system_server: Background concurrent copying GC freed 577540(21MB) AllocSpace objects, 44(1972KB) LOS objects, 49% free, 21MB/42MB, paused 1.293ms total 500.043ms
08-14 21:32:21.267 32685  1222 I A       : Writing data of size=341 bytes with N=1 keys to Geller corpus DEVICE_INSTALLED_APPS at ts=1628976741265000
08-14 21:32:21.277  1182  1194 I .gms.persisten: Background concurrent copying GC freed 349158(15MB) AllocSpace objects, 17(688KB) LOS objects, 49% free, 15MB/31MB, paused 5.008ms total 469.765ms
08-14 21:32:21.334 32685 32732 I DeviceAppInfoWork: refreshDeviceAppInfoForAccount done.
08-14 21:32:21.390 32685 32764 W DeviceAppInfoWork: missing version info.
08-14 21:32:21.401   514   514 W Looper  : Slow dispatch took 675ms main h=android.app.ActivityThread$H c=android.app.-$$Lambda$LoadedApk$ReceiverDispatcher$Args$_BumDX2UKsnxLVrE6UJsJZkotuA@6b496f4 m=0
08-14 21:32:21.401   514   514 W Looper  : Slow delivery took 668ms main h=android.app.ActivityThread$H c=android.app.-$$Lambda$LoadedApk$ReceiverDispatcher$Args$_BumDX2UKsnxLVrE6UJsJZkotuA@59ace1d m=0
08-14 21:32:21.410 32263 32300 I PermissionControllerServiceImpl: Updating user sensitive for uid 10171
08-14 21:32:21.415   514   606 I InputReader: Reconfiguring input devices, changes=KEYBOARD_LAYOUTS | 
08-14 21:32:21.454  4448 29872 I GmsCoreXrpcWrapper: Returning a channel provider with trafficStatsTag=12803 trafficStatsUid=-1
08-14 21:32:21.473  4448  1232 I Icing   : IndexChimeraService.getServiceInterface callingPackage=com.google.android.gms componentName=null serviceId=30
08-14 21:32:21.491  4448 29872 I Icing   : Usage reports ok 0, Failed Usage reports 0, indexed 0, rejected 0
08-14 21:32:21.496  4448 29872 I GmsCoreXrpcWrapper: Returning a channel provider with trafficStatsTag=12803 trafficStatsUid=-1
08-14 21:32:21.521  4448 29872 I Icing   : Usage reports ok 0, Failed Usage reports 0, indexed 0, rejected 0
08-14 21:32:21.522  4448 29872 I Icing   : Indexing com.google.android.gms-apps from com.google.android.gms
08-14 21:32:21.525  4448  1243 W Conscrypt: Could not set socket write timeout: java.net.SocketException: Socket closed
08-14 21:32:21.525  4448  1243 W Conscrypt: 	at com.google.android.gms.org.conscrypt.Platform.setSocketWriteTimeout(:com.google.android.gms@212116049@21.21.16 (150700-378233385):2)
08-14 21:32:21.525  4448  1243 W Conscrypt: 	at com.google.android.gms.org.conscrypt.ConscryptFileDescriptorSocket.setSoWriteTimeout(:com.google.android.gms@212116049@21.21.16 (150700-378233385):0)
08-14 21:32:21.537  4448 29872 I Icing   : Indexing done com.google.android.gms-apps
08-14 21:32:21.647  4448  1243 W Conscrypt: Could not set socket write timeout: java.net.SocketException: Socket closed
08-14 21:32:21.647  4448  1243 W Conscrypt: 	at com.google.android.gms.org.conscrypt.Platform.setSocketWriteTimeout(:com.google.android.gms@212116049@21.21.16 (150700-378233385):2)
08-14 21:32:21.647  4448  1243 W Conscrypt: 	at com.google.android.gms.org.conscrypt.ConscryptFileDescriptorSocket.setSoWriteTimeout(:com.google.android.gms@212116049@21.21.16 (150700-378233385):0)
08-14 21:32:21.674   514   514 W Looper  : Slow dispatch took 265ms main h=android.app.ActivityThread$H c=android.app.-$$Lambda$LoadedApk$ReceiverDispatcher$Args$_BumDX2UKsnxLVrE6UJsJZkotuA@55f6e97 m=0
08-14 21:32:21.676   514   514 I Telecom : DefaultDialerCache: Refreshing default dialer for user 0: now com.google.android.dialer: DDC.oR@Ad8
08-14 21:32:21.740   889  1113 I m.android.phon: IncrementDisableThreadFlip blocked for 12.610ms
08-14 21:32:21.806   889   906 I m.android.phon: Background young concurrent copying GC freed 32829(2282KB) AllocSpace objects, 0(0B) LOS objects, 17% free, 5117KB/6189KB, paused 12.327ms total 81.976ms
08-14 21:32:21.812   514   514 W Looper  : Drained
08-14 21:32:21.869  4448 23069 I SingleHostAsyncVerifier: Verification result: checking for a statement with source # caoy@dc2fdbd0, relation delegate_permission/common.handle_all_urls, and target # caoy@713449b0 --> true. [CONTEXT service_id=244 ]
08-14 21:32:21.901  4448  1185 I SingleHostAsyncVerifier: Verification result: checking for a statement with source # caoy@ac1d4183, relation delegate_permission/common.handle_all_urls, and target # caoy@713449b0 --> true. [CONTEXT service_id=244 ]
08-14 21:32:21.921  4448  1183 I SingleHostAsyncVerifier: Verification result: checking for a statement with source # caoy@ba7bd044, relation delegate_permission/common.handle_all_urls, and target # caoy@713449b0 --> true. [CONTEXT service_id=244 ]
08-14 21:32:21.923  4448  1179 I SingleHostAsyncVerifier: Verification result: checking for a statement with source # caoy@5044307, relation delegate_permission/common.handle_all_urls, and target # caoy@713449b0 --> true. [CONTEXT service_id=244 ]
08-14 21:32:21.941  4448  1184 I SingleHostAsyncVerifier: Verification result: checking for a statement with source # caoy@546f1b54, relation delegate_permission/common.handle_all_urls, and target # caoy@713449b0 --> true. [CONTEXT service_id=244 ]
08-14 21:32:21.948  4448 23045 I SingleHostAsyncVerifier: Verification result: checking for a statement with source # caoy@f374f3ec, relation delegate_permission/common.handle_all_urls, and target # caoy@713449b0 --> true. [CONTEXT service_id=244 ]
08-14 21:32:21.964  4448 23041 I SingleHostAsyncVerifier: Verification result: checking for a statement with source # caoy@135641fa, relation delegate_permission/common.handle_all_urls, and target # caoy@713449b0 --> true. [CONTEXT service_id=244 ]
08-14 21:32:21.974  4448 22967 I SingleHostAsyncVerifier: Verification result: checking for a statement with source # caoy@c927a10f, relation delegate_permission/common.handle_all_urls, and target # caoy@713449b0 --> true. [CONTEXT service_id=244 ]
08-14 21:32:21.974  4448  1163 I IntentFilterIntentOp: Verification 9 complete. Success:true. Failed hosts:. [CONTEXT service_id=244 ]
08-14 21:32:22.004   514   562 I PackageManager: autoVerify ignored when installing for all users
08-14 21:32:25.793  1047  1838 E ActivityThread: Failed to find provider info for com.google.android.apps.wellbeing.api
08-14 21:32:49.106  1282  1282 D AndroidRuntime: >>>>>> START com.android.internal.os.RuntimeInit uid 2000 <<<<<<
08-14 21:32:49.109  1282  1282 E libc    : Access denied finding property "persist.device_config.runtime_native_boot.profilebootclasspath"
08-14 21:32:49.110  1282  1282 E libc    : Access denied finding property "persist.device_config.runtime_native_boot.enable_apex_image"
08-14 21:32:49.110  1282  1282 I AndroidRuntime: Using default boot image
08-14 21:32:49.110  1282  1282 E libc    : Access denied finding property "persist.device_config.runtime_native_boot.disable_lock_profiling"
08-14 21:32:49.110  1282  1282 I AndroidRuntime: Leaving lock profiling enabled
08-14 21:32:49.110  1282  1282 E libc    : Access denied finding property "persist.device_config.runtime_native_boot.enable_generational_cc"
08-14 21:32:49.113  1282  1282 W app_process: Could not reserve sentinel fault page
08-14 21:32:49.104  1282  1282 W app_process: type=1400 audit(0.0:8784): avc: denied { read } for name="u:object_r:device_config_runtime_native_boot_prop:s0" dev="tmpfs" ino=8294 scontext=u:r:shell:s0 tcontext=u:object_r:device_config_runtime_native_boot_prop:s0 tclass=file permissive=0
08-14 21:32:49.208  1282  1282 D app_process: Time zone APEX ICU file found: /apex/com.android.tzdata/etc/icu/icu_tzdata.dat
08-14 21:32:49.208  1282  1282 D app_process: I18n APEX ICU file found: /apex/com.android.i18n/etc/icu/icudt66l.dat
08-14 21:32:49.215  1282  1282 W app_process: Unexpected CPU variant for X86 using defaults: x86
08-14 21:32:49.217  1282  1282 I app_process: The ClassLoaderContext is a special shared library.
08-14 21:32:49.235  1282  1282 W app_process: JNI RegisterNativeMethods: attempt to register 0 native methods for android.media.AudioAttributes
08-14 21:32:49.241  1282  1282 D AndroidRuntime: Calling main entry com.android.commands.input.Input
08-14 21:32:40.810  1047  1838 E ActivityThread: Failed to find provider info for com.google.android.apps.wellbeing.api
08-14 21:32:49.250   514   536 E RemoteAugmentedAutofillService: Bad service name for flags 1048704: com.google.android.as/com.google.android.apps.miphone.aiai.app.AiAiAugmentedAutofillService
08-14 21:32:49.252  1282  1282 D AndroidRuntime: Shutting down VM
08-14 21:32:50.525   338   338 E netmgr  : qemu_pipe_open_ns:62: Could not connect to the 'pipe:qemud:network' service: Invalid argument
08-14 21:32:50.525   338   338 E netmgr  : Failed to open QEMU pipe 'qemud:network': Invalid argument
08-14 21:32:53.360   514  3136 I ActivityTaskManager: START u0 {act=android.intent.action.MAIN cat=[android.intent.category.LAUNCHER] flg=0x10000000 cmp=com.twitter.android/.StartActivity} from uid 2000
08-14 21:32:53.361   514   538 D EventSequenceValidator: IntentStarted during UNKNOWN. Intent { act=android.intent.action.MAIN cat=[android.intent.category.LAUNCHER] flg=0x10000000 cmp=com.twitter.android/.StartActivity }
08-14 21:32:53.361   514   538 D EventSequenceValidator: java.lang.Throwable: EventSequenceValidator#getStackTrace
08-14 21:32:53.361   514   538 D EventSequenceValidator: 	at com.google.android.startop.iorap.EventSequenceValidator.logWarningWithStackTrace(EventSequenceValidator.java:260)
08-14 21:32:53.361   514   538 D EventSequenceValidator: 	at com.google.android.startop.iorap.EventSequenceValidator.onIntentStarted(EventSequenceValidator.java:106)
08-14 21:32:53.361   514   538 D EventSequenceValidator: 	at com.android.server.wm.LaunchObserverRegistryImpl.handleOnIntentStarted(LaunchObserverRegistryImpl.java:139)
08-14 21:32:53.361   514   538 D EventSequenceValidator: 	at com.android.server.wm.LaunchObserverRegistryImpl.lambda$veRn_GhgLZLlOHOJ0ZYT6KcfYqo(Unknown Source:0)
08-14 21:32:53.361   514   538 D EventSequenceValidator: 	at com.android.server.wm.-$$Lambda$LaunchObserverRegistryImpl$veRn_GhgLZLlOHOJ0ZYT6KcfYqo.accept(Unknown Source:10)
08-14 21:32:53.361   514   538 D EventSequenceValidator: 	at com.android.internal.util.function.pooled.PooledLambdaImpl.doInvoke(PooledLambdaImpl.java:292)
08-14 21:32:53.361   514   538 D EventSequenceValidator: 	at com.android.internal.util.function.pooled.PooledLambdaImpl.invoke(PooledLambdaImpl.java:201)
08-14 21:32:53.361   514   538 D EventSequenceValidator: 	at com.android.internal.util.function.pooled.OmniFunction.run(OmniFunction.java:97)
08-14 21:32:53.361   514   538 D EventSequenceValidator: 	at android.os.Handler.handleCallback(Handler.java:938)
08-14 21:32:53.361   514   538 D EventSequenceValidator: 	at android.os.Handler.dispatchMessage(Handler.java:99)
08-14 21:32:53.361   514   538 D EventSequenceValidator: 	at android.os.Looper.loop(Looper.java:223)
08-14 21:32:53.361   514   538 D EventSequenceValidator: 	at android.os.HandlerThread.run(HandlerThread.java:67)
08-14 21:32:53.361   514   538 D EventSequenceValidator: 	at com.android.server.ServiceThread.run(ServiceThread.java:44)
08-14 21:32:53.361   514   538 D EventSequenceValidator: inc AccIntentStartedEvents to 266
08-14 21:32:53.369  1350  1361 I cmd     : oneway function results will be dropped but finished with status OK and parcel size 4
08-14 21:32:53.378   514   538 D CompatibilityChangeReporter: Compat change id reported: 135634846; UID 10171; state: DISABLED
08-14 21:32:53.378   514   545 D CompatibilityChangeReporter: Compat change id reported: 143937733; UID 10171; state: ENABLED
08-14 21:32:53.380   514   538 D EventSequenceValidator: onActivityLaunched during UNKNOWN.
08-14 21:32:53.380   514   538 D EventSequenceValidator: java.lang.Throwable: EventSequenceValidator#getStackTrace
08-14 21:32:53.380   514   538 D EventSequenceValidator: 	at com.google.android.startop.iorap.EventSequenceValidator.logWarningWithStackTrace(EventSequenceValidator.java:260)
08-14 21:32:53.380   514   538 D EventSequenceValidator: 	at com.google.android.startop.iorap.EventSequenceValidator.onActivityLaunched(EventSequenceValidator.java:149)
08-14 21:32:53.380   514   538 D EventSequenceValidator: 	at com.android.server.wm.LaunchObserverRegistryImpl.handleOnActivityLaunched(LaunchObserverRegistryImpl.java:157)
08-14 21:32:53.380   514   538 D EventSequenceValidator: 	at com.android.server.wm.LaunchObserverRegistryImpl.lambda$UGY1OclnLIQLMEL9B55qjERFf4o(Unknown Source:0)
08-14 21:32:53.380   514   538 D EventSequenceValidator: 	at com.android.server.wm.-$$Lambda$LaunchObserverRegistryImpl$UGY1OclnLIQLMEL9B55qjERFf4o.accept(Unknown Source:10)
08-14 21:32:53.380   514   538 D EventSequenceValidator: 	at com.android.internal.util.function.pooled.PooledLambdaImpl.doInvoke(PooledLambdaImpl.java:292)
08-14 21:32:53.380   514   538 D EventSequenceValidator: 	at com.android.internal.util.function.pooled.PooledLambdaImpl.invoke(PooledLambdaImpl.java:201)
08-14 21:32:53.380   514   538 D EventSequenceValidator: 	at com.android.internal.util.function.pooled.OmniFunction.run(OmniFunction.java:97)
08-14 21:32:53.380   514   538 D EventSequenceValidator: 	at android.os.Handler.handleCallback(Handler.java:938)
08-14 21:32:53.380   514   538 D EventSequenceValidator: 	at android.os.Handler.dispatchMessage(Handler.java:99)
08-14 21:32:53.380   514   538 D EventSequenceValidator: 	at android.os.Looper.loop(Looper.java:223)
08-14 21:32:53.380   514   538 D EventSequenceValidator: 	at android.os.HandlerThread.run(HandlerThread.java:67)
08-14 21:32:53.380   514   538 D EventSequenceValidator: 	at com.android.server.ServiceThread.run(ServiceThread.java:44)
08-14 21:32:53.405   290   290 D Zygote  : Forked child process 1362
08-14 21:32:53.411   514   545 I ActivityManager: Start proc 1362:com.twitter.android/u0a171 for pre-top-activity {com.twitter.android/com.twitter.android.StartActivity}
08-14 21:32:53.427   312   312 D goldfish-address-space: allocate: Ask for block of size 0x7e9000
08-14 21:32:53.428   312   312 D goldfish-address-space: allocate: ioctl allocate returned offset 0x3fd85a000 size 0x7ea000
08-14 21:32:53.491  1362  1362 W twitter.androi: Unexpected CPU variant for X86 using defaults: x86
08-14 21:32:53.498  1362  1362 E twitter.androi: Not starting debugger since process cannot load the jdwp agent.
08-14 21:32:53.511   514  2979 W InputReader: Device virtio_input_multi_touch_9 is associated with display ADISPLAY_ID_NONE.
08-14 21:32:53.511   514  2979 W InputReader: Device virtio_input_multi_touch_10 is associated with display ADISPLAY_ID_NONE.
08-14 21:32:53.511   514  2979 W InputReader: Device virtio_input_multi_touch_7 is associated with display ADISPLAY_ID_NONE.
08-14 21:32:53.511   514  2979 W InputReader: Device virtio_input_multi_touch_4 is associated with display ADISPLAY_ID_NONE.
08-14 21:32:53.512   514  2979 W InputReader: Device virtio_input_multi_touch_11 is associated with display ADISPLAY_ID_NONE.
08-14 21:32:53.512   514  2979 W InputReader: Device virtio_input_multi_touch_5 is associated with display ADISPLAY_ID_NONE.
08-14 21:32:53.512   514  2979 W InputReader: Device virtio_input_multi_touch_2 is associated with display ADISPLAY_ID_NONE.
08-14 21:32:53.512   514  2979 W InputReader: Device virtio_input_multi_touch_6 is associated with display ADISPLAY_ID_NONE.
08-14 21:32:53.512   514  2979 W InputReader: Device virtio_input_multi_touch_3 is associated with display ADISPLAY_ID_NONE.
08-14 21:32:53.512   514  2979 W InputReader: Device virtio_input_multi_touch_8 is associated with display ADISPLAY_ID_NONE.
08-14 21:32:53.512   514  2979 W InputReader: Device virtio_input_multi_touch_9 is associated with display ADISPLAY_ID_NONE.
08-14 21:32:53.512   514  2979 W InputReader: Device virtio_input_multi_touch_10 is associated with display ADISPLAY_ID_NONE.
08-14 21:32:53.512   514  2979 W InputReader: Device virtio_input_multi_touch_7 is associated with display ADISPLAY_ID_NONE.
08-14 21:32:53.512   514  2979 W InputReader: Device virtio_input_multi_touch_4 is associated with display ADISPLAY_ID_NONE.
08-14 21:32:53.512   514  2979 W InputReader: Device virtio_input_multi_touch_11 is associated with display ADISPLAY_ID_NONE.
08-14 21:32:53.512   514  2979 W InputReader: Device virtio_input_multi_touch_5 is associated with display ADISPLAY_ID_NONE.
08-14 21:32:53.512   514  2979 W InputReader: Device virtio_input_multi_touch_2 is associated with display ADISPLAY_ID_NONE.
08-14 21:32:53.512   514  2979 W InputReader: Device virtio_input_multi_touch_6 is associated with display ADISPLAY_ID_NONE.
08-14 21:32:53.512   514  2979 W InputReader: Device virtio_input_multi_touch_3 is associated with display ADISPLAY_ID_NONE.
08-14 21:32:53.512   514  2979 W InputReader: Device virtio_input_multi_touch_8 is associated with display ADISPLAY_ID_NONE.
08-14 21:32:53.538  1362  1362 I twitter.androi: The ClassLoaderContext is a special shared library.
08-14 21:32:53.557  1362  1362 D NetworkSecurityConfig: No Network Security Config specified, using platform default
08-14 21:32:53.557  1362  1362 D NetworkSecurityConfig: No Network Security Config specified, using platform default
08-14 21:32:53.604  1362  1362 I FirebaseApp: Device unlocked: initializing all Firebase APIs for app [DEFAULT]
08-14 21:32:53.616  1362  1362 I FirebaseCrashlytics: Initializing Firebase Crashlytics 18.0.1 for com.twitter.android
08-14 21:32:53.633  1362  1424 I TetheringManager: registerTetheringEventCallback:com.twitter.android
08-14 21:32:53.671  1362  1425 I DynamiteModule: Considering local module com.google.android.gms.measurement.dynamite:51 and remote module com.google.android.gms.measurement.dynamite:51
08-14 21:32:53.671  1362  1425 I DynamiteModule: Selected remote version of com.google.android.gms.measurement.dynamite, version >= 51
08-14 21:32:53.671  1362  1425 V DynamiteModule: Dynamite loader version >= 2, using loadModule2NoCrashUtils
08-14 21:32:53.680  1362  1362 I FirebaseInitProvider: FirebaseApp initialization successful
08-14 21:32:53.683  1362  1426 D libcrashlytics: Initializing libcrashlytics version 3.0.0
08-14 21:32:53.694  1362  1426 D libcrashlytics: Initializing native crash handling successful.
08-14 21:32:53.774  1362  1362 W ContextImpl: Failed to ensure /storage/emulated/0/Android/data/com.twitter.android/files: android.os.ServiceSpecificException:  (code -1)
08-14 21:32:53.810   514  2979 D CompatibilityChangeReporter: Compat change id reported: 149924527; UID 10171; state: ENABLED
08-14 21:32:53.812   514  2979 D CompatibilityChangeReporter: Compat change id reported: 132649864; UID 10171; state: DISABLED
08-14 21:32:53.974   514  2979 W cutils-trace: Truncated name in atrace_begin_body: monitor contention with owner Binder:514_16 (126) at int com.android.server.wm.WindowManagerService.relayoutWindow(com.android.server.wm.Session, android.view.IWindow, int, android.view.WindowManager$LayoutParams, int, int, int, int, long, android.graphics.Rect, android.graphics.Rect, android.graphics.Rect, android.graphics.Rect, android.graphics.Rect, android.view.DisplayCutout$ParcelableWrapper, android.util.MergedConfiguration, android.view.SurfaceControl, android.view.InsetsState, android.view.InsetsSourceControl[], android.graphics.Point, android.view.SurfaceControl)(WindowManagerService.java:2121) waiters=0 blocking from int com.android.server.wm.WindowManagerService.relayoutWindow(com.android.server.wm.Session, android.view.IWindow, int, android.view.WindowManager$LayoutParams, int, int, int, int, long, android.graphics.Rect, android.graphics.Rect, android.graphics.Rect, android.graphics.Rect, android.graphics.Rect, android.view.DisplayCutout$ParcelableWrapper, and
08-14 21:32:54.282  1362  1454 I FA      : App measurement disabled via the manifest
08-14 21:32:54.286  1362  1454 I FA      : App measurement initialized, version: 42020
08-14 21:32:54.286  1362  1454 I FA      : To enable debug logging run: adb shell setprop log.tag.FA VERBOSE
08-14 21:32:54.286  1362  1454 I FA      : To enable faster debug mode event logging run:
08-14 21:32:54.286  1362  1454 I FA      :   adb shell setprop debug.firebase.analytics.app com.twitter.android
08-14 21:32:54.303   514   986 D CompatibilityChangeReporter: Compat change id reported: 136274596; UID 10171; state: ENABLED
08-14 21:32:54.313  4448  4448 D BoundBrokerSvc: onBind: Intent { act=com.google.android.gms.measurement.START pkg=com.google.android.gms }
08-14 21:32:54.313  4448  4448 D BoundBrokerSvc: Loading bound service for intent: Intent { act=com.google.android.gms.measurement.START pkg=com.google.android.gms }
08-14 21:32:54.384   347   347 E wifi_forwarder: qemu_pipe_open_ns:62: Could not connect to the 'pipe:qemud:wififorward' service: Invalid argument
08-14 21:32:54.384   347   347 E wifi_forwarder: RemoteConnection failed to initialize: RemoteConnection failed to open pipe
08-14 21:32:54.392  1362  1469 W twitter.androi: Accessing hidden method Landroid/telephony/SignalStrength;->getLteRssnr()I (greylist-max-p, reflection, denied)
08-14 21:32:54.398  1362  1464 W ContextImpl: Failed to ensure /storage/emulated/0/Android/data/com.twitter.android/cache: android.os.ServiceSpecificException:  (code -1)
08-14 21:32:54.419  1362  1464 W ContextImpl: Failed to ensure /storage/emulated/0/Android/data/com.twitter.android/cache: android.os.ServiceSpecificException:  (code -1)
08-14 21:32:54.428  1362  1464 D SoLoader: init start
08-14 21:32:54.428  1362  1464 D SoLoader: adding system library source: /vendor/lib
08-14 21:32:54.428  1362  1464 D SoLoader: adding system library source: /system/lib
08-14 21:32:54.429  1362  1464 D SoLoader: adding application source: com.facebook.soloader.c[root = /data/app/~~jA7o4tezr8W08d7iyLwKFw==/com.twitter.android-p6O7CZ9JkWRnjpm3ZEic2w==/lib/x86 flags = 0]
08-14 21:32:54.429  1362  1464 D SoLoader: adding backup source from : com.facebook.soloader.a[root = /data/data/com.twitter.android/lib-main flags = 1]
08-14 21:32:54.429  1362  1464 D SoLoader: Preparing SO source: com.facebook.soloader.c[root = /system/lib flags = 2]
08-14 21:32:54.429  1362  1464 D SoLoader: Preparing SO source: com.facebook.soloader.c[root = /vendor/lib flags = 2]
08-14 21:32:54.430  1362  1464 D SoLoader: Preparing SO source: com.facebook.soloader.c[root = /data/app/~~jA7o4tezr8W08d7iyLwKFw==/com.twitter.android-p6O7CZ9JkWRnjpm3ZEic2w==/lib/x86 flags = 0]
08-14 21:32:54.430  1362  1464 D SoLoader: Preparing SO source: com.facebook.soloader.a[root = /data/data/com.twitter.android/lib-main flags = 1]
08-14 21:32:54.430  1362  1464 V fb-UnpackingSoSource: locked dso store /data/user/0/com.twitter.android/lib-main
08-14 21:32:54.437  1362  1464 V fb-UnpackingSoSource: deps mismatch on deps store: regenerating
08-14 21:32:54.437  1362  1464 V fb-UnpackingSoSource: so store dirty: regenerating
08-14 21:32:54.487  1362  1472 W ContextImpl: Failed to ensure /storage/emulated/0/Android/data/com.twitter.android/cache: android.os.ServiceSpecificException:  (code -1)
08-14 21:32:54.539  1362  1472 W ContextImpl: Failed to ensure /storage/emulated/0/Android/data/com.twitter.android/cache: android.os.ServiceSpecificException:  (code -1)
08-14 21:32:54.573  1362  1479 D libEGL  : loaded /vendor/lib/egl/libEGL_emulation.so
08-14 21:32:54.593  1362  1362 I TwitterTwilightManager: Could not get last known location. This is probably because the app does not have any location permissions. Falling back to hardcoded sunrise/sunset values.
08-14 21:32:54.593  1362  1479 D libEGL  : loaded /vendor/lib/egl/libGLESv1_CM_emulation.so
08-14 21:32:54.610  1362  1479 D libEGL  : loaded /vendor/lib/egl/libGLESv2_emulation.so
08-14 21:32:54.641  1362  1362 E twitter.androi: Invalid ID 0x00000000.
08-14 21:32:54.701  1362  1362 I TwitterTwilightManager: Could not get last known location. This is probably because the app does not have any location permissions. Falling back to hardcoded sunrise/sunset values.
08-14 21:32:54.738   514  3136 D ConnectivityService: requestNetwork for uid/pid:10171/1362 NetworkRequest [ TRACK_DEFAULT id=515, [ Capabilities: INTERNET&NOT_RESTRICTED&TRUSTED Uid: 10171 AdministratorUids: [] RequestorUid: 10171 RequestorPackageName: com.twitter.android] ]
08-14 21:32:54.739   514   630 D ConnectivityService: NetReassign [515 : null  101]
08-14 21:32:54.742   514   626 D WifiNetworkFactory: got request NetworkRequest [ TRACK_DEFAULT id=515, [ Capabilities: INTERNET&NOT_RESTRICTED&TRUSTED Uid: 10171 AdministratorUids: [] RequestorUid: 10171 RequestorPackageName: com.twitter.android] ] with score 60 and providerId 3
08-14 21:32:54.742   514   626 D UntrustedWifiNetworkFactory: got request NetworkRequest [ TRACK_DEFAULT id=515, [ Capabilities: INTERNET&NOT_RESTRICTED&TRUSTED Uid: 10171 AdministratorUids: [] RequestorUid: 10171 RequestorPackageName: com.twitter.android] ] with score 60 and providerId 3
08-14 21:32:54.743   889   889 D PhoneSwitcherNetworkRequstListener: got request NetworkRequest [ TRACK_DEFAULT id=515, [ Capabilities: INTERNET&NOT_RESTRICTED&TRUSTED Uid: 10171 AdministratorUids: [] RequestorUid: 10171 RequestorPackageName: com.twitter.android] ] with score 60 and providerId 3
08-14 21:32:54.762   698   698 V KeyguardUpdateMonitor: onSubscriptionInfoChanged()
08-14 21:32:54.766   889   889 D Telephony: isEmergencyPreferredAccount: subId=1, activeData=1
08-14 21:32:54.767   889   889 D Telephony: isEmergencyPreferredAccount: Device does not require preference.
08-14 21:32:54.767   698   698 V KeyguardUpdateMonitor: SubInfo:{id=1 iccId=890141032[****] simSlotIndex=0 carrierId=1 displayName=T-Mobile carrierName=T-Mobile nameSource=3 iconTint=-16746133 number=[****] dataRoaming=0 iconBitmap=android.graphics.Bitmap@81dcbe4 mcc=310 mnc=260 countryIso=us isEmbedded=false nativeAccessRules=null cardString=890141032[****] cardId=-1 isOpportunistic=false groupUUID=null isGroupDisabled=false profileClass=-1 ehplmns=null hplmns=null subscriptionType=0 groupOwner=null carrierConfigAccessRules=null areUiccApplicationsEnabled=true}
08-14 21:32:54.873  1362  1487 W DynamiteModule: Local module descriptor class for providerinstaller not found.
08-14 21:32:54.876   514  3136 I ActivityTaskManager: START u0 {flg=0x4000000 cmp=com.twitter.android/com.twitter.onboarding.ocf.common.OcfModalPlaceholderActivity (has extras)} from uid 10171
08-14 21:32:54.883  1182  2250 W ProviderHelper: Unknown dynamite feature providerinstaller
08-14 21:32:54.894   514   986 W ActivityTaskManager: Duplicate finish request for r=ActivityRecord{904c791 u0 com.twitter.android/.StartActivity t163 f}}
08-14 21:32:54.897  1362  1487 I DynamiteModule: Considering local module providerinstaller:0 and remote module providerinstaller:0
08-14 21:32:54.897  1362  1487 W ProviderInstaller: Failed to load providerinstaller module: No acceptable module found. Local version is 0 and remote version is 0.
08-14 21:32:54.906   312   312 D goldfish-address-space: allocate: Ask for block of size 0x7e9000
08-14 21:32:54.906   312   312 D goldfish-address-space: allocate: ioctl allocate returned offset 0x3fd070000 size 0x7ea000
08-14 21:32:54.908  1362  1362 I Choreographer: Skipped 70 frames!  The application may be doing too much work on its main thread.
08-14 21:32:54.963  1362  1362 D CompatibilityChangeReporter: Compat change id reported: 147600208; UID 10171; state: ENABLED
08-14 21:32:54.976  1362  1396 W Parcel  : **** enforceInterface() expected 'android.content.ISyncAdapter' but read 'android.app.job.IJobService'
08-14 21:32:54.977  1362  1396 W Binder  : Caught a RuntimeException from the binder stub implementation.
08-14 21:32:54.977  1362  1396 W Binder  : java.lang.SecurityException: Binder invocation to an incorrect interface
08-14 21:32:54.977  1362  1396 W Binder  : 	at android.os.Parcel.nativeEnforceInterface(Native Method)
08-14 21:32:54.977  1362  1396 W Binder  : 	at android.os.Parcel.enforceInterface(Parcel.java:650)
08-14 21:32:54.977  1362  1396 W Binder  : 	at android.content.ISyncAdapter$Stub.onTransact(ISyncAdapter.java:117)
08-14 21:32:54.977  1362  1396 W Binder  : 	at android.os.Binder.execTransactInternal(Binder.java:1159)
08-14 21:32:54.977  1362  1396 W Binder  : 	at android.os.Binder.execTransact(Binder.java:1123)
08-14 21:32:54.979  1362  1487 I twitter.androi: The ClassLoaderContext is a special shared library.
08-14 21:32:54.984   514  3136 W ActivityTaskManager: Tried to set launchTime (0) < mLastActivityLaunchTime (44741753)
08-14 21:32:54.985   514  3136 W InputReader: Device virtio_input_multi_touch_9 is associated with display ADISPLAY_ID_NONE.
08-14 21:32:54.985   514  3136 W InputReader: Device virtio_input_multi_touch_10 is associated with display ADISPLAY_ID_NONE.
08-14 21:32:54.985   514  3136 W InputReader: Device virtio_input_multi_touch_7 is associated with display ADISPLAY_ID_NONE.
08-14 21:32:54.985   514  3136 W InputReader: Device virtio_input_multi_touch_4 is associated with display ADISPLAY_ID_NONE.
08-14 21:32:54.985   514  3136 W InputReader: Device virtio_input_multi_touch_11 is associated with display ADISPLAY_ID_NONE.
08-14 21:32:54.985   514  3136 W InputReader: Device virtio_input_multi_touch_5 is associated with display ADISPLAY_ID_NONE.
08-14 21:32:54.985   514  3136 W InputReader: Device virtio_input_multi_touch_2 is associated with display ADISPLAY_ID_NONE.
08-14 21:32:54.985   514  3136 W InputReader: Device virtio_input_multi_touch_6 is associated with display ADISPLAY_ID_NONE.
08-14 21:32:54.985   514  3136 W InputReader: Device virtio_input_multi_touch_3 is associated with display ADISPLAY_ID_NONE.
08-14 21:32:54.985   514  3136 W InputReader: Device virtio_input_multi_touch_8 is associated with display ADISPLAY_ID_NONE.
