08-14 21:32:59.050  1578  1592 I android.vendin: Background young concurrent copying GC freed 114517(6446KB) AllocSpace objects, 20(508KB) LOS objects, 85% free, 4164KB/28MB, paused 4.999ms total 172.974ms
08-14 21:32:59.051  1578  1644 W android.vendin: Accessing hidden method Lcom/android/org/conscrypt/OpenSSLSocketImpl;->setAlpnProtocols([B)V (greylist-max-q,core-platform-api, reflection, denied)
08-14 21:32:59.051  1578  1644 W android.vendin: Accessing hidden method Lcom/android/org/conscrypt/AbstractConscryptSocket;->setAlpnProtocols([B)V (greylist-max-q, reflection, denied)
08-14 21:32:59.068   290   290 D Zygote  : Forked child process 1689
08-14 21:32:59.073   514   545 I ActivityManager: Start proc 1689:com.android.vending:download_service/u0a102 for service {com.android.vending/com.google.android.finsky.ipcservers.downloadservice.DownloadServiceGrpcServerAndroidService}
08-14 21:32:59.083  1689  1689 W ownload_servic: Unexpected CPU variant for X86 using defaults: x86
08-14 21:32:59.091  1689  1689 E ownload_servic: Not starting debugger since process cannot load the jdwp agent.
08-14 21:32:59.109  1578  1578 I Finsky  : [2] xhi.b(5): SCH: Jobs in database: 1-1337 3-228 3-229 3-230 20-23232323 26-1414141414 29-29 34-23 34-28 34-29 34-30 34-33 34-34 
08-14 21:32:59.116  1578  1578 I Finsky  : [2] xfy.l(35): SCH: ConstraintMapping: 1-1337, 34-34,  -> L: 9042273ms, D: 52242273ms, C: 1, I: 1, N: 1
08-14 21:32:59.116  1578  1578 I Finsky  : [2] xfy.l(35): SCH: ConstraintMapping: 3-229, 20-23232323,  -> L: 0ms, D: 62513803ms, C: 2, I: 1, N: 2
08-14 21:32:59.116  1578  1578 I Finsky  : [2] xfy.l(35): SCH: ConstraintMapping: 3-230, 34-23, 34-28, 34-29, 34-30, 34-33,  -> L: 0ms, D: 76241578ms, C: 1, I: 2, N: 2
08-14 21:32:59.116  1578  1578 I Finsky  : [2] xfy.l(35): SCH: ConstraintMapping: 3-228, 34-23, 34-28, 34-29, 34-30, 34-33,  -> L: 0ms, D: 76241577ms, C: 2, I: 2, N: 2
08-14 21:32:59.117  1578  1578 I Finsky  : [2] xfy.l(35): SCH: ConstraintMapping: 26-1414141414, 29-29,  -> L: 29017ms, D: 59017ms, C: 1, I: 1, N: 0
08-14 21:32:59.149  1689  1689 I ownload_servic: The ClassLoaderContext is a special shared library.
08-14 21:32:59.151  1578  1578 I Finsky  : [2] xfy.j(7): SCH: Cancelling existing jobscheduler jobs: 9003 9001 9005 9002 9004 
08-14 21:32:59.151  1578  1578 I Finsky  : [2] xfy.h(16): SCH: Scheduling job Id: 9000, L: 9042273, D: 52242273, C: false, I: false, N: 1
08-14 21:32:59.153  1689  1689 I ownload_servic: The ClassLoaderContext is a special shared library.
08-14 21:32:59.154  1578  1578 I Finsky  : [2] xfy.h(16): SCH: Scheduling job Id: 9006, L: 0, D: 62513803, C: true, I: false, N: 2
08-14 21:32:59.154  1689  1689 D nativeloader: classloader namespace configured for unbundled vendor apk. library_path=/data/app/~~8ZGbWC0Y7wg2IdDUoZgYQQ==/com.android.vending-o7g8Vjs3NIn41KK7uX4iVQ==/lib/x86:/data/app/~~8ZGbWC0Y7wg2IdDUoZgYQQ==/com.android.vending-o7g8Vjs3NIn41KK7uX4iVQ==/base.apk!/lib/x86:/data/app/~~8ZGbWC0Y7wg2IdDUoZgYQQ==/com.android.vending-o7g8Vjs3NIn41KK7uX4iVQ==/split_config.en.apk!/lib/x86:/data/app/~~8ZGbWC0Y7wg2IdDUoZgYQQ==/com.android.vending-o7g8Vjs3NIn41KK7uX4iVQ==/split_config.x86.apk!/lib/x86:/data/app/~~8ZGbWC0Y7wg2IdDUoZgYQQ==/com.android.vending-o7g8Vjs3NIn41KK7uX4iVQ==/split_phonesky_data_loader.apk!/lib/x86:/data/app/~~8ZGbWC0Y7wg2IdDUoZgYQQ==/com.android.vending-o7g8Vjs3NIn41KK7uX4iVQ==/split_phonesky_data_loader.config.x86.apk!/lib/x86:/vendor/lib
08-14 21:32:59.156  1578  1578 I Finsky  : [2] xfy.h(16): SCH: Scheduling job Id: 9007, L: 0, D: 76241578, C: false, I: true, N: 2
08-14 21:32:59.158  1578  1578 I Finsky  : [2] xfy.h(16): SCH: Scheduling job Id: 9008, L: 0, D: 76241577, C: true, I: true, N: 2
08-14 21:32:59.161  1578  1578 I Finsky  : [2] xfy.h(16): SCH: Scheduling job Id: 9009, L: 29017, D: 59017, C: false, I: false, N: 0
08-14 21:32:59.183  1689  1689 W ownload_servic: JIT profile information will not be recorded: profile file does not exist.
08-14 21:32:59.184  1689  1689 I chatty  : uid=10102 com.android.vending:download_service identical 2 lines
08-14 21:32:59.184  1689  1689 W ownload_servic: JIT profile information will not be recorded: profile file does not exist.
08-14 21:32:59.184  1578  1644 W android.vendin: Accessing hidden method Lcom/android/org/conscrypt/OpenSSLSocketImpl;->getAlpnSelectedProtocol()[B (greylist-max-q,core-platform-api, reflection, denied)
08-14 21:32:59.184  1578  1644 W android.vendin: Accessing hidden method Lcom/android/org/conscrypt/AbstractConscryptSocket;->getAlpnSelectedProtocol()[B (greylist-max-q, reflection, denied)
08-14 21:32:59.194  1689  1689 D NetworkSecurityConfig: No Network Security Config specified, using platform default
08-14 21:32:59.195  1689  1689 D NetworkSecurityConfig: No Network Security Config specified, using platform default
08-14 21:32:59.200  1689  1689 I Finsky:download_service: [2] fzk.ay(6): Process created at version: 26.5.19-21 [0] [PR] 388558437
08-14 21:32:59.233  1689  1689 I Finsky:download_service: [2] upw.a(18): Finished reading experiment flags from file [0tGUNCGIkbk4o6-fQ335kUYSKwVj4lusnHT-A5Dsy08].
08-14 21:32:59.236  1689  1689 I Finsky:download_service: [2] upw.a(18): Finished reading experiment flags from file [X_r-t20Ymt8zU3iXf5s30LvauXRbreBn8dgR2rhF90Y].
08-14 21:32:59.239  1689  1689 I Finsky:download_service: [2] pox.onCreate(2): IPC-SERVER: Starting gRPC host service...
08-14 21:32:59.257  1689  1689 I TetheringManager: registerTetheringEventCallback:com.android.vending
08-14 21:32:59.292   514  2978 D ConnectivityService: requestNetwork for uid/pid:10102/1689 NetworkRequest [ TRACK_DEFAULT id=516, [ Capabilities: INTERNET&NOT_RESTRICTED&TRUSTED Uid: 10102 AdministratorUids: [] RequestorUid: 10102 RequestorPackageName: com.android.vending] ]
08-14 21:32:59.294   514   630 D ConnectivityService: NetReassign [516 : null  101]
08-14 21:32:59.295   889   889 D PhoneSwitcherNetworkRequstListener: got request NetworkRequest [ TRACK_DEFAULT id=516, [ Capabilities: INTERNET&NOT_RESTRICTED&TRUSTED Uid: 10102 AdministratorUids: [] RequestorUid: 10102 RequestorPackageName: com.android.vending] ] with score 60 and providerId 3
08-14 21:32:59.296   514   626 D WifiNetworkFactory: got request NetworkRequest [ TRACK_DEFAULT id=516, [ Capabilities: INTERNET&NOT_RESTRICTED&TRUSTED Uid: 10102 AdministratorUids: [] RequestorUid: 10102 RequestorPackageName: com.android.vending] ] with score 60 and providerId 3
08-14 21:32:59.297   514   626 D UntrustedWifiNetworkFactory: got request NetworkRequest [ TRACK_DEFAULT id=516, [ Capabilities: INTERNET&NOT_RESTRICTED&TRUSTED Uid: 10102 AdministratorUids: [] RequestorUid: 10102 RequestorPackageName: com.android.vending] ] with score 60 and providerId 3
08-14 21:32:59.307   698   698 V KeyguardUpdateMonitor: onSubscriptionInfoChanged()
08-14 21:32:59.308   889   889 D Telephony: isEmergencyPreferredAccount: subId=1, activeData=1
08-14 21:32:59.308   889   889 D Telephony: isEmergencyPreferredAccount: Device does not require preference.
08-14 21:32:59.311   698   698 V KeyguardUpdateMonitor: SubInfo:{id=1 iccId=890141032[****] simSlotIndex=0 carrierId=1 displayName=T-Mobile carrierName=T-Mobile nameSource=3 iconTint=-16746133 number=[****] dataRoaming=0 iconBitmap=android.graphics.Bitmap@d64b37c mcc=310 mnc=260 countryIso=us isEmbedded=false nativeAccessRules=null cardString=890141032[****] cardId=-1 isOpportunistic=false groupUUID=null isGroupDisabled=false profileClass=-1 ehplmns=null hplmns=null subscriptionType=0 groupOwner=null carrierConfigAccessRules=null areUiccApplicationsEnabled=true}
08-14 21:32:59.314  1689  1721 I Finsky:download_service: [1880] ktt.f(1): getDownloads()
08-14 21:32:59.318  1578  1616 I Finsky  : [1870] kyb.g(1): getDownloads()
08-14 21:32:59.318  1689  1721 I Finsky:download_service: [1880] ktt.f(1): getDownloads()
08-14 21:32:59.322  1578  1676 I Finsky  : [1910] nvb.run(6): Installer: Installer starting
08-14 21:32:59.322  1578  1676 I Finsky  : [1910] nvb.run(8): Installer: Installer started
08-14 21:32:59.336  1578  1578 I Finsky  : [2] nwn.M(7): Installer: found apps to install. isMultiUserMode=false, apps=[]
08-14 21:32:59.357  1578  1722 I Finsky  : [1924] ocu.a(6): IV2: found active installs: []
08-14 21:32:59.403  1578  1578 I Finsky  : [2] xgs.a(13): SCH: Canceling job 3-228
08-14 21:32:59.405  1578  1578 I Finsky  : [2] xhi.b(5): SCH: Jobs in database: 1-1337 3-229 3-230 20-23232323 26-1414141414 29-29 34-23 34-28 34-29 34-30 34-33 34-34 
08-14 21:32:59.407  1578  1578 I Finsky  : [2] xfy.l(35): SCH: ConstraintMapping: 1-1337, 34-34,  -> L: 9041978ms, D: 52241978ms, C: 1, I: 1, N: 1
08-14 21:32:59.407  1578  1578 I Finsky  : [2] xfy.l(35): SCH: ConstraintMapping: 3-229, 20-23232323,  -> L: 0ms, D: 62513512ms, C: 2, I: 1, N: 2
08-14 21:32:59.407  1578  1578 I Finsky  : [2] xfy.l(35): SCH: ConstraintMapping: 3-230, 34-23, 34-28, 34-29, 34-30, 34-33,  -> L: 0ms, D: 76241287ms, C: 1, I: 2, N: 2
08-14 21:32:59.407  1578  1578 I Finsky  : [2] xfy.l(35): SCH: ConstraintMapping: 34-23, 34-28, 34-29, 34-30, 34-33,  -> L: 0ms, D: 1285835711ms, C: 2, I: 2, N: 2
08-14 21:32:59.408  1578  1578 I Finsky  : [2] xfy.l(35): SCH: ConstraintMapping: 26-1414141414, 29-29,  -> L: 28727ms, D: 58727ms, C: 1, I: 1, N: 0
08-14 21:32:59.442  1578  1578 I Finsky  : [2] xfy.j(7): SCH: Cancelling existing jobscheduler jobs: 9008 9007 9000 9006 9009 
08-14 21:32:59.442  1578  1578 I Finsky  : [2] xfy.h(16): SCH: Scheduling job Id: 9001, L: 9041978, D: 52241978, C: false, I: false, N: 1
08-14 21:32:59.445  1578  1578 I Finsky  : [2] xfy.h(16): SCH: Scheduling job Id: 9002, L: 0, D: 62513512, C: true, I: false, N: 2
08-14 21:32:59.447  1578  1578 I Finsky  : [2] xfy.h(16): SCH: Scheduling job Id: 9003, L: 0, D: 76241287, C: false, I: true, N: 2
08-14 21:32:59.448  1578  1578 I Finsky  : [2] xfy.h(16): SCH: Scheduling job Id: 9004, L: 0, D: 1285835711, C: true, I: true, N: 2
08-14 21:32:59.450  1578  1578 I Finsky  : [2] xfy.h(16): SCH: Scheduling job Id: 9005, L: 28727, D: 58727, C: false, I: false, N: 0
08-14 21:32:59.467  1578  1578 I Finsky  : [2] xgs.a(13): SCH: Canceling job 3-229
08-14 21:32:59.469  1578  1578 I Finsky  : [2] xhi.b(5): SCH: Jobs in database: 1-1337 3-230 20-23232323 26-1414141414 29-29 34-23 34-28 34-29 34-30 34-33 34-34 
08-14 21:32:59.471  1578  1578 I Finsky  : [2] xfy.l(35): SCH: ConstraintMapping: 1-1337, 34-34,  -> L: 9041914ms, D: 52241914ms, C: 1, I: 1, N: 1
08-14 21:32:59.471  1578  1578 I Finsky  : [2] xfy.l(35): SCH: ConstraintMapping: 20-23232323,  -> L: 0ms, D: 62513448ms, C: 2, I: 1, N: 2
08-14 21:32:59.471  1578  1578 I Finsky  : [2] xfy.l(35): SCH: ConstraintMapping: 3-230, 34-23, 34-28, 34-29, 34-30, 34-33,  -> L: 0ms, D: 76241223ms, C: 1, I: 2, N: 2
08-14 21:32:59.471  1578  1578 I Finsky  : [2] xfy.l(35): SCH: ConstraintMapping: 34-23, 34-28, 34-29, 34-30, 34-33,  -> L: 0ms, D: 1285835647ms, C: 2, I: 2, N: 2
08-14 21:32:59.472  1578  1578 I Finsky  : [2] xfy.l(35): SCH: ConstraintMapping: 26-1414141414, 29-29,  -> L: 28663ms, D: 58663ms, C: 1, I: 1, N: 0
08-14 21:32:59.504  1578  1578 I Finsky  : [2] xfy.j(7): SCH: Cancelling existing jobscheduler jobs: 9001 9002 9003 9004 9005 
08-14 21:32:59.505  1578  1578 I Finsky  : [2] xfy.h(16): SCH: Scheduling job Id: 9000, L: 9041914, D: 52241914, C: false, I: false, N: 1
08-14 21:32:59.507  1578  1578 I Finsky  : [2] xfy.h(16): SCH: Scheduling job Id: 9006, L: 0, D: 62513448, C: true, I: false, N: 2
08-14 21:32:59.508  1578  1578 I Finsky  : [2] xfy.h(16): SCH: Scheduling job Id: 9007, L: 0, D: 76241223, C: false, I: true, N: 2
08-14 21:32:59.510  1578  1578 I Finsky  : [2] xfy.h(16): SCH: Scheduling job Id: 9008, L: 0, D: 1285835647, C: true, I: true, N: 2
08-14 21:32:59.512  1578  1578 I Finsky  : [2] xfy.h(16): SCH: Scheduling job Id: 9009, L: 28663, D: 58663, C: false, I: false, N: 0
08-14 21:32:59.530  1578  1578 I Finsky  : [2] xgs.a(13): SCH: Canceling job 3-230
08-14 21:32:59.531  1578  1578 I Finsky  : [2] xhi.b(5): SCH: Jobs in database: 1-1337 20-23232323 26-1414141414 29-29 34-23 34-28 34-29 34-30 34-33 34-34 
08-14 21:32:59.534  1578  1578 I Finsky  : [2] xfy.l(35): SCH: ConstraintMapping: 1-1337, 34-34,  -> L: 9041852ms, D: 52241852ms, C: 1, I: 1, N: 1
08-14 21:32:59.534  1578  1578 I Finsky  : [2] xfy.l(35): SCH: ConstraintMapping: 20-23232323,  -> L: 0ms, D: 62513385ms, C: 2, I: 1, N: 2
08-14 21:32:59.536  1578  1578 I Finsky  : [2] xfy.l(35): SCH: ConstraintMapping: 34-23, 34-28, 34-29, 34-30, 34-33,  -> L: 0ms, D: 1285835584ms, C: 1, I: 2, N: 2
08-14 21:32:59.537  1578  1578 I Finsky  : [2] xfy.l(35): SCH: ConstraintMapping: 34-23, 34-28, 34-29, 34-30, 34-33,  -> L: 0ms, D: 1285835584ms, C: 2, I: 2, N: 2
08-14 21:32:59.538  1578  1578 I Finsky  : [2] xfy.l(35): SCH: ConstraintMapping: 26-1414141414, 29-29,  -> L: 28600ms, D: 58600ms, C: 1, I: 1, N: 0
08-14 21:32:59.546  1578  1725 I Finsky  : [1927] oju.apply(7): IQ: Creating job 231, for (REQ_CHARGING, REQ_DEVICE_IDLE, REQ_GEARHEAD_PROJECTION_OFF, NETWORK=UNMETERED, PROVISIONING_STATE=PROVISIONED)
08-14 21:32:59.546  1578  1725 I Finsky  : [1927] oju.apply(7): IQ: Creating job 232, for (REQ_CHARGING, REQ_GEARHEAD_PROJECTION_OFF, NETWORK=UNMETERED, PROVISIONING_STATE=PROVISIONED)
08-14 21:32:59.547  1578  1725 I Finsky  : [1927] oju.apply(7): IQ: Creating job 233, for (REQ_DEVICE_IDLE, REQ_GEARHEAD_PROJECTION_OFF, MIN_BATTERY=50, SHOULD_APPLY_BUDGET=true, NETWORK=UNMETERED, PROVISIONING_STATE=PROVISIONED)
08-14 21:32:59.547  1578  1725 I Finsky  : [1927] okg.z(4): IQ: Bulk scheduling created jobs
08-14 21:32:59.571  1578  1578 I Finsky  : [2] xfy.j(7): SCH: Cancelling existing jobscheduler jobs: 9006 9008 9009 9007 9000 
08-14 21:32:59.571  1578  1578 I Finsky  : [2] xfy.h(16): SCH: Scheduling job Id: 9001, L: 9041852, D: 52241852, C: false, I: false, N: 1
08-14 21:32:59.574  1578  1578 I Finsky  : [2] xfy.h(16): SCH: Scheduling job Id: 9002, L: 0, D: 62513385, C: true, I: false, N: 2
08-14 21:32:59.575  1578  1578 I Finsky  : [2] xfy.h(16): SCH: Scheduling job Id: 9003, L: 0, D: 1285835584, C: false, I: true, N: 2
08-14 21:32:59.577  1578  1578 I Finsky  : [2] xfy.h(16): SCH: Scheduling job Id: 9004, L: 0, D: 1285835584, C: true, I: true, N: 2
08-14 21:32:59.579  1578  1578 I Finsky  : [2] xfy.h(16): SCH: Scheduling job Id: 9005, L: 28600, D: 58600, C: false, I: false, N: 0
08-14 21:32:59.591  1578  1578 I Finsky  : [2] yzm.a(1): Connecting InstallListener to SplitInstallService broadcaster...
08-14 21:32:59.598  1578  1578 I Finsky  : [2] xhi.b(5): SCH: Jobs in database: 1-1337 3-231 3-232 3-233 20-23232323 26-1414141414 29-29 34-23 34-28 34-29 34-30 34-33 34-34 
08-14 21:32:59.601  1578  1578 I Finsky  : [2] xfy.l(35): SCH: ConstraintMapping: 1-1337, 34-34,  -> L: 9041784ms, D: 52241784ms, C: 1, I: 1, N: 1
08-14 21:32:59.602  1578  1578 I Finsky  : [2] xfy.l(35): SCH: ConstraintMapping: 3-232, 20-23232323,  -> L: 0ms, D: 62513318ms, C: 2, I: 1, N: 2
08-14 21:32:59.602  1578  1578 I Finsky  : [2] xfy.l(35): SCH: ConstraintMapping: 3-233, 34-23, 34-28, 34-29, 34-30, 34-33,  -> L: 0ms, D: 86399949ms, C: 1, I: 2, N: 2
08-14 21:32:59.602  1578  1578 I Finsky  : [2] xfy.l(35): SCH: ConstraintMapping: 3-231, 34-23, 34-28, 34-29, 34-30, 34-33,  -> L: 0ms, D: 86399949ms, C: 2, I: 2, N: 2
08-14 21:32:59.603  1578  1578 I Finsky  : [2] xfy.l(35): SCH: ConstraintMapping: 26-1414141414, 29-29,  -> L: 28533ms, D: 58533ms, C: 1, I: 1, N: 0
08-14 21:32:59.633  1578  1578 I Finsky  : [2] xfy.j(7): SCH: Cancelling existing jobscheduler jobs: 9004 9005 9002 9001 9003 
08-14 21:32:59.633  1578  1578 I Finsky  : [2] xfy.h(16): SCH: Scheduling job Id: 9000, L: 9041784, D: 52241784, C: false, I: false, N: 1
08-14 21:32:59.635  1578  1578 I Finsky  : [2] xfy.h(16): SCH: Scheduling job Id: 9006, L: 0, D: 62513318, C: true, I: false, N: 2
08-14 21:32:59.637  1578  1578 I Finsky  : [2] xfy.h(16): SCH: Scheduling job Id: 9007, L: 0, D: 86399949, C: false, I: true, N: 2
08-14 21:32:59.639  1578  1578 I Finsky  : [2] xfy.h(16): SCH: Scheduling job Id: 9008, L: 0, D: 86399949, C: true, I: true, N: 2
08-14 21:32:59.641  1578  1578 I Finsky  : [2] xfy.h(16): SCH: Scheduling job Id: 9009, L: 28533, D: 58533, C: false, I: false, N: 0
08-14 21:33:00.683 32685 32702 W earchbox:searc: Reducing the number of considered missed Gc histogram windows from 985 to 100
08-14 21:33:02.978   514   514 W JobServiceContext: No response from client for onStartJob f407109 #u0a171/1003 com.twitter.android/.sync.TwitterDataSyncService
08-14 21:33:04.192  1689  1702 I ownload_servic: WaitForGcToComplete blocked RunEmptyCheckpoint on ProfileSaver for 5.893ms
08-14 21:33:04.304 32092 32104 W e.process.gapp: Reducing the number of considered missed Gc histogram windows from 142 to 100
08-14 21:33:05.549   312   390 D goldfish-address-space: allocate: Ask for block of size 0x7e9000
08-14 21:33:05.550   312   390 D goldfish-address-space: allocate: ioctl allocate returned offset 0x3fba42000 size 0x7ea000
08-14 21:33:05.593 32685 32735 I WorkerManager: dispose()
08-14 21:33:05.595 32685 32735 W A       : Queue length for executor EventBus is now 11. Perhaps some tasks are too long, or the pool is too small.
08-14 21:33:05.626   175   175 I hwservicemanager: getTransport: Cannot find entry android.hardware.graphics.mapper@4.0::IMapper/default in either framework or device manifest.
08-14 21:33:05.627  1790  1790 I Gralloc4: mapper 4.x is not supported
08-14 21:33:05.684  1790  1790 D HostConnection: createUnique: call
08-14 21:33:05.685  1790  1790 D HostConnection: HostConnection::get() New Host Connection established 0xe9e801f0, tid 1790
08-14 21:33:05.685  1790  1790 D goldfish-address-space: allocate: Ask for block of size 0x100
08-14 21:33:05.685  1790  1790 D goldfish-address-space: allocate: ioctl allocate returned offset 0x3fd06b000 size 0x2000
08-14 21:33:05.751  1790  1790 D HostConnection: HostComposition ext ANDROID_EMU_CHECKSUM_HELPER_v1 ANDROID_EMU_native_sync_v2 ANDROID_EMU_native_sync_v3 ANDROID_EMU_native_sync_v4 ANDROID_EMU_dma_v1 ANDROID_EMU_direct_mem ANDROID_EMU_host_composition_v1 ANDROID_EMU_host_composition_v2 ANDROID_EMU_YUV_Cache ANDROID_EMU_async_unmap_buffer GL_OES_vertex_array_object GL_KHR_texture_compression_astc_ldr ANDROID_EMU_gles_max_version_2 
08-14 21:33:07.193  1806  1808 I cmd     : oneway function results will be dropped but finished with status OK and parcel size 4
08-14 21:33:07.218   312   390 D goldfish-address-space: allocate: Ask for block of size 0x7e9000
08-14 21:33:07.219   312   390 D goldfish-address-space: allocate: ioctl allocate returned offset 0x3fba42000 size 0x7ea000
08-14 21:33:07.253   514   536 W ImageReader_JNI: Unable to acquire a buffer item, very likely client tried to acquire more than maxImages buffers
08-14 21:33:07.336   514   536 W Looper  : Slow dispatch took 143ms android.ui h=android.os.Handler c=android.database.-$$Lambda$ContentObserver$MgqiYb2qvgLhoXTioYXq9MvvpNk@eefefd6 m=0
08-14 21:33:07.461   514   538 W InputReader: Device virtio_input_multi_touch_9 is associated with display ADISPLAY_ID_NONE.
08-14 21:33:07.461   514   538 W InputReader: Device virtio_input_multi_touch_10 is associated with display ADISPLAY_ID_NONE.
08-14 21:33:07.461   514   538 W InputReader: Device virtio_input_multi_touch_7 is associated with display ADISPLAY_ID_NONE.
08-14 21:33:07.461   514   538 W InputReader: Device virtio_input_multi_touch_4 is associated with display ADISPLAY_ID_NONE.
08-14 21:33:07.461   514   538 W InputReader: Device virtio_input_multi_touch_11 is associated with display ADISPLAY_ID_NONE.
08-14 21:33:07.461   514   538 W InputReader: Device virtio_input_multi_touch_5 is associated with display ADISPLAY_ID_NONE.
08-14 21:33:07.461   514   538 W InputReader: Device virtio_input_multi_touch_2 is associated with display ADISPLAY_ID_NONE.
08-14 21:33:07.461   514   538 W InputReader: Device virtio_input_multi_touch_6 is associated with display ADISPLAY_ID_NONE.
08-14 21:33:07.461   514   538 W InputReader: Device virtio_input_multi_touch_3 is associated with display ADISPLAY_ID_NONE.
08-14 21:33:07.461   514   538 W InputReader: Device virtio_input_multi_touch_8 is associated with display ADISPLAY_ID_NONE.
08-14 21:33:07.475   514   538 I ActivityTaskManager: Config changes=20000480 {1.0 310mcc260mnc [en_US] ldltr sw411dp w683dp h387dp 420dpi nrml land finger qwerty/v/v -nav/h winConfig={ mBounds=Rect(0, 0 - 1920, 1080) mAppBounds=Rect(0, 0 - 1794, 1080) mWindowingMode=fullscreen mDisplayWindowingMode=fullscreen mActivityType=undefined mAlwaysOnTop=undefined mRotation=ROTATION_90} s.10224}
08-14 21:33:07.658   514   538 I WindowManager: Override config changes=20000480 {1.0 310mcc260mnc [en_US] ldltr sw411dp w683dp h387dp 420dpi nrml land finger qwerty/v/v -nav/h winConfig={ mBounds=Rect(0, 0 - 1920, 1080) mAppBounds=Rect(0, 0 - 1794, 1080) mWindowingMode=fullscreen mDisplayWindowingMode=fullscreen mActivityType=undefined mAlwaysOnTop=undefined mRotation=ROTATION_90} s.10224} for displayId=0
08-14 21:33:07.827   514   538 V WindowManager: Orientation start waiting for draw, mDrawState=DRAW_PENDING in Window{520868b u0 NavigationBar0}, surfaceController Surface(name=NavigationBar0)/@0x992415
08-14 21:33:07.827   514   538 V WindowManager: Orientation start waiting for draw, mDrawState=DRAW_PENDING in Window{4054b29 u0 StatusBar}, surfaceController Surface(name=StatusBar)/@0x1aa851b
08-14 21:33:07.827   514   538 V WindowManager: Orientation start waiting for draw, mDrawState=DRAW_PENDING in Window{7ffd581 u0 com.twitter.android/com.twitter.android.onboarding.core.common.CtaSubtaskActivity}, surfaceController Surface(name=com.twitter.android/com.twitter.android.onboarding.core.common.CtaSubtaskActivity)/@0x647e22d
08-14 21:33:07.857   514   539 V WindowManager: Orientation start waiting for draw, mDrawState=DRAW_PENDING in Window{7ffd581 u0 com.twitter.android/com.twitter.android.onboarding.core.common.CtaSubtaskActivity}, surfaceController Surface(name=com.twitter.android/com.twitter.android.onboarding.core.common.CtaSubtaskActivity)/@0x647e22d
08-14 21:33:07.862 12067 12067 W GoogleInputMethodService: GoogleInputMethodService.onConfigurationChanged():1655 onConfigurationChanged() : NewConfig = {1.0 310mcc260mnc [en_US] ldltr sw411dp w683dp h387dp 420dpi nrml land finger qwerty/v/v -nav/h winConfig={ mBounds=Rect(0, 0 - 1920, 1080) mAppBounds=Rect(0, 0 - 1794, 1080) mWindowingMode=fullscreen mDisplayWindowingMode=fullscreen mActivityType=undefined mAlwaysOnTop=undefined mRotation=ROTATION_90} s.10247}
08-14 21:33:07.906   514  2979 W system_server: JNI critical lock held for 29.908ms on Thread[127,tid=2979,Runnable,Thread*=0xbbf31e10,peer=0x13b06ed0,"Binder:514_17"]
08-14 21:33:07.922 12067 12067 I NormalModeController: NormalModeController.getKeyboardBodyViewHolderPaddingBottom():109 currentPrimeKeyboardType:SOFT systemPaddingBottom:-1
08-14 21:33:08.002   514   538 I InputManager-JNI: Viewport [0] to add: local:8141603649153536, isActive: true
08-14 21:33:08.007   514   606 I InputReader: Reconfiguring input devices, changes=DISPLAY_INFO | 
08-14 21:33:08.013   514   606 I InputReader: Touch device 'virtio_input_multi_touch_9' could not query the properties of its associated display.  The device will be inoperable until the display size becomes available.
08-14 21:33:08.014   514   606 I InputReader: Touch device 'virtio_input_multi_touch_10' could not query the properties of its associated display.  The device will be inoperable until the display size becomes available.
08-14 21:33:08.014   514   606 I InputReader: Touch device 'virtio_input_multi_touch_7' could not query the properties of its associated display.  The device will be inoperable until the display size becomes available.
08-14 21:33:08.014   514   606 I InputReader: Touch device 'virtio_input_multi_touch_4' could not query the properties of its associated display.  The device will be inoperable until the display size becomes available.
08-14 21:33:08.014   514   606 I InputReader: Device reconfigured: id=9, name='virtio_input_multi_touch_1', size 1080x1920, orientation 1, mode 1, display id 0
08-14 21:33:08.020   514   606 I InputReader: Touch device 'virtio_input_multi_touch_11' could not query the properties of its associated display.  The device will be inoperable until the display size becomes available.
08-14 21:33:08.020   514   606 I InputReader: Touch device 'virtio_input_multi_touch_5' could not query the properties of its associated display.  The device will be inoperable until the display size becomes available.
08-14 21:33:08.020   514   606 I InputReader: Touch device 'virtio_input_multi_touch_2' could not query the properties of its associated display.  The device will be inoperable until the display size becomes available.
08-14 21:33:08.020   514   606 I InputReader: Touch device 'virtio_input_multi_touch_6' could not query the properties of its associated display.  The device will be inoperable until the display size becomes available.
08-14 21:33:08.020   514   606 I InputReader: Touch device 'virtio_input_multi_touch_3' could not query the properties of its associated display.  The device will be inoperable until the display size becomes available.
08-14 21:33:08.020   514   606 I InputReader: Touch device 'virtio_input_multi_touch_8' could not query the properties of its associated display.  The device will be inoperable until the display size becomes available.
08-14 21:33:08.040  1362  1362 I TwitterTwilightManager: Could not get last known location. This is probably because the app does not have any location permissions. Falling back to hardcoded sunrise/sunset values.
08-14 21:33:08.048  1362  1362 E twitter.androi: Invalid ID 0x00000000.
08-14 21:33:08.058  1362  1362 I TwitterTwilightManager: Could not get last known location. This is probably because the app does not have any location permissions. Falling back to hardcoded sunrise/sunset values.
08-14 21:33:08.123 12067 12067 I AbstractOpenableExtension: AbstractOpenableExtension.maybeDestroyExistingKeyboardGroupManager():514 Destroy existing keyboard group manager in fau
08-14 21:33:08.123 12067 12067 I AbstractOpenableExtension: AbstractOpenableExtension.createKeyboardGroupManagerListenableFuture():123 Create keyboard group manager listenable future in fau
08-14 21:33:08.125 12067 12067 I AbstractOpenableExtension: AbstractOpenableExtension.maybeDestroyExistingKeyboardGroupManager():514 Destroy existing keyboard group manager in eyj
08-14 21:33:08.125 12067 12067 I AbstractOpenableExtension: AbstractOpenableExtension.createKeyboardGroupManagerListenableFuture():123 Create keyboard group manager listenable future in eyj
08-14 21:33:08.126 12067 12067 I AbstractOpenableExtension: AbstractOpenableExtension.maybeDestroyExistingKeyboardGroupManager():514 Destroy existing keyboard group manager in fci
08-14 21:33:08.126 12067 12067 I AbstractOpenableExtension: AbstractOpenableExtension.createKeyboardGroupManagerListenableFuture():123 Create keyboard group manager listenable future in fci
08-14 21:33:08.131 12067 12067 I NormalModeController: NormalModeController.getKeyboardBodyViewHolderPaddingBottom():109 currentPrimeKeyboardType:SOFT systemPaddingBottom:-1
08-14 21:33:08.148   514  2979 W WindowManager: Failed looking up window session=Session{776f4a6 1362:u0a10171} callers=com.android.server.wm.WindowManagerService.windowForClientLocked:5425 com.android.server.wm.Session.insetsModified:502 android.view.IWindowSession$Stub.onTransact:1367 
08-14 21:33:08.168   312   390 D goldfish-address-space: allocate: Ask for block of size 0x7e9000
08-14 21:33:08.168   312   390 D goldfish-address-space: allocate: ioctl allocate returned offset 0x3fd85a000 size 0x7ea000
08-14 21:33:08.170 12067  1813 I DlamWrapper: DlamWrapper$1.onSuccess():148 close(): Successfully wrote DLAM properties file.
08-14 21:33:08.191   312   390 D goldfish-address-space: allocate: Ask for block of size 0x7e9000
08-14 21:33:08.191  1578  1622 I Finsky  : [1876] uqc.h(1): Triggered update for experiment package com.google.android.finsky.stable.
08-14 21:33:08.191   312   390 D goldfish-address-space: allocate: ioctl allocate returned offset 0x3fd070000 size 0x7ea000
08-14 21:33:08.201  1578  1626 I Finsky  : [1880] fyz.run(45): Initializing the instant apps module.
08-14 21:33:08.212   312   312 D goldfish-address-space: allocate: Ask for block of size 0x7e9000
08-14 21:33:08.212   312   312 D goldfish-address-space: allocate: ioctl allocate returned offset 0x3fb258000 size 0x7ea000
08-14 21:33:08.258 12067  1812 I KeyboardGroupDefParser: KeyboardGroupDefParser.parseKeyboardGroupDef():89 parseKeyboardGroupDef() 2132148499 -> 0_resource_name_obfuscated : WaitTime = 3 ms : RunTime = 128 ms
08-14 21:33:08.258 12067  1810 I KeyboardGroupDefParser: KeyboardGroupDefParser.parseKeyboardGroupDef():89 parseKeyboardGroupDef() 2132148495 -> 0_resource_name_obfuscated : WaitTime = 7 ms : RunTime = 128 ms
08-14 21:33:08.258 12067  1811 I KeyboardGroupDefParser: KeyboardGroupDefParser.parseKeyboardGroupDef():89 parseKeyboardGroupDef() 2132148494 -> 0_resource_name_obfuscated : WaitTime = 11 ms : RunTime = 122 ms
08-14 21:33:08.288   698   698 D StatusBar: disable<e i a s b h r c s > disable2<q i n >
08-14 21:33:08.302   698   698 E ndroid.systemu: Invalid ID 0x00000000.
08-14 21:33:08.358 12067 12067 I GoogleInputMethodService: GoogleInputMethodService.initializeKeyboardTheme():1393 Apply keyboard theme: theme_border_stylesheet_googleblue_materiallight_builtin_google_blue_light.binarypb_land
08-14 21:33:08.437 12067 12067 I Environment: Environment.getDeviceMode():833 Get device mode by ui mode:1 and smallestScreenWidthDp:411
08-14 21:33:08.438 12067 12067 I chatty  : uid=10131(com.google.android.inputmethod.latin) identical 5 lines
08-14 21:33:08.439 12067 12067 I Environment: Environment.getDeviceMode():833 Get device mode by ui mode:1 and smallestScreenWidthDp:411
08-14 21:33:08.440 12067 12120 I Environment: Environment.getDeviceMode():833 Get device mode by ui mode:1 and smallestScreenWidthDp:411
08-14 21:33:08.440 12067 12121 I Environment: Environment.getDeviceMode():833 Get device mode by ui mode:1 and smallestScreenWidthDp:411
08-14 21:33:08.440 12067 12120 I Environment: Environment.getDeviceMode():833 Get device mode by ui mode:1 and smallestScreenWidthDp:411
08-14 21:33:08.440 12067 12121 I Environment: Environment.getDeviceMode():833 Get device mode by ui mode:1 and smallestScreenWidthDp:411
08-14 21:33:08.440 12067 12067 I Environment: Environment.getDeviceMode():833 Get device mode by ui mode:1 and smallestScreenWidthDp:411
08-14 21:33:08.463   698   698 D StatusBar: disable<e i a s b h r c s > disable2<q i n >
08-14 21:33:08.469   514  2020 V WindowManager: Orientation start waiting for draw, mDrawState=DRAW_PENDING in Window{4054b29 u0 StatusBar}, surfaceController Surface(name=StatusBar)/@0x1aa851b
08-14 21:33:08.489   312   312 D goldfish-address-space: allocate: Ask for block of size 0x76200
08-14 21:33:08.489   312   312 D goldfish-address-space: allocate: ioctl allocate returned offset 0x3fccb7000 size 0x78000
08-14 21:33:08.519   312   312 D goldfish-address-space: allocate: Ask for block of size 0x76200
08-14 21:33:08.520   312   312 D goldfish-address-space: allocate: ioctl allocate returned offset 0x3fcc3f000 size 0x78000
08-14 21:33:08.527 12067 12067 E putmethod.lati: Invalid ID 0x00000000.
08-14 21:33:08.618 12067 12067 I KeyboardViewUtil: KeyboardViewUtil.getKeyboardHeightRatio():166 systemKeyboardHeightRatio:1.000000; userKeyboardHeightRatio:1.000000.
08-14 21:33:08.623   514  1460 V WindowManager: Orientation start waiting for draw, mDrawState=DRAW_PENDING in Window{520868b u0 NavigationBar0}, surfaceController Surface(name=NavigationBar0)/@0x992415
08-14 21:33:08.630 12067 12067 I GoogleInputMethodService: GoogleInputMethodService.onStartInput():1994 
08-14 21:33:08.631 12067 12067 I DeviceUnlockedTag: DeviceUnlockedTag.notifyDeviceLockStatusChanged():31 Notify device unlocked.
08-14 21:33:08.638   312   312 D goldfish-address-space: allocate: Ask for block of size 0x84e40
08-14 21:33:08.638   312   312 D goldfish-address-space: allocate: ioctl allocate returned offset 0x3fcb4d000 size 0x86000
08-14 21:33:08.657   312   312 D goldfish-address-space: allocate: Ask for block of size 0x6160
08-14 21:33:08.657   312   312 D goldfish-address-space: allocate: ioctl allocate returned offset 0x3fd065000 size 0x8000
08-14 21:33:08.660 12067 12067 W SessionManager: SessionManager.beginSession():53 Try to begin an already begun session [INPUT_SESSION], end it first
08-14 21:33:08.668   698  1261 D HostConnection: HostConnection::get() New Host Connection established 0xbddf5f50, tid 1261
08-14 21:33:08.671 12067 12067 I Environment: Environment.getDeviceMode():833 Get device mode by ui mode:1 and smallestScreenWidthDp:411
08-14 21:33:08.671 12067 12067 I Environment: Environment.getDeviceMode():833 Get device mode by ui mode:1 and smallestScreenWidthDp:411
08-14 21:33:08.671 12067 12067 I Choreographer: Skipped 40 frames!  The application may be doing too much work on its main thread.
08-14 21:33:08.673 12067 12067 I GoogleInputMethodService: GoogleInputMethodService.lambda$setDecorViewApplyWindowInsetsListener$9():1099 update screenHeightWithoutNaviBar to: 954
08-14 21:33:08.681 12067 12067 I GoogleInputMethodService: GoogleInputMethodService.lambda$setDecorViewApplyWindowInsetsListener$9():1106 update max height when insets changes
08-14 21:33:08.688   698  1261 D HostConnection: HostComposition ext ANDROID_EMU_CHECKSUM_HELPER_v1 ANDROID_EMU_native_sync_v2 ANDROID_EMU_native_sync_v3 ANDROID_EMU_native_sync_v4 ANDROID_EMU_dma_v1 ANDROID_EMU_direct_mem ANDROID_EMU_host_composition_v1 ANDROID_EMU_host_composition_v2 ANDROID_EMU_YUV_Cache ANDROID_EMU_async_unmap_buffer GL_OES_vertex_array_object GL_KHR_texture_compression_astc_ldr ANDROID_EMU_gles_max_version_2 
08-14 21:33:08.689   698  1261 W OpenGLRenderer: Failed to choose config with EGL_SWAP_BEHAVIOR_PRESERVED, retrying without...
08-14 21:33:08.694 12067 12067 I GoogleInputMethodService: GoogleInputMethodService.lambda$setDecorViewApplyWindowInsetsListener$9():1099 update screenHeightWithoutNaviBar to: 1080
08-14 21:33:08.694 12067 12067 I GoogleInputMethodService: GoogleInputMethodService.lambda$setDecorViewApplyWindowInsetsListener$9():1106 update max height when insets changes
08-14 21:33:08.701 12067 12067 I AbstractOpenableExtension: AbstractOpenableExtension$3.onSuccess():527 KeyboardGroupManager destroyed in fau.
08-14 21:33:08.701 12067 12067 I AbstractOpenableExtension: AbstractOpenableExtension$3.onSuccess():527 KeyboardGroupManager destroyed in eyj.
08-14 21:33:08.701 12067 12067 I AbstractOpenableExtension: AbstractOpenableExtension$3.onSuccess():527 KeyboardGroupManager destroyed in fci.
08-14 21:33:08.714 12067 12067 I DictionarySuperpacksManager: DictionarySuperpacksManager$1.onEnabledInputMethodEntriesChanged():60 onEnabledInputMethodEntriesChanged
08-14 21:33:08.728   698  1261 D EGL_emulation: eglCreateContext: 0xc055f650: maj 2 min 0 rcv 2
08-14 21:33:08.754   698  1261 D EGL_emulation: eglMakeCurrent: 0xc055f650: ver 2 0 (tinfo 0xc2c65c70) (first time)
08-14 21:33:08.758 12067 12120 I SP      : Registering content_cache.2021061512, url: https://www.gstatic.com/android/keyboard/modelpack/contentcache/202106151201/superpacks_manifest.json, constraints: W:*:*:*, flags: bg, requested: 2021061512, current: 2021061512
08-14 21:33:08.766   312   312 D goldfish-address-space: allocate: Ask for block of size 0x6160
08-14 21:33:08.766   312   312 D goldfish-address-space: allocate: ioctl allocate returned offset 0x3fcf3b000 size 0x8000
08-14 21:33:08.772   312   312 D goldfish-address-space: allocate: Ask for block of size 0x6160
08-14 21:33:08.773   312   312 D goldfish-address-space: allocate: ioctl allocate returned offset 0x3fcf33000 size 0x8000
08-14 21:33:08.776   312   312 D goldfish-address-space: allocate: Ask for block of size 0x6160
08-14 21:33:08.777   312   312 D goldfish-address-space: allocate: ioctl allocate returned offset 0x3fcf69000 size 0x8000
08-14 21:33:08.799  1578  1620 D PhenotypeDbHelper: Enabled write-ahead logging
08-14 21:33:08.802   312   312 D goldfish-address-space: allocate: Ask for block of size 0x84e40
08-14 21:33:08.802   312   312 D goldfish-address-space: allocate: ioctl allocate returned offset 0x3fcac7000 size 0x86000
08-14 21:33:08.883 12067 12120 I SP      : Syncing content_cache (2021061512) with slices: [9e22973d4ff86e79a43b587d114f5a4e, 73c10eff89726f4122ae1887121fdee6], metadata: true
08-14 21:33:08.884   514  1460 I WindowManager: Screen frozen for +1s687ms due to Window{4054b29 u0 StatusBar}
08-14 21:33:08.888   312   312 D goldfish-address-space: allocate: Ask for block of size 0x7641c0
08-14 21:33:08.888   312   312 D goldfish-address-space: allocate: ioctl allocate returned offset 0x3faaf2000 size 0x766000
08-14 21:33:08.927   514  1460 W ImageReader_JNI: Unable to acquire a buffer item, very likely client tried to acquire more than maxImages buffers
08-14 21:33:09.011   698   698 I OpaEnabledReceiver: Dispatching OPA eligble = false; AGSA = true; OPA enabled = false
08-14 21:33:09.012   698   698 I OpaLayout: Setting opa enabled to false
08-14 21:33:09.012   698   698 I OpaLayout: Setting opa enabled to false
08-14 21:33:09.083 12067 12067 I GoogleInputMethodService: GoogleInputMethodService.onFinishInput():3410 
08-14 21:33:09.093 12067 12067 I GoogleInputMethodService: GoogleInputMethodService.onStartInput():1994 
08-14 21:33:09.096 12067 12067 I DeviceUnlockedTag: DeviceUnlockedTag.notifyDeviceLockStatusChanged():31 Notify device unlocked.
08-14 21:33:09.101   314   464 W EmuHWC2 : validate: layer 3429 CompositionType 1, fallback
08-14 21:33:09.111  1578  1626 I Finsky  : [1880] afsy.b(1): Restoring notifications
08-14 21:33:09.112   314   464 W EmuHWC2 : No layers, exit, buffer 0xf1e41590
08-14 21:33:09.117   314   464 W EmuHWC2 : validate: layer 3429 CompositionType 1, fallback
08-14 21:33:09.118   698   698 I Choreographer: Skipped 44 frames!  The application may be doing too much work on its main thread.
08-14 21:33:09.120   314   464 W EmuHWC2 : No layers, exit, buffer 0xf1e40810
08-14 21:33:09.126  1578  1626 I Finsky  : [1880] afsy.b(4): Done restoring notifications
08-14 21:33:09.133   314   464 W EmuHWC2 : validate: layer 3429 CompositionType 1, fallback
08-14 21:33:09.133  1578  1626 I Finsky  : [1880] tye.n(8): Invalidating cached PackageState for com.android.vending
08-14 21:33:09.136   314   464 W EmuHWC2 : No layers, exit, buffer 0xf1e40590
08-14 21:33:09.153   314   464 W EmuHWC2 : validate: layer 3434 CompositionType 1, fallback
08-14 21:33:09.158   312   312 D goldfish-address-space: allocate: Ask for block of size 0x76200
08-14 21:33:09.158   314   464 W EmuHWC2 : No layers, exit, buffer 0xf1e41590
08-14 21:33:09.158   312   312 D goldfish-address-space: allocate: ioctl allocate returned offset 0x3fc346000 size 0x78000
08-14 21:33:09.168   314   464 W EmuHWC2 : validate: layer 3434 CompositionType 1, fallback
08-14 21:33:09.170   698  1162 I OpenGLRenderer: Davey! duration=783ms; Flags=1, IntendedVsync=44756621270516, Vsync=44757354603820, OldestInputEvent=9223372036854775807, NewestInputEvent=0, HandleInputStart=44757359198700, AnimationStart=44757359244100, PerformTraversalsStart=44757363119800, DrawStart=44757373639500, SyncQueued=44757378023900, SyncStart=44757383359900, IssueDrawCommandsStart=44757384952300, SwapBuffers=44757394388900, FrameCompleted=44757410338000, DequeueBufferDuration=10874300, QueueBufferDuration=1159900, GpuCompleted=41448289970700, 
08-14 21:33:09.173   314   464 W EmuHWC2 : No layers, exit, buffer 0xf1e40810
08-14 21:33:09.176  1578  1626 I Finsky  : [1880] fyz.run(19): Component class com.google.android.finsky.wearsupport.WearSupportService disabled via PackageManager.
08-14 21:33:09.178  1578  1620 D GetConfigurationSnapsho: getFullConfigurations
08-14 21:33:09.183   312   312 D goldfish-address-space: allocate: Ask for block of size 0x84e40
08-14 21:33:09.183   312   312 D goldfish-address-space: allocate: ioctl allocate returned offset 0x3fc2c0000 size 0x86000
08-14 21:33:09.184  1578  1626 I Finsky  : [1880] fyz.run(19): Component class com.google.android.finsky.wearsupport.WearChangeListenerService disabled via PackageManager.
08-14 21:33:09.185   314   464 W EmuHWC2 : validate: layer 3434 CompositionType 1, fallback
08-14 21:33:09.190   314   464 W EmuHWC2 : No layers, exit, buffer 0xf1e40590
08-14 21:33:09.200   314   464 W EmuHWC2 : validate: layer 3434 CompositionType 1, fallback
08-14 21:33:09.205   314   464 W EmuHWC2 : No layers, exit, buffer 0xf1e41590
08-14 21:33:09.218   314   464 W EmuHWC2 : validate: layer 3434 CompositionType 1, fallback
08-14 21:33:09.224   314   464 W EmuHWC2 : No layers, exit, buffer 0xf1e40810
08-14 21:33:09.233   314   464 W EmuHWC2 : validate: layer 3434 CompositionType 1, fallback
08-14 21:33:09.237   314   464 W EmuHWC2 : No layers, exit, buffer 0xf1e40590
08-14 21:33:09.251   314   464 W EmuHWC2 : validate: layer 3434 CompositionType 1, fallback
08-14 21:33:09.253  1578  1831 I Finsky  : [1932] ewx.run(5): Wrote row to frosting DB: 801
08-14 21:33:09.258   314   464 W EmuHWC2 : No layers, exit, buffer 0xf1e41590
08-14 21:33:09.268   314   464 W EmuHWC2 : validate: layer 3434 CompositionType 1, fallback
08-14 21:33:09.273   314   464 W EmuHWC2 : No layers, exit, buffer 0xf1e40810
08-14 21:33:09.283   314   464 W EmuHWC2 : validate: layer 3434 CompositionType 1, fallback
08-14 21:33:09.290   314   464 W EmuHWC2 : No layers, exit, buffer 0xf1e40590
08-14 21:33:09.301   314   464 W EmuHWC2 : validate: layer 3434 CompositionType 1, fallback
08-14 21:33:09.305   314   464 W EmuHWC2 : No layers, exit, buffer 0xf1e41590
08-14 21:33:09.307 12067 12120 I SP      : Sync for content_cache succeeded in 433 ms: no changes
08-14 21:33:09.308 12067 12120 I SP      : GC for 'content_cache' (10) with ttl of 0 ms took 1 ms (1/0/0)
08-14 21:33:09.317   314   464 W EmuHWC2 : validate: layer 3434 CompositionType 1, fallback
08-14 21:33:09.322   314   464 W EmuHWC2 : No layers, exit, buffer 0xf1e40810
08-14 21:33:09.333   314   464 W EmuHWC2 : validate: layer 3434 CompositionType 1, fallback
08-14 21:33:09.337   314   464 W EmuHWC2 : No layers, exit, buffer 0xf1e40590
08-14 21:33:09.342  1578  1620 D GetConfigurationSnapsho: byFlagStorageType, addSet = Flag(AppActivityLoggingNoticeUi__is_enabled, true, 2, 0), Flag(AppsSearch__enable_display_doctype_in_vx_cluster, true, 2, 0), Flag(AppsSearch__enable_filtering_animation, true, 2, 0), Flag(AppsSearch__enable_filters, true, 2, 0), Flag(AppsSearch__enable_filters_back_button_fix, true, 2, 0), Flag(AppsSearch__enable_filters_header_view_scroll_and_snap, false, 2, 0), Flag(AppsSearch__enable_filters_v2_phase_1, false, 2, 0), Flag(AppsSearch__enable_kids_search_mode_for_filters, false, 2, 0), Flag(AppsSearch__enable_query_builder, true, 2, 0), Flag(AppsSearch__enable_related_query_suggestions, true, 2, 0), Flag(AppsSearch__enable_related_query_suggestions_below_server_suggestions, false, 2, 0), Flag(AppsSearch__enable_related_query_suggestions_fetch_only, false, 2, 0), Flag(AppsSearch__enable_search_suggestions_pcsi_logging, true, 2, 0), Flag(AppsSearch__enable_zero_prefix_async_loading, false, 2, 0), Flag(AppsSearch__enable_zero_prefix_hide_suggestions_without_local_suggestions, false, 2, 0), Flag(AppsSearch__enable_zero_search_endpoint, '', 4, 0), Flag(AudiobookPreviewPlayer__disable_audio_capture, false, 2, 0), Flag(AutoUpdate__battery_relax_battery_percent_budget, 5.0, 3, 0), Flag(AutoUpdate__battery_relax_num_apps_budget, 10, 1, 0), Flag(AutoUpdate__block_auto_update_on_uncertified_devices, true, 2, 0), Flag(AutoUpdate__consolidate_common_blocked_reasons, true, 2, 0), Flag(AutoUpdate__enable_atomic_fields_read_from_train, true, 2, 0), Flag(AutoUpdate__enable_atomic_install_auto_update_stable, true, 2, 0), Flag(AutoUpdate__enable_atomic_install_cancel_oversample, true, 2, 0), Flag(AutoUpdate__enable_atomic_install_content_sync_stable, true, 2, 0), Flag(AutoUpdate__enable_atomic_install_high_priority_update_stable, true, 2, 0), Flag(AutoUpdate__enable_battery_relaxation, true, 2, 0), Flag(AutoUpdate__enable_discovered_timestamp_read_from_autoupdate_datastore, true, 2, 0), Flag(AutoUpdate__enable_discovered_timestamp_write_to_autoupdate_datastore, true, 2, 0), Flag(AutoUpdate__enable_read_and_write_from_autoupdate_datastore, false, 2, 0), Flag(AutoUpdate__enable_write_to_autoupdate_datastore, false, 2, 0), Flag(AutoUpdate__outstanding_notification_time_delay_ms, 259200000, 1, 0), Flag(AutoUpdate__turn_off_update_completion_notification_settings, true, 2, 0), Flag(Backstack__backstack_limit, -1, 1, 0), Flag(Blurbs__blurb_max_viewpool_size, 5, 1, 0), Flag(Blurbs__disable_impression_log_on_rebind, true, 2, 0), Flag(Blurbs__enable_mini_blurb_component, true, 2, 0), Flag(Blurbs__enable_mini_blurb_component_chromesky, false, 2, 0), Flag(Blurbs__enable_mini_blurb_component_large_thumbnail, false, 2, 0), Flag(Blurbs__enable_playcardutils_migration, false, 2, 0), Flag(BooksExperiments__enable_one_button_fixed_duration_rent, true, 2, 0), Flag(BooksExperiments__enable_one_button_rent, false, 2, 0), Flag(BooksExperiments__enable_orson_search_result_format_labels_exp, true, 2, 0), Flag(BooksExperiments__enable_price_drop_message, true, 2, 0), Flag(BooksExperiments__enable_sample_control, true, 2, 0), Flag(BooksExperiments__enable_series_subscription_edu_module, false, 2, 0), Flag(BooksExperiments__enabled_series_subscription, false, 2, 0), Flag(BooksSearch__enable_filters, true, 2, 0), Flag(BooksSearch__enable_kids_search_mode_for_filters, true, 2, 0), Flag(CacheAndSync__enable_cache_and_sync, true, 2, 0), Flag(CacheAndSync__enable_cache_and_sync_images, false, 2, 0), Flag(CacheStickiness__enable_image_cache_cleanup, true, 2, 0), Flag(CacheStickiness__reduce_cache_size_based_on_storage, false, 2, 0), Flag(CacheStickiness__switch_pre_cache_based_on_storage, true, 2, 0), Flag(CacheStickiness__switch_pre_cache_storage_bytes_threshold, 0, 1, 0), Flag(CacheStickiness__temp_patch_files_expiration_ms, 172800000, 1, 0), Flag(CarDelayClosureOnSignout__is_enabled, false, 2, 0), Flag(CarskyFreeAcquireMigration__is_enabled, false, 2, 0), Flag(Cashmere__enable_cashmere_deep_links, true, 2, 0), Flag(Cashmere__enable_cashmere_home, true, 2,
