--------- beginning of main
08-14 21:31:53.250 32342 32376 D PrivacyStreams: Accepted a socket client.
08-14 21:31:53.856   763   766 I cmd     : oneway function results will be dropped but finished with status OK and parcel size 4
08-14 21:31:54.324   347   347 E wifi_forwarder: qemu_pipe_open_ns:62: Could not connect to the 'pipe:qemud:wififorward' service: Invalid argument
08-14 21:31:54.324   347   347 E wifi_forwarder: RemoteConnection failed to initialize: RemoteConnection failed to open pipe
08-14 21:31:54.333   776   776 D AndroidRuntime: >>>>>> START com.android.internal.os.RuntimeInit uid 2000 <<<<<<
08-14 21:31:54.336   776   776 E libc    : Access denied finding property "persist.device_config.runtime_native_boot.profilebootclasspath"
08-14 21:31:54.336   776   776 E libc    : Access denied finding property "persist.device_config.runtime_native_boot.enable_apex_image"
08-14 21:31:54.336   776   776 I AndroidRuntime: Using default boot image
08-14 21:31:54.336   776   776 E libc    : Access denied finding property "persist.device_config.runtime_native_boot.disable_lock_profiling"
08-14 21:31:54.336   776   776 I AndroidRuntime: Leaving lock profiling enabled
08-14 21:31:54.336   776   776 E libc    : Access denied finding property "persist.device_config.runtime_native_boot.enable_generational_cc"
08-14 21:31:54.332   776   776 W app_process: type=1400 audit(0.0:8770): avc: denied { read } for name="u:object_r:device_config_runtime_native_boot_prop:s0" dev="tmpfs" ino=8294 scontext=u:r:shell:s0 tcontext=u:object_r:device_config_runtime_native_boot_prop:s0 tclass=file permissive=0
08-14 21:31:54.336   776   776 I chatty  : uid=2000(shell) main identical 2 lines
08-14 21:31:54.336   776   776 W app_process: type=1400 audit(0.0:8773): avc: denied { read } for name="u:object_r:device_config_runtime_native_boot_prop:s0" dev="tmpfs" ino=8294 scontext=u:r:shell:s0 tcontext=u:object_r:device_config_runtime_native_boot_prop:s0 tclass=file permissive=0
08-14 21:31:54.418   776   776 D app_process: Time zone APEX ICU file found: /apex/com.android.tzdata/etc/icu/icu_tzdata.dat
08-14 21:31:54.418   776   776 D app_process: I18n APEX ICU file found: /apex/com.android.i18n/etc/icu/icudt66l.dat
08-14 21:31:54.423   776   776 W app_process: Unexpected CPU variant for X86 using defaults: x86
08-14 21:31:54.425   776   776 I app_process: The ClassLoaderContext is a special shared library.
08-14 21:31:54.441   776   776 W app_process: JNI RegisterNativeMethods: attempt to register 0 native methods for android.media.AudioAttributes
08-14 21:31:54.447   776   776 D AndroidRuntime: Calling main entry com.android.commands.input.Input
08-14 21:31:54.458   698   698 V ShadeControllerImpl: NotificationShadeWindow: com.android.systemui.statusbar.phone.NotificationShadeWindowView{7fdbfeb I.E...... ......ID 0,0-1080,1920} canPanelBeCollapsed(): false
08-14 21:31:54.466   776   776 D AndroidRuntime: Shutting down VM
08-14 21:31:55.151   800   800 D AndroidRuntime: >>>>>> START com.android.internal.os.RuntimeInit uid 2000 <<<<<<
08-14 21:31:55.154   800   800 E libc    : Access denied finding property "persist.device_config.runtime_native_boot.profilebootclasspath"
08-14 21:31:55.154   800   800 E libc    : Access denied finding property "persist.device_config.runtime_native_boot.enable_apex_image"
08-14 21:31:55.154   800   800 I AndroidRuntime: Using default boot image
08-14 21:31:55.157   800   800 E libc    : Access denied finding property "persist.device_config.runtime_native_boot.disable_lock_profiling"
08-14 21:31:55.157   800   800 I AndroidRuntime: Leaving lock profiling enabled
08-14 21:31:55.157   800   800 E libc    : Access denied finding property "persist.device_config.runtime_native_boot.enable_generational_cc"
08-14 21:31:55.148   800   800 W app_process: type=1400 audit(0.0:8774): avc: denied { read } for name="u:object_r:device_config_runtime_native_boot_prop:s0" dev="tmpfs" ino=8294 scontext=u:r:shell:s0 tcontext=u:object_r:device_config_runtime_native_boot_prop:s0 tclass=file permissive=0
08-14 21:31:55.242   800   800 D app_process: Time zone APEX ICU file found: /apex/com.android.tzdata/etc/icu/icu_tzdata.dat
08-14 21:31:55.242   800   800 D app_process: I18n APEX ICU file found: /apex/com.android.i18n/etc/icu/icudt66l.dat
08-14 21:31:55.247   800   800 W app_process: Unexpected CPU variant for X86 using defaults: x86
08-14 21:31:55.249   800   800 I app_process: The ClassLoaderContext is a special shared library.
08-14 21:31:55.266   800   800 W app_process: JNI RegisterNativeMethods: attempt to register 0 native methods for android.media.AudioAttributes
08-14 21:31:55.272   800   800 D AndroidRuntime: Calling main entry com.android.commands.input.Input
--------- beginning of system
08-14 21:31:12.769   514   662 I chatty  : uid=1000(system) Thread-9 expire 4 lines
08-14 21:31:26.874   514   662 E ClipboardService: Denying clipboard access to com.google.android.gms, application is not in focus nor is it a system service for user 0
08-14 21:31:55.280   514   536 E RemoteAugmentedAutofillService: Bad service name for flags 1048704: com.google.android.as/com.google.android.apps.miphone.aiai.app.AiAiAugmentedAutofillService
08-14 21:31:55.283   800   800 D AndroidRuntime: Shutting down VM
08-14 21:31:55.979   824   826 I cmd     : oneway function results will be dropped but finished with status OK and parcel size 4
08-14 21:31:56.096   831   834 I cmd     : oneway function results will be dropped but finished with status OK and parcel size 4
08-14 21:31:58.207   840   843 I cmd     : oneway function results will be dropped but finished with status OK and parcel size 4
08-14 21:32:00.340   848   850 I cmd     : oneway function results will be dropped but finished with status OK and parcel size 4
08-14 21:32:00.536   514   562 I ActivityManager: Killing 31406:com.android.traceur/u0a92 (adj 965): empty for 2159s
08-14 21:32:00.548   290   290 I Zygote  : Process 31406 exited due to signal 9 (Killed)
08-14 21:32:00.584   514   548 I libprocessgroup: Successfully killed process cgroup uid 10092 pid 31406 in 45ms
08-14 21:32:00.622   514   562 I PackageManager: Integrity check passed for file:///data/app/vmdl1009198076.tmp
08-14 21:32:00.687   514   543 I ProcessStatsService: Pruning old procstats: /data/system/procstats/state-2021-06-13-23-23-56.bin
08-14 21:32:00.701   514   562 D CompatibilityChangeReporter: Compat change id reported: 135549675; UID 10171; state: ENABLED
08-14 21:32:00.702   514   562 I PackageManager: Permission ownership changed. Updating all permissions.
08-14 21:32:00.762   514   535 V StorageManagerService: Package null does not have legacy storage
08-14 21:32:00.764  1342  7718 I MediaProvider: Invalidating LocalCallingIdentity cache for package com.twitter.android. Reason: op android:read_external_storage
08-14 21:32:00.765  1342  7718 I chatty  : uid=10148(com.google.android.providers.media.module) Binder:1342_8 identical 1 line
08-14 21:32:00.765  1342  7718 I MediaProvider: Invalidating LocalCallingIdentity cache for package com.twitter.android. Reason: op android:read_external_storage
08-14 21:32:00.771   514   562 I PackageDexOptimizer: Running dexopt (dexoptNeeded=1) on: /data/app/~~jA7o4tezr8W08d7iyLwKFw==/com.twitter.android-p6O7CZ9JkWRnjpm3ZEic2w==/base.apk pkg=com.twitter.android isa=x86 dexoptFlags=boot_complete,profile_guided,public,enable_hidden_api_checks targetFilter=speed-profile oatDir=/data/app/~~jA7o4tezr8W08d7iyLwKFw==/com.twitter.android-p6O7CZ9JkWRnjpm3ZEic2w==/oat classLoaderContext=PCL[]{PCL[/system/framework/org.apache.http.legacy.jar]}
08-14 21:32:00.773   399   596 V installd: DexInv: --- BEGIN '/data/app/~~jA7o4tezr8W08d7iyLwKFw==/com.twitter.android-p6O7CZ9JkWRnjpm3ZEic2w==/base.apk' ---
08-14 21:32:00.789   852   852 W dex2oat32: Unexpected CPU variant for X86 using defaults: x86
08-14 21:32:00.789   852   852 W dex2oat32: Mismatch between dex2oat instruction set features to use (ISA: X86 Feature string: -ssse3,-sse4.1,-sse4.2,-avx,-avx2,-popcnt) and those from CPP defines (ISA: X86 Feature string: ssse3,-sse4.1,-sse4.2,-avx,-avx2,-popcnt) for the command line:
08-14 21:32:00.789   852   852 W dex2oat32: /apex/com.android.art/bin/dex2oat32 --zip-fd=7 --zip-location=base.apk --input-vdex-fd=-1 --output-vdex-fd=9 --oat-fd=8 --oat-location=/data/app/~~jA7o4tezr8W08d7iyLwKFw==/com.twitter.android-p6O7CZ9JkWRnjpm3ZEic2w==/oat/x86/base.odex --instruction-set=x86 --instruction-set-variant=x86 --instruction-set-features=default --runtime-arg -Xbootclasspath:/apex/com.android.art/javalib/core-oj.jar:/apex/com.android.art/javalib/core-libart.jar:/apex/com.android.art/javalib/core-icu4j.jar:/apex/com.android.art/javalib/okhttp.jar:/apex/com.android.art/javalib/bouncycastle.jar:/apex/com.android.art/javalib/apache-xml.jar:/system/framework/framework.jar:/system/framework/ext.jar:/system/framework/telephony-common.jar:/system/framework/voip-common.jar:/system/framework/ims-common.jar:/system/framework/framework-atb-backward-compatibility.jar --runtime-arg -Xms64m --runtime-arg -Xmx512m --updatable-bcp-packages-file=/system/etc/updatable-bcp-packages.txt --resolve-startup-const-strings=true --max-image-block-size=524288 --compiler-filter=speed-profile --swap-fd=10 --classpath-dir=/data/app/~~jA7o4tezr8W08d7iyLwKFw==/com.twitter.android-p6O7CZ9JkWRnjpm3ZEic2w== --class-loader-context=PCL[]{PCL[/system/framework/org.apache.http.legacy.jar]} --generate-mini-debug-info --compact-dex-level=none --runtime-arg -Xtarget-sdk-version:30 --runtime-arg -Xhidden-api-policy:enabled --compilation-reason=install
08-14 21:32:00.789   852   852 I dex2oat32: /apex/com.android.art/bin/dex2oat32 --input-vdex-fd=-1 --output-vdex-fd=9 --updatable-bcp-packages-file=/system/etc/updatable-bcp-packages.txt --resolve-startup-const-strings=true --max-image-block-size=524288 --compiler-filter=speed-profile --classpath-dir=/data/app/~~jA7o4tezr8W08d7iyLwKFw==/com.twitter.android-p6O7CZ9JkWRnjpm3ZEic2w== --class-loader-context=PCL[]{PCL[/system/framework/org.apache.http.legacy.jar]} --generate-mini-debug-info --compact-dex-level=none --compilation-reason=install
08-14 21:32:00.792   852   852 I dex2oat32: setting boot class path to /apex/com.android.art/javalib/core-oj.jar:/apex/com.android.art/javalib/core-libart.jar:/apex/com.android.art/javalib/core-icu4j.jar:/apex/com.android.art/javalib/okhttp.jar:/apex/com.android.art/javalib/bouncycastle.jar:/apex/com.android.art/javalib/apache-xml.jar:/system/framework/framework.jar:/system/framework/ext.jar:/system/framework/telephony-common.jar:/system/framework/voip-common.jar:/system/framework/ims-common.jar:/system/framework/framework-atb-backward-compatibility.jar
08-14 21:32:01.706   852   852 I dex2oat32: Large app, accepted running with swap.
08-14 21:32:02.460   872   875 I cmd     : oneway function results will be dropped but finished with status OK and parcel size 4
08-14 21:32:02.653   174   174 I servicemanager: Since 'apexservice' could not be found, trying to start it as a lazy AIDL service
08-14 21:32:02.706   174   174 I BpBinder: onLastStrongRef automatically unlinking death recipients: <uncached descriptor>
08-14 21:32:02.706   174   174 I servicemanager: Tried to unregister apexservice, but there is about to be a client.
08-14 21:32:02.856   901   902 I cmd     : oneway function results will be dropped but finished with status OK and parcel size 4
08-14 21:32:03.848   935   935 D AndroidRuntime: >>>>>> START com.android.internal.os.RuntimeInit uid 2000 <<<<<<
08-14 21:32:03.852   935   935 E libc    : Access denied finding property "persist.device_config.runtime_native_boot.profilebootclasspath"
08-14 21:32:03.852   935   935 E libc    : Access denied finding property "persist.device_config.runtime_native_boot.enable_apex_image"
08-14 21:32:03.852   935   935 I AndroidRuntime: Using default boot image
08-14 21:32:03.852   935   935 E libc    : Access denied finding property "persist.device_config.runtime_native_boot.disable_lock_profiling"
08-14 21:32:03.852   935   935 I AndroidRuntime: Leaving lock profiling enabled
08-14 21:32:03.852   935   935 E libc    : Access denied finding property "persist.device_config.runtime_native_boot.enable_generational_cc"
08-14 21:32:03.848   935   935 W app_process: type=1400 audit(0.0:8778): avc: denied { read } for name="u:object_r:device_config_runtime_native_boot_prop:s0" dev="tmpfs" ino=8294 scontext=u:r:shell:s0 tcontext=u:object_r:device_config_runtime_native_boot_prop:s0 tclass=file permissive=0
08-14 21:32:03.852   935   935 I chatty  : uid=2000(shell) main identical 2 lines
08-14 21:32:03.852   935   935 W app_process: type=1400 audit(0.0:8781): avc: denied { read } for name="u:object_r:device_config_runtime_native_boot_prop:s0" dev="tmpfs" ino=8294 scontext=u:r:shell:s0 tcontext=u:object_r:device_config_runtime_native_boot_prop:s0 tclass=file permissive=0
08-14 21:32:03.967   935   935 D app_process: Time zone APEX ICU file found: /apex/com.android.tzdata/etc/icu/icu_tzdata.dat
08-14 21:32:03.968   935   935 D app_process: I18n APEX ICU file found: /apex/com.android.i18n/etc/icu/icudt66l.dat
08-14 21:32:03.974   935   935 W app_process: Unexpected CPU variant for X86 using defaults: x86
08-14 21:32:03.975   935   935 I app_process: The ClassLoaderContext is a special shared library.
08-14 21:32:03.993   935   935 W app_process: JNI RegisterNativeMethods: attempt to register 0 native methods for android.media.AudioAttributes
08-14 21:32:03.999   935   935 D AndroidRuntime: Calling main entry com.android.commands.input.Input
08-14 21:32:04.008   514   536 I ActivityTaskManager: START u0 {act=android.intent.action.MAIN cat=[android.intent.category.HOME] flg=0x10000100 cmp=com.google.android.apps.nexuslauncher/.NexusLauncherActivity (has extras)} from uid 0
08-14 21:32:04.008   935   935 D AndroidRuntime: Shutting down VM
08-14 21:32:04.011   514   538 D EventSequenceValidator: IntentStarted during UNKNOWN. Intent { act=android.intent.action.MAIN cat=[android.intent.category.HOME] flg=0x10000100 cmp=com.google.android.apps.nexuslauncher/.NexusLauncherActivity (has extras) }
08-14 21:32:04.011   514   538 D EventSequenceValidator: java.lang.Throwable: EventSequenceValidator#getStackTrace
08-14 21:32:04.011   514   538 D EventSequenceValidator: 	at com.google.android.startop.iorap.EventSequenceValidator.logWarningWithStackTrace(EventSequenceValidator.java:260)
08-14 21:32:04.011   514   538 D EventSequenceValidator: 	at com.google.android.startop.iorap.EventSequenceValidator.onIntentStarted(EventSequenceValidator.java:106)
08-14 21:32:04.011   514   538 D EventSequenceValidator: 	at com.android.server.wm.LaunchObserverRegistryImpl.handleOnIntentStarted(LaunchObserverRegistryImpl.java:139)
08-14 21:32:04.011   514   538 D EventSequenceValidator: 	at com.android.server.wm.LaunchObserverRegistryImpl.lambda$veRn_GhgLZLlOHOJ0ZYT6KcfYqo(Unknown Source:0)
08-14 21:32:04.011   514   538 D EventSequenceValidator: 	at com.android.server.wm.-$$Lambda$LaunchObserverRegistryImpl$veRn_GhgLZLlOHOJ0ZYT6KcfYqo.accept(Unknown Source:10)
08-14 21:32:04.011   514   538 D EventSequenceValidator: 	at com.android.internal.util.function.pooled.PooledLambdaImpl.doInvoke(PooledLambdaImpl.java:292)
08-14 21:32:04.011   514   538 D EventSequenceValidator: 	at com.android.internal.util.function.pooled.PooledLambdaImpl.invoke(PooledLambdaImpl.java:201)
08-14 21:32:04.011   514   538 D EventSequenceValidator: 	at com.android.internal.util.function.pooled.OmniFunction.run(OmniFunction.java:97)
08-14 21:32:04.011   514   538 D EventSequenceValidator: 	at android.os.Handler.handleCallback(Handler.java:938)
08-14 21:32:04.011   514   538 D EventSequenceValidator: 	at android.os.Handler.dispatchMessage(Handler.java:99)
08-14 21:32:04.011   514   538 D EventSequenceValidator: 	at android.os.Looper.loop(Looper.java:223)
08-14 21:32:04.011   514   538 D EventSequenceValidator: 	at android.os.HandlerThread.run(HandlerThread.java:67)
08-14 21:32:04.011   514   538 D EventSequenceValidator: 	at com.android.server.ServiceThread.run(ServiceThread.java:44)
08-14 21:32:04.011   514   538 D EventSequenceValidator: inc AccIntentStartedEvents to 266
08-14 21:32:04.014   514   538 D EventSequenceValidator: onIntentFailed during UNKNOWN.
08-14 21:32:04.014   514   538 D EventSequenceValidator: java.lang.Throwable: EventSequenceValidator#getStackTrace
08-14 21:32:04.014   514   538 D EventSequenceValidator: 	at com.google.android.startop.iorap.EventSequenceValidator.logWarningWithStackTrace(EventSequenceValidator.java:260)
08-14 21:32:04.014   514   538 D EventSequenceValidator: 	at com.google.android.startop.iorap.EventSequenceValidator.onIntentFailed(EventSequenceValidator.java:130)
08-14 21:32:04.014   514   538 D EventSequenceValidator: 	at com.android.server.wm.LaunchObserverRegistryImpl.handleOnIntentFailed(LaunchObserverRegistryImpl.java:147)
08-14 21:32:04.014   514   538 D EventSequenceValidator: 	at com.android.server.wm.LaunchObserverRegistryImpl.lambda$KukKmVpn5W_1xSV6Dnp8wW2H2Ks(Unknown Source:0)
08-14 21:32:04.014   514   538 D EventSequenceValidator: 	at com.android.server.wm.-$$Lambda$LaunchObserverRegistryImpl$KukKmVpn5W_1xSV6Dnp8wW2H2Ks.accept(Unknown Source:2)
08-14 21:32:04.014   514   538 D EventSequenceValidator: 	at com.android.internal.util.function.pooled.PooledLambdaImpl.doInvoke(PooledLambdaImpl.java:264)
08-14 21:32:04.014   514   538 D EventSequenceValidator: 	at com.android.internal.util.function.pooled.PooledLambdaImpl.invoke(PooledLambdaImpl.java:201)
08-14 21:32:04.014   514   538 D EventSequenceValidator: 	at com.android.internal.util.function.pooled.OmniFunction.run(OmniFunction.java:97)
08-14 21:32:04.014   514   538 D EventSequenceValidator: 	at android.os.Handler.handleCallback(Handler.java:938)
08-14 21:32:04.014   514   538 D EventSequenceValidator: 	at android.os.Handler.dispatchMessage(Handler.java:99)
08-14 21:32:04.014   514   538 D EventSequenceValidator: 	at android.os.Looper.loop(Looper.java:223)
08-14 21:32:04.014   514   538 D EventSequenceValidator: 	at android.os.HandlerThread.run(HandlerThread.java:67)
08-14 21:32:04.014   514   538 D EventSequenceValidator: 	at com.android.server.ServiceThread.run(ServiceThread.java:44)
08-14 21:32:04.014   514   538 D EventSequenceValidator: dec AccIntentStartedEvents to 265
08-14 21:32:04.015   514   532 W ActivityManager: Unable to start service Intent { act=android.service.appprediction.AppPredictionService cmp=com.google.android.as/com.google.android.apps.miphone.aiai.app.AiAiPredictionService } U=0: not found
08-14 21:32:04.015   514   532 W RemoteAppPredictionService: could not bind to Intent { act=android.service.appprediction.AppPredictionService cmp=com.google.android.as/com.google.android.apps.miphone.aiai.app.AiAiPredictionService } using flags 67108865
08-14 21:32:04.021   698   698 V ShadeControllerImpl: NotificationShadeWindow: com.android.systemui.statusbar.phone.NotificationShadeWindowView{7fdbfeb I.E...... ......ID 0,0-1080,1920} canPanelBeCollapsed(): false
08-14 21:32:04.026   514   538 I ActivityManager: Killing 31887:com.ext.ui/u0a165 (adj 965): empty for 1801s
08-14 21:32:04.028   698   698 V ShadeControllerImpl: NotificationShadeWindow: com.android.systemui.statusbar.phone.NotificationShadeWindowView{7fdbfeb I.E...... ......ID 0,0-1080,1920} canPanelBeCollapsed(): false
08-14 21:32:04.046   290   290 I Zygote  : Process 31887 exited due to signal 9 (Killed)
08-14 21:32:04.076   514   548 I libprocessgroup: Successfully killed process cgroup uid 10165 pid 31887 in 45ms
08-14 21:32:04.105  1047  1060 W s.nexuslaunche: Reducing the number of considered missed Gc histogram windows from 980 to 100
08-14 21:32:06.582   174   174 I servicemanager: Notifying apexservice they have clients: 1
08-14 21:32:08.913   514   538 D EventSequenceValidator: IntentStarted during UNKNOWN. Intent { act=android.intent.action.MAIN cat=[android.intent.category.LAUNCHER] flg=0x10000000 cmp=com.twitter.android/.StartActivity }
08-14 21:32:08.913   514   538 D EventSequenceValidator: java.lang.Throwable: EventSequenceValidator#getStackTrace
08-14 21:32:08.913   514   538 D EventSequenceValidator: 	at com.google.android.startop.iorap.EventSequenceValidator.logWarningWithStackTrace(EventSequenceValidator.java:260)
08-14 21:32:08.913   514   538 D EventSequenceValidator: 	at com.google.android.startop.iorap.EventSequenceValidator.onIntentStarted(EventSequenceValidator.java:106)
08-14 21:32:08.913   514   538 D EventSequenceValidator: 	at com.android.server.wm.LaunchObserverRegistryImpl.handleOnIntentStarted(LaunchObserverRegistryImpl.java:139)
08-14 21:32:08.913   514   538 D EventSequenceValidator: 	at com.android.server.wm.LaunchObserverRegistryImpl.lambda$veRn_GhgLZLlOHOJ0ZYT6KcfYqo(Unknown Source:0)
08-14 21:32:08.913   514   538 D EventSequenceValidator: 	at com.android.server.wm.-$$Lambda$LaunchObserverRegistryImpl$veRn_GhgLZLlOHOJ0ZYT6KcfYqo.accept(Unknown Source:10)
08-14 21:32:08.913   514   538 D EventSequenceValidator: 	at com.android.internal.util.function.pooled.PooledLambdaImpl.doInvoke(PooledLambdaImpl.java:292)
08-14 21:32:08.913   514   538 D EventSequenceValidator: 	at com.android.internal.util.function.pooled.PooledLambdaImpl.invoke(PooledLambdaImpl.java:201)
08-14 21:32:08.913   514   538 D EventSequenceValidator: 	at com.android.internal.util.function.pooled.OmniFunction.run(OmniFunction.java:97)
08-14 21:32:08.913   514   538 D EventSequenceValidator: 	at android.os.Handler.handleCallback(Handler.java:938)
08-14 21:32:08.913   514   538 D EventSequenceValidator: 	at android.os.Handler.dispatchMessage(Handler.java:99)
08-14 21:32:08.913   514   538 D EventSequenceValidator: 	at android.os.Looper.loop(Looper.java:223)
08-14 21:32:08.913   514   538 D EventSequenceValidator: 	at android.os.HandlerThread.run(HandlerThread.java:67)
08-14 21:32:08.913   514   538 D EventSequenceValidator: 	at com.android.server.ServiceThread.run(ServiceThread.java:44)
08-14 21:32:08.913   514   538 D EventSequenceValidator: inc AccIntentStartedEvents to 266
08-14 21:32:08.914   514  2978 I ActivityTaskManager: START u0 {act=android.intent.action.MAIN cat=[android.intent.category.LAUNCHER] flg=0x10000000 cmp=com.twitter.android/.StartActivity} from uid 2000
08-14 21:32:08.949  1035  1038 I cmd     : oneway function results will be dropped but finished with status OK and parcel size 4
08-14 21:32:08.975   514   539 E system_server: Invalid ID 0x00000000.
08-14 21:32:08.985   514   538 E ActivityManager: Failure starting process com.twitter.android
08-14 21:32:08.985   514   538 E ActivityManager: java.lang.SecurityException: Package com.twitter.android is currently frozen!
08-14 21:32:08.985   514   538 E ActivityManager: 	at com.android.server.pm.PackageManagerService.checkPackageStartable(PackageManagerService.java:4451)
08-14 21:32:08.985   514   538 E ActivityManager: 	at com.android.server.am.ProcessList.startProcessLocked(ProcessList.java:1757)
08-14 21:32:08.985   514   538 E ActivityManager: 	at com.android.server.am.ProcessList.startProcessLocked(ProcessList.java:2319)
08-14 21:32:08.985   514   538 E ActivityManager: 	at com.android.server.am.ProcessList.startProcessLocked(ProcessList.java:2441)
08-14 21:32:08.985   514   538 E ActivityManager: 	at com.android.server.am.ActivityManagerService.startProcessLocked(ActivityManagerService.java:3148)
08-14 21:32:08.985   514   538 E ActivityManager: 	at com.android.server.am.ActivityManagerService$LocalService.startProcess(ActivityManagerService.java:19594)
08-14 21:32:08.985   514   538 E ActivityManager: 	at com.android.server.wm.-$$Lambda$qMFJUmfG50ZSjk7Tac67xBia0d4.accept(Unknown Source:29)
08-14 21:32:08.985   514   538 E ActivityManager: 	at com.android.internal.util.function.pooled.PooledLambdaImpl.doInvoke(PooledLambdaImpl.java:360)
08-14 21:32:08.985   514   538 E ActivityManager: 	at com.android.internal.util.function.pooled.PooledLambdaImpl.invoke(PooledLambdaImpl.java:201)
08-14 21:32:08.985   514   538 E ActivityManager: 	at com.android.internal.util.function.pooled.OmniFunction.run(OmniFunction.java:97)
08-14 21:32:08.985   514   538 E ActivityManager: 	at android.os.Handler.handleCallback(Handler.java:938)
08-14 21:32:08.985   514   538 E ActivityManager: 	at android.os.Handler.dispatchMessage(Handler.java:99)
08-14 21:32:08.985   514   538 E ActivityManager: 	at android.os.Looper.loop(Looper.java:223)
08-14 21:32:08.985   514   538 E ActivityManager: 	at android.os.HandlerThread.run(HandlerThread.java:67)
08-14 21:32:08.985   514   538 E ActivityManager: 	at com.android.server.ServiceThread.run(ServiceThread.java:44)
08-14 21:32:08.985   514   538 I ActivityManager: Force stopping com.twitter.android appid=10171 user=0: start failure
08-14 21:32:08.987   514   538 I WindowManager:   Force finishing activity ActivityRecord{4e682bd u0 com.twitter.android/.StartActivity t161}
08-14 21:32:09.003   514   538 W InputReader: Device virtio_input_multi_touch_9 is associated with display ADISPLAY_ID_NONE.
08-14 21:32:09.003   514   538 W InputReader: Device virtio_input_multi_touch_10 is associated with display ADISPLAY_ID_NONE.
08-14 21:32:09.003   514   538 W InputReader: Device virtio_input_multi_touch_7 is associated with display ADISPLAY_ID_NONE.
08-14 21:32:09.003   514   538 W InputReader: Device virtio_input_multi_touch_4 is associated with display ADISPLAY_ID_NONE.
08-14 21:32:09.003   514   538 W InputReader: Device virtio_input_multi_touch_11 is associated with display ADISPLAY_ID_NONE.
08-14 21:32:09.003   514   538 W InputReader: Device virtio_input_multi_touch_5 is associated with display ADISPLAY_ID_NONE.
08-14 21:32:09.003   514   538 W InputReader: Device virtio_input_multi_touch_2 is associated with display ADISPLAY_ID_NONE.
08-14 21:32:09.003   514   538 W InputReader: Device virtio_input_multi_touch_6 is associated with display ADISPLAY_ID_NONE.
08-14 21:32:09.003   514   538 W InputReader: Device virtio_input_multi_touch_3 is associated with display ADISPLAY_ID_NONE.
08-14 21:32:09.003   514   538 W InputReader: Device virtio_input_multi_touch_8 is associated with display ADISPLAY_ID_NONE.
08-14 21:32:09.014   514   538 W InputReader: Device virtio_input_multi_touch_9 is associated with display ADISPLAY_ID_NONE.
08-14 21:32:09.015   514   538 W InputReader: Device virtio_input_multi_touch_10 is associated with display ADISPLAY_ID_NONE.
08-14 21:32:09.015   514   538 W InputReader: Device virtio_input_multi_touch_7 is associated with display ADISPLAY_ID_NONE.
08-14 21:32:09.015   514   538 W InputReader: Device virtio_input_multi_touch_4 is associated with display ADISPLAY_ID_NONE.
08-14 21:32:09.015   514   538 W InputReader: Device virtio_input_multi_touch_11 is associated with display ADISPLAY_ID_NONE.
08-14 21:32:09.015   514   538 W InputReader: Device virtio_input_multi_touch_5 is associated with display ADISPLAY_ID_NONE.
08-14 21:32:09.015   514   538 W InputReader: Device virtio_input_multi_touch_2 is associated with display ADISPLAY_ID_NONE.
08-14 21:32:09.015   514   538 W InputReader: Device virtio_input_multi_touch_6 is associated with display ADISPLAY_ID_NONE.
08-14 21:32:09.015   514   538 W InputReader: Device virtio_input_multi_touch_3 is associated with display ADISPLAY_ID_NONE.
08-14 21:32:09.015   514   538 W InputReader: Device virtio_input_multi_touch_8 is associated with display ADISPLAY_ID_NONE.
08-14 21:32:09.037   514   539 W WindowManager: Attempted to add application window with unknown token Token{565f826 ActivityRecord{4e682bd u0 com.twitter.android/.StartActivity t-1 f}}}.  Aborting.
08-14 21:32:09.037   514   539 W WindowManager: Token{565f826 ActivityRecord{4e682bd u0 com.twitter.android/.StartActivity t-1 f}}} already running, starting window not displayed. Unable to add window -- token Token{565f826 ActivityRecord{4e682bd u0 com.twitter.android/.StartActivity t-1 f}}} is not valid; is your activity running?
08-14 21:32:09.037   514   539 W WindowManager: view not successfully added to wm, removing view
08-14 21:32:09.040   514   538 W ActivityManager: Slow operation: 68ms so far, now at startProcess: done starting proc!
08-14 21:32:09.043   514  3136 W ActivityManager: Unable to start service Intent { act=android.service.appprediction.AppPredictionService cmp=com.google.android.as/com.google.android.apps.miphone.aiai.app.AiAiPredictionService } U=0: not found
08-14 21:32:09.043   514  3136 W RemoteAppPredictionService: could not bind to Intent { act=android.service.appprediction.AppPredictionService cmp=com.google.android.as/com.google.android.apps.miphone.aiai.app.AiAiPredictionService } using flags 67108865
08-14 21:32:09.045   514   538 D EventSequenceValidator: onActivityLaunched during UNKNOWN.
08-14 21:32:09.045   514   538 D EventSequenceValidator: java.lang.Throwable: EventSequenceValidator#getStackTrace
08-14 21:32:09.045   514   538 D EventSequenceValidator: 	at com.google.android.startop.iorap.EventSequenceValidator.logWarningWithStackTrace(EventSequenceValidator.java:260)
08-14 21:32:09.045   514   538 D EventSequenceValidator: 	at com.google.android.startop.iorap.EventSequenceValidator.onActivityLaunched(EventSequenceValidator.java:149)
08-14 21:32:09.045   514   538 D EventSequenceValidator: 	at com.android.server.wm.LaunchObserverRegistryImpl.handleOnActivityLaunched(LaunchObserverRegistryImpl.java:157)
08-14 21:32:09.045   514   538 D EventSequenceValidator: 	at com.android.server.wm.LaunchObserverRegistryImpl.lambda$UGY1OclnLIQLMEL9B55qjERFf4o(Unknown Source:0)
08-14 21:32:09.045   514   538 D EventSequenceValidator: 	at com.android.server.wm.-$$Lambda$LaunchObserverRegistryImpl$UGY1OclnLIQLMEL9B55qjERFf4o.accept(Unknown Source:10)
08-14 21:32:09.045   514   538 D EventSequenceValidator: 	at com.android.internal.util.function.pooled.PooledLambdaImpl.doInvoke(PooledLambdaImpl.java:292)
08-14 21:32:09.045   514   538 D EventSequenceValidator: 	at com.android.internal.util.function.pooled.PooledLambdaImpl.invoke(PooledLambdaImpl.java:201)
08-14 21:32:09.045   514   538 D EventSequenceValidator: 	at com.android.internal.util.function.pooled.OmniFunction.run(OmniFunction.java:97)
08-14 21:32:09.045   514   538 D EventSequenceValidator: 	at android.os.Handler.handleCallback(Handler.java:938)
08-14 21:32:09.045   514   538 D EventSequenceValidator: 	at android.os.Handler.dispatchMessage(Handler.java:99)
08-14 21:32:09.045   514   538 D EventSequenceValidator: 	at android.os.Looper.loop(Looper.java:223)
08-14 21:32:09.045   514   538 D EventSequenceValidator: 	at android.os.HandlerThread.run(HandlerThread.java:67)
08-14 21:32:09.045   514   538 D EventSequenceValidator: 	at com.android.server.ServiceThread.run(ServiceThread.java:44)
08-14 21:32:09.046   514   538 E ActivityManager: Failure starting process com.twitter.android
08-14 21:32:09.046   514   538 E ActivityManager: java.lang.SecurityException: Package com.twitter.android is currently frozen!
08-14 21:32:09.046   514   538 E ActivityManager: 	at com.android.server.pm.PackageManagerService.checkPackageStartable(PackageManagerService.java:4451)
08-14 21:32:09.046   514   538 E ActivityManager: 	at com.android.server.am.ProcessList.startProcessLocked(ProcessList.java:1757)
08-14 21:32:09.046   514   538 E ActivityManager: 	at com.android.server.am.ProcessList.startProcessLocked(ProcessList.java:2319)
08-14 21:32:09.046   514   538 E ActivityManager: 	at com.android.server.am.ProcessList.startProcessLocked(ProcessList.java:2441)
08-14 21:32:09.046   514   538 E ActivityManager: 	at com.android.server.am.ActivityManagerService.startProcessLocked(ActivityManagerService.java:3148)
08-14 21:32:09.046   514   538 E ActivityManager: 	at com.android.server.am.ActivityManagerService$LocalService.startProcess(ActivityManagerService.java:19594)
08-14 21:32:09.046   514   538 E ActivityManager: 	at com.android.server.wm.-$$Lambda$qMFJUmfG50ZSjk7Tac67xBia0d4.accept(Unknown Source:29)
08-14 21:32:09.046   514   538 E ActivityManager: 	at com.android.internal.util.function.pooled.PooledLambdaImpl.doInvoke(PooledLambdaImpl.java:360)
08-14 21:32:09.046   514   538 E ActivityManager: 	at com.android.internal.util.function.pooled.PooledLambdaImpl.invoke(PooledLambdaImpl.java:201)
08-14 21:32:09.046   514   538 E ActivityManager: 	at com.android.internal.util.function.pooled.OmniFunction.run(OmniFunction.java:97)
08-14 21:32:09.046   514   538 E ActivityManager: 	at android.os.Handler.handleCallback(Handler.java:938)
08-14 21:32:09.046   514   538 E ActivityManager: 	at android.os.Handler.dispatchMessage(Handler.java:99)
08-14 21:32:09.046   514   538 E ActivityManager: 	at android.os.Looper.loop(Looper.java:223)
08-14 21:32:09.046   514   538 E ActivityManager: 	at android.os.HandlerThread.run(HandlerThread.java:67)
08-14 21:32:09.046   514   538 E ActivityManager: 	at com.android.server.ServiceThread.run(ServiceThread.java:44)
08-14 21:32:09.046   514   538 I ActivityManager: Force stopping com.twitter.android appid=10171 user=0: start failure
08-14 21:32:09.053   514   538 E ActivityManager: Failure starting process com.twitter.android
08-14 21:32:09.053   514   538 E ActivityManager: java.lang.SecurityException: Package com.twitter.android is currently frozen!
08-14 21:32:09.053   514   538 E ActivityManager: 	at com.android.server.pm.PackageManagerService.checkPackageStartable(PackageManagerService.java:4451)
08-14 21:32:09.053   514   538 E ActivityManager: 	at com.android.server.am.ProcessList.startProcessLocked(ProcessList.java:1757)
08-14 21:32:09.053   514   538 E ActivityManager: 	at com.android.server.am.ProcessList.startProcessLocked(ProcessList.java:2319)
08-14 21:32:09.053   514   538 E ActivityManager: 	at com.android.server.am.ProcessList.startProcessLocked(ProcessList.java:2441)
08-14 21:32:09.053   514   538 E ActivityManager: 	at com.android.server.am.ActivityManagerService.startProcessLocked(ActivityManagerService.java:3148)
08-14 21:32:09.053   514   538 E ActivityManager: 	at com.android.server.am.ActivityManagerService$LocalService.startProcess(ActivityManagerService.java:19594)
08-14 21:32:09.053   514   538 E ActivityManager: 	at com.android.server.wm.-$$Lambda$qMFJUmfG50ZSjk7Tac67xBia0d4.accept(Unknown Source:29)
08-14 21:32:09.053   514   538 E ActivityManager: 	at com.android.internal.util.function.pooled.PooledLambdaImpl.doInvoke(PooledLambdaImpl.java:360)
08-14 21:32:09.053   514   538 E ActivityManager: 	at com.android.internal.util.function.pooled.PooledLambdaImpl.invoke(PooledLambdaImpl.java:201)
08-14 21:32:09.053   514   538 E ActivityManager: 	at com.android.internal.util.function.pooled.OmniFunction.run(OmniFunction.java:97)
08-14 21:32:09.053   514   538 E ActivityManager: 	at android.os.Handler.handleCallback(Handler.java:938)
08-14 21:32:09.053   514   538 E ActivityManager: 	at android.os.Handler.dispatchMessage(Handler.java:99)
08-14 21:32:09.053   514   538 E ActivityManager: 	at android.os.Looper.loop(Looper.java:223)
08-14 21:32:09.053   514   538 E ActivityManager: 	at android.os.HandlerThread.run(HandlerThread.java:67)
08-14 21:32:09.053   514   538 E ActivityManager: 	at com.android.server.ServiceThread.run(ServiceThread.java:44)
08-14 21:32:09.053   514   538 I ActivityManager: Force stopping com.twitter.android appid=10171 user=0: start failure
08-14 21:32:09.163   852   852 W dex2oat32: Verification of void com.twitter.subsystem.composer.TweetBox.onFinishInflate() took 107.340ms (1434.69 bytecodes/s) (4736B approximate peak alloc)
08-14 21:32:09.193   514   538 I ActivityManager: Exiting empty application process 0:com.twitter.android/u0a171 (null)
08-14 21:32:09.200   514   538 D EventSequenceValidator: onActivityLaunchCancelled during UNKNOWN.
08-14 21:32:09.200   514   538 D EventSequenceValidator: java.lang.Throwable: EventSequenceValidator#getStackTrace
08-14 21:32:09.200   514   538 D EventSequenceValidator: 	at com.google.android.startop.iorap.EventSequenceValidator.logWarningWithStackTrace(EventSequenceValidator.java:260)
08-14 21:32:09.200   514   538 D EventSequenceValidator: 	at com.google.android.startop.iorap.EventSequenceValidator.onActivityLaunchCancelled(EventSequenceValidator.java:166)
08-14 21:32:09.200   514   538 D EventSequenceValidator: 	at com.android.server.wm.LaunchObserverRegistryImpl.handleOnActivityLaunchCancelled(LaunchObserverRegistryImpl.java:166)
08-14 21:32:09.200   514   538 D EventSequenceValidator: 	at com.android.server.wm.LaunchObserverRegistryImpl.lambda$lAGPwfsXJvBWsyG2rbEfo3sTv34(Unknown Source:0)
08-14 21:32:09.200   514   538 D EventSequenceValidator: 	at com.android.server.wm.-$$Lambda$LaunchObserverRegistryImpl$lAGPwfsXJvBWsyG2rbEfo3sTv34.accept(Unknown Source:4)
08-14 21:32:09.200   514   538 D EventSequenceValidator: 	at com.android.internal.util.function.pooled.PooledLambdaImpl.doInvoke(PooledLambdaImpl.java:278)
08-14 21:32:09.200   514   538 D EventSequenceValidator: 	at com.android.internal.util.function.pooled.PooledLambdaImpl.invoke(PooledLambdaImpl.java:201)
08-14 21:32:09.200   514   538 D EventSequenceValidator: 	at com.android.internal.util.function.pooled.OmniFunction.run(OmniFunction.java:97)
08-14 21:32:09.200   514   538 D EventSequenceValidator: 	at android.os.Handler.handleCallback(Handler.java:938)
08-14 21:32:09.200   514   538 D EventSequenceValidator: 	at android.os.Handler.dispatchMessage(Handler.java:99)
08-14 21:32:09.200   514   538 D EventSequenceValidator: 	at android.os.Looper.loop(Looper.java:223)
08-14 21:32:09.200   514   538 D EventSequenceValidator: 	at android.os.HandlerThread.run(HandlerThread.java:67)
08-14 21:32:09.200   514   538 D EventSequenceValidator: 	at com.android.server.ServiceThread.run(ServiceThread.java:44)
08-14 21:32:09.200   514   538 D EventSequenceValidator: dec AccIntentStartedEvents to 265
08-14 21:32:11.582   174   174 I servicemanager: Notifying apexservice they have clients: 0
08-14 21:32:11.596   174   174 I BpBinder: onLastStrongRef automatically unlinking death recipients: <uncached descriptor>
08-14 21:32:17.814  1118  1119 I cmd     : oneway function results will be dropped but finished with status OK and parcel size 4
08-14 21:32:09.194   514   538 I chatty  : uid=1000(system) android.display identical 1 line
08-14 21:32:09.194   514   538 I ActivityManager: Exiting empty application process 0:com.twitter.android/u0a171 (null)
08-14 21:32:19.225   514  2396 I ActivityTaskManager: START u0 {act=android.intent.action.MAIN cat=[android.intent.category.LAUNCHER] flg=0x10000000 cmp=com.twitter.android/.StartActivity} from uid 2000
08-14 21:32:19.226   514   538 D EventSequenceValidator: IntentStarted during UNKNOWN. Intent { act=android.intent.action.MAIN cat=[android.intent.category.LAUNCHER] flg=0x10000000 cmp=com.twitter.android/.StartActivity }
08-14 21:32:19.226   514   538 D EventSequenceValidator: java.lang.Throwable: EventSequenceValidator#getStackTrace
08-14 21:32:19.226   514   538 D EventSequenceValidator: 	at com.google.android.startop.iorap.EventSequenceValidator.logWarningWithStackTrace(EventSequenceValidator.java:260)
08-14 21:32:19.226   514   538 D EventSequenceValidator: 	at com.google.android.startop.iorap.EventSequenceValidator.onIntentStarted(EventSequenceValidator.java:106)
08-14 21:32:19.226   514   538 D EventSequenceValidator: 	at com.android.server.wm.LaunchObserverRegistryImpl.handleOnIntentStarted(LaunchObserverRegistryImpl.java:139)
08-14 21:32:19.226   514   538 D EventSequenceValidator: 	at com.android.server.wm.LaunchObserverRegistryImpl.lambda$veRn_GhgLZLlOHOJ0ZYT6KcfYqo(Unknown Source:0)
08-14 21:32:19.226   514   538 D EventSequenceValidator: 	at com.android.server.wm.-$$Lambda$LaunchObserverRegistryImpl$veRn_GhgLZLlOHOJ0ZYT6KcfYqo.accept(Unknown Source:10)
08-14 21:32:19.226   514   538 D EventSequenceValidator: 	at com.android.internal.util.function.pooled.PooledLambdaImpl.doInvoke(PooledLambdaImpl.java:292)
08-14 21:32:19.226   514   538 D EventSequenceValidator: 	at com.android.internal.util.function.pooled.PooledLambdaImpl.invoke(PooledLambdaImpl.java:201)
08-14 21:32:19.226   514   538 D EventSequenceValidator: 	at com.android.internal.util.function.pooled.OmniFunction.run(OmniFunction.java:97)
08-14 21:32:19.226   514   538 D EventSequenceValidator: 	at android.os.Handler.handleCallback(Handler.java:938)
08-14 21:32:19.226   514   538 D EventSequenceValidator: 	at android.os.Handler.dispatchMessage(Handler.java:99)
08-14 21:32:19.226   514   538 D EventSequenceValidator: 	at android.os.Looper.loop(Looper.java:223)
08-14 21:32:19.226   514   538 D EventSequenceValidator: 	at android.os.HandlerThread.run(HandlerThread.java:67)
08-14 21:32:19.226   514   538 D EventSequenceValidator: 	at com.android.server.ServiceThread.run(ServiceThread.java:44)
08-14 21:32:19.226   514   538 D EventSequenceValidator: inc AccIntentStartedEvents to 266
08-14 21:32:19.256   514   538 E ActivityManager: Failure starting process com.twitter.android
08-14 21:32:19.256   514   538 E ActivityManager: java.lang.SecurityException: Package com.twitter.android is currently frozen!
08-14 21:32:19.256   514   538 E ActivityManager: 	at com.android.server.pm.PackageManagerService.checkPackageStartable(PackageManagerService.java:4451)
08-14 21:32:19.256   514   538 E ActivityManager: 	at com.android.server.am.ProcessList.startProcessLocked(ProcessList.java:1757)
08-14 21:32:19.256   514   538 E ActivityManager: 	at com.android.server.am.ProcessList.startProcessLocked(ProcessList.java:2319)
08-14 21:32:19.256   514   538 E ActivityManager: 	at com.android.server.am.ProcessList.startProcessLocked(ProcessList.java:2441)
08-14 21:32:19.256   514   538 E ActivityManager: 	at com.android.server.am.ActivityManagerService.startProcessLocked(ActivityManagerService.java:3148)
08-14 21:32:19.256   514   538 E ActivityManager: 	at com.android.server.am.ActivityManagerService$LocalService.startProcess(ActivityManagerService.java:19594)
08-14 21:32:19.256   514   538 E ActivityManager: 	at com.android.server.wm.-$$Lambda$qMFJUmfG50ZSjk7Tac67xBia0d4.accept(Unknown Source:29)
08-14 21:32:19.256   514   538 E ActivityManager: 	at com.android.internal.util.function.pooled.PooledLambdaImpl.doInvoke(PooledLambdaImpl.java:360)
08-14 21:32:19.256   514   538 E ActivityManager: 	at com.android.internal.util.function.pooled.PooledLambdaImpl.invoke(PooledLambdaImpl.java:201)
08-14 21:32:19.256   514   538 E ActivityManager: 	at com.android.internal.util.function.pooled.OmniFunction.run(OmniFunction.java:97)
08-14 21:32:19.256   514   538 E ActivityManager: 	at android.os.Handler.handleCallback(Handler.java:938)
08-14 21:32:19.256   514   538 E ActivityManager: 	at android.os.Handler.dispatchMessage(Handler.java:99)
08-14 21:32:19.256   514   538 E ActivityManager: 	at android.os.Looper.loop(Looper.java:223)
08-14 21:32:19.256   514   538 E ActivityManager: 	at android.os.HandlerThread.run(HandlerThread.java:67)
08-14 21:32:19.256   514   538 E ActivityManager: 	at com.android.server.ServiceThread.run(ServiceThread.java:44)
08-14 21:32:19.256   514   538 I ActivityManager: Force stopping com.twitter.android appid=10171 user=0: start failure
08-14 21:32:19.258   514   538 I WindowManager:   Force finishing activity ActivityRecord{c9d4310 u0 com.twitter.android/.StartActivity t162}
08-14 21:32:19.260   514   538 W InputReader: Device virtio_input_multi_touch_9 is associated with display ADISPLAY_ID_NONE.
08-14 21:32:19.260   514   538 W InputReader: Device virtio_input_multi_touch_10 is associated with display ADISPLAY_ID_NONE.
08-14 21:32:19.260   514   538 W InputReader: Device virtio_input_multi_touch_7 is associated with display ADISPLAY_ID_NONE.
08-14 21:32:19.260   514   538 W InputReader: Device virtio_input_multi_touch_4 is associated with display ADISPLAY_ID_NONE.
08-14 21:32:19.260   514   538 W InputReader: Device virtio_input_multi_touch_11 is associated with display ADISPLAY_ID_NONE.
08-14 21:32:19.260   514   538 W InputReader: Device virtio_input_multi_touch_5 is associated with display ADISPLAY_ID_NONE.
08-14 21:32:19.260   514   538 W InputReader: Device virtio_input_multi_touch_2 is associated with display ADISPLAY_ID_NONE.
08-14 21:32:19.260   514   538 W InputReader: Device virtio_input_multi_touch_6 is associated with display ADISPLAY_ID_NONE.
08-14 21:32:19.260   514   538 W InputReader: Device virtio_input_multi_touch_3 is associated with display ADISPLAY_ID_NONE.
08-14 21:32:19.260   514   538 W InputReader: Device virtio_input_multi_touch_8 is associated with display ADISPLAY_ID_NONE.
08-14 21:32:19.261   514   538 W InputReader: Device virtio_input_multi_touch_9 is associated with display ADISPLAY_ID_NONE.
08-14 21:32:19.261   514   538 W InputReader: Device virtio_input_multi_touch_10 is associated with display ADISPLAY_ID_NONE.
08-14 21:32:19.261   514   538 W InputReader: Device virtio_input_multi_touch_7 is associated with display ADISPLAY_ID_NONE.
08-14 21:32:19.261   514   538 W InputReader: Device virtio_input_multi_touch_4 is associated with display ADISPLAY_ID_NONE.
08-14 21:32:19.261   514   538 W InputReader: Device virtio_input_multi_touch_11 is associated with display ADISPLAY_ID_NONE.
08-14 21:32:19.261   514   538 W InputReader: Device virtio_input_multi_touch_5 is associated with display ADISPLAY_ID_NONE.
08-14 21:32:19.261   514   538 W InputReader: Device virtio_input_multi_touch_2 is associated with display ADISPLAY_ID_NONE.
08-14 21:32:19.261   514   538 W InputReader: Device virtio_input_multi_touch_6 is associated with display ADISPLAY_ID_NONE.
08-14 21:32:19.261   514   538 W InputReader: Device virtio_input_multi_touch_3 is associated with display ADISPLAY_ID_NONE.
08-14 21:32:19.261   514   538 W InputReader: Device virtio_input_multi_touch_8 is associated with display ADISPLAY_ID_NONE.
08-14 21:32:19.272   514   539 W WindowManager: Attempted to add application window with unknown token Token{9a2cbd3 ActivityRecord{c9d4310 u0 com.twitter.android/.StartActivity t-1 f}}}.  Aborting.
08-14 21:32:19.272   514   539 W WindowManager: Token{9a2cbd3 ActivityRecord{c9d4310 u0 com.twitter.android/.StartActivity t-1 f}}} already running, starting window not displayed. Unable to add window -- token Token{9a2cbd3 ActivityRecord{c9d4310 u0 com.twitter.android/.StartActivity t-1 f}}} is not valid; is your activity running?
08-14 21:32:19.273   514   539 W WindowManager: view not successfully added to wm, removing view
08-14 21:32:19.273   514   538 D EventSequenceValidator: onActivityLaunched during UNKNOWN.
08-14 21:32:19.273   514   538 D EventSequenceValidator: java.lang.Throwable: EventSequenceValidator#getStackTrace
08-14 21:32:19.273   514   538 D EventSequenceValidator: 	at com.google.android.startop.iorap.EventSequenceValidator.logWarningWithStackTrace(EventSequenceValidator.java:260)
08-14 21:32:19.273   514   538 D EventSequenceValidator: 	at com.google.android.startop.iorap.EventSequenceValidator.onActivityLaunched(EventSequenceValidator.java:149)
08-14 21:32:19.273   514   538 D EventSequenceValidator: 	at com.android.server.wm.LaunchObserverRegistryImpl.handleOnActivityLaunched(LaunchObserverRegistryImpl.java:157)
08-14 21:32:19.273   514   538 D EventSequenceValidator: 	at com.android.server.wm.LaunchObserverRegistryImpl.lambda$UGY1OclnLIQLMEL9B55qjERFf4o(Unknown Source:0)
08-14 21:32:19.273   514   538 D EventSequenceValidator: 	at com.android.server.wm.-$$Lambda$LaunchObserverRegistryImpl$UGY1OclnLIQLMEL9B55qjERFf4o.accept(Unknown Source:10)
08-14 21:32:19.273   514   538 D EventSequenceValidator: 	at com.android.internal.util.function.pooled.PooledLambdaImpl.doInvoke(PooledLambdaImpl.java:292)
08-14 21:32:19.273   514   538 D EventSequenceValidator: 	at com.android.internal.util.function.pooled.PooledLambdaImpl.invoke(PooledLambdaImpl.java:201)
08-14 21:32:19.273   514   538 D EventSequenceValidator: 	at com.android.internal.util.function.pooled.OmniFunction.run(OmniFunction.java:97)
08-14 21:32:19.273   514   538 D EventSequenceValidator: 	at android.os.Handler.handleCallback(Handler.java:938)
08-14 21:32:19.273   514   538 D EventSequenceValidator: 	at android.os.Handler.dispatchMessage(Handler.java:99)
08-14 21:32:19.273   514   538 D EventSequenceValidator: 	at android.os.Looper.loop(Looper.java:223)
08-14 21:32:19.273   514   538 D EventSequenceValidator: 	at android.os.HandlerThread.run(HandlerThread.java:67)
08-14 21:32:19.273   514   538 D EventSequenceValidator: 	at com.android.server.ServiceThread.run(ServiceThread.java:44)
08-14 21:32:19.277   514   538 E ActivityManager: Failure starting process com.twitter.android
08-14 21:32:19.277   514   538 E ActivityManager: java.lang.SecurityException: Package com.twitter.android is currently frozen!
08-14 21:32:19.277   514   538 E ActivityManager: 	at com.android.server.pm.PackageManagerService.checkPackageStartable(PackageManagerService.java:4451)
08-14 21:32:19.277   514   538 E ActivityManager: 	at com.android.server.am.ProcessList.startProcessLocked(ProcessList.java:1757)
08-14 21:32:19.277   514   538 E ActivityManager: 	at com.android.server.am.ProcessList.startProcessLocked(ProcessList.java:2319)
08-14 21:32:19.277   514   538 E ActivityManager: 	at com.android.server.am.ProcessList.startProcessLocked(ProcessList.java:2441)
08-14 21:32:19.277   514   538 E ActivityManager: 	at com.android.server.am.ActivityManagerService.startProcessLocked(ActivityManagerService.java:3148)
08-14 21:32:19.277   514   538 E ActivityManager: 	at com.android.server.am.ActivityManagerService$LocalService.startProcess(ActivityManagerService.java:19594)
