08-14 21:32:54.986   514  3136 W InputReader: Device virtio_input_multi_touch_9 is associated with display ADISPLAY_ID_NONE.
08-14 21:32:54.986   514  3136 W InputReader: Device virtio_input_multi_touch_10 is associated with display ADISPLAY_ID_NONE.
08-14 21:32:54.986   514  3136 W InputReader: Device virtio_input_multi_touch_7 is associated with display ADISPLAY_ID_NONE.
08-14 21:32:54.986   514  3136 W InputReader: Device virtio_input_multi_touch_4 is associated with display ADISPLAY_ID_NONE.
08-14 21:32:54.986   514  3136 W InputReader: Device virtio_input_multi_touch_11 is associated with display ADISPLAY_ID_NONE.
08-14 21:32:54.986   514  3136 W InputReader: Device virtio_input_multi_touch_5 is associated with display ADISPLAY_ID_NONE.
08-14 21:32:54.986   514  3136 W InputReader: Device virtio_input_multi_touch_2 is associated with display ADISPLAY_ID_NONE.
08-14 21:32:54.986   514  3136 W InputReader: Device virtio_input_multi_touch_6 is associated with display ADISPLAY_ID_NONE.
08-14 21:32:54.986   514  3136 W InputReader: Device virtio_input_multi_touch_3 is associated with display ADISPLAY_ID_NONE.
08-14 21:32:54.986   514  3136 W InputReader: Device virtio_input_multi_touch_8 is associated with display ADISPLAY_ID_NONE.
08-14 21:32:54.998  1362  1474 I WM-WorkerWrapper: Worker result SUCCESS for Work [ id=665d50d1-ac06-44b1-8ded-90a7e8da88fa, tags={ com.twitter.analytics.tracking.tpm.TpmIdSyncWorker } ]
08-14 21:32:55.077  1362  1362 I TwitterTwilightManager: Could not get last known location. This is probably because the app does not have any location permissions. Falling back to hardcoded sunrise/sunset values.
08-14 21:32:55.139   514   986 I ActivityTaskManager: START u0 {cmp=com.twitter.android/com.twitter.onboarding.ocf.loading.OcfStartFlowActivity (has extras)} from uid 10171
08-14 21:32:55.129  1362  1362 I TwitterTwilightManager: Could not get last known location. This is probably because the app does not have any location permissions. Falling back to hardcoded sunrise/sunset values.
08-14 21:32:55.142  1362  1464 D ApkSoSource: not allowing consideration of lib/x86/libMicrosoft.CognitiveServices.Speech.core.so: deferring to libdir
08-14 21:32:55.142  1362  1464 D ApkSoSource: not allowing consideration of lib/x86/libMicrosoft.CognitiveServices.Speech.extension.codec.so: deferring to libdir
08-14 21:32:55.143  1362  1464 D ApkSoSource: not allowing consideration of lib/x86/libMicrosoft.CognitiveServices.Speech.extension.kws.so: deferring to libdir
08-14 21:32:55.143  1362  1464 D ApkSoSource: not allowing consideration of lib/x86/libMicrosoft.CognitiveServices.Speech.extension.silk_codec.so: deferring to libdir
08-14 21:32:55.143  1362  1464 D ApkSoSource: not allowing consideration of lib/x86/libMicrosoft.CognitiveServices.Speech.java.bindings.so: deferring to libdir
08-14 21:32:55.143  1362  1464 D ApkSoSource: not allowing consideration of lib/x86/libbrotli-jni.so: deferring to libdir
08-14 21:32:55.143  1362  1464 D ApkSoSource: not allowing consideration of lib/x86/libbrotli.so: deferring to libdir
08-14 21:32:55.143  1362  1464 D ApkSoSource: not allowing consideration of lib/x86/libcrashlytics-common.so: deferring to libdir
08-14 21:32:55.143  1362  1464 D ApkSoSource: not allowing consideration of lib/x86/libcrashlytics-handler.so: deferring to libdir
08-14 21:32:55.143  1362  1464 D ApkSoSource: not allowing consideration of lib/x86/libcrashlytics-trampoline.so: deferring to libdir
08-14 21:32:55.143  1362  1464 D ApkSoSource: not allowing consideration of lib/x86/libcrashlytics.so: deferring to libdir
08-14 21:32:55.143  1362  1464 D ApkSoSource: not allowing consideration of lib/x86/libgifimage.so: deferring to libdir
08-14 21:32:55.144  1362  1464 D ApkSoSource: not allowing consideration of lib/x86/libimagepipeline.so: deferring to libdir
08-14 21:32:55.144  1362  1464 D ApkSoSource: not allowing consideration of lib/x86/libjingle_peerconnection_so.so: deferring to libdir
08-14 21:32:55.144  1362  1464 D ApkSoSource: not allowing consideration of lib/x86/libnative-filters.so: deferring to libdir
08-14 21:32:55.144  1362  1464 D ApkSoSource: not allowing consideration of lib/x86/libnative-imagetranscoder.so: deferring to libdir
08-14 21:32:55.145  1362  1464 D ApkSoSource: not allowing consideration of lib/x86/libopenclinformation.so: deferring to libdir
08-14 21:32:55.145  1362  1464 D ApkSoSource: not allowing consideration of lib/x86/libsqlite3x.so: deferring to libdir
08-14 21:32:55.145  1362  1464 D ApkSoSource: not allowing consideration of lib/x86/libstatic-webp.so: deferring to libdir
08-14 21:32:55.145  1362  1464 D ApkSoSource: not allowing consideration of lib/x86/libtwittermedia.so: deferring to libdir
08-14 21:32:55.145  1362  1464 D ApkSoSource: not allowing consideration of lib/x86/libzstd-jni-1.4.9-3.so: deferring to libdir
08-14 21:32:55.145  1362  1464 V fb-UnpackingSoSource: regenerating DSO store com.facebook.soloader.a
08-14 21:32:55.146  1362  1464 V fb-UnpackingSoSource: Finished regenerating DSO store com.facebook.soloader.a
08-14 21:32:55.146  1362  1464 V fb-UnpackingSoSource: starting syncer worker
08-14 21:32:55.226  1362  1464 V fb-UnpackingSoSource: releasing dso store lock for /data/user/0/com.twitter.android/lib-main (from syncer thread)
08-14 21:32:55.226  1362  1464 V fb-UnpackingSoSource: not releasing dso store lock for /data/user/0/com.twitter.android/lib-main (syncer thread started)
08-14 21:32:55.226  1362  1464 D SoLoader: init finish: 4 SO sources prepared
08-14 21:32:55.226  1362  1464 D SoLoader: init exiting
08-14 21:32:55.231   514   630 D ConnectivityService: releasing NetworkRequest [ TRACK_DEFAULT id=515, [ Capabilities: INTERNET&NOT_RESTRICTED&TRUSTED Uid: 10171 AdministratorUids: [] RequestorUid: 10171 RequestorPackageName: com.twitter.android] ] (release request)
08-14 21:32:55.250   889   889 D Telephony: isEmergencyPreferredAccount: subId=1, activeData=1
08-14 21:32:55.250   889   889 D Telephony: isEmergencyPreferredAccount: Device does not require preference.
08-14 21:32:55.252   514  2979 W ActivityTaskManager: Tried to set launchTime (0) < mLastActivityLaunchTime (44743227)
08-14 21:32:55.253   514  2979 W InputReader: Device virtio_input_multi_touch_9 is associated with display ADISPLAY_ID_NONE.
08-14 21:32:55.253   514  2979 W InputReader: Device virtio_input_multi_touch_10 is associated with display ADISPLAY_ID_NONE.
08-14 21:32:55.253   514  2979 W InputReader: Device virtio_input_multi_touch_7 is associated with display ADISPLAY_ID_NONE.
08-14 21:32:55.253   514  2979 W InputReader: Device virtio_input_multi_touch_4 is associated with display ADISPLAY_ID_NONE.
08-14 21:32:55.253   514  2979 W InputReader: Device virtio_input_multi_touch_11 is associated with display ADISPLAY_ID_NONE.
08-14 21:32:55.253   514  2979 W InputReader: Device virtio_input_multi_touch_5 is associated with display ADISPLAY_ID_NONE.
08-14 21:32:55.253   514  2979 W InputReader: Device virtio_input_multi_touch_2 is associated with display ADISPLAY_ID_NONE.
08-14 21:32:55.253   514  2979 W InputReader: Device virtio_input_multi_touch_6 is associated with display ADISPLAY_ID_NONE.
08-14 21:32:55.253   514  2979 W InputReader: Device virtio_input_multi_touch_3 is associated with display ADISPLAY_ID_NONE.
08-14 21:32:55.253   514  2979 W InputReader: Device virtio_input_multi_touch_8 is associated with display ADISPLAY_ID_NONE.
08-14 21:32:55.253   514  2979 W InputReader: Device virtio_input_multi_touch_9 is associated with display ADISPLAY_ID_NONE.
08-14 21:32:55.253   514  2979 W InputReader: Device virtio_input_multi_touch_10 is associated with display ADISPLAY_ID_NONE.
08-14 21:32:55.253   514  2979 W InputReader: Device virtio_input_multi_touch_7 is associated with display ADISPLAY_ID_NONE.
08-14 21:32:55.253   514  2979 W InputReader: Device virtio_input_multi_touch_4 is associated with display ADISPLAY_ID_NONE.
08-14 21:32:55.253   514  2979 W InputReader: Device virtio_input_multi_touch_11 is associated with display ADISPLAY_ID_NONE.
08-14 21:32:55.253   514  2979 W InputReader: Device virtio_input_multi_touch_5 is associated with display ADISPLAY_ID_NONE.
08-14 21:32:55.253   514  2979 W InputReader: Device virtio_input_multi_touch_2 is associated with display ADISPLAY_ID_NONE.
08-14 21:32:55.253   514  2979 W InputReader: Device virtio_input_multi_touch_6 is associated with display ADISPLAY_ID_NONE.
08-14 21:32:55.253   514  2979 W InputReader: Device virtio_input_multi_touch_3 is associated with display ADISPLAY_ID_NONE.
08-14 21:32:55.253   514  2979 W InputReader: Device virtio_input_multi_touch_8 is associated with display ADISPLAY_ID_NONE.
08-14 21:32:55.259   698   698 V KeyguardUpdateMonitor: onSubscriptionInfoChanged()
08-14 21:32:55.263  1362  1469 D SoLoader: init exiting
08-14 21:32:55.264  1362  1469 D SoLoader: About to load: libtwittermedia.so
08-14 21:32:55.265  1362  1469 D SoLoader: libtwittermedia.so not found on /data/data/com.twitter.android/lib-main
08-14 21:32:55.265  1362  1469 D SoLoader: libtwittermedia.so found on /data/app/~~jA7o4tezr8W08d7iyLwKFw==/com.twitter.android-p6O7CZ9JkWRnjpm3ZEic2w==/lib/x86
08-14 21:32:55.265  1362  1469 D SoLoader: Not resolving dependencies for libtwittermedia.so
08-14 21:32:55.270  1362  1469 D SoLoader: Loaded: libtwittermedia.so
08-14 21:32:55.283   698   698 V KeyguardUpdateMonitor: SubInfo:{id=1 iccId=890141032[****] simSlotIndex=0 carrierId=1 displayName=T-Mobile carrierName=T-Mobile nameSource=3 iconTint=-16746133 number=[****] dataRoaming=0 iconBitmap=android.graphics.Bitmap@f27784d mcc=310 mnc=260 countryIso=us isEmbedded=false nativeAccessRules=null cardString=890141032[****] cardId=-1 isOpportunistic=false groupUUID=null isGroupDisabled=false profileClass=-1 ehplmns=null hplmns=null subscriptionType=0 groupOwner=null carrierConfigAccessRules=null areUiccApplicationsEnabled=true}
08-14 21:32:55.507   514   562 I AppsFilter: interaction: PackageSetting{c4de200 com.example.gesturecapture.test/10152} -> PackageSetting{e3e8ff0 com.twitter.android/10171} BLOCKED
08-14 21:32:55.523   514   543 E system_server: No package ID 7f found for ID 0x7f08044a.
08-14 21:32:55.524   514   543 E system_server: No package ID 7f found for ID 0x7f1311d7.
08-14 21:32:55.524   514   543 E system_server: No package ID 7f found for ID 0x7f1311d7.
08-14 21:32:55.524   514   543 E system_server: No package ID 7f found for ID 0x7f080377.
08-14 21:32:55.524   514   543 E system_server: No package ID 7f found for ID 0x7f1311ca.
08-14 21:32:55.524   514   543 E system_server: No package ID 7f found for ID 0x7f1311ca.
08-14 21:32:55.524   514   543 E system_server: No package ID 7f found for ID 0x7f080399.
08-14 21:32:55.524   514   543 E system_server: No package ID 7f found for ID 0x7f1311d8.
08-14 21:32:55.524   514   543 E system_server: No package ID 7f found for ID 0x7f1311d8.
08-14 21:32:55.524   514   543 E system_server: No package ID 7f found for ID 0x7f080392.
08-14 21:32:55.524   514   543 E system_server: No package ID 7f found for ID 0x7f1311cc.
08-14 21:32:55.524   514   543 E system_server: No package ID 7f found for ID 0x7f1311cc.
08-14 21:32:55.524   514   543 E system_server: No package ID 7f found for ID 0x7f1311cb.
08-14 21:32:55.525   514   543 E ShortcutService: Ignoring excessive intent tag.
08-14 21:32:55.525   514   543 W ShortcutService: Invalid tag 'extra' found at depth 4
08-14 21:32:55.525   514   543 E system_server: No package ID 7f found for ID 0x7f080437.
08-14 21:32:55.525   514   543 E system_server: No package ID 7f found for ID 0x7f1311d4.
08-14 21:32:55.525   514   543 E system_server: No package ID 7f found for ID 0x7f1311d4.
08-14 21:32:55.525   514   543 E system_server: No package ID 7f found for ID 0x7f1311cb.
08-14 21:32:55.525   514   543 E ShortcutService: Ignoring excessive intent tag.
08-14 21:32:55.525   514   543 W ShortcutService: Invalid tag 'extra' found at depth 4
08-14 21:32:55.529   676   676 V AvrcpMediaPlayerList: mPackageChangedBroadcastReceiver: action: android.intent.action.PACKAGE_CHANGED
08-14 21:32:55.529   676   676 D AvrcpMediaPlayerList: Name of package changed: com.twitter.android
08-14 21:32:55.569   514   606 I InputReader: Reconfiguring input devices, changes=KEYBOARD_LAYOUTS | 
08-14 21:32:55.584   514   514 W Looper  : Slow dispatch took 273ms main h=com.android.server.job.JobSchedulerService$JobHandler c=null m=3
08-14 21:32:55.591  1362  1362 I TwitterTwilightManager: Could not get last known location. This is probably because the app does not have any location permissions. Falling back to hardcoded sunrise/sunset values.
08-14 21:32:55.599   514   514 W Looper  : Slow delivery took 204ms main h=com.android.server.AlarmManagerService$AlarmHandler c=null m=8
08-14 21:32:55.633   514   535 I RoleManagerService: Granting default roles...
08-14 21:32:55.675  1362  1362 I TwitterTwilightManager: Could not get last known location. This is probably because the app does not have any location permissions. Falling back to hardcoded sunrise/sunset values.
08-14 21:32:55.680   889   889 D CarrierSvcBindHelper: No carrier app for: 0
08-14 21:32:55.725 32685  1527 I PBSessionCacheImpl: Deleted sessionId[143751779117517791] from persistence.
08-14 21:32:55.734  1182  1525 I Fitness : OnPackageChangedOperation got intent: Intent { act=android.intent.action.PACKAGE_CHANGED dat=package:com.twitter.android flg=0x45000010 pkg=com.google.android.gms cmp=com.google.android.gms/.chimera.PersistentIntentOperationService (has extras) } [CONTEXT service_id=17 ]
08-14 21:32:55.757  1362  1362 I twitter.androi: Waiting for a blocking GC ClassLinker
08-14 21:32:55.771  1182  1529 I Fitness : FitCleanupIntentOperation received Intent android.intent.action.PACKAGE_CHANGED [CONTEXT service_id=17 ]
08-14 21:32:55.777  1362  1487 V NativeCrypto: Registering com/google/android/gms/org/conscrypt/NativeCrypto's 294 native methods...
08-14 21:32:55.798   514   514 I Telecom : DefaultDialerCache: Refreshing default dialer for user 0: now com.google.android.dialer: DDC.oR@AeA
08-14 21:32:55.801  1182 30117 W Conscrypt: Could not set socket write timeout: java.net.SocketException: Socket closed
08-14 21:32:55.801  1182 30117 W Conscrypt: 	at com.google.android.gms.org.conscrypt.Platform.setSocketWriteTimeout(:com.google.android.gms@212116049@21.21.16 (150700-378233385):2)
08-14 21:32:55.801  1182 30117 W Conscrypt: 	at com.google.android.gms.org.conscrypt.ConscryptFileDescriptorSocket.setSoWriteTimeout(:com.google.android.gms@212116049@21.21.16 (150700-378233385):0)
08-14 21:32:55.829 32263 32601 I PermissionControllerServiceImpl: Updating user sensitive for uid 10171
08-14 21:32:55.905  1182  1182 W SystemServiceRegistry: No service published for: persistent_data_block
08-14 21:32:55.940  4448 22967 I Icing   : IndexChimeraService.getServiceInterface callingPackage=com.google.android.gms componentName=AppsCorpus serviceId=36
08-14 21:32:55.966 27157 27157 I SetupWizard: [apc] [logReason:Get Notification Priority, PersonalizationComplete: false, DPEnable: false, DPExisted: false, DPComplete: false, DAHPActions: 1, DAMPActions:2 , DAPAReason:Copy your data, set wallpaper, and more]
08-14 21:32:55.986   514   514 W Looper  : Drained
08-14 21:32:55.995  1182 30117 W Conscrypt: Could not set socket write timeout: java.net.SocketException: Socket closed
08-14 21:32:55.995  1182 30117 W Conscrypt: 	at com.google.android.gms.org.conscrypt.Platform.setSocketWriteTimeout(:com.google.android.gms@212116049@21.21.16 (150700-378233385):2)
08-14 21:32:55.996  1182 30117 W Conscrypt: 	at com.google.android.gms.org.conscrypt.ConscryptFileDescriptorSocket.setSoWriteTimeout(:com.google.android.gms@212116049@21.21.16 (150700-378233385):0)
08-14 21:32:56.022 27157 27170 W oid.setupwizar: Reducing the number of considered missed Gc histogram windows from 283 to 100
08-14 21:32:56.027   889   906 I m.android.phon: Background concurrent copying GC freed 52671(3449KB) AllocSpace objects, 0(0B) LOS objects, 49% free, 4116KB/8200KB, paused 1.250ms total 180.772ms
08-14 21:32:56.053 32685 32735 W SearchServiceCore: Abort, client detached.
08-14 21:32:56.076 32685 32735 I MicroDetectionState: Should stop hotword detection immediately - false
08-14 21:32:56.095  4448  1542 I GmsCoreXrpcWrapper: Returning a channel provider with trafficStatsTag=12803 trafficStatsUid=-1
08-14 21:32:56.102 27157 27157 I SetupWizard: [DeferredSetupNotificationSchedulerService] Deferred notification scheduled at Sat Aug 14 18:00:36 GMT 2021
08-14 21:32:56.135  4448 23041 I Icing   : IndexChimeraService.getServiceInterface callingPackage=com.google.android.gms componentName=null serviceId=30
08-14 21:32:56.142 27157 27157 I SetupWizard: [apc] [logReason:Get Notification Priority, PersonalizationComplete: false, DPEnable: false, DPExisted: false, DPComplete: false, DAHPActions: 1, DAMPActions:2 , DAPAReason:Copy your data, set wallpaper, and more]
08-14 21:32:56.147  1362  1487 I twitter.androi: Waiting for a blocking GC ClassLinker
08-14 21:32:56.182  1362  1391 I twitter.androi: Background young concurrent copying GC freed 231481(14MB) AllocSpace objects, 107(4696KB) LOS objects, 72% free, 9114KB/32MB, paused 12.524ms total 690.630ms
08-14 21:32:56.182  1362  1362 I twitter.androi: WaitForGcToComplete blocked ClassLinker on ClassLinker for 425.226ms
08-14 21:32:56.190  4448  1542 I Icing   : Usage reports ok 1, Failed Usage reports 0, indexed 0, rejected 0
08-14 21:32:56.197  1362  1487 I twitter.androi: WaitForGcToComplete blocked ClassLinker on ClassLinker for 50.207ms
08-14 21:32:56.197  1362  1487 I ProviderInstaller: Installed default security provider GmsCore_OpenSSL
08-14 21:32:56.260  1362  1487 W twitter.androi: Accessing hidden method Lcom/android/org/conscrypt/OpenSSLSocketImpl;->setAlpnProtocols([B)V (greylist-max-q,core-platform-api, reflection, denied)
08-14 21:32:56.261  1362  1487 W twitter.androi: Accessing hidden method Lcom/android/org/conscrypt/AbstractConscryptSocket;->setAlpnProtocols([B)V (greylist-max-q, reflection, denied)
08-14 21:32:56.261  1362  1487 W twitter.androi: Accessing hidden method Lcom/android/org/conscrypt/OpenSSLSocketImpl;->setAlpnProtocols([B)V (greylist-max-q,core-platform-api, reflection, denied)
08-14 21:32:56.261  1362  1487 W twitter.androi: Accessing hidden method Lcom/android/org/conscrypt/AbstractConscryptSocket;->setAlpnProtocols([B)V (greylist-max-q, reflection, denied)
08-14 21:32:56.261  1362  1487 W twitter.androi: Accessing hidden method Lcom/android/org/conscrypt/OpenSSLSocketImpl;->setAlpnProtocols([B)V (greylist-max-q,core-platform-api, reflection, denied)
08-14 21:32:56.262  1362  1487 W twitter.androi: Accessing hidden method Lcom/android/org/conscrypt/AbstractConscryptSocket;->setAlpnProtocols([B)V (greylist-max-q, reflection, denied)
08-14 21:32:56.262  1362  1487 W twitter.androi: Accessing hidden method Lcom/android/org/conscrypt/OpenSSLSocketImpl;->setAlpnProtocols([B)V (greylist-max-q,core-platform-api, reflection, denied)
08-14 21:32:56.262  1362  1487 W twitter.androi: Accessing hidden method Lcom/android/org/conscrypt/AbstractConscryptSocket;->setAlpnProtocols([B)V (greylist-max-q, reflection, denied)
08-14 21:32:56.262  1362  1487 W twitter.androi: Accessing hidden method Lcom/android/org/conscrypt/OpenSSLSocketImpl;->setAlpnProtocols([B)V (greylist-max-q,core-platform-api, reflection, denied)
08-14 21:32:56.262  1362  1487 W twitter.androi: Accessing hidden method Lcom/android/org/conscrypt/AbstractConscryptSocket;->setAlpnProtocols([B)V (greylist-max-q, reflection, denied)
08-14 21:32:56.262  1362  1487 W twitter.androi: Accessing hidden method Lcom/android/org/conscrypt/OpenSSLSocketImpl;->setAlpnProtocols([B)V (greylist-max-q,core-platform-api, reflection, denied)
08-14 21:32:56.262  1362  1487 W twitter.androi: Accessing hidden method Lcom/android/org/conscrypt/AbstractConscryptSocket;->setAlpnProtocols([B)V (greylist-max-q, reflection, denied)
08-14 21:32:56.263  1362  1487 W twitter.androi: Accessing hidden method Lcom/android/org/conscrypt/OpenSSLSocketImpl;->setAlpnProtocols([B)V (greylist-max-q,core-platform-api, reflection, denied)
08-14 21:32:56.263  1362  1487 W twitter.androi: Accessing hidden method Lcom/android/org/conscrypt/AbstractConscryptSocket;->setAlpnProtocols([B)V (greylist-max-q, reflection, denied)
08-14 21:32:56.263  1362  1487 W twitter.androi: Accessing hidden method Lcom/android/org/conscrypt/OpenSSLSocketImpl;->setAlpnProtocols([B)V (greylist-max-q,core-platform-api, reflection, denied)
08-14 21:32:56.263  1362  1487 W twitter.androi: Accessing hidden method Lcom/android/org/conscrypt/AbstractConscryptSocket;->setAlpnProtocols([B)V (greylist-max-q, reflection, denied)
08-14 21:32:56.263  1362  1487 W twitter.androi: Accessing hidden method Lcom/android/org/conscrypt/OpenSSLSocketImpl;->setAlpnProtocols([B)V (greylist-max-q,core-platform-api, reflection, denied)
08-14 21:32:56.263  1362  1487 W twitter.androi: Accessing hidden method Lcom/android/org/conscrypt/AbstractConscryptSocket;->setAlpnProtocols([B)V (greylist-max-q, reflection, denied)
08-14 21:32:56.263  1362  1487 W twitter.androi: Accessing hidden method Lcom/android/org/conscrypt/OpenSSLSocketImpl;->setAlpnProtocols([B)V (greylist-max-q,core-platform-api, reflection, denied)
08-14 21:32:56.263  1362  1487 W twitter.androi: Accessing hidden method Lcom/android/org/conscrypt/AbstractConscryptSocket;->setAlpnProtocols([B)V (greylist-max-q, reflection, denied)
08-14 21:32:56.264  1362  1487 W twitter.androi: Accessing hidden method Lcom/android/org/conscrypt/OpenSSLSocketImpl;->setAlpnProtocols([B)V (greylist-max-q,core-platform-api, reflection, denied)
08-14 21:32:56.277  1362  1487 W twitter.androi: Accessing hidden method Lcom/android/org/conscrypt/AbstractConscryptSocket;->setAlpnProtocols([B)V (greylist-max-q, reflection, denied)
08-14 21:32:56.277  1362  1362 I Choreographer: Skipped 60 frames!  The application may be doing too much work on its main thread.
08-14 21:32:56.277  1362  1487 W twitter.androi: Accessing hidden method Lcom/android/org/conscrypt/OpenSSLSocketImpl;->setAlpnProtocols([B)V (greylist-max-q,core-platform-api, reflection, denied)
08-14 21:32:56.277  1362  1487 W twitter.androi: Accessing hidden method Lcom/android/org/conscrypt/AbstractConscryptSocket;->setAlpnProtocols([B)V (greylist-max-q, reflection, denied)
08-14 21:32:56.277  1362  1487 W twitter.androi: Accessing hidden method Lcom/android/org/conscrypt/OpenSSLSocketImpl;->setAlpnProtocols([B)V (greylist-max-q,core-platform-api, reflection, denied)
08-14 21:32:56.277  1362  1487 W twitter.androi: Accessing hidden method Lcom/android/org/conscrypt/AbstractConscryptSocket;->setAlpnProtocols([B)V (greylist-max-q, reflection, denied)
08-14 21:32:56.278  1362  1487 W twitter.androi: Accessing hidden method Lcom/android/org/conscrypt/OpenSSLSocketImpl;->setAlpnProtocols([B)V (greylist-max-q,core-platform-api, reflection, denied)
08-14 21:32:56.278  1362  1487 W twitter.androi: Accessing hidden method Lcom/android/org/conscrypt/AbstractConscryptSocket;->setAlpnProtocols([B)V (greylist-max-q, reflection, denied)
08-14 21:32:56.319  4448  1542 I GmsCoreXrpcWrapper: Returning a channel provider with trafficStatsTag=12803 trafficStatsUid=-1
08-14 21:32:56.356  1362  1477 D HostConnection: HostConnection::get() New Host Connection established 0xf5b529d0, tid 1477
08-14 21:32:56.362  1362  1477 D HostConnection: HostComposition ext ANDROID_EMU_CHECKSUM_HELPER_v1 ANDROID_EMU_native_sync_v2 ANDROID_EMU_native_sync_v3 ANDROID_EMU_native_sync_v4 ANDROID_EMU_dma_v1 ANDROID_EMU_direct_mem ANDROID_EMU_host_composition_v1 ANDROID_EMU_host_composition_v2 ANDROID_EMU_YUV_Cache ANDROID_EMU_async_unmap_buffer GL_OES_vertex_array_object GL_KHR_texture_compression_astc_ldr ANDROID_EMU_gles_max_version_2 
08-14 21:32:56.368  4448  1542 I Icing   : Usage reports ok 0, Failed Usage reports 0, indexed 0, rejected 0
08-14 21:32:56.370  4448  1542 I Icing   : Indexing com.google.android.gms-apps from com.google.android.gms
08-14 21:32:56.380  1362  1477 W OpenGLRenderer: Failed to choose config with EGL_SWAP_BEHAVIOR_PRESERVED, retrying without...
08-14 21:32:56.381  4448  1542 I Icing   : Indexing done com.google.android.gms-apps
08-14 21:32:56.421  1362  1487 W ContextImpl: Failed to ensure /storage/emulated/0/Android/data/com.twitter.android/cache: android.os.ServiceSpecificException:  (code -1)
08-14 21:32:56.424  1362  1477 D EGL_emulation: eglCreateContext: 0xd4a06a60: maj 2 min 0 rcv 2
08-14 21:32:56.428  1362  1477 D EGL_emulation: eglMakeCurrent: 0xd4a06a60: ver 2 0 (tinfo 0xc2201270) (first time)
08-14 21:32:56.437   698   698 D InterruptionStateProvider: No bubble up: not allowed to bubble: 0|com.google.android.setupwizard|3|DeferredSetupNotification|10100
08-14 21:32:56.438   698   698 D InterruptionStateProvider: No heads up: unimportant notification: 0|com.google.android.setupwizard|3|DeferredSetupNotification|10100
08-14 21:32:56.439   312   312 D goldfish-address-space: allocate: Ask for block of size 0x7e9000
08-14 21:32:56.439   312   312 D goldfish-address-space: allocate: ioctl allocate returned offset 0x3fba42000 size 0x7ea000
08-14 21:32:56.453   175   175 I hwservicemanager: getTransport: Cannot find entry android.hardware.graphics.mapper@4.0::IMapper/default in either framework or device manifest.
08-14 21:32:56.453  1362  1477 I Gralloc4: mapper 4.x is not supported
08-14 21:32:56.457  1362  1477 D HostConnection: createUnique: call
08-14 21:32:56.458  1362  1477 D HostConnection: HostConnection::get() New Host Connection established 0xf5b51e90, tid 1477
08-14 21:32:56.458  1362  1477 D goldfish-address-space: allocate: Ask for block of size 0x100
08-14 21:32:56.458  1362  1477 D goldfish-address-space: allocate: ioctl allocate returned offset 0x3fd06b000 size 0x2000
08-14 21:32:56.538  1362  1477 D HostConnection: HostComposition ext ANDROID_EMU_CHECKSUM_HELPER_v1 ANDROID_EMU_native_sync_v2 ANDROID_EMU_native_sync_v3 ANDROID_EMU_native_sync_v4 ANDROID_EMU_dma_v1 ANDROID_EMU_direct_mem ANDROID_EMU_host_composition_v1 ANDROID_EMU_host_composition_v2 ANDROID_EMU_YUV_Cache ANDROID_EMU_async_unmap_buffer GL_OES_vertex_array_object GL_KHR_texture_compression_astc_ldr ANDROID_EMU_gles_max_version_2 
08-14 21:32:56.544   312   312 D goldfish-address-space: allocate: Ask for block of size 0x7e9000
08-14 21:32:56.544   312   312 D goldfish-address-space: allocate: ioctl allocate returned offset 0x3fb258000 size 0x7ea000
08-14 21:32:56.558   312   312 D goldfish-address-space: allocate: Ask for block of size 0x7e9000
08-14 21:32:56.558   312   312 D goldfish-address-space: allocate: ioctl allocate returned offset 0x3faa6e000 size 0x7ea000
08-14 21:32:56.649   514   538 D EventSequenceValidator: onActivityLaunchFinished during UNKNOWN.
08-14 21:32:56.649   514   538 D EventSequenceValidator: java.lang.Throwable: EventSequenceValidator#getStackTrace
08-14 21:32:56.649   514   538 D EventSequenceValidator: 	at com.google.android.startop.iorap.EventSequenceValidator.logWarningWithStackTrace(EventSequenceValidator.java:260)
08-14 21:32:56.649   514   538 D EventSequenceValidator: 	at com.google.android.startop.iorap.EventSequenceValidator.onActivityLaunchFinished(EventSequenceValidator.java:185)
08-14 21:32:56.649   514   538 D EventSequenceValidator: 	at com.android.server.wm.LaunchObserverRegistryImpl.handleOnActivityLaunchFinished(LaunchObserverRegistryImpl.java:175)
08-14 21:32:56.649   514   538 D EventSequenceValidator: 	at com.android.server.wm.LaunchObserverRegistryImpl.lambda$QcawcFcJtEX4EhYptq_Vb4j368Y(Unknown Source:0)
08-14 21:32:56.649   514   538 D EventSequenceValidator: 	at com.android.server.wm.-$$Lambda$LaunchObserverRegistryImpl$QcawcFcJtEX4EhYptq_Vb4j368Y.accept(Unknown Source:10)
08-14 21:32:56.649   514   538 D EventSequenceValidator: 	at com.android.internal.util.function.pooled.PooledLambdaImpl.doInvoke(PooledLambdaImpl.java:292)
08-14 21:32:56.649   514   538 D EventSequenceValidator: 	at com.android.internal.util.function.pooled.PooledLambdaImpl.invoke(PooledLambdaImpl.java:201)
08-14 21:32:56.649   514   538 D EventSequenceValidator: 	at com.android.internal.util.function.pooled.OmniFunction.run(OmniFunction.java:97)
08-14 21:32:56.649   514   538 D EventSequenceValidator: 	at android.os.Handler.handleCallback(Handler.java:938)
08-14 21:32:56.649   514   538 D EventSequenceValidator: 	at android.os.Handler.dispatchMessage(Handler.java:99)
08-14 21:32:56.649   514   538 D EventSequenceValidator: 	at android.os.Looper.loop(Looper.java:223)
08-14 21:32:56.649   514   538 D EventSequenceValidator: 	at android.os.HandlerThread.run(HandlerThread.java:67)
08-14 21:32:56.649   514   538 D EventSequenceValidator: 	at com.android.server.ServiceThread.run(ServiceThread.java:44)
08-14 21:32:56.649   514   538 D EventSequenceValidator: dec AccIntentStartedEvents to 265
08-14 21:32:56.661   514   543 D ArtManagerInternalImpl: /data/misc/iorapd/com.twitter.android/29060001/com.twitter.onboarding.ocf.loading.OcfStartFlowActivity/compiled_traces/compiled_trace.pb doesn't exist
08-14 21:32:56.675   514   543 I ActivityTaskManager: Displayed com.twitter.android/com.twitter.onboarding.ocf.loading.OcfStartFlowActivity: +3s283ms
08-14 21:32:56.688  1362  1474 I WM-WorkerWrapper: Worker result SUCCESS for Work [ id=0185f14e-11ac-4ece-aaa7-9584c2689626, tags={ com.twitter.analytics.service.core.workmanager.AnalyticsCleanupWorker } ]
08-14 21:32:56.726   345   507 W ServiceManager: Permission failure: android.permission.ACCESS_SURFACE_FLINGER from uid=10171 pid=1362
08-14 21:32:56.726   345   507 D PermissionCache: checking android.permission.ACCESS_SURFACE_FLINGER for uid=10171 => denied (1136 us)
08-14 21:32:56.746   514  2020 D CompatibilityChangeReporter: Compat change id reported: 135634846; UID 10102; state: DISABLED
08-14 21:32:56.747   514   545 D CompatibilityChangeReporter: Compat change id reported: 143937733; UID 10102; state: ENABLED
08-14 21:32:56.774 12067 12067 I GoogleInputMethodService: GoogleInputMethodService.onFinishInput():3410 
08-14 21:32:56.794 12067 12067 I GoogleInputMethodService: GoogleInputMethodService.onStartInput():1994 
08-14 21:32:56.797 12067 12067 I DeviceUnlockedTag: DeviceUnlockedTag.notifyDeviceLockStatusChanged():31 Notify device unlocked.
08-14 21:32:56.808   290   290 D Zygote  : Forked child process 1578
08-14 21:32:56.812   514   545 W ActivityManager: Slow operation: 69ms so far, now at startProcess: returned from zygote!
08-14 21:32:56.812   514   545 W ActivityManager: Slow operation: 69ms so far, now at startProcess: done updating battery stats
08-14 21:32:56.813   514   545 W ActivityManager: Slow operation: 69ms so far, now at startProcess: building log message
08-14 21:32:56.813   514   545 I ActivityManager: Start proc 1578:com.android.vending/u0a102 for service {com.android.vending/com.google.android.finsky.externalreferrer.GetInstallReferrerService}
08-14 21:32:56.813   514   545 W ActivityManager: Slow operation: 69ms so far, now at startProcess: starting to update pids map
08-14 21:32:56.814   514   545 W ActivityManager: Slow operation: 71ms so far, now at startProcess: done updating pids map
08-14 21:32:56.836  1578  1578 W android.vendin: Unexpected CPU variant for X86 using defaults: x86
08-14 21:32:56.846  1578  1578 E android.vendin: Not starting debugger since process cannot load the jdwp agent.
08-14 21:32:57.070  1578  1578 I android.vendin: The ClassLoaderContext is a special shared library.
08-14 21:32:57.087  1578  1578 I android.vendin: The ClassLoaderContext is a special shared library.
08-14 21:32:57.091  1578  1578 D nativeloader: classloader namespace configured for unbundled vendor apk. library_path=/data/app/~~8ZGbWC0Y7wg2IdDUoZgYQQ==/com.android.vending-o7g8Vjs3NIn41KK7uX4iVQ==/lib/x86:/data/app/~~8ZGbWC0Y7wg2IdDUoZgYQQ==/com.android.vending-o7g8Vjs3NIn41KK7uX4iVQ==/base.apk!/lib/x86:/data/app/~~8ZGbWC0Y7wg2IdDUoZgYQQ==/com.android.vending-o7g8Vjs3NIn41KK7uX4iVQ==/split_config.en.apk!/lib/x86:/data/app/~~8ZGbWC0Y7wg2IdDUoZgYQQ==/com.android.vending-o7g8Vjs3NIn41KK7uX4iVQ==/split_config.x86.apk!/lib/x86:/data/app/~~8ZGbWC0Y7wg2IdDUoZgYQQ==/com.android.vending-o7g8Vjs3NIn41KK7uX4iVQ==/split_phonesky_data_loader.apk!/lib/x86:/data/app/~~8ZGbWC0Y7wg2IdDUoZgYQQ==/com.android.vending-o7g8Vjs3NIn41KK7uX4iVQ==/split_phonesky_data_loader.config.x86.apk!/lib/x86:/vendor/lib
08-14 21:32:57.432  1578  1578 W android.vendin: JIT profile information will not be recorded: profile file does not exist.
08-14 21:32:57.432  1578  1578 I chatty  : uid=10102(com.android.vending) identical 2 lines
08-14 21:32:57.432  1578  1578 W android.vendin: JIT profile information will not be recorded: profile file does not exist.
08-14 21:32:57.498  1578  1578 D NetworkSecurityConfig: No Network Security Config specified, using platform default
08-14 21:32:57.501  1578  1578 D NetworkSecurityConfig: No Network Security Config specified, using platform default
08-14 21:32:57.732  1362  1391 I twitter.androi: Background concurrent copying GC freed 317249(16MB) AllocSpace objects, 48(5924KB) LOS objects, 49% free, 14MB/28MB, paused 1.463ms total 219.789ms
08-14 21:32:57.778  1578  1578 I Finsky  : [2] fzk.ay(6): Process created at version: 26.5.19-21 [0] [PR] 388558437
08-14 21:32:58.064  1578  1620 I Finsky  : [1874] upw.a(18): Finished reading experiment flags from file [0tGUNCGIkbk4o6-fQ335kUYSKwVj4lusnHT-A5Dsy08].
08-14 21:32:58.116  1578  1620 I Finsky  : [1874] upw.a(18): Finished reading experiment flags from file [X_r-t20Ymt8zU3iXf5s30LvauXRbreBn8dgR2rhF90Y].
08-14 21:32:58.126  1578  1578 I Finsky  : [2] upw.a(18): Finished reading experiment flags from file [Se-xCc4LzNyh3UrKMIU2sUf-PUKz4oQEbpKZDMuaFno].
08-14 21:32:58.155   514  1461 I ActivityTaskManager: START u0 {cmp=com.twitter.android/.onboarding.core.common.CtaSubtaskActivity (has extras)} from uid 10171
08-14 21:32:58.157   514   538 D EventSequenceValidator: IntentStarted during UNKNOWN. Intent { cmp=com.twitter.android/.onboarding.core.common.CtaSubtaskActivity (has extras) }
08-14 21:32:58.157   514   538 D EventSequenceValidator: java.lang.Throwable: EventSequenceValidator#getStackTrace
08-14 21:32:58.157   514   538 D EventSequenceValidator: 	at com.google.android.startop.iorap.EventSequenceValidator.logWarningWithStackTrace(EventSequenceValidator.java:260)
08-14 21:32:58.157   514   538 D EventSequenceValidator: 	at com.google.android.startop.iorap.EventSequenceValidator.onIntentStarted(EventSequenceValidator.java:106)
08-14 21:32:58.157   514   538 D EventSequenceValidator: 	at com.android.server.wm.LaunchObserverRegistryImpl.handleOnIntentStarted(LaunchObserverRegistryImpl.java:139)
08-14 21:32:58.157   514   538 D EventSequenceValidator: 	at com.android.server.wm.LaunchObserverRegistryImpl.lambda$veRn_GhgLZLlOHOJ0ZYT6KcfYqo(Unknown Source:0)
08-14 21:32:58.157   514   538 D EventSequenceValidator: 	at com.android.server.wm.-$$Lambda$LaunchObserverRegistryImpl$veRn_GhgLZLlOHOJ0ZYT6KcfYqo.accept(Unknown Source:10)
08-14 21:32:58.157   514   538 D EventSequenceValidator: 	at com.android.internal.util.function.pooled.PooledLambdaImpl.doInvoke(PooledLambdaImpl.java:292)
08-14 21:32:58.157   514   538 D EventSequenceValidator: 	at com.android.internal.util.function.pooled.PooledLambdaImpl.invoke(PooledLambdaImpl.java:201)
08-14 21:32:58.157   514   538 D EventSequenceValidator: 	at com.android.internal.util.function.pooled.OmniFunction.run(OmniFunction.java:97)
08-14 21:32:58.157   514   538 D EventSequenceValidator: 	at android.os.Handler.handleCallback(Handler.java:938)
08-14 21:32:58.157   514   538 D EventSequenceValidator: 	at android.os.Handler.dispatchMessage(Handler.java:99)
08-14 21:32:58.157   514   538 D EventSequenceValidator: 	at android.os.Looper.loop(Looper.java:223)
08-14 21:32:58.157   514   538 D EventSequenceValidator: 	at android.os.HandlerThread.run(HandlerThread.java:67)
08-14 21:32:58.157   514   538 D EventSequenceValidator: 	at com.android.server.ServiceThread.run(ServiceThread.java:44)
08-14 21:32:58.157   514   538 D EventSequenceValidator: inc AccIntentStartedEvents to 266
08-14 21:32:58.158  1578  1578 I Finsky  : [2] xhi.<init>(3): Resetting scheduler db
08-14 21:32:58.171  1578  1618 I Finsky  : [1872] aemf.d(2): Not a unicorn account
08-14 21:32:58.173   514   538 D EventSequenceValidator: onIntentFailed during UNKNOWN.
08-14 21:32:58.173   514   538 D EventSequenceValidator: java.lang.Throwable: EventSequenceValidator#getStackTrace
08-14 21:32:58.173   514   538 D EventSequenceValidator: 	at com.google.android.startop.iorap.EventSequenceValidator.logWarningWithStackTrace(EventSequenceValidator.java:260)
08-14 21:32:58.173   514   538 D EventSequenceValidator: 	at com.google.android.startop.iorap.EventSequenceValidator.onIntentFailed(EventSequenceValidator.java:130)
08-14 21:32:58.173   514   538 D EventSequenceValidator: 	at com.android.server.wm.LaunchObserverRegistryImpl.handleOnIntentFailed(LaunchObserverRegistryImpl.java:147)
08-14 21:32:58.173   514   538 D EventSequenceValidator: 	at com.android.server.wm.LaunchObserverRegistryImpl.lambda$KukKmVpn5W_1xSV6Dnp8wW2H2Ks(Unknown Source:0)
08-14 21:32:58.173   514   538 D EventSequenceValidator: 	at com.android.server.wm.-$$Lambda$LaunchObserverRegistryImpl$KukKmVpn5W_1xSV6Dnp8wW2H2Ks.accept(Unknown Source:2)
08-14 21:32:58.173   514   538 D EventSequenceValidator: 	at com.android.internal.util.function.pooled.PooledLambdaImpl.doInvoke(PooledLambdaImpl.java:264)
08-14 21:32:58.173   514   538 D EventSequenceValidator: 	at com.android.internal.util.function.pooled.PooledLambdaImpl.invoke(PooledLambdaImpl.java:201)
08-14 21:32:58.173   514   538 D EventSequenceValidator: 	at com.android.internal.util.function.pooled.OmniFunction.run(OmniFunction.java:97)
08-14 21:32:58.173   514   538 D EventSequenceValidator: 	at android.os.Handler.handleCallback(Handler.java:938)
08-14 21:32:58.173   514   538 D EventSequenceValidator: 	at android.os.Handler.dispatchMessage(Handler.java:99)
08-14 21:32:58.173   514   538 D EventSequenceValidator: 	at android.os.Looper.loop(Looper.java:223)
08-14 21:32:58.173   514   538 D EventSequenceValidator: 	at android.os.HandlerThread.run(HandlerThread.java:67)
08-14 21:32:58.173   514   538 D EventSequenceValidator: 	at com.android.server.ServiceThread.run(ServiceThread.java:44)
08-14 21:32:58.173   514   538 D EventSequenceValidator: dec AccIntentStartedEvents to 265
08-14 21:32:58.177   514  1460 W ActivityTaskManager: Tried to set launchTime (0) < mLastActivityLaunchTime (44743495)
08-14 21:32:58.178   514  1460 W InputReader: Device virtio_input_multi_touch_9 is associated with display ADISPLAY_ID_NONE.
08-14 21:32:58.178   514  1460 W InputReader: Device virtio_input_multi_touch_10 is associated with display ADISPLAY_ID_NONE.
08-14 21:32:58.178   514  1460 W InputReader: Device virtio_input_multi_touch_7 is associated with display ADISPLAY_ID_NONE.
08-14 21:32:58.178   514  1460 W InputReader: Device virtio_input_multi_touch_4 is associated with display ADISPLAY_ID_NONE.
08-14 21:32:58.178   514  1460 W InputReader: Device virtio_input_multi_touch_11 is associated with display ADISPLAY_ID_NONE.
08-14 21:32:58.178   514  1460 W InputReader: Device virtio_input_multi_touch_5 is associated with display ADISPLAY_ID_NONE.
08-14 21:32:58.178   514  1460 W InputReader: Device virtio_input_multi_touch_2 is associated with display ADISPLAY_ID_NONE.
08-14 21:32:58.178   514  1460 W InputReader: Device virtio_input_multi_touch_6 is associated with display ADISPLAY_ID_NONE.
08-14 21:32:58.178   514  1460 W InputReader: Device virtio_input_multi_touch_3 is associated with display ADISPLAY_ID_NONE.
08-14 21:32:58.178   514  1460 W InputReader: Device virtio_input_multi_touch_8 is associated with display ADISPLAY_ID_NONE.
08-14 21:32:58.179   514  1460 W InputReader: Device virtio_input_multi_touch_9 is associated with display ADISPLAY_ID_NONE.
08-14 21:32:58.179   514  1460 W InputReader: Device virtio_input_multi_touch_10 is associated with display ADISPLAY_ID_NONE.
08-14 21:32:58.179   514  1460 W InputReader: Device virtio_input_multi_touch_7 is associated with display ADISPLAY_ID_NONE.
08-14 21:32:58.179   514  1460 W InputReader: Device virtio_input_multi_touch_4 is associated with display ADISPLAY_ID_NONE.
08-14 21:32:58.179   514  1460 W InputReader: Device virtio_input_multi_touch_11 is associated with display ADISPLAY_ID_NONE.
08-14 21:32:58.179   514  1460 W InputReader: Device virtio_input_multi_touch_5 is associated with display ADISPLAY_ID_NONE.
08-14 21:32:58.179   514  1460 W InputReader: Device virtio_input_multi_touch_2 is associated with display ADISPLAY_ID_NONE.
08-14 21:32:58.179   514  1460 W InputReader: Device virtio_input_multi_touch_6 is associated with display ADISPLAY_ID_NONE.
08-14 21:32:58.179   514  1460 W InputReader: Device virtio_input_multi_touch_3 is associated with display ADISPLAY_ID_NONE.
08-14 21:32:58.180   514  1460 W InputReader: Device virtio_input_multi_touch_8 is associated with display ADISPLAY_ID_NONE.
08-14 21:32:58.193  1578  1618 I Finsky  : [1872] txf.<init>(3): PackageMonitorReceiverImpl - Registering in memory receiver for android.intent.action.PACKAGE_ADDED and android.intent.action.PACKAGE_REMOVED
08-14 21:32:58.213  1578  1618 I Finsky  : [1872] afmg.a(1): Warm data store was already initialized.
08-14 21:32:58.220  1578  1618 I Finsky  : [1872] afmg.a(1): Warm data store was already initialized.
08-14 21:32:58.226  1362  1362 I TwitterTwilightManager: Could not get last known location. This is probably because the app does not have any location permissions. Falling back to hardcoded sunrise/sunset values.
08-14 21:32:58.243  1362  1362 I TwitterTwilightManager: Could not get last known location. This is probably because the app does not have any location permissions. Falling back to hardcoded sunrise/sunset values.
08-14 21:32:58.267  1578  1617 I TetheringManager: registerTetheringEventCallback:com.android.vending
08-14 21:32:58.275  1578  1640 W android.vendin: Accessing hidden field Ljava/util/Collections$SynchronizedCollection;->mutex:Ljava/lang/Object; (greylist-max-o, reflection, denied)
08-14 21:32:58.300  1578  1640 W android.vendin: Accessing hidden method Ljava/util/Collections$SynchronizedSet;-><init>(Ljava/util/Set;Ljava/lang/Object;)V (greylist-max-o, reflection, denied)
08-14 21:32:58.305  1578  1629 I Finsky  : [1883] acjs.run(4): SysUA: Set SystemUpdateActivity enabled state to 1
08-14 21:32:58.317  1578  1640 W android.vendin: Accessing hidden method Ljava/util/Collections$SynchronizedCollection;-><init>(Ljava/util/Collection;Ljava/lang/Object;)V (greylist-max-o, reflection, denied)
08-14 21:32:58.319  1578  1618 W Settings: Setting download_manager_max_bytes_over_mobile has moved from android.provider.Settings.Secure to android.provider.Settings.Global.
08-14 21:32:58.320  1578  1618 I Finsky  : [1872] sko.i(3): SettingNotFoundException, fall through to G.downloadBytesOverMobileMaximum
08-14 21:32:58.320  1578  1618 W Settings: Setting download_manager_recommended_max_bytes_over_mobile has moved from android.provider.Settings.Secure to android.provider.Settings.Global.
08-14 21:32:58.323  1578  1618 I Finsky  : [1872] sko.h(3): SettingNotFoundException, fall through to G.downloadBytesOverMobileRecommended
08-14 21:32:58.340  1578  1618 I Finsky  : [1872] aneb.c(2): registerListener
08-14 21:32:58.348  1578  1618 I Finsky  : [1872] aneb.c(2): registerListener
08-14 21:32:58.353  1578  1618 I Finsky  : [1872] qok.n(5): Enqueuing libraries load for 1919428073
08-14 21:32:58.389  1578  1626 I Finsky  : [1880] qok.o(1): Starting libraries load for 1919428073
08-14 21:32:58.396   312   312 D goldfish-address-space: allocate: Ask for block of size 0x7e9000
08-14 21:32:58.397   312   312 D goldfish-address-space: allocate: ioctl allocate returned offset 0x3fd85a000 size 0x7ea000
08-14 21:32:58.401  1578  1618 I Finsky  : [1872] iro.j(3): Subscription detail: DataSubscriptionInfo{groupIdLevel1=null, serviceProviderName=[Zr1R7g28S8p7iucp_gnNJJtsRl-pgO3Y6eIkCh24Iy0], simCarrierId=1}
08-14 21:32:58.402  1578  1618 I Finsky  : [1872] afya.v(2): Setup app restrictions monitor
08-14 21:32:58.417   312   312 D goldfish-address-space: allocate: Ask for block of size 0x7e9000
08-14 21:32:58.417   312   312 D goldfish-address-space: allocate: ioctl allocate returned offset 0x3fd070000 size 0x7ea000
08-14 21:32:58.420  1578  1618 I Finsky  : [1872] afzm.a(3): Device wide unknown source restriction is changed.
08-14 21:32:58.436   514   523 I system_server: Background young concurrent copying GC freed 448088(17MB) AllocSpace objects, 45(2352KB) LOS objects, 46% free, 22MB/42MB, paused 1.598ms total 164.305ms
08-14 21:32:58.459   312   390 D goldfish-address-space: allocate: Ask for block of size 0x7e9000
08-14 21:32:58.459   312   390 D goldfish-address-space: allocate: ioctl allocate returned offset 0x3fa284000 size 0x7ea000
08-14 21:32:58.472  1578  1617 I Finsky  : [1871] afmg.a(1): Warm data store was already initialized.
08-14 21:32:58.472  1578  1617 I Finsky  : [1871] afmh.a(1): Warm data store was already initialized.
08-14 21:32:58.489   514   543 I ActivityTaskManager: Displayed com.twitter.android/.onboarding.core.common.CtaSubtaskActivity: +334ms
08-14 21:32:58.526  1578  1626 I Finsky  : [1880] qok.o(20): Loaded library for account: [Uk1AsQ62YqvdqAmmTmW4uXHuWFWqiwGnWZ_DBHLJGD8]
08-14 21:32:58.527  1578  1626 I Finsky  : [1880] qok.o(24): Finished loading 1 libraries.
08-14 21:32:58.528 12067 12067 I GoogleInputMethodService: GoogleInputMethodService.onFinishInput():3410 
08-14 21:32:58.538 12067 12067 I GoogleInputMethodService: GoogleInputMethodService.onStartInput():1994 
08-14 21:32:58.540 12067 12067 I DeviceUnlockedTag: DeviceUnlockedTag.notifyDeviceLockStatusChanged():31 Notify device unlocked.
08-14 21:32:58.542  1578  1629 I Finsky  : [1883] puu.<init>(2): Item store provider started.
08-14 21:32:58.547  1362  1399 I twitter.androi: Waiting for a blocking GC ProfileSaver
08-14 21:32:58.554  1362  1399 I twitter.androi: WaitForGcToComplete blocked ProfileSaver on RunEmptyCheckpoint for 7.029ms
08-14 21:32:58.561  1578  1629 I Finsky  : [1883] puu.a(5): Created new item store.
08-14 21:32:58.597   514   525 W System  : A resource failed to call release. 
08-14 21:32:58.630  1578  1599 D TelephonyRegistryManager: onSubscriptionsChangedListener callback received.
08-14 21:32:58.637  1578  1578 I Finsky  : [2] nyp.<init>(13): Installer: Setting Parallelism[DEFAULT]
08-14 21:32:58.691  1578  1578 I Finsky  : [2] nwn.y(3): Installer: Attempting to start installer
08-14 21:32:58.694  1578  1578 I Finsky  : [2] aneb.c(2): registerListener
08-14 21:32:58.695  1578  1578 I Finsky  : [2] afmg.a(1): Warm data store was already initialized.
08-14 21:32:58.695  1578  1578 I Finsky  : [2] afmg.a(1): Warm data store was already initialized.
08-14 21:32:58.696  1578  1578 I Finsky  : [2] oip.<init>(19): Initializing pausers from value store.
08-14 21:32:58.696  1578  1578 I Finsky  : [2] oip.<init>(22): Get the following callers from value store [].
08-14 21:32:58.703  1578  1578 I Finsky  : [2] irn.onSubscriptionsChanged(1): onSubscriptionsChanged
08-14 21:32:58.715  1578  1578 I Finsky  : [2] nwn.M(1): Installer: Installer kick - no action, not running yet
08-14 21:32:58.948  1578  1683 W android.vendin: JNI critical lock held for 29.265ms on Thread[54,tid=1683,Runnable,Thread*=0xe7c34810,peer=0x13d00a50,"Db-group_install.db"]
08-14 21:32:58.985  1578  1644 I Finsky  : [1893] kfr.a(2): ApplicationRestrictions: {}
08-14 21:32:58.989  1578  1676 I Finsky  : [1910] nun.apply(12): Installer: Registering atomic install listeners with package installer
08-14 21:32:58.990  1578  1677 I Finsky  : [1911] nuv.a(13): Installer: Checking for orphaned groups
08-14 21:32:59.008  1578  1676 I Finsky  : [1910] kyb.g(1): getDownloads()
08-14 21:32:59.033   514  3136 D CompatibilityChangeReporter: Compat change id reported: 135634846; UID 10102; state: DISABLED
08-14 21:32:59.034   514   545 D CompatibilityChangeReporter: Compat change id reported: 143937733; UID 10102; state: ENABLED
08-14 21:32:59.049  1578  1644 W android.vendin: Accessing hidden method Lcom/android/org/conscrypt/ConscryptEngineSocket;->setUseSessionTickets(Z)V (blacklist,core-platform-api, reflection, denied)
08-14 21:32:59.049  1578  1644 W android.vendin: Accessing hidden method Lcom/android/org/conscrypt/OpenSSLSocketImpl;->setUseSessionTickets(Z)V (greylist-max-q,core-platform-api, reflection, denied)
08-14 21:32:59.049  1578  1644 W android.vendin: Accessing hidden method Lcom/android/org/conscrypt/AbstractConscryptSocket;->setUseSessionTickets(Z)V (greylist-max-q, reflection, denied)
08-14 21:32:59.049  1578  1644 W android.vendin: Accessing hidden method Lcom/android/org/conscrypt/ConscryptEngineSocket;->setHostname(Ljava/lang/String;)V (blacklist,core-platform-api, reflection, denied)
08-14 21:32:59.049  1578  1644 W android.vendin: Accessing hidden method Lcom/android/org/conscrypt/OpenSSLSocketImpl;->setHostname(Ljava/lang/String;)V (greylist-max-q,core-platform-api, reflection, denied)
08-14 21:32:59.049  1578  1644 W android.vendin: Accessing hidden method Lcom/android/org/conscrypt/AbstractConscryptSocket;->setHostname(Ljava/lang/String;)V (greylist-max-q, reflection, denied)
