--------- beginning of main
08-22 18:43:44.075  2513 19946 E IcmpReader: Exception occur while read socket: 
08-22 18:43:44.075  2513 19946 E IcmpReader: android.system.ErrnoException: read failed: EBADF (Bad file descriptor)
08-22 18:43:44.075  2513 19946 E IcmpReader: 	at libcore.io.Posix.readBytes(Native Method)
08-22 18:43:44.075  2513 19946 E IcmpReader: 	at libcore.io.Posix.read(Posix.java:169)
08-22 18:43:44.075  2513 19946 E IcmpReader: 	at libcore.io.BlockGuardOs.read(BlockGuardOs.java:231)
08-22 18:43:44.075  2513 19946 E IcmpReader: 	at android.system.Os.read(Os.java:373)
08-22 18:43:44.075  2513 19946 E IcmpReader: 	at com.miui.daemon.mqsas.wcns.l.run(IcmpReader.java:123)
08-22 18:43:44.075  2513 19946 E IcmpReader: 	at java.lang.Thread.run(Thread.java:760)
08-22 18:43:44.075  2513 19946 E IcmpReader: Exception occur while read socket: 
08-22 18:43:44.075  2513 19946 E IcmpReader: android.system.ErrnoException: read failed: EBADF (Bad file descriptor)
08-22 18:43:44.075  2513 19946 E IcmpReader: 	at libcore.io.Posix.readBytes(Native Method)
08-22 18:43:44.075  2513 19946 E IcmpReader: 	at libcore.io.Posix.read(Posix.java:169)
08-22 18:43:44.075  2513 19946 E IcmpReader: 	at libcore.io.BlockGuardOs.read(BlockGuardOs.java:231)
08-22 18:43:44.075  2513 19946 E IcmpReader: 	at android.system.Os.read(Os.java:373)
08-22 18:43:44.075  2513 19946 E IcmpReader: 	at com.miui.daemon.mqsas.wcns.l.run(IcmpReader.java:123)
08-22 18:43:44.075  2513 19946 E IcmpReader: 	at java.lang.Thread.run(Thread.java:760)
08-22 18:43:44.075  2513 19946 E IcmpReader: Exception occur while read socket: 
08-22 18:43:44.075  2513 19946 E IcmpReader: android.system.ErrnoException: read failed: EBADF (Bad file descriptor)
08-22 18:43:44.075  2513 19946 E IcmpReader: 	at libcore.io.Posix.readBytes(Native Method)
08-22 18:43:44.075  2513 19946 E IcmpReader: 	at libcore.io.Posix.read(Posix.java:169)
08-22 18:43:44.075  2513 19946 E IcmpReader: 	at libcore.io.BlockGuardOs.read(BlockGuardOs.java:231)
08-22 18:43:44.075  2513 19946 E IcmpReader: 	at android.system.Os.read(Os.java:373)
08-22 18:43:44.075  2513 19946 E IcmpReader: 	at com.miui.daemon.mqsas.wcns.l.run(IcmpReader.java:123)
08-22 18:43:44.075  2513 19946 E IcmpReader: 	at java.lang.Thread.run(Thread.java:760)
08-22 18:43:44.075  2513 19946 E IcmpReader: Exception occur while read socket: 
08-22 18:43:44.075  2513 19946 E IcmpReader: android.system.ErrnoException: read failed: EBADF (Bad file descriptor)
08-22 18:43:44.075  2513 19946 E IcmpReader: 	at libcore.io.Posix.readBytes(Native Method)
08-22 18:43:44.075  2513 19946 E IcmpReader: 	at libcore.io.Posix.read(Posix.java:169)
08-22 18:43:44.075  2513 19946 E IcmpReader: 	at libcore.io.BlockGuardOs.read(BlockGuardOs.java:231)
08-22 18:43:44.075  2513 19946 E IcmpReader: 	at android.system.Os.read(Os.java:373)
08-22 18:43:44.075  2513 19946 E IcmpReader: 	at com.miui.daemon.mqsas.wcns.l.run(IcmpReader.java:123)
08-22 18:43:44.075  2513 19946 E IcmpReader: 	at java.lang.Thread.run(Thread.java:760)
08-22 18:43:44.075  2513 19946 E IcmpReader: Exception occur while read socket: 
08-22 18:43:44.075  2513 19946 E IcmpReader: android.system.ErrnoException: read failed: EBADF (Bad file descriptor)
08-22 18:43:44.075  2513 19946 E IcmpReader: 	at libcore.io.Posix.readBytes(Native Method)
08-22 18:43:44.075  2513 19946 E IcmpReader: 	at libcore.io.Posix.read(Posix.java:169)
08-22 18:43:44.075  2513 19946 E IcmpReader: 	at libcore.io.BlockGuardOs.read(BlockGuardOs.java:231)
08-22 18:43:44.075  2513 19946 E IcmpReader: 	at android.system.Os.read(Os.java:373)
08-22 18:43:44.075  2513 19946 E IcmpReader: 	at com.miui.daemon.mqsas.wcns.l.run(IcmpReader.java:123)
08-22 18:43:44.075  2513 19946 E IcmpReader: 	at java.lang.Thread.run(Thread.java:760)
08-22 18:43:44.075  2513 19946 E IcmpReader: Exception occur while read socket: 
08-22 18:43:44.075  2513 19946 E IcmpReader: android.system.ErrnoException: read failed: EBADF (Bad file descriptor)
08-22 18:43:44.075  2513 19946 E IcmpReader: 	at libcore.io.Posix.readBytes(Native Method)
08-22 18:43:44.075  2513 19946 E IcmpReader: 	at libcore.io.Posix.read(Posix.java:169)
08-22 18:43:44.075  2513 19946 E IcmpReader: 	at libcore.io.BlockGuardOs.read(BlockGuardOs.java:231)
08-22 18:43:44.075  2513 19946 E IcmpReader: 	at android.system.Os.read(Os.java:373)
08-22 18:43:44.075  2513 19946 E IcmpReader: 	at com.miui.daemon.mqsas.wcns.l.run(IcmpReader.java:123)
08-22 18:43:44.075  2513 19946 E IcmpReader: 	at java.lang.Thread.run(Thread.java:760)
08-22 18:43:44.076  2513 19946 E IcmpReader: Exception occur while read socket: 
08-22 18:43:44.076  2513 19946 E IcmpReader: android.system.ErrnoException: read failed: EBADF (Bad file descriptor)
08-22 18:43:44.076  2513 19946 E IcmpReader: 	at libcore.io.Posix.readBytes(Native Method)
08-22 18:43:44.076  2513 19946 E IcmpReader: 	at libcore.io.Posix.read(Posix.java:169)
08-22 18:43:44.076  2513 19946 E IcmpReader: 	at libcore.io.BlockGuardOs.read(BlockGuardOs.java:231)
08-22 18:43:44.076  2513 19946 E IcmpReader: 	at android.system.Os.read(Os.java:373)
08-22 18:43:44.076  2513 19946 E IcmpReader: 	at com.miui.daemon.mqsas.wcns.l.run(IcmpReader.java:123)
08-22 18:43:44.076  2513 19946 E IcmpReader: 	at java.lang.Thread.run(Thread.java:760)
08-22 18:43:44.076  2513 19946 E IcmpReader: Exception occur while read socket: 
08-22 18:43:44.076  2513 19946 E IcmpReader: android.system.ErrnoException: read failed: EBADF (Bad file descriptor)
08-22 18:43:44.076  2513 19946 E IcmpReader: 	at libcore.io.Posix.readBytes(Native Method)
08-22 18:43:44.076  2513 19946 E IcmpReader: 	at libcore.io.Posix.read(Posix.java:169)
08-22 18:43:44.076  2513 19946 E IcmpReader: 	at libcore.io.BlockGuardOs.read(BlockGuardOs.java:231)
08-22 18:43:44.076  2513 19946 E IcmpReader: 	at android.system.Os.read(Os.java:373)
08-22 18:43:44.076  2513 19946 E IcmpReader: 	at com.miui.daemon.mqsas.wcns.l.run(IcmpReader.java:123)
08-22 18:43:44.076  2513 19946 E IcmpReader: 	at java.lang.Thread.run(Thread.java:760)
08-22 18:43:44.076  2513 19946 E IcmpReader: Exception occur while read socket: 
08-22 18:43:44.076  2513 19946 E IcmpReader: android.system.ErrnoException: read failed: EBADF (Bad file descriptor)
08-22 18:43:44.076  2513 19946 E IcmpReader: 	at libcore.io.Posix.readBytes(Native Method)
08-22 18:43:44.076  2513 19946 E IcmpReader: 	at libcore.io.Posix.read(Posix.java:169)
08-22 18:43:44.076  2513 19946 E IcmpReader: 	at libcore.io.BlockGuardOs.read(BlockGuardOs.java:231)
08-22 18:43:44.076  2513 19946 E IcmpReader: 	at android.system.Os.read(Os.java:373)
08-22 18:43:44.076  2513 19946 E IcmpReader: 	at com.miui.daemon.mqsas.wcns.l.run(IcmpReader.java:123)
08-22 18:43:44.076  2513 19946 E IcmpReader: 	at java.lang.Thread.run(Thread.java:760)
08-22 18:43:44.076  2513 19946 E IcmpReader: Exception occur while read socket: 
08-22 18:43:44.076  2513 19946 E IcmpReader: android.system.ErrnoException: read failed: EBADF (Bad file descriptor)
08-22 18:43:44.076  2513 19946 E IcmpReader: 	at libcore.io.Posix.readBytes(Native Method)
08-22 18:43:44.076  2513 19946 E IcmpReader: 	at libcore.io.Posix.read(Posix.java:169)
08-22 18:43:44.076  2513 19946 E IcmpReader: 	at libcore.io.BlockGuardOs.read(BlockGuardOs.java:231)
08-22 18:43:44.076  2513 19946 E IcmpReader: 	at android.system.Os.read(Os.java:373)
08-22 18:43:44.076  2513 19946 E IcmpReader: 	at com.miui.daemon.mqsas.wcns.l.run(IcmpReader.java:123)
08-22 18:43:44.076  2513 19946 E IcmpReader: 	at java.lang.Thread.run(Thread.java:760)
08-22 18:43:44.076  2513 19946 E IcmpReader: Exception occur while read socket: 
08-22 18:43:44.076  2513 19946 E IcmpReader: android.system.ErrnoException: read failed: EBADF (Bad file descriptor)
08-22 18:43:44.076  2513 19946 E IcmpReader: 	at libcore.io.Posix.readBytes(Native Method)
08-22 18:43:44.076  2513 19946 E IcmpReader: 	at libcore.io.Posix.read(Posix.java:169)
08-22 18:43:44.076  2513 19946 E IcmpReader: 	at libcore.io.BlockGuardOs.read(BlockGuardOs.java:231)
08-22 18:43:44.076  2513 19946 E IcmpReader: 	at android.system.Os.read(Os.java:373)
08-22 18:43:44.076  2513 19946 E IcmpReader: 	at com.miui.daemon.mqsas.wcns.l.run(IcmpReader.java:123)
08-22 18:43:44.076  2513 19946 E IcmpReader: 	at java.lang.Thread.run(Thread.java:760)
08-22 18:43:44.076  2513 19946 E IcmpReader: Exception occur while read socket: 
08-22 18:43:44.076  2513 19946 E IcmpReader: android.system.ErrnoException: read failed: EBADF (Bad file descriptor)
08-22 18:43:44.076  2513 19946 E IcmpReader: 	at libcore.io.Posix.readBytes(Native Method)
08-22 18:43:44.076  2513 19946 E IcmpReader: 	at libcore.io.Posix.read(Posix.java:169)
08-22 18:43:44.076  2513 19946 E IcmpReader: 	at libcore.io.BlockGuardOs.read(BlockGuardOs.java:231)
08-22 18:43:44.076  2513 19946 E IcmpReader: 	at android.system.Os.read(Os.java:373)
08-22 18:43:44.076  2513 19946 E IcmpReader: 	at com.miui.daemon.mqsas.wcns.l.run(IcmpReader.java:123)
08-22 18:43:44.076  2513 19946 E IcmpReader: 	at java.lang.Thread.run(Thread.java:760)
08-22 18:43:44.076  2513 19946 E IcmpReader: Exception occur while read socket: 
08-22 18:43:44.076  2513 19946 E IcmpReader: android.system.ErrnoException: read failed: EBADF (Bad file descriptor)
08-22 18:43:44.076  2513 19946 E IcmpReader: 	at libcore.io.Posix.readBytes(Native Method)
08-22 18:43:44.076  2513 19946 E IcmpReader: 	at libcore.io.Posix.read(Posix.java:169)
08-22 18:43:44.076  2513 19946 E IcmpReader: 	at libcore.io.BlockGuardOs.read(BlockGuardOs.java:231)
08-22 18:43:44.076  2513 19946 E IcmpReader: 	at android.system.Os.read(Os.java:373)
08-22 18:43:44.076  2513 19946 E IcmpReader: 	at com.miui.daemon.mqsas.wcns.l.run(IcmpReader.java:123)
08-22 18:43:44.076  2513 19946 E IcmpReader: 	at java.lang.Thread.run(Thread.java:760)
08-22 18:43:44.077  2513 19946 E IcmpReader: Exception occur while read socket: 
08-22 18:43:44.077  2513 19946 E IcmpReader: android.system.ErrnoException: read failed: EBADF (Bad file descriptor)
08-22 18:43:44.077  2513 19946 E IcmpReader: 	at libcore.io.Posix.readBytes(Native Method)
08-22 18:43:44.077  2513 19946 E IcmpReader: 	at libcore.io.Posix.read(Posix.java:169)
08-22 18:43:44.077  2513 19946 E IcmpReader: 	at libcore.io.BlockGuardOs.read(BlockGuardOs.java:231)
08-22 18:43:44.077  2513 19946 E IcmpReader: 	at android.system.Os.read(Os.java:373)
08-22 18:43:44.077  2513 19946 E IcmpReader: 	at com.miui.daemon.mqsas.wcns.l.run(IcmpReader.java:123)
08-22 18:43:44.077  2513 19946 E IcmpReader: 	at java.lang.Thread.run(Thread.java:760)
08-22 18:43:44.077  2513 19946 E IcmpReader: Exception occur while read socket: 
08-22 18:43:44.077  2513 19946 E IcmpReader: android.system.ErrnoException: read failed: EBADF (Bad file descriptor)
08-22 18:43:44.077  2513 19946 E IcmpReader: 	at libcore.io.Posix.readBytes(Native Method)
08-22 18:43:44.077  2513 19946 E IcmpReader: 	at libcore.io.Posix.read(Posix.java:169)
08-22 18:43:44.077  2513 19946 E IcmpReader: 	at libcore.io.BlockGuardOs.read(BlockGuardOs.java:231)
08-22 18:43:44.077  2513 19946 E IcmpReader: 	at android.system.Os.read(Os.java:373)
08-22 18:43:44.077  2513 19946 E IcmpReader: 	at com.miui.daemon.mqsas.wcns.l.run(IcmpReader.java:123)
08-22 18:43:44.077  2513 19946 E IcmpReader: 	at java.lang.Thread.run(Thread.java:760)
08-22 18:43:44.077  2513 19946 E IcmpReader: Exception occur while read socket: 
08-22 18:43:44.077  2513 19946 E IcmpReader: android.system.ErrnoException: read failed: EBADF (Bad file descriptor)
08-22 18:43:44.077  2513 19946 E IcmpReader: 	at libcore.io.Posix.readBytes(Native Method)
08-22 18:43:44.077  2513 19946 E IcmpReader: 	at libcore.io.Posix.read(Posix.java:169)
08-22 18:43:44.077  2513 19946 E IcmpReader: 	at libcore.io.BlockGuardOs.read(BlockGuardOs.java:231)
08-22 18:43:44.077  2513 19946 E IcmpReader: 	at android.system.Os.read(Os.java:373)
08-22 18:43:44.077  2513 19946 E IcmpReader: 	at com.miui.daemon.mqsas.wcns.l.run(IcmpReader.java:123)
08-22 18:43:44.077  2513 19946 E IcmpReader: 	at java.lang.Thread.run(Thread.java:760)
08-22 18:43:44.077  2513 19946 E IcmpReader: Exception occur while read socket: 
08-22 18:43:44.077  2513 19946 E IcmpReader: android.system.ErrnoException: read failed: EBADF (Bad file descriptor)
08-22 18:43:44.077  2513 19946 E IcmpReader: 	at libcore.io.Posix.readBytes(Native Method)
08-22 18:43:44.077  2513 19946 E IcmpReader: 	at libcore.io.Posix.read(Posix.java:169)
08-22 18:43:44.077  2513 19946 E IcmpReader: 	at libcore.io.BlockGuardOs.read(BlockGuardOs.java:231)
08-22 18:43:44.077  2513 19946 E IcmpReader: 	at android.system.Os.read(Os.java:373)
08-22 18:43:44.077  2513 19946 E IcmpReader: 	at com.miui.daemon.mqsas.wcns.l.run(IcmpReader.java:123)
08-22 18:43:44.077  2513 19946 E IcmpReader: 	at java.lang.Thread.run(Thread.java:760)
08-22 18:43:44.077  2513 19946 E IcmpReader: Exception occur while read socket: 
08-22 18:43:44.077  2513 19946 E IcmpReader: android.system.ErrnoException: read failed: EBADF (Bad file descriptor)
08-22 18:43:44.077  2513 19946 E IcmpReader: 	at libcore.io.Posix.readBytes(Native Method)
08-22 18:43:44.077  2513 19946 E IcmpReader: 	at libcore.io.Posix.read(Posix.java:169)
08-22 18:43:44.077  2513 19946 E IcmpReader: 	at libcore.io.BlockGuardOs.read(BlockGuardOs.java:231)
08-22 18:43:44.077  2513 19946 E IcmpReader: 	at android.system.Os.read(Os.java:373)
08-22 18:43:44.077  2513 19946 E IcmpReader: 	at com.miui.daemon.mqsas.wcns.l.run(IcmpReader.java:123)
08-22 18:43:44.077  2513 19946 E IcmpReader: 	at java.lang.Thread.run(Thread.java:760)
08-22 18:43:44.077  2513 19946 E IcmpReader: Exception occur while read socket: 
08-22 18:43:44.077  2513 19946 E IcmpReader: android.system.ErrnoException: read failed: EBADF (Bad file descriptor)
08-22 18:43:44.077  2513 19946 E IcmpReader: 	at libcore.io.Posix.readBytes(Native Method)
08-22 18:43:44.077  2513 19946 E IcmpReader: 	at libcore.io.Posix.read(Posix.java:169)
08-22 18:43:44.077  2513 19946 E IcmpReader: 	at libcore.io.BlockGuardOs.read(BlockGuardOs.java:231)
08-22 18:43:44.077  2513 19946 E IcmpReader: 	at android.system.Os.read(Os.java:373)
08-22 18:43:44.077  2513 19946 E IcmpReader: 	at com.miui.daemon.mqsas.wcns.l.run(IcmpReader.java:123)
08-22 18:43:44.077  2513 19946 E IcmpReader: 	at java.lang.Thread.run(Thread.java:760)
08-22 18:43:44.078  2513 19946 E IcmpReader: Exception occur while read socket: 
08-22 18:43:44.078  2513 19946 E IcmpReader: android.system.ErrnoException: read failed: EBADF (Bad file descriptor)
08-22 18:43:44.078  2513 19946 E IcmpReader: 	at libcore.io.Posix.readBytes(Native Method)
08-22 18:43:44.078  2513 19946 E IcmpReader: 	at libcore.io.Posix.read(Posix.java:169)
08-22 18:43:44.078  2513 19946 E IcmpReader: 	at libcore.io.BlockGuardOs.read(BlockGuardOs.java:231)
08-22 18:43:44.078  2513 19946 E IcmpReader: 	at android.system.Os.read(Os.java:373)
08-22 18:43:44.078  2513 19946 E IcmpReader: 	at com.miui.daemon.mqsas.wcns.l.run(IcmpReader.java:123)
08-22 18:43:44.078  2513 19946 E IcmpReader: 	at java.lang.Thread.run(Thread.java:760)
08-22 18:43:44.078  2513 19946 E IcmpReader: Exception occur while read socket: 
08-22 18:43:44.078  2513 19946 E IcmpReader: android.system.ErrnoException: read failed: EBADF (Bad file descriptor)
08-22 18:43:44.078  2513 19946 E IcmpReader: 	at libcore.io.Posix.readBytes(Native Method)
08-22 18:43:44.078  2513 19946 E IcmpReader: 	at libcore.io.Posix.read(Posix.java:169)
08-22 18:43:44.078  2513 19946 E IcmpReader: 	at libcore.io.BlockGuardOs.read(BlockGuardOs.java:231)
08-22 18:43:44.078  2513 19946 E IcmpReader: 	at android.system.Os.read(Os.java:373)
08-22 18:43:44.078  2513 19946 E IcmpReader: 	at com.miui.daemon.mqsas.wcns.l.run(IcmpReader.java:123)
08-22 18:43:44.078  2513 19946 E IcmpReader: 	at java.lang.Thread.run(Thread.java:760)
08-22 18:43:44.078  2513 19946 E IcmpReader: Exception occur while read socket: 
08-22 18:43:44.078  2513 19946 E IcmpReader: android.system.ErrnoException: read failed: EBADF (Bad file descriptor)
08-22 18:43:44.078  2513 19946 E IcmpReader: 	at libcore.io.Posix.readBytes(Native Method)
08-22 18:43:44.078  2513 19946 E IcmpReader: 	at libcore.io.Posix.read(Posix.java:169)
08-22 18:43:44.078  2513 19946 E IcmpReader: 	at libcore.io.BlockGuardOs.read(BlockGuardOs.java:231)
08-22 18:43:44.078  2513 19946 E IcmpReader: 	at android.system.Os.read(Os.java:373)
08-22 18:43:44.078  2513 19946 E IcmpReader: 	at com.miui.daemon.mqsas.wcns.l.run(IcmpReader.java:123)
08-22 18:43:44.078  2513 19946 E IcmpReader: 	at java.lang.Thread.run(Thread.java:760)
08-22 18:43:44.078  2513 19946 E IcmpReader: Exception occur while read socket: 
08-22 18:43:44.078  2513 19946 E IcmpReader: android.system.ErrnoException: read failed: EBADF (Bad file descriptor)
08-22 18:43:44.078  2513 19946 E IcmpReader: 	at libcore.io.Posix.readBytes(Native Method)
08-22 18:43:44.078  2513 19946 E IcmpReader: 	at libcore.io.Posix.read(Posix.java:169)
08-22 18:43:44.078  2513 19946 E IcmpReader: 	at libcore.io.BlockGuardOs.read(BlockGuardOs.java:231)
08-22 18:43:44.078  2513 19946 E IcmpReader: 	at android.system.Os.read(Os.java:373)
08-22 18:43:44.078  2513 19946 E IcmpReader: 	at com.miui.daemon.mqsas.wcns.l.run(IcmpReader.java:123)
08-22 18:43:44.078  2513 19946 E IcmpReader: 	at java.lang.Thread.run(Thread.java:760)
08-22 18:43:44.078  1845  1845 I InlineSuggestionCandida: InlineSuggestionCandidateViewController.setInlineSuggestionCandidateImpl():1163 set  to inlineSuggestionTextView
08-22 18:43:44.078  2513 19946 E IcmpReader: Exception occur while read socket: 
08-22 18:43:44.078  2513 19946 E IcmpReader: android.system.ErrnoException: read failed: EBADF (Bad file descriptor)
08-22 18:43:44.078  2513 19946 E IcmpReader: 	at libcore.io.Posix.readBytes(Native Method)
08-22 18:43:44.078  2513 19946 E IcmpReader: 	at libcore.io.Posix.read(Posix.java:169)
08-22 18:43:44.078  2513 19946 E IcmpReader: 	at libcore.io.BlockGuardOs.read(BlockGuardOs.java:231)
08-22 18:43:44.078  2513 19946 E IcmpReader: 	at android.system.Os.read(Os.java:373)
08-22 18:43:44.078  2513 19946 E IcmpReader: 	at com.miui.daemon.mqsas.wcns.l.run(IcmpReader.java:123)
08-22 18:43:44.078  2513 19946 E IcmpReader: 	at java.lang.Thread.run(Thread.java:760)
08-22 18:43:44.078  2513 19946 E IcmpReader: Exception occur while read socket: 
08-22 18:43:44.078  2513 19946 E IcmpReader: android.system.ErrnoException: read failed: EBADF (Bad file descriptor)
08-22 18:43:44.078  2513 19946 E IcmpReader: 	at libcore.io.Posix.readBytes(Native Method)
08-22 18:43:44.078  2513 19946 E IcmpReader: 	at libcore.io.Posix.read(Posix.java:169)
08-22 18:43:44.078  2513 19946 E IcmpReader: 	at libcore.io.BlockGuardOs.read(BlockGuardOs.java:231)
08-22 18:43:44.078  2513 19946 E IcmpReader: 	at android.system.Os.read(Os.java:373)
08-22 18:43:44.078  2513 19946 E IcmpReader: 	at com.miui.daemon.mqsas.wcns.l.run(IcmpReader.java:123)
08-22 18:43:44.078  2513 19946 E IcmpReader: 	at java.lang.Thread.run(Thread.java:760)
08-22 18:43:44.079  2513 19946 E IcmpReader: Exception occur while read socket: 
08-22 18:43:44.079  2513 19946 E IcmpReader: android.system.ErrnoException: read failed: EBADF (Bad file descriptor)
08-22 18:43:44.079  2513 19946 E IcmpReader: 	at libcore.io.Posix.readBytes(Native Method)
08-22 18:43:44.079  2513 19946 E IcmpReader: 	at libcore.io.Posix.read(Posix.java:169)
08-22 18:43:44.079  2513 19946 E IcmpReader: 	at libcore.io.BlockGuardOs.read(BlockGuardOs.java:231)
08-22 18:43:44.079  2513 19946 E IcmpReader: 	at android.system.Os.read(Os.java:373)
08-22 18:43:44.079  2513 19946 E IcmpReader: 	at com.miui.daemon.mqsas.wcns.l.run(IcmpReader.java:123)
08-22 18:43:44.079  2513 19946 E IcmpReader: 	at java.lang.Thread.run(Thread.java:760)
08-22 18:43:44.079  2513 19946 E IcmpReader: Exception occur while read socket: 
08-22 18:43:44.079  2513 19946 E IcmpReader: android.system.ErrnoException: read failed: EBADF (Bad file descriptor)
08-22 18:43:44.079  2513 19946 E IcmpReader: 	at libcore.io.Posix.readBytes(Native Method)
08-22 18:43:44.079  2513 19946 E IcmpReader: 	at libcore.io.Posix.read(Posix.java:169)
08-22 18:43:44.079  2513 19946 E IcmpReader: 	at libcore.io.BlockGuardOs.read(BlockGuardOs.java:231)
08-22 18:43:44.079  2513 19946 E IcmpReader: 	at android.system.Os.read(Os.java:373)
08-22 18:43:44.079  2513 19946 E IcmpReader: 	at com.miui.daemon.mqsas.wcns.l.run(IcmpReader.java:123)
08-22 18:43:44.079  2513 19946 E IcmpReader: 	at java.lang.Thread.run(Thread.java:760)
08-22 18:43:44.079  2513 19946 E IcmpReader: Exception occur while read socket: 
08-22 18:43:44.079  2513 19946 E IcmpReader: android.system.ErrnoException: read failed: EBADF (Bad file descriptor)
08-22 18:43:44.079  2513 19946 E IcmpReader: 	at libcore.io.Posix.readBytes(Native Method)
08-22 18:43:44.079  2513 19946 E IcmpReader: 	at libcore.io.Posix.read(Posix.java:169)
08-22 18:43:44.079  2513 19946 E IcmpReader: 	at libcore.io.BlockGuardOs.read(BlockGuardOs.java:231)
08-22 18:43:44.079  2513 19946 E IcmpReader: 	at android.system.Os.read(Os.java:373)
08-22 18:43:44.079  2513 19946 E IcmpReader: 	at com.miui.daemon.mqsas.wcns.l.run(IcmpReader.java:123)
08-22 18:43:44.079  2513 19946 E IcmpReader: 	at java.lang.Thread.run(Thread.java:760)
08-22 18:43:44.079  2513 19946 E IcmpReader: Exception occur while read socket: 
08-22 18:43:44.079  2513 19946 E IcmpReader: android.system.ErrnoException: read failed: EBADF (Bad file descriptor)
08-22 18:43:44.079  2513 19946 E IcmpReader: 	at libcore.io.Posix.readBytes(Native Method)
08-22 18:43:44.079  2513 19946 E IcmpReader: 	at libcore.io.Posix.read(Posix.java:169)
08-22 18:43:44.079  2513 19946 E IcmpReader: 	at libcore.io.BlockGuardOs.read(BlockGuardOs.java:231)
08-22 18:43:44.079  2513 19946 E IcmpReader: 	at android.system.Os.read(Os.java:373)
08-22 18:43:44.079  2513 19946 E IcmpReader: 	at com.miui.daemon.mqsas.wcns.l.run(IcmpReader.java:123)
08-22 18:43:44.079  2513 19946 E IcmpReader: 	at java.lang.Thread.run(Thread.java:760)
08-22 18:43:44.079  1845  1845 I AbstractOpenableExtensi: AbstractOpenableExtension.maybeDestroyExistingKeyboardGroupManager():514 Destroy existing keyboard group manager in fau
08-22 18:43:44.079  1845  1845 I AbstractOpenableExtensi: AbstractOpenableExtension.createKeyboardGroupManagerListenableFuture():123 Create keyboard group manager listenable future in fau
08-22 18:43:44.079  2513 19946 E IcmpReader: Exception occur while read socket: 
08-22 18:43:44.079  2513 19946 E IcmpReader: android.system.ErrnoException: read failed: EBADF (Bad file descriptor)
08-22 18:43:44.079  2513 19946 E IcmpReader: 	at libcore.io.Posix.readBytes(Native Method)
08-22 18:43:44.079  2513 19946 E IcmpReader: 	at libcore.io.Posix.read(Posix.java:169)
08-22 18:43:44.079  2513 19946 E IcmpReader: 	at libcore.io.BlockGuardOs.read(BlockGuardOs.java:231)
08-22 18:43:44.079  2513 19946 E IcmpReader: 	at android.system.Os.read(Os.java:373)
08-22 18:43:44.079  2513 19946 E IcmpReader: 	at com.miui.daemon.mqsas.wcns.l.run(IcmpReader.java:123)
08-22 18:43:44.079  2513 19946 E IcmpReader: 	at java.lang.Thread.run(Thread.java:760)
08-22 18:43:44.079  2513 19946 E IcmpReader: Exception occur while read socket: 
08-22 18:43:44.079  2513 19946 E IcmpReader: android.system.ErrnoException: read failed: EBADF (Bad file descriptor)
08-22 18:43:44.079  2513 19946 E IcmpReader: 	at libcore.io.Posix.readBytes(Native Method)
08-22 18:43:44.079  2513 19946 E IcmpReader: 	at libcore.io.Posix.read(Posix.java:169)
08-22 18:43:44.079  2513 19946 E IcmpReader: 	at libcore.io.BlockGuardOs.read(BlockGuardOs.java:231)
08-22 18:43:44.079  2513 19946 E IcmpReader: 	at android.system.Os.read(Os.java:373)
08-22 18:43:44.079  2513 19946 E IcmpReader: 	at com.miui.daemon.mqsas.wcns.l.run(IcmpReader.java:123)
08-22 18:43:44.079  2513 19946 E IcmpReader: 	at java.lang.Thread.run(Thread.java:760)
08-22 18:43:44.080  2513 19946 E IcmpReader: Exception occur while read socket: 
08-22 18:43:44.080  2513 19946 E IcmpReader: android.system.ErrnoException: read failed: EBADF (Bad file descriptor)
08-22 18:43:44.080  2513 19946 E IcmpReader: 	at libcore.io.Posix.readBytes(Native Method)
08-22 18:43:44.080  2513 19946 E IcmpReader: 	at libcore.io.Posix.read(Posix.java:169)
08-22 18:43:44.080  2513 19946 E IcmpReader: 	at libcore.io.BlockGuardOs.read(BlockGuardOs.java:231)
08-22 18:43:44.080  2513 19946 E IcmpReader: 	at android.system.Os.read(Os.java:373)
08-22 18:43:44.080  2513 19946 E IcmpReader: 	at com.miui.daemon.mqsas.wcns.l.run(IcmpReader.java:123)
08-22 18:43:44.080  2513 19946 E IcmpReader: 	at java.lang.Thread.run(Thread.java:760)
08-22 18:43:44.080  1845  1845 I AbstractOpenableExtensi: AbstractOpenableExtension.maybeDestroyExistingKeyboardGroupManager():514 Destroy existing keyboard group manager in eyj
08-22 18:43:44.080  2513 19946 E IcmpReader: Exception occur while read socket: 
08-22 18:43:44.080  2513 19946 E IcmpReader: android.system.ErrnoException: read failed: EBADF (Bad file descriptor)
08-22 18:43:44.080  2513 19946 E IcmpReader: 	at libcore.io.Posix.readBytes(Native Method)
08-22 18:43:44.080  2513 19946 E IcmpReader: 	at libcore.io.Posix.read(Posix.java:169)
08-22 18:43:44.080  2513 19946 E IcmpReader: 	at libcore.io.BlockGuardOs.read(BlockGuardOs.java:231)
08-22 18:43:44.080  2513 19946 E IcmpReader: 	at android.system.Os.read(Os.java:373)
08-22 18:43:44.080  2513 19946 E IcmpReader: 	at com.miui.daemon.mqsas.wcns.l.run(IcmpReader.java:123)
08-22 18:43:44.080  2513 19946 E IcmpReader: 	at java.lang.Thread.run(Thread.java:760)
08-22 18:43:44.080  1845  1845 I AbstractOpenableExtensi: AbstractOpenableExtension.createKeyboardGroupManagerListenableFuture():123 Create keyboard group manager listenable future in eyj
08-22 18:43:44.080  2513 19946 E IcmpReader: Exception occur while read socket: 
08-22 18:43:44.080  2513 19946 E IcmpReader: android.system.ErrnoException: read failed: EBADF (Bad file descriptor)
08-22 18:43:44.080  2513 19946 E IcmpReader: 	at libcore.io.Posix.readBytes(Native Method)
08-22 18:43:44.080  2513 19946 E IcmpReader: 	at libcore.io.Posix.read(Posix.java:169)
08-22 18:43:44.080  2513 19946 E IcmpReader: 	at libcore.io.BlockGuardOs.read(BlockGuardOs.java:231)
08-22 18:43:44.080  2513 19946 E IcmpReader: 	at android.system.Os.read(Os.java:373)
08-22 18:43:44.080  2513 19946 E IcmpReader: 	at com.miui.daemon.mqsas.wcns.l.run(IcmpReader.java:123)
08-22 18:43:44.080  2513 19946 E IcmpReader: 	at java.lang.Thread.run(Thread.java:760)
08-22 18:43:44.080  2513 19946 E IcmpReader: Exception occur while read socket: 
08-22 18:43:44.080  2513 19946 E IcmpReader: android.system.ErrnoException: read failed: EBADF (Bad file descriptor)
08-22 18:43:44.080  2513 19946 E IcmpReader: 	at libcore.io.Posix.readBytes(Native Method)
08-22 18:43:44.080  2513 19946 E IcmpReader: 	at libcore.io.Posix.read(Posix.java:169)
08-22 18:43:44.080  2513 19946 E IcmpReader: 	at libcore.io.BlockGuardOs.read(BlockGuardOs.java:231)
08-22 18:43:44.080  2513 19946 E IcmpReader: 	at android.system.Os.read(Os.java:373)
08-22 18:43:44.080  2513 19946 E IcmpReader: 	at com.miui.daemon.mqsas.wcns.l.run(IcmpReader.java:123)
08-22 18:43:44.080  2513 19946 E IcmpReader: 	at java.lang.Thread.run(Thread.java:760)
08-22 18:43:44.080  1845  1845 I AbstractOpenableExtensi: AbstractOpenableExtension.maybeDestroyExistingKeyboardGroupManager():514 Destroy existing keyboard group manager in fci
08-22 18:43:44.080  2513 19946 E IcmpReader: Exception occur while read socket: 
08-22 18:43:44.080  2513 19946 E IcmpReader: android.system.ErrnoException: read failed: EBADF (Bad file descriptor)
08-22 18:43:44.080  2513 19946 E IcmpReader: 	at libcore.io.Posix.readBytes(Native Method)
08-22 18:43:44.080  2513 19946 E IcmpReader: 	at libcore.io.Posix.read(Posix.java:169)
08-22 18:43:44.080  2513 19946 E IcmpReader: 	at libcore.io.BlockGuardOs.read(BlockGuardOs.java:231)
08-22 18:43:44.080  2513 19946 E IcmpReader: 	at android.system.Os.read(Os.java:373)
08-22 18:43:44.080  2513 19946 E IcmpReader: 	at com.miui.daemon.mqsas.wcns.l.run(IcmpReader.java:123)
08-22 18:43:44.080  2513 19946 E IcmpReader: 	at java.lang.Thread.run(Thread.java:760)
08-22 18:43:44.080  1845  1845 I AbstractOpenableExtensi: AbstractOpenableExtension.createKeyboardGroupManagerListenableFuture():123 Create keyboard group manager listenable future in fci
08-22 18:43:44.080  2513 19946 E IcmpReader: Exception occur while read socket: 
08-22 18:43:44.080  2513 19946 E IcmpReader: android.system.ErrnoException: read failed: EBADF (Bad file descriptor)
08-22 18:43:44.080  2513 19946 E IcmpReader: 	at libcore.io.Posix.readBytes(Native Method)
08-22 18:43:44.080  2513 19946 E IcmpReader: 	at libcore.io.Posix.read(Posix.java:169)
08-22 18:43:44.080  2513 19946 E IcmpReader: 	at libcore.io.BlockGuardOs.read(BlockGuardOs.java:231)
08-22 18:43:44.080  2513 19946 E IcmpReader: 	at android.system.Os.read(Os.java:373)
08-22 18:43:44.080  2513 19946 E IcmpReader: 	at com.miui.daemon.mqsas.wcns.l.run(IcmpReader.java:123)
08-22 18:43:44.080  2513 19946 E IcmpReader: 	at java.lang.Thread.run(Thread.java:760)
08-22 18:43:44.081  2513 19946 E IcmpReader: Exception occur while read socket: 
08-22 18:43:44.081  2513 19946 E IcmpReader: android.system.ErrnoException: read failed: EBADF (Bad file descriptor)
08-22 18:43:44.081  2513 19946 E IcmpReader: 	at libcore.io.Posix.readBytes(Native Method)
08-22 18:43:44.081  2513 19946 E IcmpReader: 	at libcore.io.Posix.read(Posix.java:169)
08-22 18:43:44.081  2513 19946 E IcmpReader: 	at libcore.io.BlockGuardOs.read(BlockGuardOs.java:231)
08-22 18:43:44.081  2513 19946 E IcmpReader: 	at android.system.Os.read(Os.java:373)
08-22 18:43:44.081  2513 19946 E IcmpReader: 	at com.miui.daemon.mqsas.wcns.l.run(IcmpReader.java:123)
08-22 18:43:44.081  2513 19946 E IcmpReader: 	at java.lang.Thread.run(Thread.java:760)
08-22 18:43:44.081  2513 19946 E IcmpReader: Exception occur while read socket: 
08-22 18:43:44.081  2513 19946 E IcmpReader: android.system.ErrnoException: read failed: EBADF (Bad file descriptor)
08-22 18:43:44.081  2513 19946 E IcmpReader: 	at libcore.io.Posix.readBytes(Native Method)
08-22 18:43:44.081  2513 19946 E IcmpReader: 	at libcore.io.Posix.read(Posix.java:169)
08-22 18:43:44.081  2513 19946 E IcmpReader: 	at libcore.io.BlockGuardOs.read(BlockGuardOs.java:231)
08-22 18:43:44.081  2513 19946 E IcmpReader: 	at android.system.Os.read(Os.java:373)
08-22 18:43:44.081  2513 19946 E IcmpReader: 	at com.miui.daemon.mqsas.wcns.l.run(IcmpReader.java:123)
08-22 18:43:44.081  2513 19946 E IcmpReader: 	at java.lang.Thread.run(Thread.java:760)
08-22 18:43:44.081  2513 19946 E IcmpReader: Exception occur while read socket: 
08-22 18:43:44.081  2513 19946 E IcmpReader: android.system.ErrnoException: read failed: EBADF (Bad file descriptor)
08-22 18:43:44.081  2513 19946 E IcmpReader: 	at libcore.io.Posix.readBytes(Native Method)
08-22 18:43:44.081  2513 19946 E IcmpReader: 	at libcore.io.Posix.read(Posix.java:169)
08-22 18:43:44.081  2513 19946 E IcmpReader: 	at libcore.io.BlockGuardOs.read(BlockGuardOs.java:231)
08-22 18:43:44.081  2513 19946 E IcmpReader: 	at android.system.Os.read(Os.java:373)
08-22 18:43:44.081  2513 19946 E IcmpReader: 	at com.miui.daemon.mqsas.wcns.l.run(IcmpReader.java:123)
08-22 18:43:44.081  2513 19946 E IcmpReader: 	at java.lang.Thread.run(Thread.java:760)
08-22 18:43:44.081  2513 19946 E IcmpReader: Exception occur while read socket: 
08-22 18:43:44.081  2513 19946 E IcmpReader: android.system.ErrnoException: read failed: EBADF (Bad file descriptor)
08-22 18:43:44.081  2513 19946 E IcmpReader: 	at libcore.io.Posix.readBytes(Native Method)
08-22 18:43:44.081  2513 19946 E IcmpReader: 	at libcore.io.Posix.read(Posix.java:169)
08-22 18:43:44.081  2513 19946 E IcmpReader: 	at libcore.io.BlockGuardOs.read(BlockGuardOs.java:231)
08-22 18:43:44.081  2513 19946 E IcmpReader: 	at android.system.Os.read(Os.java:373)
08-22 18:43:44.081  2513 19946 E IcmpReader: 	at com.miui.daemon.mqsas.wcns.l.run(IcmpReader.java:123)
08-22 18:43:44.081  2513 19946 E IcmpReader: 	at java.lang.Thread.run(Thread.java:760)
08-22 18:43:44.081  2513 19946 E IcmpReader: Exception occur while read socket: 
08-22 18:43:44.081  2513 19946 E IcmpReader: android.system.ErrnoException: read failed: EBADF (Bad file descriptor)
08-22 18:43:44.081  2513 19946 E IcmpReader: 	at libcore.io.Posix.readBytes(Native Method)
08-22 18:43:44.081  2513 19946 E IcmpReader: 	at libcore.io.Posix.read(Posix.java:169)
08-22 18:43:44.081  2513 19946 E IcmpReader: 	at libcore.io.BlockGuardOs.read(BlockGuardOs.java:231)
08-22 18:43:44.081  2513 19946 E IcmpReader: 	at android.system.Os.read(Os.java:373)
08-22 18:43:44.081  2513 19946 E IcmpReader: 	at com.miui.daemon.mqsas.wcns.l.run(IcmpReader.java:123)
08-22 18:43:44.081  2513 19946 E IcmpReader: 	at java.lang.Thread.run(Thread.java:760)
08-22 18:43:44.081  2513 19946 E IcmpReader: Exception occur while read socket: 
08-22 18:43:44.081  2513 19946 E IcmpReader: android.system.ErrnoException: read failed: EBADF (Bad file descriptor)
08-22 18:43:44.081  2513 19946 E IcmpReader: 	at libcore.io.Posix.readBytes(Native Method)
08-22 18:43:44.081  2513 19946 E IcmpReader: 	at libcore.io.Posix.read(Posix.java:169)
08-22 18:43:44.081  2513 19946 E IcmpReader: 	at libcore.io.BlockGuardOs.read(BlockGuardOs.java:231)
08-22 18:43:44.081  2513 19946 E IcmpReader: 	at android.system.Os.read(Os.java:373)
08-22 18:43:44.081  2513 19946 E IcmpReader: 	at com.miui.daemon.mqsas.wcns.l.run(IcmpReader.java:123)
08-22 18:43:44.081  2513 19946 E IcmpReader: 	at java.lang.Thread.run(Thread.java:760)
08-22 18:43:44.082  2513 19946 E IcmpReader: Exception occur while read socket: 
08-22 18:43:44.082  2513 19946 E IcmpReader: android.system.ErrnoException: read failed: EBADF (Bad file descriptor)
08-22 18:43:44.082  2513 19946 E IcmpReader: 	at libcore.io.Posix.readBytes(Native Method)
08-22 18:43:44.082  2513 19946 E IcmpReader: 	at libcore.io.Posix.read(Posix.java:169)
08-22 18:43:44.082  2513 19946 E IcmpReader: 	at libcore.io.BlockGuardOs.read(BlockGuardOs.java:231)
08-22 18:43:44.082  2513 19946 E IcmpReader: 	at android.system.Os.read(Os.java:373)
08-22 18:43:44.082  2513 19946 E IcmpReader: 	at com.miui.daemon.mqsas.wcns.l.run(IcmpReader.java:123)
08-22 18:43:44.082  2513 19946 E IcmpReader: 	at java.lang.Thread.run(Thread.java:760)
08-22 18:43:44.082  2513 19946 E IcmpReader: Exception occur while read socket: 
08-22 18:43:44.082  2513 19946 E IcmpReader: android.system.ErrnoException: read failed: EBADF (Bad file descriptor)
08-22 18:43:44.082  2513 19946 E IcmpReader: 	at libcore.io.Posix.readBytes(Native Method)
08-22 18:43:44.082  2513 19946 E IcmpReader: 	at libcore.io.Posix.read(Posix.java:169)
08-22 18:43:44.082  2513 19946 E IcmpReader: 	at libcore.io.BlockGuardOs.read(BlockGuardOs.java:231)
08-22 18:43:44.082  2513 19946 E IcmpReader: 	at android.system.Os.read(Os.java:373)
08-22 18:43:44.082  2513 19946 E IcmpReader: 	at com.miui.daemon.mqsas.wcns.l.run(IcmpReader.java:123)
08-22 18:43:44.082  2513 19946 E IcmpReader: 	at java.lang.Thread.run(Thread.java:760)
08-22 18:43:44.082  1845 19220 I DlamWrapper: DlamWrapper$1.onSuccess():148 close(): Successfully wrote DLAM properties file.
08-22 18:43:44.082  1845  1845 I NormalModeController: NormalModeController.getKeyboardBodyViewHolderPaddingBottom():109 currentPrimeKeyboardType:SOFT systemPaddingBottom:-1
08-22 18:43:44.082  2513 19946 E IcmpReader: Exception occur while read socket: 
08-22 18:43:44.082  2513 19946 E IcmpReader: android.system.ErrnoException: read failed: EBADF (Bad file descriptor)
08-22 18:43:44.082  2513 19946 E IcmpReader: 	at libcore.io.Posix.readBytes(Native Method)
08-22 18:43:44.082  2513 19946 E IcmpReader: 	at libcore.io.Posix.read(Posix.java:169)
08-22 18:43:44.082  2513 19946 E IcmpReader: 	at libcore.io.BlockGuardOs.read(BlockGuardOs.java:231)
08-22 18:43:44.082  2513 19946 E IcmpReader: 	at android.system.Os.read(Os.java:373)
08-22 18:43:44.082  2513 19946 E IcmpReader: 	at com.miui.daemon.mqsas.wcns.l.run(IcmpReader.java:123)
08-22 18:43:44.082  2513 19946 E IcmpReader: 	at java.lang.Thread.run(Thread.java:760)
08-22 18:43:44.082  1845 19217 I KeyboardGroupDefParser: KeyboardGroupDefParser.parseKeyboardGroupDef():89 parseKeyboardGroupDef() 2132148495 -> 0_resource_name_obfuscated : WaitTime = 1 ms : RunTime = 2 ms
08-22 18:43:44.082  2513 19946 E IcmpReader: Exception occur while read socket: 
08-22 18:43:44.082  2513 19946 E IcmpReader: android.system.ErrnoException: read failed: EBADF (Bad file descriptor)
08-22 18:43:44.082  2513 19946 E IcmpReader: 	at libcore.io.Posix.readBytes(Native Method)
08-22 18:43:44.082  2513 19946 E IcmpReader: 	at libcore.io.Posix.read(Posix.java:169)
08-22 18:43:44.082  2513 19946 E IcmpReader: 	at libcore.io.BlockGuardOs.read(BlockGuardOs.java:231)
08-22 18:43:44.082  2513 19946 E IcmpReader: 	at android.system.Os.read(Os.java:373)
08-22 18:43:44.082  2513 19946 E IcmpReader: 	at com.miui.daemon.mqsas.wcns.l.run(IcmpReader.java:123)
08-22 18:43:44.082  2513 19946 E IcmpReader: 	at java.lang.Thread.run(Thread.java:760)
08-22 18:43:44.082  2513 19946 E IcmpReader: Exception occur while read socket: 
08-22 18:43:44.082  2513 19946 E IcmpReader: android.system.ErrnoException: read failed: EBADF (Bad file descriptor)
08-22 18:43:44.082  2513 19946 E IcmpReader: 	at libcore.io.Posix.readBytes(Native Method)
08-22 18:43:44.082  2513 19946 E IcmpReader: 	at libcore.io.Posix.read(Posix.java:169)
08-22 18:43:44.082  2513 19946 E IcmpReader: 	at libcore.io.BlockGuardOs.read(BlockGuardOs.java:231)
08-22 18:43:44.082  2513 19946 E IcmpReader: 	at android.system.Os.read(Os.java:373)
08-22 18:43:44.082  2513 19946 E IcmpReader: 	at com.miui.daemon.mqsas.wcns.l.run(IcmpReader.java:123)
08-22 18:43:44.082  2513 19946 E IcmpReader: 	at java.lang.Thread.run(Thread.java:760)
08-22 18:43:44.082  2513 19946 E IcmpReader: Exception occur while read socket: 
08-22 18:43:44.082  2513 19946 E IcmpReader: android.system.ErrnoException: read failed: EBADF (Bad file descriptor)
08-22 18:43:44.082  2513 19946 E IcmpReader: 	at libcore.io.Posix.readBytes(Native Method)
08-22 18:43:44.082  2513 19946 E IcmpReader: 	at libcore.io.Posix.read(Posix.java:169)
08-22 18:43:44.082  2513 19946 E IcmpReader: 	at libcore.io.BlockGuardOs.read(BlockGuardOs.java:231)
08-22 18:43:44.082  2513 19946 E IcmpReader: 	at android.system.Os.read(Os.java:373)
08-22 18:43:44.082  2513 19946 E IcmpReader: 	at com.miui.daemon.mqsas.wcns.l.run(IcmpReader.java:123)
08-22 18:43:44.082  2513 19946 E IcmpReader: 	at java.lang.Thread.run(Thread.java:760)
08-22 18:43:44.083  2513 19946 E IcmpReader: Exception occur while read socket: 
08-22 18:43:44.083  2513 19946 E IcmpReader: android.system.ErrnoException: read failed: EBADF (Bad file descriptor)
08-22 18:43:44.083  2513 19946 E IcmpReader: 	at libcore.io.Posix.readBytes(Native Method)
08-22 18:43:44.083  2513 19946 E IcmpReader: 	at libcore.io.Posix.read(Posix.java:169)
08-22 18:43:44.083  2513 19946 E IcmpReader: 	at libcore.io.BlockGuardOs.read(BlockGuardOs.java:231)
08-22 18:43:44.083  2513 19946 E IcmpReader: 	at android.system.Os.read(Os.java:373)
08-22 18:43:44.083  2513 19946 E IcmpReader: 	at com.miui.daemon.mqsas.wcns.l.run(IcmpReader.java:123)
08-22 18:43:44.083  2513 19946 E IcmpReader: 	at java.lang.Thread.run(Thread.java:760)
08-22 18:43:44.083  1845 19219 I KeyboardGroupDefParser: KeyboardGroupDefParser.parseKeyboardGroupDef():89 parseKeyboardGroupDef() 2132148499 -> 0_resource_name_obfuscated : WaitTime = 1 ms : RunTime = 1 ms
08-22 18:43:44.083  2513 19946 E IcmpReader: Exception occur while read socket: 
08-22 18:43:44.083  2513 19946 E IcmpReader: android.system.ErrnoException: read failed: EBADF (Bad file descriptor)
08-22 18:43:44.083  2513 19946 E IcmpReader: 	at libcore.io.Posix.readBytes(Native Method)
08-22 18:43:44.083  2513 19946 E IcmpReader: 	at libcore.io.Posix.read(Posix.java:169)
08-22 18:43:44.083  2513 19946 E IcmpReader: 	at libcore.io.BlockGuardOs.read(BlockGuardOs.java:231)
08-22 18:43:44.083  2513 19946 E IcmpReader: 	at android.system.Os.read(Os.java:373)
08-22 18:43:44.083  2513 19946 E IcmpReader: 	at com.miui.daemon.mqsas.wcns.l.run(IcmpReader.java:123)
08-22 18:43:44.083  2513 19946 E IcmpReader: 	at java.lang.Thread.run(Thread.java:760)
08-22 18:43:44.083  2513 19946 E IcmpReader: Exception occur while read socket: 
08-22 18:43:44.083  2513 19946 E IcmpReader: android.system.ErrnoException: read failed: EBADF (Bad file descriptor)
08-22 18:43:44.083  2513 19946 E IcmpReader: 	at libcore.io.Posix.readBytes(Native Method)
08-22 18:43:44.083  2513 19946 E IcmpReader: 	at libcore.io.Posix.read(Posix.java:169)
08-22 18:43:44.083  2513 19946 E IcmpReader: 	at libcore.io.BlockGuardOs.read(BlockGuardOs.java:231)
08-22 18:43:44.083  2513 19946 E IcmpReader: 	at android.system.Os.read(Os.java:373)
08-22 18:43:44.083  2513 19946 E IcmpReader: 	at com.miui.daemon.mqsas.wcns.l.run(IcmpReader.java:123)
08-22 18:43:44.083  2513 19946 E IcmpReader: 	at java.lang.Thread.run(Thread.java:760)
08-22 18:43:44.083  1845 19218 I KeyboardGroupDefParser: KeyboardGroupDefParser.parseKeyboardGroupDef():89 parseKeyboardGroupDef() 2132148494 -> 0_resource_name_obfuscated : WaitTime = 2 ms : RunTime = 1 ms
08-22 18:43:44.083  2513 19946 E IcmpReader: Exception occur while read socket: 
08-22 18:43:44.083  2513 19946 E IcmpReader: android.system.ErrnoException: read failed: EBADF (Bad file descriptor)
08-22 18:43:44.083  2513 19946 E IcmpReader: 	at libcore.io.Posix.readBytes(Native Method)
08-22 18:43:44.083  2513 19946 E IcmpReader: 	at libcore.io.Posix.read(Posix.java:169)
08-22 18:43:44.083  2513 19946 E IcmpReader: 	at libcore.io.BlockGuardOs.read(BlockGuardOs.java:231)
08-22 18:43:44.083  2513 19946 E IcmpReader: 	at android.system.Os.read(Os.java:373)
08-22 18:43:44.083  2513 19946 E IcmpReader: 	at com.miui.daemon.mqsas.wcns.l.run(IcmpReader.java:123)
08-22 18:43:44.083  2513 19946 E IcmpReader: 	at java.lang.Thread.run(Thread.java:760)
08-22 18:43:44.083  2513 19946 E IcmpReader: Exception occur while read socket: 
08-22 18:43:44.083  2513 19946 E IcmpReader: android.system.ErrnoException: read failed: EBADF (Bad file descriptor)
08-22 18:43:44.083  2513 19946 E IcmpReader: 	at libcore.io.Posix.readBytes(Native Method)
08-22 18:43:44.083  2513 19946 E IcmpReader: 	at libcore.io.Posix.read(Posix.java:169)
08-22 18:43:44.083  2513 19946 E IcmpReader: 	at libcore.io.BlockGuardOs.read(BlockGuardOs.java:231)
08-22 18:43:44.083  2513 19946 E IcmpReader: 	at android.system.Os.read(Os.java:373)
08-22 18:43:44.083  2513 19946 E IcmpReader: 	at com.miui.daemon.mqsas.wcns.l.run(IcmpReader.java:123)
08-22 18:43:44.083  2513 19946 E IcmpReader: 	at java.lang.Thread.run(Thread.java:760)
08-22 18:43:44.083  2513 19946 E IcmpReader: Exception occur while read socket: 
08-22 18:43:44.083  2513 19946 E IcmpReader: android.system.ErrnoException: read failed: EBADF (Bad file descriptor)
08-22 18:43:44.083  2513 19946 E IcmpReader: 	at libcore.io.Posix.readBytes(Native Method)
08-22 18:43:44.083  2513 19946 E IcmpReader: 	at libcore.io.Posix.read(Posix.java:169)
08-22 18:43:44.083  2513 19946 E IcmpReader: 	at libcore.io.BlockGuardOs.read(BlockGuardOs.java:231)
08-22 18:43:44.083  2513 19946 E IcmpReader: 	at android.system.Os.read(Os.java:373)
08-22 18:43:44.083  2513 19946 E IcmpReader: 	at com.miui.daemon.mqsas.wcns.l.run(IcmpReader.java:123)
08-22 18:43:44.083  2513 19946 E IcmpReader: 	at java.lang.Thread.run(Thread.java:760)
08-22 18:43:44.084  2513 19946 E IcmpReader: Exception occur while read socket: 
08-22 18:43:44.084  2513 19946 E IcmpReader: android.system.ErrnoException: read failed: EBADF (Bad file descriptor)
08-22 18:43:44.084  2513 19946 E IcmpReader: 	at libcore.io.Posix.readBytes(Native Method)
08-22 18:43:44.084  2513 19946 E IcmpReader: 	at libcore.io.Posix.read(Posix.java:169)
08-22 18:43:44.084  2513 19946 E IcmpReader: 	at libcore.io.BlockGuardOs.read(BlockGuardOs.java:231)
08-22 18:43:44.084  2513 19946 E IcmpReader: 	at android.system.Os.read(Os.java:373)
08-22 18:43:44.084  2513 19946 E IcmpReader: 	at com.miui.daemon.mqsas.wcns.l.run(IcmpReader.java:123)
08-22 18:43:44.084  2513 19946 E IcmpReader: 	at java.lang.Thread.run(Thread.java:760)
08-22 18:43:44.084  2513 19946 E IcmpReader: Exception occur while read socket: 
08-22 18:43:44.084  2513 19946 E IcmpReader: android.system.ErrnoException: read failed: EBADF (Bad file descriptor)
08-22 18:43:44.084  2513 19946 E IcmpReader: 	at libcore.io.Posix.readBytes(Native Method)
08-22 18:43:44.084  2513 19946 E IcmpReader: 	at libcore.io.Posix.read(Posix.java:169)
08-22 18:43:44.084  2513 19946 E IcmpReader: 	at libcore.io.BlockGuardOs.read(BlockGuardOs.java:231)
08-22 18:43:44.084  2513 19946 E IcmpReader: 	at android.system.Os.read(Os.java:373)
08-22 18:43:44.084  2513 19946 E IcmpReader: 	at com.miui.daemon.mqsas.wcns.l.run(IcmpReader.java:123)
08-22 18:43:44.084  2513 19946 E IcmpReader: 	at java.lang.Thread.run(Thread.java:760)
08-22 18:43:44.084  2513 19946 E IcmpReader: Exception occur while read socket: 
08-22 18:43:44.084  2513 19946 E IcmpReader: android.system.ErrnoException: read failed: EBADF (Bad file descriptor)
08-22 18:43:44.084  2513 19946 E IcmpReader: 	at libcore.io.Posix.readBytes(Native Method)
08-22 18:43:44.084  2513 19946 E IcmpReader: 	at libcore.io.Posix.read(Posix.java:169)
08-22 18:43:44.084  2513 19946 E IcmpReader: 	at libcore.io.BlockGuardOs.read(BlockGuardOs.java:231)
08-22 18:43:44.084  2513 19946 E IcmpReader: 	at android.system.Os.read(Os.java:373)
08-22 18:43:44.084  2513 19946 E IcmpReader: 	at com.miui.daemon.mqsas.wcns.l.run(IcmpReader.java:123)
08-22 18:43:44.084  2513 19946 E IcmpReader: 	at java.lang.Thread.run(Thread.java:760)
08-22 18:43:44.084  2513 19946 E IcmpReader: Exception occur while read socket: 
08-22 18:43:44.084  2513 19946 E IcmpReader: android.system.ErrnoException: read failed: EBADF (Bad file descriptor)
08-22 18:43:44.084  2513 19946 E IcmpReader: 	at libcore.io.Posix.readBytes(Native Method)
08-22 18:43:44.084  2513 19946 E IcmpReader: 	at libcore.io.Posix.read(Posix.java:169)
08-22 18:43:44.084  2513 19946 E IcmpReader: 	at libcore.io.BlockGuardOs.read(BlockGuardOs.java:231)
08-22 18:43:44.084  2513 19946 E IcmpReader: 	at android.system.Os.read(Os.java:373)
08-22 18:43:44.084  2513 19946 E IcmpReader: 	at com.miui.daemon.mqsas.wcns.l.run(IcmpReader.java:123)
08-22 18:43:44.084  2513 19946 E IcmpReader: 	at java.lang.Thread.run(Thread.java:760)
08-22 18:43:44.084  2513 19946 E IcmpReader: Exception occur while read socket: 
08-22 18:43:44.084  2513 19946 E IcmpReader: android.system.ErrnoException: read failed: EBADF (Bad file descriptor)
08-22 18:43:44.084  2513 19946 E IcmpReader: 	at libcore.io.Posix.readBytes(Native Method)
08-22 18:43:44.084  2513 19946 E IcmpReader: 	at libcore.io.Posix.read(Posix.java:169)
08-22 18:43:44.084  2513 19946 E IcmpReader: 	at libcore.io.BlockGuardOs.read(BlockGuardOs.java:231)
08-22 18:43:44.084  2513 19946 E IcmpReader: 	at android.system.Os.read(Os.java:373)
08-22 18:43:44.084  2513 19946 E IcmpReader: 	at com.miui.daemon.mqsas.wcns.l.run(IcmpReader.java:123)
08-22 18:43:44.084  2513 19946 E IcmpReader: 	at java.lang.Thread.run(Thread.java:760)
08-22 18:43:44.084  2513 19946 E IcmpReader: Exception occur while read socket: 
08-22 18:43:44.084  2513 19946 E IcmpReader: android.system.ErrnoException: read failed: EBADF (Bad file descriptor)
08-22 18:43:44.084  2513 19946 E IcmpReader: 	at libcore.io.Posix.readBytes(Native Method)
08-22 18:43:44.084  2513 19946 E IcmpReader: 	at libcore.io.Posix.read(Posix.java:169)
08-22 18:43:44.084  2513 19946 E IcmpReader: 	at libcore.io.BlockGuardOs.read(BlockGuardOs.java:231)
08-22 18:43:44.084  2513 19946 E IcmpReader: 	at android.system.Os.read(Os.java:373)
08-22 18:43:44.084  2513 19946 E IcmpReader: 	at com.miui.daemon.mqsas.wcns.l.run(IcmpReader.java:123)
08-22 18:43:44.084  2513 19946 E IcmpReader: 	at java.lang.Thread.run(Thread.java:760)
08-22 18:43:44.085  2513 19946 E IcmpReader: Exception occur while read socket: 
08-22 18:43:44.085  2513 19946 E IcmpReader: android.system.ErrnoException: read failed: EBADF (Bad file descriptor)
08-22 18:43:44.085  2513 19946 E IcmpReader: 	at libcore.io.Posix.readBytes(Native Method)
08-22 18:43:44.085  2513 19946 E IcmpReader: 	at libcore.io.Posix.read(Posix.java:169)
08-22 18:43:44.085  2513 19946 E IcmpReader: 	at libcore.io.BlockGuardOs.read(BlockGuardOs.java:231)
08-22 18:43:44.085  2513 19946 E IcmpReader: 	at android.system.Os.read(Os.java:373)
08-22 18:43:44.085  2513 19946 E IcmpReader: 	at com.miui.daemon.mqsas.wcns.l.run(IcmpReader.java:123)
08-22 18:43:44.085  2513 19946 E IcmpReader: 	at java.lang.Thread.run(Thread.java:760)
08-22 18:43:44.085  2513 19946 E IcmpReader: Exception occur while read socket: 
08-22 18:43:44.085  2513 19946 E IcmpReader: android.system.ErrnoException: read failed: EBADF (Bad file descriptor)
08-22 18:43:44.085  2513 19946 E IcmpReader: 	at libcore.io.Posix.readBytes(Native Method)
08-22 18:43:44.085  2513 19946 E IcmpReader: 	at libcore.io.Posix.read(Posix.java:169)
08-22 18:43:44.085  2513 19946 E IcmpReader: 	at libcore.io.BlockGuardOs.read(BlockGuardOs.java:231)
08-22 18:43:44.085  2513 19946 E IcmpReader: 	at android.system.Os.read(Os.java:373)
08-22 18:43:44.085  2513 19946 E IcmpReader: 	at com.miui.daemon.mqsas.wcns.l.run(IcmpReader.java:123)
08-22 18:43:44.085  2513 19946 E IcmpReader: 	at java.lang.Thread.run(Thread.java:760)
08-22 18:43:44.085  2513 19946 E IcmpReader: Exception occur while read socket: 
08-22 18:43:44.085  2513 19946 E IcmpReader: android.system.ErrnoException: read failed: EBADF (Bad file descriptor)
08-22 18:43:44.085  2513 19946 E IcmpReader: 	at libcore.io.Posix.readBytes(Native Method)
08-22 18:43:44.085  2513 19946 E IcmpReader: 	at libcore.io.Posix.read(Posix.java:169)
