08-22 02:49:16.008   558   603 W ActivityTaskManager: Current config: {1.0 310mcc260mnc [en_US] ldltr sw392dp w392dp h718dp 440dpi nrml long port finger qwerty/v/v dpad/v winConfig={ mBounds=Rect(0, 0 - 1080, 2280) mAppBounds=Rect(0, 171 - 1080, 2148) mWindowingMode=fullscreen mDisplayWindowingMode=fullscreen mActivityType=undefined mAlwaysOnTop=undefined mRotation=ROTATION_0} s.593} unchanged for IME proc com.android.inputmethod.latin
08-22 02:49:16.012   558   603 I WindowManager: Override config changes=20000480 {1.0 310mcc260mnc [en_US] ldltr sw392dp w718dp h364dp 440dpi nrml long land finger qwerty/v/v dpad/v winConfig={ mBounds=Rect(0, 0 - 2280, 1080) mAppBounds=Rect(171, 0 - 2148, 1080) mWindowingMode=fullscreen mDisplayWindowingMode=fullscreen mActivityType=undefined mAlwaysOnTop=undefined mRotation=ROTATION_90} s.624} for displayId=0
08-22 02:49:16.017   815   815 D StatusBar: disable<e i a s b h r c s > disable2<q i n >
08-22 02:49:16.017   558   603 V ActivityTaskManager: Sending to IME proc com.android.inputmethod.latin new config {1.0 310mcc260mnc [en_US] ldltr sw392dp w718dp h364dp 440dpi nrml long land finger qwerty/v/v dpad/v winConfig={ mBounds=Rect(0, 0 - 2280, 1080) mAppBounds=Rect(171, 0 - 2148, 1080) mWindowingMode=fullscreen mDisplayWindowingMode=fullscreen mActivityType=undefined mAlwaysOnTop=undefined mRotation=ROTATION_90} s.624}
08-22 02:49:16.017   558   603 W ActivityTaskManager: Current config: {1.0 310mcc260mnc [en_US] ldltr sw392dp w718dp h364dp 440dpi nrml long land finger qwerty/v/v dpad/v winConfig={ mBounds=Rect(0, 0 - 2280, 1080) mAppBounds=Rect(171, 0 - 2148, 1080) mWindowingMode=fullscreen mDisplayWindowingMode=fullscreen mActivityType=undefined mAlwaysOnTop=undefined mRotation=ROTATION_90} s.624} unchanged for IME proc com.android.inputmethod.latin
08-22 02:49:16.025   558   603 V WindowManager: Orientation start waiting for draw, mDrawState=DRAW_PENDING in Window{8782c4b u0 NavigationBar0}, surfaceController Surface(name=NavigationBar0)/@0x8f6e7b6
08-22 02:49:16.025   558   603 V WindowManager: Orientation start waiting for draw, mDrawState=DRAW_PENDING in Window{4b3526c u0 StatusBar}, surfaceController Surface(name=StatusBar)/@0x87e4cb7
08-22 02:49:16.025   558   603 V WindowManager: Orientation start waiting for draw, mDrawState=DRAW_PENDING in Window{56fff8a u0 com.nutomic.syncthingandroid/com.nutomic.syncthingandroid.activities.FirstStartActivity}, surfaceController Surface(name=com.nutomic.syncthingandroid/com.nutomic.syncthingandroid.activities.FirstStartActivity)/@0xb4b476b
08-22 02:49:16.034   558   603 I InputManager-JNI: Viewport [0] to add: local:8141603649153536, isActive: true
08-22 02:49:16.038   558   686 I InputReader: Reconfiguring input devices, changes=DISPLAY_INFO | 
08-22 02:49:16.038   558   686 I InputReader: Touch device 'virtio_input_multi_touch_9' could not query the properties of its associated display.  The device will be inoperable until the display size becomes available.
08-22 02:49:16.038   558   686 I InputReader: Touch device 'virtio_input_multi_touch_7' could not query the properties of its associated display.  The device will be inoperable until the display size becomes available.
08-22 02:49:16.038   558   686 I InputReader: Touch device 'virtio_input_multi_touch_10' could not query the properties of its associated display.  The device will be inoperable until the display size becomes available.
08-22 02:49:16.038   558   686 I InputReader: Touch device 'virtio_input_multi_touch_4' could not query the properties of its associated display.  The device will be inoperable until the display size becomes available.
08-22 02:49:16.038   558   686 I InputReader: Device reconfigured: id=9, name='virtio_input_multi_touch_1', size 1080x2280, orientation 1, mode 1, display id 0
08-22 02:49:16.038   558   686 I InputReader: Touch device 'virtio_input_multi_touch_11' could not query the properties of its associated display.  The device will be inoperable until the display size becomes available.
08-22 02:49:16.038   558   686 I InputReader: Touch device 'virtio_input_multi_touch_5' could not query the properties of its associated display.  The device will be inoperable until the display size becomes available.
08-22 02:49:16.038   558   686 I InputReader: Touch device 'virtio_input_multi_touch_2' could not query the properties of its associated display.  The device will be inoperable until the display size becomes available.
08-22 02:49:16.038   558   686 I InputReader: Touch device 'virtio_input_multi_touch_6' could not query the properties of its associated display.  The device will be inoperable until the display size becomes available.
08-22 02:49:16.038   558   686 I InputReader: Touch device 'virtio_input_multi_touch_3' could not query the properties of its associated display.  The device will be inoperable until the display size becomes available.
08-22 02:49:16.039   558   686 I InputReader: Touch device 'virtio_input_multi_touch_8' could not query the properties of its associated display.  The device will be inoperable until the display size becomes available.
08-22 02:49:16.050   558   884 W WindowManager: Failed looking up window session=Session{51db18e 3744:u0a10122} callers=com.android.server.wm.WindowManagerService.windowForClientLocked:5425 com.android.server.wm.Session.insetsModified:502 android.view.IWindowSession$Stub.onTransact:1367 
08-22 02:49:16.055   315  1359 D goldfish-address-space: claimShared: Ask to claim region [0x3ec000000 0x3ec8b1000]
08-22 02:49:16.071   315  1359 D goldfish-address-space: claimShared: Ask to claim region [0x3ec8b1000 0x3ed162000]
08-22 02:49:16.072   815   815 D StatusBar: disable<e i a s b h r c s > disable2<q i n >
08-22 02:49:16.074   558   661 V WindowManager: Orientation start waiting for draw, mDrawState=DRAW_PENDING in Window{4b3526c u0 StatusBar}, surfaceController Surface(name=StatusBar)/@0x87e4cb7
08-22 02:49:16.097   315   402 D goldfish-address-space: claimShared: Ask to claim region [0x3eff2c000 0x3effd8000]
08-22 02:49:16.099   315  1359 D goldfish-address-space: claimShared: Ask to claim region [0x3ed162000 0x3eda13000]
08-22 02:49:16.119   315  1359 D goldfish-address-space: claimShared: Ask to claim region [0x3ef6e7000 0x3ef793000]
08-22 02:49:16.134   558   661 V WindowManager: Orientation start waiting for draw, mDrawState=DRAW_PENDING in Window{8782c4b u0 NavigationBar0}, surfaceController Surface(name=NavigationBar0)/@0x8f6e7b6
08-22 02:49:16.137   315  1359 D goldfish-address-space: claimShared: Ask to claim region [0x3efea0000 0x3eff2c000]
08-22 02:49:16.146   315  1359 D goldfish-address-space: claimShared: Ask to claim region [0x3effe9000 0x3efff0000]
08-22 02:49:16.156   815  1385 D HostConnection: HostConnection::get() New Host Connection established 0xf26a7df0, tid 1385
08-22 02:49:16.161   815  1385 D HostConnection: HostComposition ext ANDROID_EMU_CHECKSUM_HELPER_v1 ANDROID_EMU_native_sync_v2 ANDROID_EMU_native_sync_v3 ANDROID_EMU_native_sync_v4 ANDROID_EMU_dma_v1 ANDROID_EMU_direct_mem ANDROID_EMU_host_composition_v1 ANDROID_EMU_host_composition_v2 ANDROID_EMU_YUV_Cache ANDROID_EMU_async_unmap_buffer ANDROID_EMU_has_shared_slots_host_memory_allocator ANDROID_EMU_sync_buffer_data GL_OES_EGL_image_external_essl3 GL_OES_vertex_array_object GL_KHR_texture_compression_astc_ldr ANDROID_EMU_host_side_tracing ANDROID_EMU_async_frame_commands ANDROID_EMU_gles_max_version_3_0 
08-22 02:49:16.161   815  1385 W OpenGLRenderer: Failed to choose config with EGL_SWAP_BEHAVIOR_PRESERVED, retrying without...
08-22 02:49:16.163   815  1385 D EGL_emulation: eglCreateContext: 0xf2692920: maj 3 min 0 rcv 3
08-22 02:49:16.172   815  1385 D EGL_emulation: eglMakeCurrent: 0xf2692920: ver 3 0 (tinfo 0xc049e350) (first time)
08-22 02:49:16.177   315  1359 D goldfish-address-space: claimShared: Ask to claim region [0x3efff0000 0x3efff7000]
08-22 02:49:16.179   315  1359 D goldfish-address-space: claimShared: Ask to claim region [0x3efff7000 0x3efffe000]
08-22 02:49:16.182   315  1359 D goldfish-address-space: claimShared: Ask to claim region [0x3effd8000 0x3effdf000]
08-22 02:49:16.191   315  1359 D goldfish-address-space: claimShared: Ask to claim region [0x3efdc8000 0x3efe54000]
08-22 02:49:16.207   315  1359 D goldfish-address-space: claimShared: Ask to claim region [0x3ef6e7000 0x3ef793000]
08-22 02:49:16.213   558   604 I WindowManager: Screen frozen for +330ms due to Window{8782c4b u0 NavigationBar0}
08-22 02:49:16.214   315  1359 D goldfish-address-space: claimShared: Ask to claim region [0x3eda13000 0x3ee239000]
08-22 02:49:16.228   315  1359 D goldfish-address-space: claimShared: Ask to claim region [0x3ef793000 0x3ef83f000]
08-22 02:49:16.235   558   604 W ImageReader_JNI: Unable to acquire a buffer item, very likely client tried to acquire more than maxImages buffers
08-22 02:49:16.294   315  1359 D goldfish-address-space: claimShared: Ask to claim region [0x3eff2c000 0x3effb8000]
08-22 02:49:16.303   315  1359 D goldfish-address-space: claimShared: Ask to claim region [0x3ef83f000 0x3ef8cb000]
08-22 02:49:16.320   315  1359 D goldfish-address-space: claimShared: Ask to claim region [0x3ef8cb000 0x3ef977000]
08-22 02:49:16.326   315  1359 D goldfish-address-space: claimShared: Ask to claim region [0x3ef977000 0x3efa03000]
08-22 02:49:16.328   316   316 W EmuHWC2 : validate: layer 175 CompositionType 1, fallback
08-22 02:49:16.331   316   316 W EmuHWC2 : No layers, exit, buffer 0xec1c1110
08-22 02:49:16.345   316   316 W EmuHWC2 : validate: layer 175 CompositionType 1, fallback
08-22 02:49:16.351   316   316 W EmuHWC2 : No layers, exit, buffer 0xec1c0b90
08-22 02:49:16.362   316   316 W EmuHWC2 : validate: layer 175 CompositionType 1, fallback
08-22 02:49:16.363   316   316 W EmuHWC2 : No layers, exit, buffer 0xec1c1110
08-22 02:49:16.379   316   316 W EmuHWC2 : validate: layer 175 CompositionType 1, fallback
08-22 02:49:16.380   316   316 W EmuHWC2 : No layers, exit, buffer 0xec1c0b90
08-22 02:49:16.396   316   316 W EmuHWC2 : validate: layer 175 CompositionType 1, fallback
08-22 02:49:16.397   316   316 W EmuHWC2 : No layers, exit, buffer 0xec1c1110
08-22 02:49:16.412   316   316 W EmuHWC2 : validate: layer 175 CompositionType 1, fallback
08-22 02:49:16.414   316   316 W EmuHWC2 : No layers, exit, buffer 0xec1c0b90
08-22 02:49:16.430   316   316 W EmuHWC2 : validate: layer 184 CompositionType 1, fallback
08-22 02:49:16.433   316   316 W EmuHWC2 : No layers, exit, buffer 0xec1c1110
08-22 02:49:16.446   316   316 W EmuHWC2 : validate: layer 184 CompositionType 1, fallback
08-22 02:49:16.448   316   316 W EmuHWC2 : No layers, exit, buffer 0xec1c0b90
08-22 02:49:16.462   316   316 W EmuHWC2 : validate: layer 184 CompositionType 1, fallback
08-22 02:49:16.465   316   316 W EmuHWC2 : No layers, exit, buffer 0xec1c1110
08-22 02:49:16.479   316   316 W EmuHWC2 : validate: layer 184 CompositionType 1, fallback
08-22 02:49:16.482   316   316 W EmuHWC2 : No layers, exit, buffer 0xec1c0b90
08-22 02:49:16.496   316   316 W EmuHWC2 : validate: layer 184 CompositionType 1, fallback
08-22 02:49:16.498   316   316 W EmuHWC2 : No layers, exit, buffer 0xec1c1110
08-22 02:49:16.512   316   316 W EmuHWC2 : validate: layer 184 CompositionType 1, fallback
08-22 02:49:16.515   316   316 W EmuHWC2 : No layers, exit, buffer 0xec1c0b90
08-22 02:49:16.529   316   316 W EmuHWC2 : validate: layer 184 CompositionType 1, fallback
08-22 02:49:16.532   316   316 W EmuHWC2 : No layers, exit, buffer 0xec1c1110
08-22 02:49:16.545   316   316 W EmuHWC2 : validate: layer 184 CompositionType 1, fallback
08-22 02:49:16.548   316   316 W EmuHWC2 : No layers, exit, buffer 0xec1c0b90
08-22 02:49:16.562   316   316 W EmuHWC2 : validate: layer 184 CompositionType 1, fallback
08-22 02:49:16.565   316   316 W EmuHWC2 : No layers, exit, buffer 0xec1c1110
08-22 02:49:16.579   316   316 W EmuHWC2 : validate: layer 184 CompositionType 1, fallback
08-22 02:49:16.581   316   316 W EmuHWC2 : No layers, exit, buffer 0xec1c0b90
08-22 02:49:16.596   316   316 W EmuHWC2 : validate: layer 184 CompositionType 1, fallback
08-22 02:49:16.599   316   316 W EmuHWC2 : No layers, exit, buffer 0xec1c1110
08-22 02:49:16.612   316   316 W EmuHWC2 : validate: layer 184 CompositionType 1, fallback
08-22 02:49:16.615   316   316 W EmuHWC2 : No layers, exit, buffer 0xec1c0b90
08-22 02:49:16.629   316   316 W EmuHWC2 : validate: layer 184 CompositionType 1, fallback
08-22 02:49:16.631   316   316 W EmuHWC2 : No layers, exit, buffer 0xec1c1110
08-22 02:49:17.142   452   452 E wifi_forwarder: qemu_pipe_open_ns:62: Could not connect to the 'pipe:qemud:wififorward' service: Invalid argument
08-22 02:49:17.142   452   452 E wifi_forwarder: RemoteConnection failed to initialize: RemoteConnection failed to open pipe
08-22 02:49:17.207   450   450 E netmgr  : qemu_pipe_open_ns:62: Could not connect to the 'pipe:qemud:network' service: Invalid argument
08-22 02:49:17.207   450   450 E netmgr  : Failed to open QEMU pipe 'qemud:network': Invalid argument
08-22 02:49:17.990  7958  7960 I cmd     : oneway function results will be dropped but finished with status OK and parcel size 4
08-22 02:49:17.995   315  1359 D goldfish-address-space: claimShared: Ask to claim region [0x3f1c31000 0x3f2596000]
08-22 02:49:18.019   558   601 W ImageReader_JNI: Unable to acquire a buffer item, very likely client tried to acquire more than maxImages buffers
08-22 02:49:18.081   558   603 W InputReader: Device virtio_input_multi_touch_9 is associated with display ADISPLAY_ID_NONE.
08-22 02:49:18.081   558   603 W InputReader: Device virtio_input_multi_touch_7 is associated with display ADISPLAY_ID_NONE.
08-22 02:49:18.081   558   603 W InputReader: Device virtio_input_multi_touch_10 is associated with display ADISPLAY_ID_NONE.
08-22 02:49:18.081   558   603 W InputReader: Device virtio_input_multi_touch_4 is associated with display ADISPLAY_ID_NONE.
08-22 02:49:18.081   558   603 W InputReader: Device virtio_input_multi_touch_11 is associated with display ADISPLAY_ID_NONE.
08-22 02:49:18.081   558   603 W InputReader: Device virtio_input_multi_touch_5 is associated with display ADISPLAY_ID_NONE.
08-22 02:49:18.081   558   603 W InputReader: Device virtio_input_multi_touch_2 is associated with display ADISPLAY_ID_NONE.
08-22 02:49:18.081   558   603 W InputReader: Device virtio_input_multi_touch_6 is associated with display ADISPLAY_ID_NONE.
08-22 02:49:18.081   558   603 W InputReader: Device virtio_input_multi_touch_3 is associated with display ADISPLAY_ID_NONE.
08-22 02:49:18.082   558   603 W InputReader: Device virtio_input_multi_touch_8 is associated with display ADISPLAY_ID_NONE.
08-22 02:49:18.083   558   603 W ActivityTaskManager: Current config: {1.0 310mcc260mnc [en_US] ldltr sw392dp w718dp h364dp 440dpi nrml long land finger qwerty/v/v dpad/v winConfig={ mBounds=Rect(0, 0 - 2280, 1080) mAppBounds=Rect(171, 0 - 2148, 1080) mWindowingMode=fullscreen mDisplayWindowingMode=fullscreen mActivityType=undefined mAlwaysOnTop=undefined mRotation=ROTATION_90} s.624} unchanged for IME proc com.android.inputmethod.latin
08-22 02:49:18.085   558   603 I ActivityTaskManager: Config changes=20000480 {1.0 310mcc260mnc [en_US] ldltr sw392dp w392dp h718dp 440dpi nrml long port finger qwerty/v/v dpad/v winConfig={ mBounds=Rect(0, 0 - 1080, 2280) mAppBounds=Rect(0, 171 - 1080, 2148) mWindowingMode=fullscreen mDisplayWindowingMode=fullscreen mActivityType=undefined mAlwaysOnTop=undefined mRotation=ROTATION_0} s.655}
08-22 02:49:18.089   558   603 W ActivityTaskManager: Current config: {1.0 310mcc260mnc [en_US] ldltr sw392dp w718dp h364dp 440dpi nrml long land finger qwerty/v/v dpad/v winConfig={ mBounds=Rect(0, 0 - 2280, 1080) mAppBounds=Rect(171, 0 - 2148, 1080) mWindowingMode=fullscreen mDisplayWindowingMode=fullscreen mActivityType=undefined mAlwaysOnTop=undefined mRotation=ROTATION_90} s.624} unchanged for IME proc com.android.inputmethod.latin
08-22 02:49:18.089   558   603 I WindowManager: Override config changes=20000480 {1.0 310mcc260mnc [en_US] ldltr sw392dp w392dp h718dp 440dpi nrml long port finger qwerty/v/v dpad/v winConfig={ mBounds=Rect(0, 0 - 1080, 2280) mAppBounds=Rect(0, 171 - 1080, 2148) mWindowingMode=fullscreen mDisplayWindowingMode=fullscreen mActivityType=undefined mAlwaysOnTop=undefined mRotation=ROTATION_0} s.655} for displayId=0
08-22 02:49:18.090   558   603 V ActivityTaskManager: Sending to IME proc com.android.inputmethod.latin new config {1.0 310mcc260mnc [en_US] ldltr sw392dp w392dp h718dp 440dpi nrml long port finger qwerty/v/v dpad/v winConfig={ mBounds=Rect(0, 0 - 1080, 2280) mAppBounds=Rect(0, 171 - 1080, 2148) mWindowingMode=fullscreen mDisplayWindowingMode=fullscreen mActivityType=undefined mAlwaysOnTop=undefined mRotation=ROTATION_0} s.655}
08-22 02:49:18.090   558   603 W ActivityTaskManager: Current config: {1.0 310mcc260mnc [en_US] ldltr sw392dp w392dp h718dp 440dpi nrml long port finger qwerty/v/v dpad/v winConfig={ mBounds=Rect(0, 0 - 1080, 2280) mAppBounds=Rect(0, 171 - 1080, 2148) mWindowingMode=fullscreen mDisplayWindowingMode=fullscreen mActivityType=undefined mAlwaysOnTop=undefined mRotation=ROTATION_0} s.655} unchanged for IME proc com.android.inputmethod.latin
08-22 02:49:18.100   558   603 V WindowManager: Orientation start waiting for draw, mDrawState=DRAW_PENDING in Window{8782c4b u0 NavigationBar0}, surfaceController Surface(name=NavigationBar0)/@0x8f6e7b6
08-22 02:49:18.100   558   603 V WindowManager: Orientation start waiting for draw, mDrawState=DRAW_PENDING in Window{4b3526c u0 StatusBar}, surfaceController Surface(name=StatusBar)/@0x87e4cb7
08-22 02:49:18.100   558   603 V WindowManager: Orientation start waiting for draw, mDrawState=DRAW_PENDING in Window{2ca803f u0 com.nutomic.syncthingandroid/com.nutomic.syncthingandroid.activities.FirstStartActivity}, surfaceController Surface(name=com.nutomic.syncthingandroid/com.nutomic.syncthingandroid.activities.FirstStartActivity)/@0x7627db1
08-22 02:49:18.102   558   604 V WindowManager: Orientation start waiting for draw, mDrawState=DRAW_PENDING in Window{2ca803f u0 com.nutomic.syncthingandroid/com.nutomic.syncthingandroid.activities.FirstStartActivity}, surfaceController Surface(name=com.nutomic.syncthingandroid/com.nutomic.syncthingandroid.activities.FirstStartActivity)/@0x7627db1
08-22 02:49:18.103   558  1763 V WindowManager: Orientation start waiting for draw, mDrawState=DRAW_PENDING in Window{2ca803f u0 com.nutomic.syncthingandroid/com.nutomic.syncthingandroid.activities.FirstStartActivity}, surfaceController Surface(name=com.nutomic.syncthingandroid/com.nutomic.syncthingandroid.activities.FirstStartActivity)/@0x7627db1
08-22 02:49:18.104   558   603 I InputManager-JNI: Viewport [0] to add: local:8141603649153536, isActive: true
08-22 02:49:18.105   558   686 I InputReader: Reconfiguring input devices, changes=DISPLAY_INFO | 
08-22 02:49:18.105   558   686 I InputReader: Touch device 'virtio_input_multi_touch_9' could not query the properties of its associated display.  The device will be inoperable until the display size becomes available.
08-22 02:49:18.105   558   686 I InputReader: Touch device 'virtio_input_multi_touch_7' could not query the properties of its associated display.  The device will be inoperable until the display size becomes available.
08-22 02:49:18.105   558   686 I InputReader: Touch device 'virtio_input_multi_touch_10' could not query the properties of its associated display.  The device will be inoperable until the display size becomes available.
08-22 02:49:18.105   558   686 I InputReader: Touch device 'virtio_input_multi_touch_4' could not query the properties of its associated display.  The device will be inoperable until the display size becomes available.
08-22 02:49:18.105   558   686 I InputReader: Device reconfigured: id=9, name='virtio_input_multi_touch_1', size 1080x2280, orientation 0, mode 1, display id 0
08-22 02:49:18.105   558   686 I InputReader: Touch device 'virtio_input_multi_touch_11' could not query the properties of its associated display.  The device will be inoperable until the display size becomes available.
08-22 02:49:18.105   558   686 I InputReader: Touch device 'virtio_input_multi_touch_5' could not query the properties of its associated display.  The device will be inoperable until the display size becomes available.
08-22 02:49:18.105   558   686 I InputReader: Touch device 'virtio_input_multi_touch_2' could not query the properties of its associated display.  The device will be inoperable until the display size becomes available.
08-22 02:49:18.105   558   686 I InputReader: Touch device 'virtio_input_multi_touch_6' could not query the properties of its associated display.  The device will be inoperable until the display size becomes available.
08-22 02:49:18.105   558   686 I InputReader: Touch device 'virtio_input_multi_touch_3' could not query the properties of its associated display.  The device will be inoperable until the display size becomes available.
08-22 02:49:18.105   558   686 I InputReader: Touch device 'virtio_input_multi_touch_8' could not query the properties of its associated display.  The device will be inoperable until the display size becomes available.
08-22 02:49:18.106   558   604 V WindowManager: Orientation start waiting for draw, mDrawState=DRAW_PENDING in Window{2ca803f u0 com.nutomic.syncthingandroid/com.nutomic.syncthingandroid.activities.FirstStartActivity}, surfaceController Surface(name=com.nutomic.syncthingandroid/com.nutomic.syncthingandroid.activities.FirstStartActivity)/@0x7627db1
08-22 02:49:18.107   815   815 D StatusBar: disable<e i a s b h r c s > disable2<q i n >
08-22 02:49:18.113   558   884 V WindowManager: Orientation start waiting for draw, mDrawState=DRAW_PENDING in Window{2ca803f u0 com.nutomic.syncthingandroid/com.nutomic.syncthingandroid.activities.FirstStartActivity}, surfaceController Surface(name=com.nutomic.syncthingandroid/com.nutomic.syncthingandroid.activities.FirstStartActivity)/@0x7627db1
08-22 02:49:18.114   558  3150 V WindowManager: Orientation start waiting for draw, mDrawState=DRAW_PENDING in Window{2ca803f u0 com.nutomic.syncthingandroid/com.nutomic.syncthingandroid.activities.FirstStartActivity}, surfaceController Surface(name=com.nutomic.syncthingandroid/com.nutomic.syncthingandroid.activities.FirstStartActivity)/@0x7627db1
08-22 02:49:18.134   558  1763 V WindowManager: Orientation start waiting for draw, mDrawState=DRAW_PENDING in Window{8782c4b u0 NavigationBar0}, surfaceController Surface(name=NavigationBar0)/@0x8f6e7b6
08-22 02:49:18.137   315  1359 D goldfish-address-space: claimShared: Ask to claim region [0x3efea0000 0x3eff2c000]
08-22 02:49:18.142   315  1359 D goldfish-address-space: claimShared: Ask to claim region [0x3eff2c000 0x3eff33000]
08-22 02:49:18.147   315  1359 D goldfish-address-space: claimShared: Ask to claim region [0x3eff33000 0x3eff3a000]
08-22 02:49:18.156   315   402 D goldfish-address-space: claimShared: Ask to claim region [0x3ec000000 0x3ec965000]
08-22 02:49:18.171   315   402 D goldfish-address-space: claimShared: Ask to claim region [0x3eff3a000 0x3eff41000]
08-22 02:49:18.180   315   402 D goldfish-address-space: claimShared: Ask to claim region [0x3ec965000 0x3ed2ca000]
08-22 02:49:18.195   315  1359 D goldfish-address-space: claimShared: Ask to claim region [0x3eff41000 0x3eff48000]
08-22 02:49:18.201   558   603 I ActivityManager: Killing 1549:com.android.dialer/u0a86 (adj 965): empty for 1800s
08-22 02:49:18.201   315   315 D goldfish-address-space: claimShared: Ask to claim region [0x3f2596000 0x3f2efb000]
08-22 02:49:18.220   315   315 D goldfish-address-space: claimShared: Ask to claim region [0x3eff48000 0x3effd4000]
08-22 02:49:18.331     0     0 I binder  : undelivered transaction 430418, process died.
08-22 02:49:18.232   302   302 I Zygote  : Process 1549 exited due to signal 9 (Killed)
08-22 02:49:18.239   815   815 D StatusBar: disable<e i a s b h r c s > disable2<q i n >
08-22 02:49:18.242   558   598 V WindowManager: Orientation start waiting for draw, mDrawState=DRAW_PENDING in Window{4b3526c u0 StatusBar}, surfaceController Surface(name=StatusBar)/@0x87e4cb7
08-22 02:49:18.249   315   315 D goldfish-address-space: claimShared: Ask to claim region [0x3ef8cb000 0x3ef95a000]
08-22 02:49:18.257   315   315 D goldfish-address-space: claimShared: Ask to claim region [0x3ef95a000 0x3ef9e9000]
08-22 02:49:18.265   558   604 I WindowManager: Screen frozen for +274ms due to Window{8782c4b u0 NavigationBar0}
08-22 02:49:18.266   315   315 D goldfish-address-space: claimShared: Ask to claim region [0x3eeef9000 0x3ef71f000]
08-22 02:49:18.272   558   613 I libprocessgroup: Successfully killed process cgroup uid 10086 pid 1549 in 70ms
08-22 02:49:18.294   558   604 W ImageReader_JNI: Unable to acquire a buffer item, very likely client tried to acquire more than maxImages buffers
08-22 02:49:18.350   315   315 D goldfish-address-space: claimShared: Ask to claim region [0x3ef9e9000 0x3efa75000]
08-22 02:49:18.363   315   315 D goldfish-address-space: claimShared: Ask to claim region [0x3ef95a000 0x3ef9e9000]
08-22 02:49:18.370   315   315 D goldfish-address-space: claimShared: Ask to claim region [0x3efa75000 0x3efb04000]
08-22 02:49:18.378   316   316 W EmuHWC2 : validate: layer 185 CompositionType 1, fallback
08-22 02:49:18.380   315   315 D goldfish-address-space: claimShared: Ask to claim region [0x3efb04000 0x3efb93000]
08-22 02:49:18.385   316   316 W EmuHWC2 : No layers, exit, buffer 0xec1c0b90
08-22 02:49:18.395   316   316 W EmuHWC2 : validate: layer 185 CompositionType 1, fallback
08-22 02:49:18.396   316   316 W EmuHWC2 : No layers, exit, buffer 0xec1c1110
08-22 02:49:18.412   316   316 W EmuHWC2 : validate: layer 185 CompositionType 1, fallback
08-22 02:49:18.413   316   316 W EmuHWC2 : No layers, exit, buffer 0xec1c0b90
08-22 02:49:18.429   316   316 W EmuHWC2 : validate: layer 185 CompositionType 1, fallback
08-22 02:49:18.430   316   316 W EmuHWC2 : No layers, exit, buffer 0xec1c1110
08-22 02:49:18.446   316   316 W EmuHWC2 : validate: layer 185 CompositionType 1, fallback
08-22 02:49:18.447   316   316 W EmuHWC2 : No layers, exit, buffer 0xec1c0b90
08-22 02:49:18.462   316   316 W EmuHWC2 : validate: layer 185 CompositionType 1, fallback
08-22 02:49:18.464   316   316 W EmuHWC2 : No layers, exit, buffer 0xec1c1110
08-22 02:49:18.480   316   316 W EmuHWC2 : validate: layer 191 CompositionType 1, fallback
08-22 02:49:18.484   316   316 W EmuHWC2 : No layers, exit, buffer 0xec1c0b90
08-22 02:49:18.496   316   316 W EmuHWC2 : validate: layer 191 CompositionType 1, fallback
08-22 02:49:18.498   316   316 W EmuHWC2 : No layers, exit, buffer 0xec1c1110
08-22 02:49:18.512   316   316 W EmuHWC2 : validate: layer 191 CompositionType 1, fallback
08-22 02:49:18.515   316   316 W EmuHWC2 : No layers, exit, buffer 0xec1c0b90
08-22 02:49:18.529   316   316 W EmuHWC2 : validate: layer 191 CompositionType 1, fallback
08-22 02:49:18.531   316   316 W EmuHWC2 : No layers, exit, buffer 0xec1c1110
08-22 02:49:18.545   316   316 W EmuHWC2 : validate: layer 191 CompositionType 1, fallback
08-22 02:49:18.549   316   316 W EmuHWC2 : No layers, exit, buffer 0xec1c0b90
08-22 02:49:18.562   316   316 W EmuHWC2 : validate: layer 191 CompositionType 1, fallback
08-22 02:49:18.565   316   316 W EmuHWC2 : No layers, exit, buffer 0xec1c1110
08-22 02:49:18.578   316   316 W EmuHWC2 : validate: layer 191 CompositionType 1, fallback
08-22 02:49:18.581   316   316 W EmuHWC2 : No layers, exit, buffer 0xec1c0b90
08-22 02:49:18.596   316   316 W EmuHWC2 : validate: layer 191 CompositionType 1, fallback
08-22 02:49:18.599   316   316 W EmuHWC2 : No layers, exit, buffer 0xec1c1110
08-22 02:49:18.612   316   316 W EmuHWC2 : validate: layer 191 CompositionType 1, fallback
08-22 02:49:18.615   316   316 W EmuHWC2 : No layers, exit, buffer 0xec1c0b90
08-22 02:49:18.629   316   316 W EmuHWC2 : validate: layer 191 CompositionType 1, fallback
08-22 02:49:18.632   316   316 W EmuHWC2 : No layers, exit, buffer 0xec1c1110
08-22 02:49:18.645   316   316 W EmuHWC2 : validate: layer 191 CompositionType 1, fallback
08-22 02:49:18.648   316   316 W EmuHWC2 : No layers, exit, buffer 0xec1c0b90
08-22 02:49:18.662   316   316 W EmuHWC2 : validate: layer 191 CompositionType 1, fallback
08-22 02:49:18.665   316   316 W EmuHWC2 : No layers, exit, buffer 0xec1c1110
08-22 02:49:18.679   316   316 W EmuHWC2 : validate: layer 191 CompositionType 1, fallback
08-22 02:49:18.682   316   316 W EmuHWC2 : No layers, exit, buffer 0xec1c0b90
08-22 02:49:20.413   558   603 I system_server: Explicit concurrent copying GC freed 198930(7063KB) AllocSpace objects, 24(504KB) LOS objects, 49% free, 10MB/21MB, paused 111us total 71.479ms
08-22 02:49:20.473   558   603 I system_server: Explicit concurrent copying GC freed 228(7312B) AllocSpace objects, 0(0B) LOS objects, 49% free, 10MB/21MB, paused 52us total 59.422ms
08-22 02:49:22.382   315   315 D goldfish-address-space: claimShared: Ask to claim region [0x3ed2ca000 0x3edc2f000]
08-22 02:49:22.405   178   178 I hwservicemanager: getTransport: Cannot find entry android.hardware.graphics.mapper@4.0::IMapper/default in either framework or device manifest.
08-22 02:49:22.405  7990  7990 I Gralloc4: mapper 4.x is not supported
08-22 02:49:22.418  7990  7990 D HostConnection: createUnique: call
08-22 02:49:22.418  7990  7990 D HostConnection: HostConnection::get() New Host Connection established 0xecdc14a0, tid 7990
08-22 02:49:22.418  7990  7990 D goldfish-address-space: allocate: Ask for block of size 0x100
08-22 02:49:22.418  7990  7990 D goldfish-address-space: allocate: ioctl allocate returned offset 0x3ebffe000 size 0x2000
08-22 02:49:22.450  7990  7990 D HostConnection: HostComposition ext ANDROID_EMU_CHECKSUM_HELPER_v1 ANDROID_EMU_native_sync_v2 ANDROID_EMU_native_sync_v3 ANDROID_EMU_native_sync_v4 ANDROID_EMU_dma_v1 ANDROID_EMU_direct_mem ANDROID_EMU_host_composition_v1 ANDROID_EMU_host_composition_v2 ANDROID_EMU_YUV_Cache ANDROID_EMU_async_unmap_buffer ANDROID_EMU_has_shared_slots_host_memory_allocator ANDROID_EMU_sync_buffer_data GL_OES_EGL_image_external_essl3 GL_OES_vertex_array_object GL_KHR_texture_compression_astc_ldr ANDROID_EMU_host_side_tracing ANDROID_EMU_async_frame_commands ANDROID_EMU_gles_max_version_3_0 
08-22 02:49:24.139  8063  8063 D AndroidRuntime: >>>>>> START com.android.internal.os.RuntimeInit uid 2000 <<<<<<
08-22 02:49:24.142  8063  8063 E libc    : Access denied finding property "persist.device_config.runtime_native_boot.profilebootclasspath"
08-22 02:49:24.142  8063  8063 E libc    : Access denied finding property "persist.device_config.runtime_native_boot.enable_apex_image"
08-22 02:49:24.142  8063  8063 I AndroidRuntime: Using default boot image
08-22 02:49:24.142  8063  8063 E libc    : Access denied finding property "persist.device_config.runtime_native_boot.disable_lock_profiling"
08-22 02:49:24.142  8063  8063 I AndroidRuntime: Leaving lock profiling enabled
08-22 02:49:24.143  8063  8063 E libc    : Access denied finding property "persist.device_config.runtime_native_boot.enable_generational_cc"
08-22 02:49:24.146  8063  8063 W app_process: Could not reserve sentinel fault page
08-22 02:49:24.146  8063  8063 I app_process: Core platform API reporting enabled, enforcing=false
08-22 02:49:24.142  8063  8063 W app_process: type=1400 audit(0.0:282): avc: denied { read } for name="u:object_r:device_config_runtime_native_boot_prop:s0" dev="tmpfs" ino=7262 scontext=u:r:shell:s0 tcontext=u:object_r:device_config_runtime_native_boot_prop:s0 tclass=file permissive=0
08-22 02:49:24.226  8063  8063 D app_process: Time zone APEX ICU file found: /apex/com.android.tzdata/etc/icu/icu_tzdata.dat
08-22 02:49:24.226  8063  8063 D app_process: I18n APEX ICU file found: /apex/com.android.i18n/etc/icu/icudt66l.dat
08-22 02:49:24.231  8063  8063 W app_process: Unexpected CPU variant for X86 using defaults: x86
08-22 02:49:24.233  8063  8063 I app_process: The ClassLoaderContext is a special shared library.
08-22 02:49:24.253  8063  8063 W app_process: JNI RegisterNativeMethods: attempt to register 0 native methods for android.media.AudioAttributes
08-22 02:49:24.258  8063  8063 D AndroidRuntime: Calling main entry com.android.commands.input.Input
