--------- beginning of main
08-22 02:48:12.612  6917  6919 I cmd     : oneway function results will be dropped but finished with status OK and parcel size 4
--------- beginning of system
08-22 02:48:12.758   558   694 W RuleEvaluation: Integrity rule files are not available.
08-22 02:48:12.759   558   627 I PackageManager: Integrity check passed for file:///data/app/vmdl432234381.tmp
08-22 02:48:12.767   558   627 D CompatibilityChangeReporter: Compat change id reported: 135549675; UID 10123; state: DISABLED
08-22 02:48:12.802   558   627 D PackageManager: Instant App installer not found with android.intent.action.INSTALL_INSTANT_APP_PACKAGE
08-22 02:48:12.802   558   627 D PackageManager: Clear ephemeral installer activity
08-22 02:48:12.812   558   627 V BackupManagerService: [UserID:0] restoreAtInstall pkg=io.github.ylimit.droidbotapp token=3 restoreSet=0
08-22 02:48:12.812   558   627 V BackupManagerService: [UserID:0] Finishing install immediately
08-22 02:48:12.815   374   659 E installd: Couldn't opendir /data/app/vmdl432234381.tmp: No such file or directory
08-22 02:48:12.815   374   659 E installd: Failed to delete /data/app/vmdl432234381.tmp: No such file or directory
08-22 02:48:12.816  6922  6924 I cmd     : oneway function results will be dropped but finished with status OK and parcel size 4
08-22 02:48:12.824  1657  1657 I MediaProvider: Invalidating LocalCallingIdentity cache for package io.github.ylimit.droidbotapp. Reason: package android.intent.action.PACKAGE_ADDED
08-22 02:48:12.829   860   860 V AvrcpMediaPlayerList: mPackageChangedBroadcastReceiver: action: android.intent.action.PACKAGE_ADDED
08-22 02:48:12.829   860   860 D AvrcpMediaPlayerList: Name of package changed: io.github.ylimit.droidbotapp
08-22 02:48:12.829   558  1763 W BroadcastQueue: Background execution not allowed: receiving Intent { act=android.intent.action.PACKAGE_ADDED dat=package:io.github.ylimit.droidbotapp flg=0x4000010 (has extras) } to com.android.packageinstaller/.PackageInstalledReceiver
08-22 02:48:12.829   558   611 W BroadcastQueue: Background execution not allowed: receiving Intent { act=android.intent.action.PACKAGE_ADDED dat=package:io.github.ylimit.droidbotapp flg=0x4000010 (has extras) } to com.android.gallery3d/.app.PackagesMonitor
08-22 02:48:12.829   558   611 W BroadcastQueue: Background execution not allowed: receiving Intent { act=android.intent.action.PACKAGE_ADDED dat=package:io.github.ylimit.droidbotapp flg=0x4000010 (has extras) } to com.google.android.gms/.games.chimera.GamesSystemBroadcastReceiverProxy
08-22 02:48:12.829   558   611 W BroadcastQueue: Background execution not allowed: receiving Intent { act=android.intent.action.PACKAGE_ADDED dat=package:io.github.ylimit.droidbotapp flg=0x4000010 (has extras) } to com.google.android.gms/.gass.chimera.PackageChangeBroadcastReceiver
08-22 02:48:12.829   558   611 W BroadcastQueue: Background execution not allowed: receiving Intent { act=android.intent.action.PACKAGE_ADDED dat=package:io.github.ylimit.droidbotapp flg=0x4000010 (has extras) } to com.google.android.gms/.chimera.GmsIntentOperationService$PersistentTrustedReceiver
08-22 02:48:12.833   558   600 I RoleManagerService: Granting default roles...
08-22 02:48:12.836   558   686 I InputReader: Reconfiguring input devices, changes=KEYBOARD_LAYOUTS | 
08-22 02:48:12.840   558   558 I Telecom : DefaultDialerCache: Refreshing default dialer for user 0: now com.android.dialer: DDC.oR@AJE
08-22 02:48:12.844   558   611 D CompatibilityChangeReporter: Compat change id reported: 135634846; UID 10064; state: DISABLED
08-22 02:48:12.844   558   612 D CompatibilityChangeReporter: Compat change id reported: 143937733; UID 10064; state: ENABLED
08-22 02:48:12.855   558   558 V BackupManagerConstants: getFullBackupIntervalMilliseconds(...) returns 86400000
08-22 02:48:12.855   558   558 V BackupManagerConstants: getFullBackupRequiredNetworkType(...) returns 2
08-22 02:48:12.855   558   558 V BackupManagerConstants: getFullBackupRequireCharging(...) returns true
08-22 02:48:12.855  1360  6932 W GCM     : Unexpected forwarded intent: Intent { act=android.intent.action.PACKAGE_ADDED dat=package:io.github.ylimit.droidbotapp flg=0x4000010 cmp=com.google.android.gms/.chimera.PersistentIntentOperationService (has extras) }
08-22 02:48:12.857  1360  6932 W GCM     : Unexpected forwarded intent: Intent { act=android.intent.action.PACKAGE_ADDED dat=package:io.github.ylimit.droidbotapp flg=0x4000010 cmp=com.google.android.gms/.chimera.PersistentIntentOperationService (has extras) }
08-22 02:48:12.857   302   302 D Zygote  : Forked child process 6939
08-22 02:48:12.860  1071  1071 D CarrierSvcBindHelper: No carrier app for: 0
08-22 02:48:12.863   558   612 I ActivityManager: Start proc 6939:com.android.packageinstaller/u0a64 for broadcast {com.android.packageinstaller/com.android.packageinstaller.PackageInstalledReceiver}
08-22 02:48:12.867   860   860 V AvrcpMediaPlayerList: mPackageChangedBroadcastReceiver: action: android.intent.action.PACKAGE_CHANGED
08-22 02:48:12.867   860   860 D AvrcpMediaPlayerList: Name of package changed: io.github.ylimit.droidbotapp
08-22 02:48:12.868  6939  6939 W ackageinstalle: Unexpected CPU variant for X86 using defaults: x86
08-22 02:48:12.873  1071  1071 D CarrierConfigLoader: mHandler: 9 phoneId: 0
08-22 02:48:12.877   357   413 I adbd    : jdwp connection from 6939
08-22 02:48:12.880   558  1684 W ActivityManager: Unable to start service Intent { act=com.google.android.gms.auth.key.retrieval.service.START pkg=com.google.android.gms } U=0: not found
08-22 02:48:12.882  1360  6930 I Fitness : OnPackageChangedOperation got intent: Intent { act=android.intent.action.PACKAGE_CHANGED dat=package:io.github.ylimit.droidbotapp flg=0x5000010 cmp=com.google.android.gms/.chimera.PersistentIntentOperationService (has extras) } [CONTEXT service_id=17 ]
08-22 02:48:12.883  1360  6938 I Fitness : FitCleanupIntentOperation received Intent android.intent.action.PACKAGE_CHANGED [CONTEXT service_id=17 ]
08-22 02:48:12.883   558   661 W ActivityManager: Unbind failed: could not find connection for android.os.BinderProxy@b8fd344
08-22 02:48:12.885  1995  2177 E GmsClient: unable to connect to service: com.google.android.gms.auth.key.retrieval.service.START on com.google.android.gms
08-22 02:48:12.887  1995  6968 I Auth    : [SupervisedAccountIntentOperation] onHandleIntent(): android.intent.action.PACKAGE_ADDED
08-22 02:48:12.893   558   686 I InputReader: Reconfiguring input devices, changes=KEYBOARD_LAYOUTS | 
08-22 02:48:12.895  1995  6966 I ChromeSync: [Sync,SyncIntentOperation] Handling the intent: Intent { act=android.intent.action.PACKAGE_ADDED dat=package:io.github.ylimit.droidbotapp flg=0x4000010 cmp=com.google.android.gms/.chimera.GmsIntentOperationService (has extras) }.
08-22 02:48:12.895  1071  1071 D CarrierSvcBindHelper: No carrier app for: 0
08-22 02:48:12.905  6939  6939 I ackageinstalle: The ClassLoaderContext is a special shared library.
08-22 02:48:12.906  1995  6947 I FontsPackageChangeOp: Package io.github.ylimit.droidbotapp has no metadata
08-22 02:48:12.915  6939  6939 D NetworkSecurityConfig: No Network Security Config specified, using platform default
08-22 02:48:12.936   558  2553 D CompatibilityChangeReporter: Compat change id reported: 135634846; UID 10096; state: DISABLED
08-22 02:48:12.936   558   612 D CompatibilityChangeReporter: Compat change id reported: 143937733; UID 10096; state: DISABLED
08-22 02:48:12.939   558   558 I Telecom : DefaultDialerCache: Refreshing default dialer for user 0: now com.android.dialer: DDC.oR@AJQ
08-22 02:48:12.920  6939  6939 D NetworkSecurityConfig: No Network Security Config specified, using platform default
08-22 02:48:12.941   837  3273 I PermissionControllerServiceImpl: Updating user sensitive for uid 10123
08-22 02:48:12.944  1995  6968 E ConfigFileUtils: Failed to read config file: /data/user_de/0/com.google.android.gms/app_chimera/next_container.pb: open failed: ENOENT (No such file or directory)
08-22 02:48:12.947  1995  6966 I ChromeSync: [Persistence,AffiliationManager] One of affiliation or grouping data for android://oLr5anP-BJ19j-M_tFugU96AJHaN5jtjwXgvq72RZET1iU3RzB1hHhuIl8ZZ_NdpuapwNb8QjexGpYl_Z3khqA==@io.github.ylimit.droidbotapp/ was not found. Marking affiliation data as stale...
08-22 02:48:12.961   302   302 D Zygote  : Forked child process 6985
08-22 02:48:12.968  6985  6985 W droid.gallery3: Unexpected CPU variant for X86 using defaults: x86
08-22 02:48:12.969  1995  2011 W gle.android.gm: Reducing the number of considered missed Gc histogram windows from 170 to 100
08-22 02:48:12.971   357   413 I adbd    : jdwp connection from 6985
08-22 02:48:12.972  1995  2013 W System  : A resource failed to call close. 
08-22 02:48:12.981   558   612 I ActivityManager: Start proc 6985:com.android.gallery3d/u0a96 for broadcast {com.android.gallery3d/com.android.gallery3d.app.PackagesMonitor}
08-22 02:48:12.981   837  3273 I PermissionControllerServiceImpl: Updating user sensitive for uid 10123
08-22 02:48:12.986   558   612 W ActivityManager: Slow operation: 52ms so far, now at startProcess: done updating pids map
08-22 02:48:12.994  7004  7007 I cmd     : oneway function results will be dropped but finished with status OK and parcel size 4
08-22 02:48:13.009   558   558 D CompatibilityChangeReporter: Compat change id reported: 135634846; UID 10123; state: DISABLED
08-22 02:48:13.010   558   612 D CompatibilityChangeReporter: Compat change id reported: 143937733; UID 10123; state: DISABLED
08-22 02:48:13.014  1995  6968 I ChmraDebugLogger: [73] 1801
08-22 02:48:13.020  1995  6968 I ChmraDebugLogger: [30] [Pay.optional:201817020000] permitMetered=true,
08-22 02:48:13.021  6985  6985 D ApplicationLoaders: Returning zygote-cached class loader: /system/framework/android.test.base.jar
08-22 02:48:13.023  6985  6985 I droid.gallery3: The ClassLoaderContext is a special shared library.
08-22 02:48:13.024  1995  6968 W ChimeraConfigService: Retry attempt was throttled.
08-22 02:48:13.046  6985  6985 I droid.gallery3: The ClassLoaderContext is a special shared library.
08-22 02:48:13.047   302   302 D Zygote  : Forked child process 7009
08-22 02:48:13.047  6985  6985 D nativeloader: classloader namespace configured for unbundled product apk. library_path=/product/app/Gallery2/lib/x86:/product/app/Gallery2/Gallery2.apk!/lib/x86:/product/lib:/system/product/lib
08-22 02:48:13.052   558   612 I ActivityManager: Start proc 7009:io.github.ylimit.droidbotapp/u0a123 for service {io.github.ylimit.droidbotapp/io.github.privacystreams.accessibility.PSAccessibilityService}
08-22 02:48:13.057  7009  7009 I mit.droidbotap: Late-enabling -Xcheck:jni
08-22 02:48:13.065   558   610 W VoiceInteractionManager: no available voice recognition services found for user 0
08-22 02:48:13.084  7009  7009 I mit.droidbotap: Unquickening 12 vdex files!
08-22 02:48:13.085  7009  7009 W mit.droidbotap: Unexpected CPU variant for X86 using defaults: x86
08-22 02:48:13.088  6985  6985 D NetworkSecurityConfig: No Network Security Config specified, using platform default
08-22 02:48:13.088  6985  6985 D NetworkSecurityConfig: No Network Security Config specified, using platform default
08-22 02:48:13.094   558   568 I system_server: Background concurrent copying GC freed 199293(9251KB) AllocSpace objects, 28(1752KB) LOS objects, 49% free, 12MB/25MB, paused 15.628ms total 278.500ms
08-22 02:48:13.097   357   413 I adbd    : jdwp connection from 7009
08-22 02:48:13.098  7017  7022 I cmd     : oneway function results will be dropped but finished with status OK and parcel size 4
08-22 02:48:13.114   558   610 W VoiceInteractionManager: no available voice interaction services found for user 0
08-22 02:48:13.118  1995  2828 I Icing   : IndexChimeraService.getServiceInterface callingPackage=com.google.android.gms componentName=AppsCorpus serviceId=36 [CONTEXT service_id=21 ]
08-22 02:48:13.140  1360  6930 I Fitness : OnPackageChangedOperation got intent: Intent { act=android.intent.action.PACKAGE_CHANGED dat=package:io.github.ylimit.droidbotapp flg=0x5000010 cmp=com.google.android.gms/.chimera.PersistentIntentOperationService (has extras) } [CONTEXT service_id=17 ]
08-22 02:48:13.144  1360  6937 I Fitness : FitCleanupIntentOperation received Intent android.intent.action.PACKAGE_CHANGED [CONTEXT service_id=17 ]
08-22 02:48:13.145  7009  7009 D ApplicationLoaders: Returning zygote-cached class loader: /system/framework/android.test.base.jar
08-22 02:48:13.146  7009  7009 I mit.droidbotap: The ClassLoaderContext is a special shared library.
08-22 02:48:13.169  1995  6807 W Icing   : No valid account for uploading user actions [CONTEXT service_id=21 ]
08-22 02:48:13.180  1995  2517 I Icing   : IndexChimeraService.getServiceInterface callingPackage=com.google.android.gms componentName=null serviceId=30 [CONTEXT service_id=21 ]
08-22 02:48:13.209  7009  7009 D NetworkSecurityConfig: No Network Security Config specified, using platform default
08-22 02:48:13.210  7009  7009 D NetworkSecurityConfig: No Network Security Config specified, using platform default
08-22 02:48:13.214  1995  6807 I Icing   : Usage reports ok 0, Failed Usage reports 0, indexed 0, rejected 0 [CONTEXT service_id=21 ]
08-22 02:48:13.233  1995  6807 W Icing   : No valid account for uploading user actions [CONTEXT service_id=21 ]
08-22 02:48:13.235  7009  7009 D PrivacyStreams: Trying to evaluate query {AllAccEventProvider[] --> PerItemMapper[EchoOperator[]] --> ForEachCallback[[]]}. Purpose {Feature: DroidBot accessibility event bridge}
08-22 02:48:13.235  7009  7009 D PrivacyStreams: Required Permissions: [android.permission.INTERNET, use_accessibility_service]
08-22 02:48:13.236  7009  7009 D PrivacyStreams: Permission granted, evaluating...
08-22 02:48:13.239  7009  7009 D PrivacyStreams: Evaluated.
08-22 02:48:13.246  1995  6807 I Icing   : Usage reports ok 0, Failed Usage reports 0, indexed 0, rejected 0 [CONTEXT service_id=21 ]
08-22 02:48:13.247  1995  6807 I Icing   : Indexing com.google.android.gms-apps from com.google.android.gms [CONTEXT service_id=21 ]
08-22 02:48:13.260  7009  7051 D PrivacyStreams: Start accepting socket clients...
08-22 02:48:13.280  1995  2828 I Icing   : IndexChimeraService.getServiceInterface callingPackage=com.google.android.gms componentName=null serviceId=36 [CONTEXT service_id=21 ]
08-22 02:48:13.281  1995  6807 I Icing   : Indexing done com.google.android.gms-apps [CONTEXT service_id=21 ]
08-22 02:48:13.281  1995  6807 I Icing   : Indexing com.google.android.gms-internal.3p:MobileApplication from com.google.android.gms [CONTEXT service_id=21 ]
08-22 02:48:13.288  1995  6807 W Icing   : No valid account for uploading user actions [CONTEXT service_id=21 ]
08-22 02:48:13.293  1995  6807 I Icing   : Usage reports ok 0, Failed Usage reports 0, indexed 0, rejected 0 [CONTEXT service_id=21 ]
08-22 02:48:13.296  1995  6807 I Icing   : Indexing done com.google.android.gms-internal.3p:MobileApplication [CONTEXT service_id=21 ]
08-22 02:48:13.296  1995  6807 I Icing   : Indexing com.google.android.gms-apps from com.google.android.gms [CONTEXT service_id=21 ]
08-22 02:48:13.303  7009  7051 D PrivacyStreams: Accepted a socket client.
08-22 02:48:13.310  1995  6807 I Icing   : Indexing done com.google.android.gms-apps [CONTEXT service_id=21 ]
08-22 02:48:13.311  1995  6807 I Icing   : Indexing com.google.android.gms-apps from com.google.android.gms [CONTEXT service_id=21 ]
08-22 02:48:13.312  1995  6807 I Icing   : Indexing done com.google.android.gms-apps [CONTEXT service_id=21 ]
--------- beginning of kernel
08-22 02:48:13.486     0     0 D logd    : logdr: UID=2000 GID=2000 PID=7060 b tail=0 logMask=99 pid=0 start=0ns timeout=0ns
08-22 02:48:13.410  7063  7066 I cmd     : oneway function results will be dropped but finished with status OK and parcel size 4
08-22 02:48:13.418  1441  1441 I InputAttributes: InputType.TYPE_NULL is specified
08-22 02:48:13.420   332   332 I android.hardware.vibrator-service.example: Vibrator reporting capabilities
08-22 02:48:13.896  7090  7090 D AndroidRuntime: >>>>>> START com.android.internal.os.RuntimeInit uid 2000 <<<<<<
08-22 02:48:13.899  7090  7090 E libc    : Access denied finding property "persist.device_config.runtime_native_boot.profilebootclasspath"
08-22 02:48:13.899  7090  7090 E libc    : Access denied finding property "persist.device_config.runtime_native_boot.enable_apex_image"
08-22 02:48:13.899  7090  7090 I AndroidRuntime: Using default boot image
08-22 02:48:13.899  7090  7090 E libc    : Access denied finding property "persist.device_config.runtime_native_boot.disable_lock_profiling"
08-22 02:48:13.899  7090  7090 I AndroidRuntime: Leaving lock profiling enabled
08-22 02:48:13.899  7090  7090 E libc    : Access denied finding property "persist.device_config.runtime_native_boot.enable_generational_cc"
08-22 02:48:13.902  7090  7090 I app_process: Core platform API reporting enabled, enforcing=false
08-22 02:48:13.898  7090  7090 W app_process: type=1400 audit(0.0:250): avc: denied { read } for name="u:object_r:device_config_runtime_native_boot_prop:s0" dev="tmpfs" ino=7262 scontext=u:r:shell:s0 tcontext=u:object_r:device_config_runtime_native_boot_prop:s0 tclass=file permissive=0
08-22 02:48:13.991  7090  7090 D app_process: Time zone APEX ICU file found: /apex/com.android.tzdata/etc/icu/icu_tzdata.dat
08-22 02:48:13.991  7090  7090 D app_process: I18n APEX ICU file found: /apex/com.android.i18n/etc/icu/icudt66l.dat
08-22 02:48:13.996  7090  7090 W app_process: Unexpected CPU variant for X86 using defaults: x86
08-22 02:48:13.997  7090  7090 I app_process: The ClassLoaderContext is a special shared library.
08-22 02:48:14.009  7090  7090 W app_process: JNI RegisterNativeMethods: attempt to register 0 native methods for android.media.AudioAttributes
08-22 02:48:14.013  7090  7090 D AndroidRuntime: Calling main entry com.android.commands.input.Input
08-22 02:48:14.044  7090  7090 D AndroidRuntime: Shutting down VM
08-22 02:48:14.059   479   503 W AudioFlinger: createTrack_l(): mismatch between requested flags (00000004) and output flags (00000002)
08-22 02:48:14.078   479   503 D AF::TrackHandle: OpPlayAudio: track:55 usage:13 not muted
08-22 02:48:14.095   558   779 D AudioTrack: createTrack_l(1851877230): AUDIO_OUTPUT_FLAG_FAST denied by server; frameCount 0 -> 4512
08-22 02:48:14.098   558  1942 I system_server: oneway function results will be dropped but finished with status OK and parcel size 4
08-22 02:48:14.099   558  1942 I chatty  : uid=1000(system) Binder:558_C identical 1 line
08-22 02:48:14.152   558  1942 I system_server: oneway function results will be dropped but finished with status OK and parcel size 4
08-22 02:48:14.185   304   465 E FMQ     : grantorIdx must be less than 3
08-22 02:48:14.185   304   465 E FMQ     : grantorIdx must be less than 3
08-22 02:48:14.189   479   507 E FMQ     : grantorIdx must be less than 3
08-22 02:48:14.190   479   507 E FMQ     : grantorIdx must be less than 3
08-22 02:48:14.328   558  3150 I system_server: oneway function results will be dropped but finished with status OK and parcel size 4
08-22 02:48:14.581  7109  7109 D AndroidRuntime: >>>>>> START com.android.internal.os.RuntimeInit uid 2000 <<<<<<
08-22 02:48:14.583  7109  7109 E libc    : Access denied finding property "persist.device_config.runtime_native_boot.profilebootclasspath"
08-22 02:48:14.583  7109  7109 E libc    : Access denied finding property "persist.device_config.runtime_native_boot.enable_apex_image"
08-22 02:48:14.583  7109  7109 I AndroidRuntime: Using default boot image
08-22 02:48:14.583  7109  7109 E libc    : Access denied finding property "persist.device_config.runtime_native_boot.disable_lock_profiling"
08-22 02:48:14.583  7109  7109 I AndroidRuntime: Leaving lock profiling enabled
08-22 02:48:14.583  7109  7109 E libc    : Access denied finding property "persist.device_config.runtime_native_boot.enable_generational_cc"
08-22 02:48:14.586  7109  7109 W app_process: Could not reserve sentinel fault page
08-22 02:48:14.586  7109  7109 I app_process: Core platform API reporting enabled, enforcing=false
08-22 02:48:14.582  7109  7109 W app_process: type=1400 audit(0.0:254): avc: denied { read } for name="u:object_r:device_config_runtime_native_boot_prop:s0" dev="tmpfs" ino=7262 scontext=u:r:shell:s0 tcontext=u:object_r:device_config_runtime_native_boot_prop:s0 tclass=file permissive=0
08-22 02:48:14.650  7109  7109 D app_process: Time zone APEX ICU file found: /apex/com.android.tzdata/etc/icu/icu_tzdata.dat
08-22 02:48:14.650  7109  7109 D app_process: I18n APEX ICU file found: /apex/com.android.i18n/etc/icu/icudt66l.dat
08-22 02:48:14.654  7109  7109 W app_process: Unexpected CPU variant for X86 using defaults: x86
08-22 02:48:14.655  7109  7109 I app_process: The ClassLoaderContext is a special shared library.
08-22 02:48:14.666  7109  7109 W app_process: JNI RegisterNativeMethods: attempt to register 0 native methods for android.media.AudioAttributes
08-22 02:48:14.670  7109  7109 D AndroidRuntime: Calling main entry com.android.commands.input.Input
08-22 02:48:14.674   558   601 D AutofillManagerService: onBackKeyPressed()
08-22 02:48:14.675  7109  7109 D AndroidRuntime: Shutting down VM
08-22 02:48:14.677   315  1359 D goldfish-address-space: claimShared: Ask to claim region [0x3ec965000 0x3ed2ca000]
08-22 02:48:14.710   558  1942 W InputReader: Device virtio_input_multi_touch_9 is associated with display ADISPLAY_ID_NONE.
08-22 02:48:14.711   558  1942 W InputReader: Device virtio_input_multi_touch_7 is associated with display ADISPLAY_ID_NONE.
08-22 02:48:14.711   558  1942 W InputReader: Device virtio_input_multi_touch_10 is associated with display ADISPLAY_ID_NONE.
08-22 02:48:14.711   558  1942 W InputReader: Device virtio_input_multi_touch_4 is associated with display ADISPLAY_ID_NONE.
08-22 02:48:14.711   558  1942 W InputReader: Device virtio_input_multi_touch_11 is associated with display ADISPLAY_ID_NONE.
08-22 02:48:14.711   558  1942 W InputReader: Device virtio_input_multi_touch_5 is associated with display ADISPLAY_ID_NONE.
08-22 02:48:14.711   558  1942 W InputReader: Device virtio_input_multi_touch_2 is associated with display ADISPLAY_ID_NONE.
08-22 02:48:14.711   558  1942 W InputReader: Device virtio_input_multi_touch_6 is associated with display ADISPLAY_ID_NONE.
08-22 02:48:14.711   558  1942 W InputReader: Device virtio_input_multi_touch_3 is associated with display ADISPLAY_ID_NONE.
08-22 02:48:14.711   558  1942 W InputReader: Device virtio_input_multi_touch_8 is associated with display ADISPLAY_ID_NONE.
08-22 02:48:14.711   558  1942 W InputReader: Device virtio_input_multi_touch_9 is associated with display ADISPLAY_ID_NONE.
08-22 02:48:14.711   558  1942 W InputReader: Device virtio_input_multi_touch_7 is associated with display ADISPLAY_ID_NONE.
08-22 02:48:14.711   558  1942 W InputReader: Device virtio_input_multi_touch_10 is associated with display ADISPLAY_ID_NONE.
08-22 02:48:14.712   558  1942 W InputReader: Device virtio_input_multi_touch_4 is associated with display ADISPLAY_ID_NONE.
08-22 02:48:14.712   558  1942 W InputReader: Device virtio_input_multi_touch_11 is associated with display ADISPLAY_ID_NONE.
08-22 02:48:14.712   558  1942 W InputReader: Device virtio_input_multi_touch_5 is associated with display ADISPLAY_ID_NONE.
08-22 02:48:14.712   558  1942 W InputReader: Device virtio_input_multi_touch_2 is associated with display ADISPLAY_ID_NONE.
08-22 02:48:14.712   558  1942 W InputReader: Device virtio_input_multi_touch_6 is associated with display ADISPLAY_ID_NONE.
08-22 02:48:14.712   558  1942 W InputReader: Device virtio_input_multi_touch_3 is associated with display ADISPLAY_ID_NONE.
08-22 02:48:14.712   558  1942 W InputReader: Device virtio_input_multi_touch_8 is associated with display ADISPLAY_ID_NONE.
08-22 02:48:14.713   558  4306 D HostConnection: HostConnection::get() New Host Connection established 0xf26a4580, tid 4306
08-22 02:48:14.721   558  4306 D HostConnection: HostComposition ext ANDROID_EMU_CHECKSUM_HELPER_v1 ANDROID_EMU_native_sync_v2 ANDROID_EMU_native_sync_v3 ANDROID_EMU_native_sync_v4 ANDROID_EMU_dma_v1 ANDROID_EMU_direct_mem ANDROID_EMU_host_composition_v1 ANDROID_EMU_host_composition_v2 ANDROID_EMU_YUV_Cache ANDROID_EMU_async_unmap_buffer ANDROID_EMU_has_shared_slots_host_memory_allocator ANDROID_EMU_sync_buffer_data GL_OES_EGL_image_external_essl3 GL_OES_vertex_array_object GL_KHR_texture_compression_astc_ldr ANDROID_EMU_host_side_tracing ANDROID_EMU_async_frame_commands ANDROID_EMU_gles_max_version_3_0 
08-22 02:48:14.721   558  4306 W OpenGLRenderer: Failed to choose config with EGL_SWAP_BEHAVIOR_PRESERVED, retrying without...
08-22 02:48:14.722   558  4306 D EGL_emulation: eglCreateContext: 0xf268d6e0: maj 3 min 0 rcv 3
08-22 02:48:14.723   558  4306 D EGL_emulation: eglMakeCurrent: 0xf268d6e0: ver 3 0 (tinfo 0xb9ae28f0) (first time)
08-22 02:48:14.756   315  1359 D goldfish-address-space: claimShared: Ask to claim region [0x3ed2ca000 0x3edc2f000]
08-22 02:48:14.760   815   829 W ndroid.systemu: Reducing the number of considered missed Gc histogram windows from 175 to 100
08-22 02:48:14.774   315  1359 D goldfish-address-space: claimShared: Ask to claim region [0x3edc2f000 0x3ee594000]
08-22 02:48:14.791   315  1359 D goldfish-address-space: claimShared: Ask to claim region [0x3ee594000 0x3eeef9000]
08-22 02:48:14.846   315  1359 D goldfish-address-space: claimShared: Ask to claim region [0x3edc2f000 0x3ee594000]
08-22 02:48:14.866   315  1359 D goldfish-address-space: claimShared: Ask to claim region [0x3ee594000 0x3eeef9000]
08-22 02:48:14.918   315  1359 D goldfish-address-space: claimShared: Ask to claim region [0x3ed2ca000 0x3edc2f000]
08-22 02:48:15.178  7134  7136 I cmd     : oneway function results will be dropped but finished with status OK and parcel size 4
08-22 02:48:15.225   177   177 I servicemanager: Since 'apexservice' could not be found, trying to start it as a lazy AIDL service
08-22 02:48:15.329     0     0 I init    : starting service 'apexd'...
08-22 02:48:15.332     0     0 I init    : Control message: Processed ctl.interface_start for 'aidl/apexservice' from pid: 177 (/system/bin/servicemanager)
08-22 02:48:15.349     0     0 I apexd   : Scanning /system/apex for preinstalled data
08-22 02:48:15.354     0     0 I apexd   : Scanning /system_ext/apex for preinstalled data
08-22 02:48:15.355     0     0 I apexd   : ... does not exist. Skipping
08-22 02:48:15.356     0     0 I apexd   : Scanning /product/apex for preinstalled data
08-22 02:48:15.357     0     0 I apexd   : ... does not exist. Skipping
08-22 02:48:15.358     0     0 I apexd   : Scanning /vendor/apex for preinstalled data
08-22 02:48:15.359     0     0 I apexd   : ... does not exist. Skipping
08-22 02:48:15.360     0     0 I apexd   : Populating APEX database from mounts...
08-22 02:48:15.361     0     0 I apexd   : Found "/apex/com.android.mediaprovider@300000000" backed by file /system/apex/com.android.mediaprovider.apex
08-22 02:48:15.365     0     0 I apexd   : Found "/apex/com.android.tethering@300000000" backed by file /system/apex/com.android.tethering.apex
08-22 02:48:15.366     0     0 I apexd   : Found "/apex/com.android.wifi@300000000" backed by file /system/apex/com.android.wifi.apex
08-22 02:48:15.368     0     0 I apexd   : Found "/apex/com.android.cellbroadcast@300000000" backed by file /system/apex/com.android.cellbroadcast.apex
08-22 02:48:15.370     0     0 I apexd   : Found "/apex/com.android.neuralnetworks@300000000" backed by file /system/apex/com.android.neuralnetworks.apex
08-22 02:48:15.373     0     0 I apexd   : Found "/apex/com.android.resolv@300000000" backed by file /system/apex/com.android.resolv.apex
08-22 02:48:15.375     0     0 I apexd   : Found "/apex/com.android.media.swcodec@300000000" backed by file /system/apex/com.android.media.swcodec.apex
08-22 02:48:15.377     0     0 I apexd   : Found "/apex/com.android.conscrypt@300000000" backed by file /system/apex/com.android.conscrypt.apex
08-22 02:48:15.381     0     0 I apexd   : Found "/apex/com.android.adbd@300000000" backed by file /system/apex/com.android.adbd.apex
08-22 02:48:15.383     0     0 I apexd   : Found "/apex/com.android.art@1" backed by file /system/apex/com.android.art.debug.apex
08-22 02:48:15.385     0     0 I apexd   : Found "/apex/com.android.permission@300000000" backed by file /system/apex/com.android.permission.apex
08-22 02:48:15.387     0     0 I apexd   : Found "/apex/com.android.runtime@1" backed by file /system/apex/com.android.runtime.apex
08-22 02:48:15.389     0     0 I apexd   : Found "/apex/com.android.sdkext@300000000" backed by file /system/apex/com.android.sdkext.apex
08-22 02:48:15.391     0     0 I apexd   : Found "/apex/com.android.tzdata@300000000" backed by file /system/apex/com.android.tzdata.apex
08-22 02:48:15.393     0     0 I apexd   : Found "/apex/com.android.media@300000000" backed by file /system/apex/com.android.media.apex
08-22 02:48:15.395     0     0 I apexd   : Found "/apex/com.android.extservices@300000000" backed by file /system/apex/com.android.extservices.apex
08-22 02:48:15.397     0     0 I apexd   : Found "/apex/com.android.vndk.v30@1" backed by file /system/apex/com.android.vndk.current.apex
08-22 02:48:15.398     0     0 I apexd   : Found "/apex/com.android.os.statsd@300000000" backed by file /system/apex/com.android.os.statsd.apex
08-22 02:48:15.400     0     0 I apexd   : Found "/apex/com.android.apex.cts.shim@1" backed by file /system/apex/com.android.apex.cts.shim.apex
08-22 02:48:15.404     0     0 I apexd   : Found "/apex/com.android.i18n@1" backed by file /system/apex/com.android.i18n.apex
08-22 02:48:15.406     0     0 I apexd   : Found "/apex/com.android.ipsec@300000000" backed by file /system/apex/com.android.ipsec.apex
08-22 02:48:15.409     0     0 I apexd   : 21 packages restored.
08-22 02:48:15.309   177   177 I BpBinder: onLastStrongRef automatically unlinking death recipients: <uncached descriptor>
08-22 02:48:15.410     0     0 I AidlLazyServiceRegistrar: Registering service apexservice
08-22 02:48:15.412     0     0 I AidlLazyServiceRegistrar: Trying to shut down the service. No clients in use for any service in process.
08-22 02:48:15.313   177   177 I servicemanager: Tried to unregister apexservice, but there is about to be a client.
08-22 02:48:15.416     0     0 I AidlLazyServiceRegistrar: Failed to unregister service apexservice
08-22 02:48:15.363  7149  7151 I cmd     : oneway function results will be dropped but finished with status OK and parcel size 4
08-22 02:48:15.460  1441  1441 I LatinIME: Timeout waiting for dictionary load
08-22 02:48:15.713  7167  7167 D AndroidRuntime: >>>>>> START com.android.internal.os.RuntimeInit uid 2000 <<<<<<
08-22 02:48:15.716  7167  7167 E libc    : Access denied finding property "persist.device_config.runtime_native_boot.profilebootclasspath"
08-22 02:48:15.716  7167  7167 E libc    : Access denied finding property "persist.device_config.runtime_native_boot.enable_apex_image"
08-22 02:48:15.716  7167  7167 I AndroidRuntime: Using default boot image
08-22 02:48:15.716  7167  7167 E libc    : Access denied finding property "persist.device_config.runtime_native_boot.disable_lock_profiling"
08-22 02:48:15.716  7167  7167 I AndroidRuntime: Leaving lock profiling enabled
08-22 02:48:15.716  7167  7167 E libc    : Access denied finding property "persist.device_config.runtime_native_boot.enable_generational_cc"
08-22 02:48:15.719  7167  7167 I app_process: Core platform API reporting enabled, enforcing=false
08-22 02:48:15.714  7167  7167 W app_process: type=1400 audit(0.0:258): avc: denied { read } for name="u:object_r:device_config_runtime_native_boot_prop:s0" dev="tmpfs" ino=7262 scontext=u:r:shell:s0 tcontext=u:object_r:device_config_runtime_native_boot_prop:s0 tclass=file permissive=0
08-22 02:48:15.780  7167  7167 D app_process: Time zone APEX ICU file found: /apex/com.android.tzdata/etc/icu/icu_tzdata.dat
08-22 02:48:15.780  7167  7167 D app_process: I18n APEX ICU file found: /apex/com.android.i18n/etc/icu/icudt66l.dat
08-22 02:48:15.784  7167  7167 W app_process: Unexpected CPU variant for X86 using defaults: x86
08-22 02:48:15.785  7167  7167 I app_process: The ClassLoaderContext is a special shared library.
08-22 02:48:15.797  7167  7167 W app_process: JNI RegisterNativeMethods: attempt to register 0 native methods for android.media.AudioAttributes
08-22 02:48:15.800  7167  7167 D AndroidRuntime: Calling main entry com.android.commands.input.Input
08-22 02:48:15.804  7167  7167 D AndroidRuntime: Shutting down VM
08-22 02:48:15.804   558   600 D AutofillManagerService: Close system dialogs
08-22 02:48:15.807   558   601 I ActivityTaskManager: START u0 {act=android.intent.action.MAIN cat=[android.intent.category.HOME] flg=0x10000100 cmp=com.android.launcher3/.uioverrides.QuickstepLauncher (has extras)} from uid 0
08-22 02:48:15.807   558   603 D EventSequenceValidator: Transition from ACTIVITY_FINISHED to INTENT_STARTED
08-22 02:48:15.808   815   815 V ShadeControllerImpl: NotificationShadeWindow: com.android.systemui.statusbar.phone.NotificationShadeWindowView{e0e1f77 I.E...... ......ID 0,0-1080,2280} canPanelBeCollapsed(): false
08-22 02:48:15.811   993   993 D TaplTarget: Launcher.onNewIntent: Intent { act=android.intent.action.MAIN cat=[android.intent.category.HOME] flg=0x10000100 cmp=com.android.launcher3/.uioverrides.QuickstepLauncher (has extras) }
08-22 02:48:15.812   366   366 I perfetto: ing_service_impl.cc:758 Configured tracing session 12, #sources:1, duration:5000 ms, #buffers:1, total buffer size:4096 KB, total sessions:1, uid:1071 session name: ""
08-22 02:48:15.812   365   365 I perfetto: probes_producer.cc:230  Ftrace setup (target_buf=12)
08-22 02:48:15.813   558   600 D AutofillManagerService: Close system dialogs
08-22 02:48:15.813   815   815 V ShadeControllerImpl: NotificationShadeWindow: com.android.systemui.statusbar.phone.NotificationShadeWindowView{e0e1f77 I.E...... ......ID 0,0-1080,2280} canPanelBeCollapsed(): false
08-22 02:48:15.814   558   603 D EventSequenceValidator: Transition from INTENT_STARTED to INTENT_FAILED
08-22 02:48:15.862   365   365 I perfetto: ftrace_procfs.cc:176    enabled ftrace
08-22 02:48:15.964     0     0 W perfetto: enabled ftrace
08-22 02:48:17.090   452   452 E wifi_forwarder: qemu_pipe_open_ns:62: Could not connect to the 'pipe:qemud:wififorward' service: Invalid argument
08-22 02:48:17.090   452   452 E wifi_forwarder: RemoteConnection failed to initialize: RemoteConnection failed to open pipe
08-22 02:48:17.146   450   450 E netmgr  : qemu_pipe_open_ns:62: Could not connect to the 'pipe:qemud:network' service: Invalid argument
08-22 02:48:17.146   450   450 E netmgr  : Failed to open QEMU pipe 'qemud:network': Invalid argument
08-22 02:48:17.290   558  2236 I system_server: oneway function results will be dropped but finished with status OK and parcel size 4
08-22 02:48:17.930   177   177 I servicemanager: Notifying apexservice they have clients: 1
08-22 02:48:18.034     0     0 I AidlLazyServiceRegistrar: Process has 1 (of 1 available) client(s) in use after notification android.apex.IApexService has clients: 1
08-22 02:48:18.632   558  1630 E TaskPersister: File error accessing recents directory (directory doesn't exist?).
08-22 02:48:19.015   558  1942 I ActivityTaskManager: START u0 {act=android.intent.action.MAIN cat=[android.intent.category.LAUNCHER] flg=0x10000000 cmp=com.nutomic.syncthingandroid/.activities.FirstStartActivity} from uid 2000
08-22 02:48:19.015   558   603 D EventSequenceValidator: Transition from INTENT_FAILED to INTENT_STARTED
08-22 02:48:19.017   366   366 I perfetto: ing_service_impl.cc:758 Configured tracing session 13, #sources:1, duration:5000 ms, #buffers:1, total buffer size:4096 KB, total sessions:2, uid:1071 session name: ""
08-22 02:48:19.017   365   365 I perfetto: probes_producer.cc:230  Ftrace setup (target_buf=13)
08-22 02:48:19.025  7225  7227 I cmd     : oneway function results will be dropped but finished with status OK and parcel size 4
08-22 02:48:19.025   558   603 D EventSequenceValidator: Transition from INTENT_STARTED to ACTIVITY_LAUNCHED
08-22 02:48:19.027   558  1942 W ActivityTaskManager: Tried to set launchTime (0) < mLastActivityLaunchTime (372788)
08-22 02:48:19.027   558  1942 W InputReader: Device virtio_input_multi_touch_9 is associated with display ADISPLAY_ID_NONE.
08-22 02:48:19.027   558  1942 W InputReader: Device virtio_input_multi_touch_7 is associated with display ADISPLAY_ID_NONE.
08-22 02:48:19.027   558  1942 W InputReader: Device virtio_input_multi_touch_10 is associated with display ADISPLAY_ID_NONE.
08-22 02:48:19.027   558  1942 W InputReader: Device virtio_input_multi_touch_4 is associated with display ADISPLAY_ID_NONE.
08-22 02:48:19.027   558  1942 W InputReader: Device virtio_input_multi_touch_11 is associated with display ADISPLAY_ID_NONE.
08-22 02:48:19.027   558  1942 W InputReader: Device virtio_input_multi_touch_5 is associated with display ADISPLAY_ID_NONE.
08-22 02:48:19.027   558  1942 W InputReader: Device virtio_input_multi_touch_2 is associated with display ADISPLAY_ID_NONE.
08-22 02:48:19.027   558  1942 W InputReader: Device virtio_input_multi_touch_6 is associated with display ADISPLAY_ID_NONE.
08-22 02:48:19.027   558  1942 W InputReader: Device virtio_input_multi_touch_3 is associated with display ADISPLAY_ID_NONE.
08-22 02:48:19.027   558  1942 W InputReader: Device virtio_input_multi_touch_8 is associated with display ADISPLAY_ID_NONE.
08-22 02:48:19.027   558  1942 W InputReader: Device virtio_input_multi_touch_9 is associated with display ADISPLAY_ID_NONE.
08-22 02:48:19.028   558  1942 W InputReader: Device virtio_input_multi_touch_7 is associated with display ADISPLAY_ID_NONE.
08-22 02:48:19.028   558  1942 W InputReader: Device virtio_input_multi_touch_10 is associated with display ADISPLAY_ID_NONE.
08-22 02:48:19.028   558  1942 W InputReader: Device virtio_input_multi_touch_4 is associated with display ADISPLAY_ID_NONE.
08-22 02:48:19.028   558  1942 W InputReader: Device virtio_input_multi_touch_11 is associated with display ADISPLAY_ID_NONE.
08-22 02:48:19.028   558  1942 W InputReader: Device virtio_input_multi_touch_5 is associated with display ADISPLAY_ID_NONE.
08-22 02:48:19.028   558  1942 W InputReader: Device virtio_input_multi_touch_2 is associated with display ADISPLAY_ID_NONE.
08-22 02:48:19.028   558  1942 W InputReader: Device virtio_input_multi_touch_6 is associated with display ADISPLAY_ID_NONE.
08-22 02:48:19.028   558  1942 W InputReader: Device virtio_input_multi_touch_3 is associated with display ADISPLAY_ID_NONE.
08-22 02:48:19.028   558  1942 W InputReader: Device virtio_input_multi_touch_8 is associated with display ADISPLAY_ID_NONE.
08-22 02:48:19.050   315  1359 D goldfish-address-space: claimShared: Ask to claim region [0x3ec000000 0x3ec965000]
08-22 02:48:19.068   315  1359 D goldfish-address-space: claimShared: Ask to claim region [0x3eeef9000 0x3ef85e000]
08-22 02:48:19.100   315  1359 D goldfish-address-space: claimShared: Ask to claim region [0x3f1c31000 0x3f2596000]
08-22 02:48:19.120   315   315 D goldfish-address-space: claimShared: Ask to claim region [0x3f2596000 0x3f2efb000]
08-22 02:48:19.156   558   610 D ArtManagerInternalImpl: /data/misc/iorapd/com.nutomic.syncthingandroid/4115/com.nutomic.syncthingandroid.activities.FirstStartActivity/compiled_traces/compiled_trace.pb doesn't exist
08-22 02:48:19.157   558   603 D EventSequenceValidator: Transition from ACTIVITY_LAUNCHED to ACTIVITY_FINISHED
08-22 02:48:19.157   558   610 I ActivityTaskManager: Displayed com.nutomic.syncthingandroid/.activities.FirstStartActivity: +140ms
08-22 02:48:20.815   365   365 I perfetto: probes_producer.cc:329  Producer stop (id=12)
08-22 02:48:20.817   366   366 I perfetto: ng_service_impl.cc:1948 Tracing session 12 ended, total sessions:1
08-22 02:48:22.930   177   177 I servicemanager: Notifying apexservice they have clients: 0
08-22 02:48:23.033     0     0 I AidlLazyServiceRegistrar: Process has 0 (of 1 available) client(s) in use after notification android.apex.IApexService has clients: 0
08-22 02:48:23.038     0     0 I AidlLazyServiceRegistrar: Trying to shut down the service. No clients in use for any service in process.
08-22 02:48:22.938   177   177 I BpBinder: onLastStrongRef automatically unlinking death recipients: <uncached descriptor>
08-22 02:48:23.041     0     0 I AidlLazyServiceRegistrar: Unregistered all clients and exiting
08-22 02:48:23.046     0     0 I init    : Service 'apexd' (pid 7142) exited with status 0 oneshot service took 7.714000 seconds in background
08-22 02:48:23.049     0     0 I init    : Sending signal 9 to service 'apexd' (pid 7142) process group...
08-22 02:48:23.050     0     0 I libprocessgroup: Successfully killed process cgroup uid 0 pid 7142 in 0ms
08-22 02:48:23.080   558  1630 E TaskPersister: File error accessing recents directory (directory doesn't exist?).
08-22 02:48:24.022   365   365 I perfetto: probes_producer.cc:329  Producer stop (id=13)
08-22 02:48:24.023   366   366 I perfetto: ng_service_impl.cc:1948 Tracing session 13 ended, total sessions:0
08-22 02:48:24.024   365   365 I perfetto: ftrace_procfs.cc:183    disabled ftrace
08-22 02:48:24.126     0     0 W perfetto: disabled ftrace
08-22 02:48:26.594  7271  7273 I cmd     : oneway function results will be dropped but finished with status OK and parcel size 4
08-22 02:48:29.505   315   315 D goldfish-address-space: claimShared: Ask to claim region [0x3ec000000 0x3ec965000]
08-22 02:48:29.530   178   178 I hwservicemanager: getTransport: Cannot find entry android.hardware.graphics.mapper@4.0::IMapper/default in either framework or device manifest.
08-22 02:48:29.531  7319  7319 I Gralloc4: mapper 4.x is not supported
08-22 02:48:29.541  7319  7319 D HostConnection: createUnique: call
08-22 02:48:29.542  7319  7319 D HostConnection: HostConnection::get() New Host Connection established 0xebd007f0, tid 7319
08-22 02:48:29.542  7319  7319 D goldfish-address-space: allocate: Ask for block of size 0x100
08-22 02:48:29.542  7319  7319 D goldfish-address-space: allocate: ioctl allocate returned offset 0x3ebffe000 size 0x2000
08-22 02:48:29.613  7319  7319 D HostConnection: HostComposition ext ANDROID_EMU_CHECKSUM_HELPER_v1 ANDROID_EMU_native_sync_v2 ANDROID_EMU_native_sync_v3 ANDROID_EMU_native_sync_v4 ANDROID_EMU_dma_v1 ANDROID_EMU_direct_mem ANDROID_EMU_host_composition_v1 ANDROID_EMU_host_composition_v2 ANDROID_EMU_YUV_Cache ANDROID_EMU_async_unmap_buffer ANDROID_EMU_has_shared_slots_host_memory_allocator ANDROID_EMU_sync_buffer_data GL_OES_EGL_image_external_essl3 GL_OES_vertex_array_object GL_KHR_texture_compression_astc_ldr ANDROID_EMU_host_side_tracing ANDROID_EMU_async_frame_commands ANDROID_EMU_gles_max_version_3_0 
08-22 02:48:30.360  7335  7337 I cmd     : oneway function results will be dropped but finished with status OK and parcel size 4
08-22 02:48:30.381   315   315 D goldfish-address-space: claimShared: Ask to claim region [0x3ec000000 0x3ec965000]
08-22 02:48:30.408   558   601 W ImageReader_JNI: Unable to acquire a buffer item, very likely client tried to acquire more than maxImages buffers
08-22 02:48:30.463   558   601 W Looper  : Slow dispatch took 103ms android.ui h=android.os.Handler c=android.database.-$$Lambda$ContentObserver$MgqiYb2qvgLhoXTioYXq9MvvpNk@1700af m=0
08-22 02:48:30.486   558   603 W InputReader: Device virtio_input_multi_touch_9 is associated with display ADISPLAY_ID_NONE.
08-22 02:48:30.487   558   603 W InputReader: Device virtio_input_multi_touch_7 is associated with display ADISPLAY_ID_NONE.
08-22 02:48:30.487   558   603 W InputReader: Device virtio_input_multi_touch_10 is associated with display ADISPLAY_ID_NONE.
08-22 02:48:30.487   558   603 W InputReader: Device virtio_input_multi_touch_4 is associated with display ADISPLAY_ID_NONE.
08-22 02:48:30.487   558   603 W InputReader: Device virtio_input_multi_touch_11 is associated with display ADISPLAY_ID_NONE.
08-22 02:48:30.487   558   603 W InputReader: Device virtio_input_multi_touch_5 is associated with display ADISPLAY_ID_NONE.
08-22 02:48:30.487   558   603 W InputReader: Device virtio_input_multi_touch_2 is associated with display ADISPLAY_ID_NONE.
08-22 02:48:30.487   558   603 W InputReader: Device virtio_input_multi_touch_6 is associated with display ADISPLAY_ID_NONE.
08-22 02:48:30.487   558   603 W InputReader: Device virtio_input_multi_touch_3 is associated with display ADISPLAY_ID_NONE.
08-22 02:48:30.487   558   603 W InputReader: Device virtio_input_multi_touch_8 is associated with display ADISPLAY_ID_NONE.
08-22 02:48:30.489   558   603 W ActivityTaskManager: Current config: {1.0 310mcc260mnc [en_US] ldltr sw392dp w392dp h718dp 440dpi nrml long port finger qwerty/v/v dpad/v winConfig={ mBounds=Rect(0, 0 - 1080, 2280) mAppBounds=Rect(0, 171 - 1080, 2148) mWindowingMode=fullscreen mDisplayWindowingMode=fullscreen mActivityType=undefined mAlwaysOnTop=undefined mRotation=ROTATION_0} s.527} unchanged for IME proc com.android.inputmethod.latin
08-22 02:48:30.490   558   603 I ActivityTaskManager: Config changes=20000480 {1.0 310mcc260mnc [en_US] ldltr sw392dp w718dp h364dp 440dpi nrml long land finger qwerty/v/v dpad/v winConfig={ mBounds=Rect(0, 0 - 2280, 1080) mAppBounds=Rect(171, 0 - 2148, 1080) mWindowingMode=fullscreen mDisplayWindowingMode=fullscreen mActivityType=undefined mAlwaysOnTop=undefined mRotation=ROTATION_90} s.562}
08-22 02:48:30.500   558   603 W ActivityTaskManager: Current config: {1.0 310mcc260mnc [en_US] ldltr sw392dp w392dp h718dp 440dpi nrml long port finger qwerty/v/v dpad/v winConfig={ mBounds=Rect(0, 0 - 1080, 2280) mAppBounds=Rect(0, 171 - 1080, 2148) mWindowingMode=fullscreen mDisplayWindowingMode=fullscreen mActivityType=undefined mAlwaysOnTop=undefined mRotation=ROTATION_0} s.527} unchanged for IME proc com.android.inputmethod.latin
08-22 02:48:30.501   558   603 I WindowManager: Override config changes=20000480 {1.0 310mcc260mnc [en_US] ldltr sw392dp w718dp h364dp 440dpi nrml long land finger qwerty/v/v dpad/v winConfig={ mBounds=Rect(0, 0 - 2280, 1080) mAppBounds=Rect(171, 0 - 2148, 1080) mWindowingMode=fullscreen mDisplayWindowingMode=fullscreen mActivityType=undefined mAlwaysOnTop=undefined mRotation=ROTATION_90} s.562} for displayId=0
08-22 02:48:30.502   558   603 V ActivityTaskManager: Sending to IME proc com.android.inputmethod.latin new config {1.0 310mcc260mnc [en_US] ldltr sw392dp w718dp h364dp 440dpi nrml long land finger qwerty/v/v dpad/v winConfig={ mBounds=Rect(0, 0 - 2280, 1080) mAppBounds=Rect(171, 0 - 2148, 1080) mWindowingMode=fullscreen mDisplayWindowingMode=fullscreen mActivityType=undefined mAlwaysOnTop=undefined mRotation=ROTATION_90} s.562}
08-22 02:48:30.502   558   603 W ActivityTaskManager: Current config: {1.0 310mcc260mnc [en_US] ldltr sw392dp w718dp h364dp 440dpi nrml long land finger qwerty/v/v dpad/v winConfig={ mBounds=Rect(0, 0 - 2280, 1080) mAppBounds=Rect(171, 0 - 2148, 1080) mWindowingMode=fullscreen mDisplayWindowingMode=fullscreen mActivityType=undefined mAlwaysOnTop=undefined mRotation=ROTATION_90} s.562} unchanged for IME proc com.android.inputmethod.latin
08-22 02:48:30.519   558   603 V WindowManager: Orientation start waiting for draw, mDrawState=DRAW_PENDING in Window{8782c4b u0 NavigationBar0}, surfaceController Surface(name=NavigationBar0)/@0x8f6e7b6
08-22 02:48:30.519   558   603 V WindowManager: Orientation start waiting for draw, mDrawState=DRAW_PENDING in Window{4b3526c u0 StatusBar}, surfaceController Surface(name=StatusBar)/@0x87e4cb7
08-22 02:48:30.520   558   603 V WindowManager: Orientation start waiting for draw, mDrawState=DRAW_PENDING in Window{ed1d215 u0 com.nutomic.syncthingandroid/com.nutomic.syncthingandroid.activities.FirstStartActivity}, surfaceController Surface(name=com.nutomic.syncthingandroid/com.nutomic.syncthingandroid.activities.FirstStartActivity)/@0x72a445
08-22 02:48:30.525   558   604 V WindowManager: Orientation start waiting for draw, mDrawState=DRAW_PENDING in Window{ed1d215 u0 com.nutomic.syncthingandroid/com.nutomic.syncthingandroid.activities.FirstStartActivity}, surfaceController Surface(name=com.nutomic.syncthingandroid/com.nutomic.syncthingandroid.activities.FirstStartActivity)/@0x72a445
08-22 02:48:30.526   558   603 I InputManager-JNI: Viewport [0] to add: local:8141603649153536, isActive: true
08-22 02:48:30.527   558   686 I InputReader: Reconfiguring input devices, changes=DISPLAY_INFO | 
08-22 02:48:30.527   558   686 I InputReader: Touch device 'virtio_input_multi_touch_9' could not query the properties of its associated display.  The device will be inoperable until the display size becomes available.
08-22 02:48:30.527   558   686 I InputReader: Touch device 'virtio_input_multi_touch_7' could not query the properties of its associated display.  The device will be inoperable until the display size becomes available.
08-22 02:48:30.527   558   686 I InputReader: Touch device 'virtio_input_multi_touch_10' could not query the properties of its associated display.  The device will be inoperable until the display size becomes available.
08-22 02:48:30.527   558   686 I InputReader: Touch device 'virtio_input_multi_touch_4' could not query the properties of its associated display.  The device will be inoperable until the display size becomes available.
08-22 02:48:30.527   558   686 I InputReader: Device reconfigured: id=9, name='virtio_input_multi_touch_1', size 1080x2280, orientation 1, mode 1, display id 0
08-22 02:48:30.527   558   686 I InputReader: Touch device 'virtio_input_multi_touch_11' could not query the properties of its associated display.  The device will be inoperable until the display size becomes available.
