08-22 02:48:30.527   558   686 I InputReader: Touch device 'virtio_input_multi_touch_5' could not query the properties of its associated display.  The device will be inoperable until the display size becomes available.
08-22 02:48:30.527   558   686 I InputReader: Touch device 'virtio_input_multi_touch_2' could not query the properties of its associated display.  The device will be inoperable until the display size becomes available.
08-22 02:48:30.527   558   686 I InputReader: Touch device 'virtio_input_multi_touch_6' could not query the properties of its associated display.  The device will be inoperable until the display size becomes available.
08-22 02:48:30.527   558   686 I InputReader: Touch device 'virtio_input_multi_touch_3' could not query the properties of its associated display.  The device will be inoperable until the display size becomes available.
08-22 02:48:30.527   558   686 I InputReader: Touch device 'virtio_input_multi_touch_8' could not query the properties of its associated display.  The device will be inoperable until the display size becomes available.
08-22 02:48:30.540   815   815 D StatusBar: disable<e i a s b h r c s > disable2<q i n >
08-22 02:48:30.551   315   315 D goldfish-address-space: claimShared: Ask to claim region [0x3ed2ca000 0x3edb7b000]
08-22 02:48:30.526   558   604 V WindowManager: Orientation start waiting for draw, mDrawState=DRAW_PENDING in Window{ed1d215 u0 com.nutomic.syncthingandroid/com.nutomic.syncthingandroid.activities.FirstStartActivity}, surfaceController Surface(name=com.nutomic.syncthingandroid/com.nutomic.syncthingandroid.activities.FirstStartActivity)/@0x72a445
08-22 02:48:30.565   558  3150 V WindowManager: Orientation start waiting for draw, mDrawState=DRAW_PENDING in Window{8782c4b u0 NavigationBar0}, surfaceController Surface(name=NavigationBar0)/@0x8f6e7b6
08-22 02:48:30.568   315   315 D goldfish-address-space: claimShared: Ask to claim region [0x3edb7b000 0x3ee42c000]
08-22 02:48:30.584   315  1359 D goldfish-address-space: claimShared: Ask to claim region [0x3efe51000 0x3efedd000]
08-22 02:48:30.587   558  3150 W WindowManager: Failed looking up window session=Session{51db18e 3744:u0a10122} callers=com.android.server.wm.WindowManagerService.windowForClientLocked:5425 com.android.server.wm.Session.insetsModified:502 android.view.IWindowSession$Stub.onTransact:1367 
08-22 02:48:30.592   315   402 D goldfish-address-space: claimShared: Ask to claim region [0x3ee42c000 0x3eecdd000]
08-22 02:48:30.615   315   402 D goldfish-address-space: claimShared: Ask to claim region [0x3effc6000 0x3effcd000]
08-22 02:48:30.635   815  1385 D HostConnection: HostConnection::get() New Host Connection established 0xf26a4970, tid 1385
08-22 02:48:30.641   815  1385 D HostConnection: HostComposition ext ANDROID_EMU_CHECKSUM_HELPER_v1 ANDROID_EMU_native_sync_v2 ANDROID_EMU_native_sync_v3 ANDROID_EMU_native_sync_v4 ANDROID_EMU_dma_v1 ANDROID_EMU_direct_mem ANDROID_EMU_host_composition_v1 ANDROID_EMU_host_composition_v2 ANDROID_EMU_YUV_Cache ANDROID_EMU_async_unmap_buffer ANDROID_EMU_has_shared_slots_host_memory_allocator ANDROID_EMU_sync_buffer_data GL_OES_EGL_image_external_essl3 GL_OES_vertex_array_object GL_KHR_texture_compression_astc_ldr ANDROID_EMU_host_side_tracing ANDROID_EMU_async_frame_commands ANDROID_EMU_gles_max_version_3_0 
08-22 02:48:30.641   815  1385 W OpenGLRenderer: Failed to choose config with EGL_SWAP_BEHAVIOR_PRESERVED, retrying without...
08-22 02:48:30.643   815  1385 D EGL_emulation: eglCreateContext: 0xf269e7e0: maj 3 min 0 rcv 3
08-22 02:48:30.646   815  1385 D EGL_emulation: eglMakeCurrent: 0xf269e7e0: ver 3 0 (tinfo 0xc049e350) (first time)
08-22 02:48:30.656   315   402 D goldfish-address-space: claimShared: Ask to claim region [0x3effcd000 0x3effd4000]
08-22 02:48:30.659   315   402 D goldfish-address-space: claimShared: Ask to claim region [0x3effd4000 0x3effdb000]
08-22 02:48:30.662   315   402 D goldfish-address-space: claimShared: Ask to claim region [0x3effdb000 0x3effe2000]
08-22 02:48:30.671   315   402 D goldfish-address-space: claimShared: Ask to claim region [0x3efc1b000 0x3efca7000]
08-22 02:48:30.688   815   815 D StatusBar: disable<e i a s b h r c s > disable2<q i n >
08-22 02:48:30.690   558   661 V WindowManager: Orientation start waiting for draw, mDrawState=DRAW_PENDING in Window{4b3526c u0 StatusBar}, surfaceController Surface(name=StatusBar)/@0x87e4cb7
08-22 02:48:30.695   315   402 D goldfish-address-space: claimShared: Ask to claim region [0x3eecdd000 0x3eed89000]
08-22 02:48:30.710   315   402 D goldfish-address-space: claimShared: Ask to claim region [0x3eed89000 0x3eee35000]
08-22 02:48:30.729   558   604 I WindowManager: Screen frozen for +368ms due to Window{8782c4b u0 NavigationBar0}
08-22 02:48:30.729   315   402 D goldfish-address-space: claimShared: Ask to claim region [0x3efedd000 0x3eff69000]
08-22 02:48:30.741   315   402 D goldfish-address-space: claimShared: Ask to claim region [0x3eee35000 0x3ef65b000]
08-22 02:48:30.757   315   402 D goldfish-address-space: claimShared: Ask to claim region [0x3efc1b000 0x3efca7000]
08-22 02:48:30.767   558   604 W ImageReader_JNI: Unable to acquire a buffer item, very likely client tried to acquire more than maxImages buffers
08-22 02:48:30.827   315   402 D goldfish-address-space: claimShared: Ask to claim region [0x3eed89000 0x3eee35000]
08-22 02:48:30.838   315   402 D goldfish-address-space: claimShared: Ask to claim region [0x3efca7000 0x3efd53000]
08-22 02:48:30.851   315   402 D goldfish-address-space: claimShared: Ask to claim region [0x3efd53000 0x3efdff000]
08-22 02:48:30.859   315   402 D goldfish-address-space: claimShared: Ask to claim region [0x3efdff000 0x3efe8b000]
08-22 02:48:30.862   316   316 W EmuHWC2 : validate: layer 155 CompositionType 1, fallback
08-22 02:48:30.863   316   316 W EmuHWC2 : No layers, exit, buffer 0xec1c1110
08-22 02:48:30.878   316   316 W EmuHWC2 : validate: layer 155 CompositionType 1, fallback
08-22 02:48:30.880   316   316 W EmuHWC2 : No layers, exit, buffer 0xec1c0b90
08-22 02:48:30.895   316   316 W EmuHWC2 : validate: layer 155 CompositionType 1, fallback
08-22 02:48:30.897   316   316 W EmuHWC2 : No layers, exit, buffer 0xec1c1110
08-22 02:48:30.912   316   316 W EmuHWC2 : validate: layer 155 CompositionType 1, fallback
08-22 02:48:30.915   316   316 W EmuHWC2 : No layers, exit, buffer 0xec1c0b90
08-22 02:48:30.929   316   316 W EmuHWC2 : validate: layer 155 CompositionType 1, fallback
08-22 02:48:30.931   316   316 W EmuHWC2 : No layers, exit, buffer 0xec1c1110
08-22 02:48:30.945   316   316 W EmuHWC2 : validate: layer 155 CompositionType 1, fallback
08-22 02:48:30.947   316   316 W EmuHWC2 : No layers, exit, buffer 0xec1c0b90
08-22 02:48:30.964   316   316 W EmuHWC2 : validate: layer 163 CompositionType 1, fallback
08-22 02:48:30.966   316   316 W EmuHWC2 : No layers, exit, buffer 0xec1c1110
08-22 02:48:30.979   316   316 W EmuHWC2 : validate: layer 163 CompositionType 1, fallback
08-22 02:48:30.982   316   316 W EmuHWC2 : No layers, exit, buffer 0xec1c0b90
08-22 02:48:30.996   316   316 W EmuHWC2 : validate: layer 163 CompositionType 1, fallback
08-22 02:48:30.999   316   316 W EmuHWC2 : No layers, exit, buffer 0xec1c1110
08-22 02:48:31.012   316   316 W EmuHWC2 : validate: layer 163 CompositionType 1, fallback
08-22 02:48:31.015   316   316 W EmuHWC2 : No layers, exit, buffer 0xec1c0b90
08-22 02:48:31.029   316   316 W EmuHWC2 : validate: layer 163 CompositionType 1, fallback
08-22 02:48:31.033   316   316 W EmuHWC2 : No layers, exit, buffer 0xec1c1110
08-22 02:48:31.046   316   316 W EmuHWC2 : validate: layer 163 CompositionType 1, fallback
08-22 02:48:31.049   316   316 W EmuHWC2 : No layers, exit, buffer 0xec1c0b90
08-22 02:48:31.062   316   316 W EmuHWC2 : validate: layer 163 CompositionType 1, fallback
08-22 02:48:31.065   316   316 W EmuHWC2 : No layers, exit, buffer 0xec1c1110
08-22 02:48:31.079   316   316 W EmuHWC2 : validate: layer 163 CompositionType 1, fallback
08-22 02:48:31.081   316   316 W EmuHWC2 : No layers, exit, buffer 0xec1c0b90
08-22 02:48:31.096   316   316 W EmuHWC2 : validate: layer 163 CompositionType 1, fallback
08-22 02:48:31.098   316   316 W EmuHWC2 : No layers, exit, buffer 0xec1c1110
08-22 02:48:31.112   316   316 W EmuHWC2 : validate: layer 163 CompositionType 1, fallback
08-22 02:48:31.114   316   316 W EmuHWC2 : No layers, exit, buffer 0xec1c0b90
08-22 02:48:31.129   316   316 W EmuHWC2 : validate: layer 163 CompositionType 1, fallback
08-22 02:48:31.131   316   316 W EmuHWC2 : No layers, exit, buffer 0xec1c1110
08-22 02:48:31.145   316   316 W EmuHWC2 : validate: layer 163 CompositionType 1, fallback
08-22 02:48:31.148   316   316 W EmuHWC2 : No layers, exit, buffer 0xec1c0b90
08-22 02:48:31.162   316   316 W EmuHWC2 : validate: layer 163 CompositionType 1, fallback
08-22 02:48:31.165   316   316 W EmuHWC2 : No layers, exit, buffer 0xec1c1110
08-22 02:48:32.479   315   402 D goldfish-address-space: claimShared: Ask to claim region [0x3f1c31000 0x3f2596000]
08-22 02:48:32.506   558   601 W ImageReader_JNI: Unable to acquire a buffer item, very likely client tried to acquire more than maxImages buffers
08-22 02:48:32.562   558   603 W InputReader: Device virtio_input_multi_touch_9 is associated with display ADISPLAY_ID_NONE.
08-22 02:48:32.562   558   603 W InputReader: Device virtio_input_multi_touch_7 is associated with display ADISPLAY_ID_NONE.
08-22 02:48:32.562   558   603 W InputReader: Device virtio_input_multi_touch_10 is associated with display ADISPLAY_ID_NONE.
08-22 02:48:32.562   558   603 W InputReader: Device virtio_input_multi_touch_4 is associated with display ADISPLAY_ID_NONE.
08-22 02:48:32.562   558   603 W InputReader: Device virtio_input_multi_touch_11 is associated with display ADISPLAY_ID_NONE.
08-22 02:48:32.562   558   603 W InputReader: Device virtio_input_multi_touch_5 is associated with display ADISPLAY_ID_NONE.
08-22 02:48:32.562   558   603 W InputReader: Device virtio_input_multi_touch_2 is associated with display ADISPLAY_ID_NONE.
08-22 02:48:32.562   558   603 W InputReader: Device virtio_input_multi_touch_6 is associated with display ADISPLAY_ID_NONE.
08-22 02:48:32.562   558   603 W InputReader: Device virtio_input_multi_touch_3 is associated with display ADISPLAY_ID_NONE.
08-22 02:48:32.562   558   603 W InputReader: Device virtio_input_multi_touch_8 is associated with display ADISPLAY_ID_NONE.
08-22 02:48:32.566   558   603 W ActivityTaskManager: Current config: {1.0 310mcc260mnc [en_US] ldltr sw392dp w718dp h364dp 440dpi nrml long land finger qwerty/v/v dpad/v winConfig={ mBounds=Rect(0, 0 - 2280, 1080) mAppBounds=Rect(171, 0 - 2148, 1080) mWindowingMode=fullscreen mDisplayWindowingMode=fullscreen mActivityType=undefined mAlwaysOnTop=undefined mRotation=ROTATION_90} s.562} unchanged for IME proc com.android.inputmethod.latin
08-22 02:48:32.567   558   603 I ActivityTaskManager: Config changes=20000480 {1.0 310mcc260mnc [en_US] ldltr sw392dp w392dp h718dp 440dpi nrml long port finger qwerty/v/v dpad/v winConfig={ mBounds=Rect(0, 0 - 1080, 2280) mAppBounds=Rect(0, 171 - 1080, 2148) mWindowingMode=fullscreen mDisplayWindowingMode=fullscreen mActivityType=undefined mAlwaysOnTop=undefined mRotation=ROTATION_0} s.593}
08-22 02:48:32.575   558   603 W ActivityTaskManager: Current config: {1.0 310mcc260mnc [en_US] ldltr sw392dp w718dp h364dp 440dpi nrml long land finger qwerty/v/v dpad/v winConfig={ mBounds=Rect(0, 0 - 2280, 1080) mAppBounds=Rect(171, 0 - 2148, 1080) mWindowingMode=fullscreen mDisplayWindowingMode=fullscreen mActivityType=undefined mAlwaysOnTop=undefined mRotation=ROTATION_90} s.562} unchanged for IME proc com.android.inputmethod.latin
08-22 02:48:32.576   558   603 I WindowManager: Override config changes=20000480 {1.0 310mcc260mnc [en_US] ldltr sw392dp w392dp h718dp 440dpi nrml long port finger qwerty/v/v dpad/v winConfig={ mBounds=Rect(0, 0 - 1080, 2280) mAppBounds=Rect(0, 171 - 1080, 2148) mWindowingMode=fullscreen mDisplayWindowingMode=fullscreen mActivityType=undefined mAlwaysOnTop=undefined mRotation=ROTATION_0} s.593} for displayId=0
08-22 02:48:32.576   558   603 V ActivityTaskManager: Sending to IME proc com.android.inputmethod.latin new config {1.0 310mcc260mnc [en_US] ldltr sw392dp w392dp h718dp 440dpi nrml long port finger qwerty/v/v dpad/v winConfig={ mBounds=Rect(0, 0 - 1080, 2280) mAppBounds=Rect(0, 171 - 1080, 2148) mWindowingMode=fullscreen mDisplayWindowingMode=fullscreen mActivityType=undefined mAlwaysOnTop=undefined mRotation=ROTATION_0} s.593}
08-22 02:48:32.576   558   603 W ActivityTaskManager: Current config: {1.0 310mcc260mnc [en_US] ldltr sw392dp w392dp h718dp 440dpi nrml long port finger qwerty/v/v dpad/v winConfig={ mBounds=Rect(0, 0 - 1080, 2280) mAppBounds=Rect(0, 171 - 1080, 2148) mWindowingMode=fullscreen mDisplayWindowingMode=fullscreen mActivityType=undefined mAlwaysOnTop=undefined mRotation=ROTATION_0} s.593} unchanged for IME proc com.android.inputmethod.latin
08-22 02:48:32.582   558   603 V WindowManager: Orientation start waiting for draw, mDrawState=DRAW_PENDING in Window{8782c4b u0 NavigationBar0}, surfaceController Surface(name=NavigationBar0)/@0x8f6e7b6
08-22 02:48:32.582   558   603 V WindowManager: Orientation start waiting for draw, mDrawState=DRAW_PENDING in Window{4b3526c u0 StatusBar}, surfaceController Surface(name=StatusBar)/@0x87e4cb7
08-22 02:48:32.582   558   603 V WindowManager: Orientation start waiting for draw, mDrawState=DRAW_PENDING in Window{38e16fd u0 com.nutomic.syncthingandroid/com.nutomic.syncthingandroid.activities.FirstStartActivity}, surfaceController Surface(name=com.nutomic.syncthingandroid/com.nutomic.syncthingandroid.activities.FirstStartActivity)/@0x57c8611
08-22 02:48:32.586   558  1942 V WindowManager: Orientation start waiting for draw, mDrawState=DRAW_PENDING in Window{38e16fd u0 com.nutomic.syncthingandroid/com.nutomic.syncthingandroid.activities.FirstStartActivity}, surfaceController Surface(name=com.nutomic.syncthingandroid/com.nutomic.syncthingandroid.activities.FirstStartActivity)/@0x57c8611
08-22 02:48:32.589   815   815 D StatusBar: disable<e i a s b h r c s > disable2<q i n >
08-22 02:48:32.592   558   603 I InputManager-JNI: Viewport [0] to add: local:8141603649153536, isActive: true
08-22 02:48:32.593   558   686 I InputReader: Reconfiguring input devices, changes=DISPLAY_INFO | 
08-22 02:48:32.593   558   686 I InputReader: Touch device 'virtio_input_multi_touch_9' could not query the properties of its associated display.  The device will be inoperable until the display size becomes available.
08-22 02:48:32.593   558   686 I InputReader: Touch device 'virtio_input_multi_touch_7' could not query the properties of its associated display.  The device will be inoperable until the display size becomes available.
08-22 02:48:32.593   558   686 I InputReader: Touch device 'virtio_input_multi_touch_10' could not query the properties of its associated display.  The device will be inoperable until the display size becomes available.
08-22 02:48:32.593   558   686 I InputReader: Touch device 'virtio_input_multi_touch_4' could not query the properties of its associated display.  The device will be inoperable until the display size becomes available.
08-22 02:48:32.593   558   686 I InputReader: Device reconfigured: id=9, name='virtio_input_multi_touch_1', size 1080x2280, orientation 0, mode 1, display id 0
08-22 02:48:32.593   558   686 I InputReader: Touch device 'virtio_input_multi_touch_11' could not query the properties of its associated display.  The device will be inoperable until the display size becomes available.
08-22 02:48:32.593   558   686 I InputReader: Touch device 'virtio_input_multi_touch_5' could not query the properties of its associated display.  The device will be inoperable until the display size becomes available.
08-22 02:48:32.594   558   686 I InputReader: Touch device 'virtio_input_multi_touch_2' could not query the properties of its associated display.  The device will be inoperable until the display size becomes available.
08-22 02:48:32.594   558   686 I InputReader: Touch device 'virtio_input_multi_touch_6' could not query the properties of its associated display.  The device will be inoperable until the display size becomes available.
08-22 02:48:32.594   558   686 I InputReader: Touch device 'virtio_input_multi_touch_3' could not query the properties of its associated display.  The device will be inoperable until the display size becomes available.
08-22 02:48:32.594   558   686 I InputReader: Touch device 'virtio_input_multi_touch_8' could not query the properties of its associated display.  The device will be inoperable until the display size becomes available.
08-22 02:48:32.602   558  1942 W WindowManager: Failed looking up window session=Session{51db18e 3744:u0a10122} callers=com.android.server.wm.WindowManagerService.windowForClientLocked:5425 com.android.server.wm.Session.insetsModified:502 android.view.IWindowSession$Stub.onTransact:1367 
08-22 02:48:32.606   558  2236 V WindowManager: Orientation start waiting for draw, mDrawState=DRAW_PENDING in Window{8782c4b u0 NavigationBar0}, surfaceController Surface(name=NavigationBar0)/@0x8f6e7b6
08-22 02:48:32.607   315   402 D goldfish-address-space: claimShared: Ask to claim region [0x3ed2ca000 0x3edc2f000]
08-22 02:48:32.621   315  1359 D goldfish-address-space: claimShared: Ask to claim region [0x3efdff000 0x3efe8b000]
08-22 02:48:32.623   315   402 D goldfish-address-space: claimShared: Ask to claim region [0x3edc2f000 0x3ee594000]
08-22 02:48:32.641   315   402 D goldfish-address-space: claimShared: Ask to claim region [0x3f2596000 0x3f2efb000]
08-22 02:48:32.656   315  1359 D goldfish-address-space: claimShared: Ask to claim region [0x3effe2000 0x3effe9000]
08-22 02:48:32.662  1549  1564 W .android.diale: Reducing the number of considered missed Gc histogram windows from 189 to 100
08-22 02:48:32.668   315  1359 D goldfish-address-space: claimShared: Ask to claim region [0x3efe8b000 0x3efe92000]
08-22 02:48:32.681   315  1359 D goldfish-address-space: claimShared: Ask to claim region [0x3efe92000 0x3efe99000]
08-22 02:48:32.683   315  1359 D goldfish-address-space: claimShared: Ask to claim region [0x3efe99000 0x3efea0000]
08-22 02:48:32.692   315  1359 D goldfish-address-space: claimShared: Ask to claim region [0x3efea0000 0x3eff2c000]
08-22 02:48:32.705   815   815 D StatusBar: disable<e i a s b h r c s > disable2<q i n >
08-22 02:48:32.707   558  1763 V WindowManager: Orientation start waiting for draw, mDrawState=DRAW_PENDING in Window{4b3526c u0 StatusBar}, surfaceController Surface(name=StatusBar)/@0x87e4cb7
08-22 02:48:32.713   315  1359 D goldfish-address-space: claimShared: Ask to claim region [0x3eff2c000 0x3effbb000]
08-22 02:48:32.719   315  1359 D goldfish-address-space: claimShared: Ask to claim region [0x3efca7000 0x3efd36000]
08-22 02:48:32.745   315  1359 D goldfish-address-space: claimShared: Ask to claim region [0x3ef65b000 0x3ef6e7000]
08-22 02:48:32.749   558   604 I WindowManager: Screen frozen for +272ms due to Window{8782c4b u0 NavigationBar0}
08-22 02:48:32.750   315  1359 D goldfish-address-space: claimShared: Ask to claim region [0x3ee594000 0x3eedba000]
08-22 02:48:32.779   558   604 W ImageReader_JNI: Unable to acquire a buffer item, very likely client tried to acquire more than maxImages buffers
08-22 02:48:32.837   315  1359 D goldfish-address-space: claimShared: Ask to claim region [0x3efc1b000 0x3efcaa000]
08-22 02:48:32.843   315  1359 D goldfish-address-space: claimShared: Ask to claim region [0x3efcaa000 0x3efd39000]
08-22 02:48:32.850   315  1359 D goldfish-address-space: claimShared: Ask to claim region [0x3efd39000 0x3efdc8000]
08-22 02:48:32.879   316   316 W EmuHWC2 : validate: layer 164 CompositionType 1, fallback
08-22 02:48:32.880   316   316 W EmuHWC2 : No layers, exit, buffer 0xec1c0b90
08-22 02:48:32.896   316   316 W EmuHWC2 : validate: layer 164 CompositionType 1, fallback
08-22 02:48:32.897   316   316 W EmuHWC2 : No layers, exit, buffer 0xec1c1110
08-22 02:48:32.912   316   316 W EmuHWC2 : validate: layer 164 CompositionType 1, fallback
08-22 02:48:32.914   316   316 W EmuHWC2 : No layers, exit, buffer 0xec1c0b90
08-22 02:48:32.929   316   316 W EmuHWC2 : validate: layer 164 CompositionType 1, fallback
08-22 02:48:32.930   316   316 W EmuHWC2 : No layers, exit, buffer 0xec1c1110
08-22 02:48:32.946   316   316 W EmuHWC2 : validate: layer 164 CompositionType 1, fallback
08-22 02:48:32.948   316   316 W EmuHWC2 : No layers, exit, buffer 0xec1c0b90
08-22 02:48:32.962   316   316 W EmuHWC2 : validate: layer 164 CompositionType 1, fallback
08-22 02:48:32.964   316   316 W EmuHWC2 : No layers, exit, buffer 0xec1c1110
08-22 02:48:32.980   316   316 W EmuHWC2 : validate: layer 170 CompositionType 1, fallback
08-22 02:48:32.983   316   316 W EmuHWC2 : No layers, exit, buffer 0xec1c0b90
08-22 02:48:32.995   316   316 W EmuHWC2 : validate: layer 170 CompositionType 1, fallback
08-22 02:48:32.998   316   316 W EmuHWC2 : No layers, exit, buffer 0xec1c1110
08-22 02:48:33.012   316   316 W EmuHWC2 : validate: layer 170 CompositionType 1, fallback
08-22 02:48:33.015   316   316 W EmuHWC2 : No layers, exit, buffer 0xec1c0b90
08-22 02:48:33.029   316   316 W EmuHWC2 : validate: layer 170 CompositionType 1, fallback
08-22 02:48:33.032   316   316 W EmuHWC2 : No layers, exit, buffer 0xec1c1110
08-22 02:48:33.046   316   316 W EmuHWC2 : validate: layer 170 CompositionType 1, fallback
08-22 02:48:33.050   316   316 W EmuHWC2 : No layers, exit, buffer 0xec1c0b90
08-22 02:48:33.062   316   316 W EmuHWC2 : validate: layer 170 CompositionType 1, fallback
08-22 02:48:33.065   316   316 W EmuHWC2 : No layers, exit, buffer 0xec1c1110
08-22 02:48:33.078   316   316 W EmuHWC2 : validate: layer 170 CompositionType 1, fallback
08-22 02:48:33.081   316   316 W EmuHWC2 : No layers, exit, buffer 0xec1c0b90
08-22 02:48:33.096   316   316 W EmuHWC2 : validate: layer 170 CompositionType 1, fallback
08-22 02:48:33.099   316   316 W EmuHWC2 : No layers, exit, buffer 0xec1c1110
08-22 02:48:33.112   316   316 W EmuHWC2 : validate: layer 170 CompositionType 1, fallback
08-22 02:48:33.116   316   316 W EmuHWC2 : No layers, exit, buffer 0xec1c0b90
08-22 02:48:33.129   316   316 W EmuHWC2 : validate: layer 170 CompositionType 1, fallback
08-22 02:48:33.132   316   316 W EmuHWC2 : No layers, exit, buffer 0xec1c1110
08-22 02:48:33.144   837   852 W ssioncontrolle: Reducing the number of considered missed Gc histogram windows from 172 to 100
08-22 02:48:33.146   316   316 W EmuHWC2 : validate: layer 170 CompositionType 1, fallback
08-22 02:48:33.148   316   316 W EmuHWC2 : No layers, exit, buffer 0xec1c0b90
08-22 02:48:33.162   316   316 W EmuHWC2 : validate: layer 170 CompositionType 1, fallback
08-22 02:48:33.165   316   316 W EmuHWC2 : No layers, exit, buffer 0xec1c1110
08-22 02:48:33.179   316   316 W EmuHWC2 : validate: layer 170 CompositionType 1, fallback
08-22 02:48:33.182   316   316 W EmuHWC2 : No layers, exit, buffer 0xec1c0b90
08-22 02:48:34.893   558   603 I system_server: Explicit concurrent copying GC freed 153186(5901KB) AllocSpace objects, 20(424KB) LOS objects, 49% free, 10MB/21MB, paused 110us total 63.342ms
08-22 02:48:34.954   558   603 I system_server: Explicit concurrent copying GC freed 432(13KB) AllocSpace objects, 0(0B) LOS objects, 49% free, 10MB/21MB, paused 47us total 60.122ms
08-22 02:48:36.890   315  1359 D goldfish-address-space: claimShared: Ask to claim region [0x3ec000000 0x3ec965000]
08-22 02:48:36.913   178   178 I hwservicemanager: getTransport: Cannot find entry android.hardware.graphics.mapper@4.0::IMapper/default in either framework or device manifest.
08-22 02:48:36.913  7388  7388 I Gralloc4: mapper 4.x is not supported
08-22 02:48:36.924  7388  7388 D HostConnection: createUnique: call
08-22 02:48:36.924  7388  7388 D HostConnection: HostConnection::get() New Host Connection established 0xe8741580, tid 7388
08-22 02:48:36.924  7388  7388 D goldfish-address-space: allocate: Ask for block of size 0x100
08-22 02:48:36.924  7388  7388 D goldfish-address-space: allocate: ioctl allocate returned offset 0x3ebffe000 size 0x2000
08-22 02:48:36.954  7388  7388 D HostConnection: HostComposition ext ANDROID_EMU_CHECKSUM_HELPER_v1 ANDROID_EMU_native_sync_v2 ANDROID_EMU_native_sync_v3 ANDROID_EMU_native_sync_v4 ANDROID_EMU_dma_v1 ANDROID_EMU_direct_mem ANDROID_EMU_host_composition_v1 ANDROID_EMU_host_composition_v2 ANDROID_EMU_YUV_Cache ANDROID_EMU_async_unmap_buffer ANDROID_EMU_has_shared_slots_host_memory_allocator ANDROID_EMU_sync_buffer_data GL_OES_EGL_image_external_essl3 GL_OES_vertex_array_object GL_KHR_texture_compression_astc_ldr ANDROID_EMU_host_side_tracing ANDROID_EMU_async_frame_commands ANDROID_EMU_gles_max_version_3_0 
08-22 02:48:37.914  7419  7421 I cmd     : oneway function results will be dropped but finished with status OK and parcel size 4
08-22 02:48:38.149  7434  7436 I cmd     : oneway function results will be dropped but finished with status OK and parcel size 4
08-22 02:48:38.390  7449  7451 I cmd     : oneway function results will be dropped but finished with status OK and parcel size 4
08-22 02:48:38.672  7461  7461 D AndroidRuntime: >>>>>> START com.android.internal.os.RuntimeInit uid 2000 <<<<<<
08-22 02:48:38.676  7461  7461 E libc    : Access denied finding property "persist.device_config.runtime_native_boot.profilebootclasspath"
08-22 02:48:38.676  7461  7461 E libc    : Access denied finding property "persist.device_config.runtime_native_boot.enable_apex_image"
08-22 02:48:38.676  7461  7461 I AndroidRuntime: Using default boot image
08-22 02:48:38.676  7461  7461 E libc    : Access denied finding property "persist.device_config.runtime_native_boot.disable_lock_profiling"
08-22 02:48:38.676  7461  7461 I AndroidRuntime: Leaving lock profiling enabled
08-22 02:48:38.676  7461  7461 E libc    : Access denied finding property "persist.device_config.runtime_native_boot.enable_generational_cc"
08-22 02:48:38.679  7461  7461 I app_process: Core platform API reporting enabled, enforcing=false
08-22 02:48:38.674  7461  7461 W app_process: type=1400 audit(0.0:262): avc: denied { read } for name="u:object_r:device_config_runtime_native_boot_prop:s0" dev="tmpfs" ino=7262 scontext=u:r:shell:s0 tcontext=u:object_r:device_config_runtime_native_boot_prop:s0 tclass=file permissive=0
08-22 02:48:38.757  7461  7461 D app_process: Time zone APEX ICU file found: /apex/com.android.tzdata/etc/icu/icu_tzdata.dat
08-22 02:48:38.758  7461  7461 D app_process: I18n APEX ICU file found: /apex/com.android.i18n/etc/icu/icudt66l.dat
08-22 02:48:38.763  7461  7461 W app_process: Unexpected CPU variant for X86 using defaults: x86
08-22 02:48:38.764  7461  7461 I app_process: The ClassLoaderContext is a special shared library.
08-22 02:48:38.784  7461  7461 W app_process: JNI RegisterNativeMethods: attempt to register 0 native methods for android.media.AudioAttributes
08-22 02:48:38.789  7461  7461 D AndroidRuntime: Calling main entry com.android.commands.input.Input
08-22 02:48:41.297  7461  7461 D AndroidRuntime: Shutting down VM
08-22 02:48:44.560  7512  7512 D AndroidRuntime: >>>>>> START com.android.internal.os.RuntimeInit uid 2000 <<<<<<
08-22 02:48:44.563  7512  7512 E libc    : Access denied finding property "persist.device_config.runtime_native_boot.profilebootclasspath"
08-22 02:48:44.563  7512  7512 E libc    : Access denied finding property "persist.device_config.runtime_native_boot.enable_apex_image"
08-22 02:48:44.563  7512  7512 I AndroidRuntime: Using default boot image
08-22 02:48:44.563  7512  7512 E libc    : Access denied finding property "persist.device_config.runtime_native_boot.disable_lock_profiling"
08-22 02:48:44.563  7512  7512 I AndroidRuntime: Leaving lock profiling enabled
08-22 02:48:44.563  7512  7512 E libc    : Access denied finding property "persist.device_config.runtime_native_boot.enable_generational_cc"
08-22 02:48:44.565  7512  7512 I app_process: Core platform API reporting enabled, enforcing=false
08-22 02:48:44.562  7512  7512 W app_process: type=1400 audit(0.0:266): avc: denied { read } for name="u:object_r:device_config_runtime_native_boot_prop:s0" dev="tmpfs" ino=7262 scontext=u:r:shell:s0 tcontext=u:object_r:device_config_runtime_native_boot_prop:s0 tclass=file permissive=0
08-22 02:48:44.626  7512  7512 D app_process: Time zone APEX ICU file found: /apex/com.android.tzdata/etc/icu/icu_tzdata.dat
08-22 02:48:44.626  7512  7512 D app_process: I18n APEX ICU file found: /apex/com.android.i18n/etc/icu/icudt66l.dat
08-22 02:48:44.631  7512  7512 W app_process: Unexpected CPU variant for X86 using defaults: x86
08-22 02:48:44.633  7512  7512 I app_process: The ClassLoaderContext is a special shared library.
08-22 02:48:44.646  7512  7512 W app_process: JNI RegisterNativeMethods: attempt to register 0 native methods for android.media.AudioAttributes
08-22 02:48:44.650  7512  7512 D AndroidRuntime: Calling main entry com.android.commands.input.Input
08-22 02:48:44.655   558   601 D AutofillManagerService: onBackKeyPressed()
08-22 02:48:44.657  7512  7512 D AndroidRuntime: Shutting down VM
08-22 02:48:44.661   315  1359 D goldfish-address-space: claimShared: Ask to claim region [0x3ec000000 0x3ec965000]
08-22 02:48:44.691   558  4306 D HostConnection: HostConnection::get() New Host Connection established 0xf26b6560, tid 4306
08-22 02:48:44.696   558   884 W InputReader: Device virtio_input_multi_touch_9 is associated with display ADISPLAY_ID_NONE.
08-22 02:48:44.696   558   884 W InputReader: Device virtio_input_multi_touch_7 is associated with display ADISPLAY_ID_NONE.
08-22 02:48:44.696   558   884 W InputReader: Device virtio_input_multi_touch_10 is associated with display ADISPLAY_ID_NONE.
08-22 02:48:44.696   558   884 W InputReader: Device virtio_input_multi_touch_4 is associated with display ADISPLAY_ID_NONE.
08-22 02:48:44.696   558   884 W InputReader: Device virtio_input_multi_touch_11 is associated with display ADISPLAY_ID_NONE.
08-22 02:48:44.696   558   884 W InputReader: Device virtio_input_multi_touch_5 is associated with display ADISPLAY_ID_NONE.
08-22 02:48:44.696   558   884 W InputReader: Device virtio_input_multi_touch_2 is associated with display ADISPLAY_ID_NONE.
08-22 02:48:44.696   558   884 W InputReader: Device virtio_input_multi_touch_6 is associated with display ADISPLAY_ID_NONE.
08-22 02:48:44.696   558   884 W InputReader: Device virtio_input_multi_touch_3 is associated with display ADISPLAY_ID_NONE.
08-22 02:48:44.696   558   884 W InputReader: Device virtio_input_multi_touch_8 is associated with display ADISPLAY_ID_NONE.
08-22 02:48:44.697   558   884 W InputReader: Device virtio_input_multi_touch_9 is associated with display ADISPLAY_ID_NONE.
08-22 02:48:44.697   558   884 W InputReader: Device virtio_input_multi_touch_7 is associated with display ADISPLAY_ID_NONE.
08-22 02:48:44.697   558   884 W InputReader: Device virtio_input_multi_touch_10 is associated with display ADISPLAY_ID_NONE.
08-22 02:48:44.697   558   884 W InputReader: Device virtio_input_multi_touch_4 is associated with display ADISPLAY_ID_NONE.
08-22 02:48:44.697   558   884 W InputReader: Device virtio_input_multi_touch_11 is associated with display ADISPLAY_ID_NONE.
08-22 02:48:44.697   558   884 W InputReader: Device virtio_input_multi_touch_5 is associated with display ADISPLAY_ID_NONE.
08-22 02:48:44.697   558   884 W InputReader: Device virtio_input_multi_touch_2 is associated with display ADISPLAY_ID_NONE.
08-22 02:48:44.697   558   884 W InputReader: Device virtio_input_multi_touch_6 is associated with display ADISPLAY_ID_NONE.
08-22 02:48:44.697   558   884 W InputReader: Device virtio_input_multi_touch_3 is associated with display ADISPLAY_ID_NONE.
08-22 02:48:44.697   558   884 W InputReader: Device virtio_input_multi_touch_8 is associated with display ADISPLAY_ID_NONE.
08-22 02:48:44.701   558  4306 D HostConnection: HostComposition ext ANDROID_EMU_CHECKSUM_HELPER_v1 ANDROID_EMU_native_sync_v2 ANDROID_EMU_native_sync_v3 ANDROID_EMU_native_sync_v4 ANDROID_EMU_dma_v1 ANDROID_EMU_direct_mem ANDROID_EMU_host_composition_v1 ANDROID_EMU_host_composition_v2 ANDROID_EMU_YUV_Cache ANDROID_EMU_async_unmap_buffer ANDROID_EMU_has_shared_slots_host_memory_allocator ANDROID_EMU_sync_buffer_data GL_OES_EGL_image_external_essl3 GL_OES_vertex_array_object GL_KHR_texture_compression_astc_ldr ANDROID_EMU_host_side_tracing ANDROID_EMU_async_frame_commands ANDROID_EMU_gles_max_version_3_0 
08-22 02:48:44.702   558  4306 W OpenGLRenderer: Failed to choose config with EGL_SWAP_BEHAVIOR_PRESERVED, retrying without...
08-22 02:48:44.703   558  4306 D EGL_emulation: eglCreateContext: 0xf26ac540: maj 3 min 0 rcv 3
08-22 02:48:44.704   558  4306 D EGL_emulation: eglMakeCurrent: 0xf26ac540: ver 3 0 (tinfo 0xb9ae28f0) (first time)
08-22 02:48:44.726   993  1008 W droid.launcher: Reducing the number of considered missed Gc histogram windows from 178 to 100
08-22 02:48:44.737   315  1359 D goldfish-address-space: claimShared: Ask to claim region [0x3ec965000 0x3ed2ca000]
08-22 02:48:44.759   315  1359 D goldfish-address-space: claimShared: Ask to claim region [0x3ee594000 0x3eeef9000]
08-22 02:48:44.775   315   402 D goldfish-address-space: claimShared: Ask to claim region [0x3f1c31000 0x3f2596000]
08-22 02:48:44.806   315   402 D goldfish-address-space: claimShared: Ask to claim region [0x3ee594000 0x3eeef9000]
08-22 02:48:44.828   315   402 D goldfish-address-space: claimShared: Ask to claim region [0x3f1c31000 0x3f2596000]
08-22 02:48:44.867   315   402 D goldfish-address-space: claimShared: Ask to claim region [0x3ec965000 0x3ed2ca000]
08-22 02:48:47.869   558   598 I ActivityTaskManager: START u0 {act=android.intent.action.MAIN cat=[android.intent.category.LAUNCHER] flg=0x10000000 cmp=com.nutomic.syncthingandroid/.activities.FirstStartActivity} from uid 2000
08-22 02:48:47.869   558   603 D EventSequenceValidator: Transition from ACTIVITY_FINISHED to INTENT_STARTED
08-22 02:48:47.874   366   366 I perfetto: ing_service_impl.cc:758 Configured tracing session 14, #sources:1, duration:5000 ms, #buffers:1, total buffer size:4096 KB, total sessions:1, uid:1071 session name: ""
08-22 02:48:47.875   365   365 I perfetto: probes_producer.cc:230  Ftrace setup (target_buf=14)
08-22 02:48:47.887  7578  7580 I cmd     : oneway function results will be dropped but finished with status OK and parcel size 4
08-22 02:48:47.888   558   603 D EventSequenceValidator: Transition from INTENT_STARTED to ACTIVITY_LAUNCHED
08-22 02:48:47.888   558   598 W ActivityTaskManager: Tried to set launchTime (0) < mLastActivityLaunchTime (2123483)
08-22 02:48:47.888   558   598 W InputReader: Device virtio_input_multi_touch_9 is associated with display ADISPLAY_ID_NONE.
08-22 02:48:47.889   558   598 W InputReader: Device virtio_input_multi_touch_7 is associated with display ADISPLAY_ID_NONE.
08-22 02:48:47.889   558   598 W InputReader: Device virtio_input_multi_touch_10 is associated with display ADISPLAY_ID_NONE.
08-22 02:48:47.889   558   598 W InputReader: Device virtio_input_multi_touch_4 is associated with display ADISPLAY_ID_NONE.
08-22 02:48:47.889   558   598 W InputReader: Device virtio_input_multi_touch_11 is associated with display ADISPLAY_ID_NONE.
08-22 02:48:47.889   558   598 W InputReader: Device virtio_input_multi_touch_5 is associated with display ADISPLAY_ID_NONE.
08-22 02:48:47.889   558   598 W InputReader: Device virtio_input_multi_touch_2 is associated with display ADISPLAY_ID_NONE.
08-22 02:48:47.889   558   598 W InputReader: Device virtio_input_multi_touch_6 is associated with display ADISPLAY_ID_NONE.
08-22 02:48:47.889   558   598 W InputReader: Device virtio_input_multi_touch_3 is associated with display ADISPLAY_ID_NONE.
08-22 02:48:47.889   558   598 W InputReader: Device virtio_input_multi_touch_8 is associated with display ADISPLAY_ID_NONE.
08-22 02:48:47.889   558   598 W InputReader: Device virtio_input_multi_touch_9 is associated with display ADISPLAY_ID_NONE.
08-22 02:48:47.889   558   598 W InputReader: Device virtio_input_multi_touch_7 is associated with display ADISPLAY_ID_NONE.
08-22 02:48:47.889   558   598 W InputReader: Device virtio_input_multi_touch_10 is associated with display ADISPLAY_ID_NONE.
08-22 02:48:47.889   558   598 W InputReader: Device virtio_input_multi_touch_4 is associated with display ADISPLAY_ID_NONE.
08-22 02:48:47.889   558   598 W InputReader: Device virtio_input_multi_touch_11 is associated with display ADISPLAY_ID_NONE.
08-22 02:48:47.889   558   598 W InputReader: Device virtio_input_multi_touch_5 is associated with display ADISPLAY_ID_NONE.
08-22 02:48:47.889   558   598 W InputReader: Device virtio_input_multi_touch_2 is associated with display ADISPLAY_ID_NONE.
08-22 02:48:47.889   558   598 W InputReader: Device virtio_input_multi_touch_6 is associated with display ADISPLAY_ID_NONE.
08-22 02:48:47.889   558   598 W InputReader: Device virtio_input_multi_touch_3 is associated with display ADISPLAY_ID_NONE.
08-22 02:48:47.889   558   598 W InputReader: Device virtio_input_multi_touch_8 is associated with display ADISPLAY_ID_NONE.
08-22 02:48:47.896   365   365 I perfetto: ftrace_procfs.cc:176    enabled ftrace
08-22 02:48:47.998     0     0 W perfetto: enabled ftrace
08-22 02:48:47.902   315   402 D goldfish-address-space: claimShared: Ask to claim region [0x3ed2ca000 0x3edc2f000]
08-22 02:48:47.920   315   402 D goldfish-address-space: claimShared: Ask to claim region [0x3edc2f000 0x3ee594000]
08-22 02:48:47.952   315   402 D goldfish-address-space: claimShared: Ask to claim region [0x3f2596000 0x3f2efb000]
08-22 02:48:47.965   315  1359 D goldfish-address-space: claimShared: Ask to claim region [0x3f2efb000 0x3f3860000]
08-22 02:48:47.999   558   610 D ArtManagerInternalImpl: /data/misc/iorapd/com.nutomic.syncthingandroid/4115/com.nutomic.syncthingandroid.activities.FirstStartActivity/compiled_traces/compiled_trace.pb doesn't exist
08-22 02:48:48.000   558   610 I ActivityTaskManager: Displayed com.nutomic.syncthingandroid/.activities.FirstStartActivity: +127ms
08-22 02:48:48.000   558   603 D EventSequenceValidator: Transition from ACTIVITY_LAUNCHED to ACTIVITY_FINISHED
08-22 02:48:49.624   558  1630 E TaskPersister: File error accessing recents directory (directory doesn't exist?).
08-22 02:48:52.878   365   365 I perfetto: probes_producer.cc:329  Producer stop (id=14)
08-22 02:48:52.879   366   366 I perfetto: ng_service_impl.cc:1948 Tracing session 14 ended, total sessions:0
08-22 02:48:52.880   365   365 I perfetto: ftrace_procfs.cc:183    disabled ftrace
08-22 02:48:52.981     0     0 W perfetto: disabled ftrace
08-22 02:48:55.728  7636  7638 I cmd     : oneway function results will be dropped but finished with status OK and parcel size 4
08-22 02:48:55.953  7651  7653 I cmd     : oneway function results will be dropped but finished with status OK and parcel size 4
08-22 02:48:56.185  7666  7668 I cmd     : oneway function results will be dropped but finished with status OK and parcel size 4
08-22 02:48:56.440  7678  7678 D AndroidRuntime: >>>>>> START com.android.internal.os.RuntimeInit uid 2000 <<<<<<
08-22 02:48:56.442  7678  7678 E libc    : Access denied finding property "persist.device_config.runtime_native_boot.profilebootclasspath"
08-22 02:48:56.442  7678  7678 E libc    : Access denied finding property "persist.device_config.runtime_native_boot.enable_apex_image"
08-22 02:48:56.442  7678  7678 I AndroidRuntime: Using default boot image
08-22 02:48:56.442  7678  7678 E libc    : Access denied finding property "persist.device_config.runtime_native_boot.disable_lock_profiling"
08-22 02:48:56.442  7678  7678 I AndroidRuntime: Leaving lock profiling enabled
08-22 02:48:56.443  7678  7678 E libc    : Access denied finding property "persist.device_config.runtime_native_boot.enable_generational_cc"
08-22 02:48:56.445  7678  7678 I app_process: Core platform API reporting enabled, enforcing=false
08-22 02:48:56.442  7678  7678 W app_process: type=1400 audit(0.0:270): avc: denied { read } for name="u:object_r:device_config_runtime_native_boot_prop:s0" dev="tmpfs" ino=7262 scontext=u:r:shell:s0 tcontext=u:object_r:device_config_runtime_native_boot_prop:s0 tclass=file permissive=0
08-22 02:48:56.507  7678  7678 D app_process: Time zone APEX ICU file found: /apex/com.android.tzdata/etc/icu/icu_tzdata.dat
08-22 02:48:56.507  7678  7678 D app_process: I18n APEX ICU file found: /apex/com.android.i18n/etc/icu/icudt66l.dat
08-22 02:48:56.512  7678  7678 W app_process: Unexpected CPU variant for X86 using defaults: x86
08-22 02:48:56.513  7678  7678 I app_process: The ClassLoaderContext is a special shared library.
08-22 02:48:56.524  7678  7678 W app_process: JNI RegisterNativeMethods: attempt to register 0 native methods for android.media.AudioAttributes
08-22 02:48:56.528  7678  7678 D AndroidRuntime: Calling main entry com.android.commands.input.Input
08-22 02:48:59.030  7678  7678 D AndroidRuntime: Shutting down VM
08-22 02:49:00.005   815   815 D KeyguardClockSwitch: Updating clock: 249
08-22 02:49:02.257  7736  7738 I cmd     : oneway function results will be dropped but finished with status OK and parcel size 4
08-22 02:49:02.485  7751  7753 I cmd     : oneway function results will be dropped but finished with status OK and parcel size 4
08-22 02:49:02.713  7766  7768 I cmd     : oneway function results will be dropped but finished with status OK and parcel size 4
08-22 02:49:03.025  7778  7778 D AndroidRuntime: >>>>>> START com.android.internal.os.RuntimeInit uid 2000 <<<<<<
08-22 02:49:03.027  7778  7778 E libc    : Access denied finding property "persist.device_config.runtime_native_boot.profilebootclasspath"
08-22 02:49:03.027  7778  7778 E libc    : Access denied finding property "persist.device_config.runtime_native_boot.enable_apex_image"
08-22 02:49:03.027  7778  7778 I AndroidRuntime: Using default boot image
08-22 02:49:03.027  7778  7778 E libc    : Access denied finding property "persist.device_config.runtime_native_boot.disable_lock_profiling"
08-22 02:49:03.027  7778  7778 I AndroidRuntime: Leaving lock profiling enabled
08-22 02:49:03.027  7778  7778 E libc    : Access denied finding property "persist.device_config.runtime_native_boot.enable_generational_cc"
08-22 02:49:03.029  7778  7778 I app_process: Core platform API reporting enabled, enforcing=false
08-22 02:49:03.026  7778  7778 W app_process: type=1400 audit(0.0:274): avc: denied { read } for name="u:object_r:device_config_runtime_native_boot_prop:s0" dev="tmpfs" ino=7262 scontext=u:r:shell:s0 tcontext=u:object_r:device_config_runtime_native_boot_prop:s0 tclass=file permissive=0
08-22 02:49:03.089  7778  7778 D app_process: Time zone APEX ICU file found: /apex/com.android.tzdata/etc/icu/icu_tzdata.dat
08-22 02:49:03.089  7778  7778 D app_process: I18n APEX ICU file found: /apex/com.android.i18n/etc/icu/icudt66l.dat
08-22 02:49:03.093  7778  7778 W app_process: Unexpected CPU variant for X86 using defaults: x86
08-22 02:49:03.094  7778  7778 I app_process: The ClassLoaderContext is a special shared library.
08-22 02:49:03.105  7778  7778 W app_process: JNI RegisterNativeMethods: attempt to register 0 native methods for android.media.AudioAttributes
08-22 02:49:03.110  7778  7778 D AndroidRuntime: Calling main entry com.android.commands.input.Input
08-22 02:49:05.613  7778  7778 D AndroidRuntime: Shutting down VM
08-22 02:49:07.654  1071  1092 W m.android.phon: Reducing the number of considered missed Gc histogram windows from 124 to 100
08-22 02:49:08.864  7837  7839 I cmd     : oneway function results will be dropped but finished with status OK and parcel size 4
08-22 02:49:09.089  7852  7854 I cmd     : oneway function results will be dropped but finished with status OK and parcel size 4
08-22 02:49:09.318  7867  7869 I cmd     : oneway function results will be dropped but finished with status OK and parcel size 4
08-22 02:49:09.585  7879  7879 D AndroidRuntime: >>>>>> START com.android.internal.os.RuntimeInit uid 2000 <<<<<<
08-22 02:49:09.587  7879  7879 E libc    : Access denied finding property "persist.device_config.runtime_native_boot.profilebootclasspath"
08-22 02:49:09.588  7879  7879 E libc    : Access denied finding property "persist.device_config.runtime_native_boot.enable_apex_image"
08-22 02:49:09.588  7879  7879 I AndroidRuntime: Using default boot image
08-22 02:49:09.588  7879  7879 E libc    : Access denied finding property "persist.device_config.runtime_native_boot.disable_lock_profiling"
08-22 02:49:09.588  7879  7879 I AndroidRuntime: Leaving lock profiling enabled
08-22 02:49:09.588  7879  7879 E libc    : Access denied finding property "persist.device_config.runtime_native_boot.enable_generational_cc"
08-22 02:49:09.590  7879  7879 I app_process: Core platform API reporting enabled, enforcing=false
08-22 02:49:09.586  7879  7879 W app_process: type=1400 audit(0.0:278): avc: denied { read } for name="u:object_r:device_config_runtime_native_boot_prop:s0" dev="tmpfs" ino=7262 scontext=u:r:shell:s0 tcontext=u:object_r:device_config_runtime_native_boot_prop:s0 tclass=file permissive=0
08-22 02:49:09.652  7879  7879 D app_process: Time zone APEX ICU file found: /apex/com.android.tzdata/etc/icu/icu_tzdata.dat
08-22 02:49:09.652  7879  7879 D app_process: I18n APEX ICU file found: /apex/com.android.i18n/etc/icu/icudt66l.dat
08-22 02:49:09.656  7879  7879 W app_process: Unexpected CPU variant for X86 using defaults: x86
08-22 02:49:09.657  7879  7879 I app_process: The ClassLoaderContext is a special shared library.
08-22 02:49:09.674  7879  7879 W app_process: JNI RegisterNativeMethods: attempt to register 0 native methods for android.media.AudioAttributes
08-22 02:49:09.677  7879  7879 D AndroidRuntime: Calling main entry com.android.commands.input.Input
08-22 02:49:12.180  7879  7879 D AndroidRuntime: Shutting down VM
08-22 02:49:15.197   315  1359 D goldfish-address-space: claimShared: Ask to claim region [0x3ee594000 0x3eeef9000]
08-22 02:49:15.221   178   178 I hwservicemanager: getTransport: Cannot find entry android.hardware.graphics.mapper@4.0::IMapper/default in either framework or device manifest.
08-22 02:49:15.221  7920  7920 I Gralloc4: mapper 4.x is not supported
08-22 02:49:15.232  7920  7920 D HostConnection: createUnique: call
08-22 02:49:15.232  7920  7920 D HostConnection: HostConnection::get() New Host Connection established 0xf31010b0, tid 7920
08-22 02:49:15.233  7920  7920 D goldfish-address-space: allocate: Ask for block of size 0x100
08-22 02:49:15.233  7920  7920 D goldfish-address-space: allocate: ioctl allocate returned offset 0x3ebffe000 size 0x2000
08-22 02:49:15.271  7920  7920 D HostConnection: HostComposition ext ANDROID_EMU_CHECKSUM_HELPER_v1 ANDROID_EMU_native_sync_v2 ANDROID_EMU_native_sync_v3 ANDROID_EMU_native_sync_v4 ANDROID_EMU_dma_v1 ANDROID_EMU_direct_mem ANDROID_EMU_host_composition_v1 ANDROID_EMU_host_composition_v2 ANDROID_EMU_YUV_Cache ANDROID_EMU_async_unmap_buffer ANDROID_EMU_has_shared_slots_host_memory_allocator ANDROID_EMU_sync_buffer_data GL_OES_EGL_image_external_essl3 GL_OES_vertex_array_object GL_KHR_texture_compression_astc_ldr ANDROID_EMU_host_side_tracing ANDROID_EMU_async_frame_commands ANDROID_EMU_gles_max_version_3_0 
08-22 02:49:15.881  7936  7938 I cmd     : oneway function results will be dropped but finished with status OK and parcel size 4
08-22 02:49:15.897   315  1359 D goldfish-address-space: claimShared: Ask to claim region [0x3ee594000 0x3eeef9000]
08-22 02:49:15.924   558   601 W ImageReader_JNI: Unable to acquire a buffer item, very likely client tried to acquire more than maxImages buffers
08-22 02:49:15.999   558   603 W InputReader: Device virtio_input_multi_touch_9 is associated with display ADISPLAY_ID_NONE.
08-22 02:49:15.999   558   603 W InputReader: Device virtio_input_multi_touch_7 is associated with display ADISPLAY_ID_NONE.
08-22 02:49:15.999   558   603 W InputReader: Device virtio_input_multi_touch_10 is associated with display ADISPLAY_ID_NONE.
08-22 02:49:15.999   558   603 W InputReader: Device virtio_input_multi_touch_4 is associated with display ADISPLAY_ID_NONE.
08-22 02:49:15.999   558   603 W InputReader: Device virtio_input_multi_touch_11 is associated with display ADISPLAY_ID_NONE.
08-22 02:49:15.999   558   603 W InputReader: Device virtio_input_multi_touch_5 is associated with display ADISPLAY_ID_NONE.
08-22 02:49:15.999   558   603 W InputReader: Device virtio_input_multi_touch_2 is associated with display ADISPLAY_ID_NONE.
08-22 02:49:15.999   558   603 W InputReader: Device virtio_input_multi_touch_6 is associated with display ADISPLAY_ID_NONE.
08-22 02:49:15.999   558   603 W InputReader: Device virtio_input_multi_touch_3 is associated with display ADISPLAY_ID_NONE.
08-22 02:49:15.999   558   603 W InputReader: Device virtio_input_multi_touch_8 is associated with display ADISPLAY_ID_NONE.
08-22 02:49:16.001   558   603 W ActivityTaskManager: Current config: {1.0 310mcc260mnc [en_US] ldltr sw392dp w392dp h718dp 440dpi nrml long port finger qwerty/v/v dpad/v winConfig={ mBounds=Rect(0, 0 - 1080, 2280) mAppBounds=Rect(0, 171 - 1080, 2148) mWindowingMode=fullscreen mDisplayWindowingMode=fullscreen mActivityType=undefined mAlwaysOnTop=undefined mRotation=ROTATION_0} s.593} unchanged for IME proc com.android.inputmethod.latin
08-22 02:49:16.002   558   603 I ActivityTaskManager: Config changes=20000480 {1.0 310mcc260mnc [en_US] ldltr sw392dp w718dp h364dp 440dpi nrml long land finger qwerty/v/v dpad/v winConfig={ mBounds=Rect(0, 0 - 2280, 1080) mAppBounds=Rect(171, 0 - 2148, 1080) mWindowingMode=fullscreen mDisplayWindowingMode=fullscreen mActivityType=undefined mAlwaysOnTop=undefined mRotation=ROTATION_90} s.624}
